 cgamex86

 Timestamp is 670ec2e1 (Tue Oct 15 21:30:41 2024)

 Preferred load address is 30000000

 Start         Length     Name                   Class
 0001:00000000 000a8f14H .text$mn                CODE
 0001:000a8f14 00000000H .text$x                 CODE
 0002:00000000 00000104H .idata$5                DATA
 0002:00000104 00000008H .00cfg                  DATA
 0002:0000010c 00000004H .CRT$XCA                DATA
 0002:00000110 00000004H .CRT$XCZ                DATA
 0002:00000114 00000004H .CRT$XIA                DATA
 0002:00000118 0000000cH .CRT$XIC                DATA
 0002:00000124 00000004H .CRT$XIZ                DATA
 0002:00000128 00000004H .CRT$XPA                DATA
 0002:0000012c 00000008H .CRT$XPX                DATA
 0002:00000134 00000004H .CRT$XPXA               DATA
 0002:00000138 00000004H .CRT$XPZ                DATA
 0002:0000013c 00000004H .CRT$XTA                DATA
 0002:00000140 00000010H .CRT$XTZ                DATA
 0002:00000144 00000000H .gfids$y                DATA
 0002:00000150 00025cb0H .rdata                  DATA
 0002:00025e00 00000000H .rdata$CastGuardVftablesA DATA
 0002:00025e00 00000000H .rdata$CastGuardVftablesC DATA
 0002:00025e00 00000000H .rdata$r                DATA
 0002:00025e00 00000008H .rdata$sxdata           DATA
 0002:00025e08 00000098H .rdata$voltmd           DATA
 0002:00025ea0 00000314H .rdata$zzzdbg           DATA
 0002:000261b4 00000004H .rtc$IAA                DATA
 0002:000261b8 00000004H .rtc$IZZ                DATA
 0002:000261bc 00000004H .rtc$TAA                DATA
 0002:000261c0 00000008H .rtc$TZZ                DATA
 0002:000261c8 000003e8H .xdata$x                DATA
 0002:000265b0 0000005cH .edata                  DATA
 0002:0002660c 00000014H .idata$2                DATA
 0002:00026620 00000014H .idata$3                DATA
 0002:00026634 00000104H .idata$4                DATA
 0002:00026738 000004b4H .idata$6                DATA
 0003:00000000 0000d340H .data                   DATA
 0003:0000d330 00000000H .data$r                 DATA
 0003:0000d330 00000000H .data$rs                DATA
 0003:0000d340 02f7f138H .bss                    DATA
 0004:00000000 00000060H .rsrc$01                DATA
 0004:00000060 00000180H .rsrc$02                DATA

  Address         Publics by Value              Rva+Base       Lib:Object

 0000:00000000       ___AbsoluteZero            00000000     <absolute>
 0000:00000000       ___arm64x_extra_rfe_table  00000000     <absolute>
 0000:00000000       ___arm64x_extra_rfe_table_size 00000000     <absolute>
 0000:00000000       ___arm64x_native_entrypoint 00000000     <absolute>
 0000:00000000       ___arm64x_redirection_metadata 00000000     <absolute>
 0000:00000000       ___arm64x_redirection_metadata_count 00000000     <absolute>
 0000:00000000       ___dynamic_value_reloc_table 00000000     <absolute>
 0000:00000000       ___enclave_config          00000000     <absolute>
 0000:00000000       ___guard_check_icall_a64n_fptr 00000000     <absolute>
 0000:00000000       ___guard_eh_cont_count     00000000     <absolute>
 0000:00000000       ___guard_eh_cont_table     00000000     <absolute>
 0000:00000000       ___guard_fids_count        00000000     <absolute>
 0000:00000000       ___guard_fids_table        00000000     <absolute>
 0000:00000000       ___guard_iat_count         00000000     <absolute>
 0000:00000000       ___guard_iat_table         00000000     <absolute>
 0000:00000000       ___guard_longjmp_count     00000000     <absolute>
 0000:00000000       ___guard_longjmp_table     00000000     <absolute>
 0000:00000000       ___hybrid_auxiliary_iat    00000000     <absolute>
 0000:00000000       ___hybrid_auxiliary_iat_copy 00000000     <absolute>
 0000:00000000       ___hybrid_code_map         00000000     <absolute>
 0000:00000000       ___hybrid_code_map_count   00000000     <absolute>
 0000:00000000       ___x64_code_ranges_to_entry_points 00000000     <absolute>
 0000:00000000       ___x64_code_ranges_to_entry_points_count 00000000     <absolute>
 0000:00000000       __except_list              00000000     <absolute>
 0000:00000002       ___safe_se_handler_count   00000002     <absolute>
 0000:00000100       ___guard_flags             00000100     <absolute>
 0000:00000000       ___ImageBase               30000000     <linker-defined>
 0001:00000000       _G_CreateAnimalNPC         30001000 f   AnimalNPC.obj
 0001:00000000       _G_CreateFighterNPC        30001000 f   FighterNPC.obj
 0001:00000000       _G_CreateSpeederNPC        30001000 f   SpeederNPC.obj
 0001:00000000       _G_CreateWalkerNPC         30001000 f   WalkerNPC.obj
 0001:00000050       _G_SetAnimalVehicleFunctions 30001050 f   AnimalNPC.obj
 0001:00000340       _BG_AttachToRancor         30001340 f   bg_g2_utils.obj
 0001:000005a0       _BG_GetRootSurfNameWithVariant 300015a0 f   bg_g2_utils.obj
 0001:00000630       _BG_AddPredictableEventToPlayerstate 30001630 f   bg_misc.obj
 0001:00000670       _BG_Alloc                  30001670 f   bg_misc.obj
 0001:000006c0       _BG_CanItemBeGrabbed       300016c0 f   bg_misc.obj
 0001:00000a30       _BG_CanUseFPNow            30001a30 f   bg_misc.obj
 0001:00000b00       _BG_CycleForce             30001b00 f   bg_misc.obj
 0001:00000bf0       _BG_CycleInven             30001bf0 f   bg_misc.obj
 0001:00000cd0       _BG_EmplacedView           30001cd0 f   bg_misc.obj
 0001:00000da0       _BG_EvaluateTrajectory     30001da0 f   bg_misc.obj
 0001:00000ff0       _BG_EvaluateTrajectoryDelta 30001ff0 f   bg_misc.obj
 0001:00001200       _BG_FindItemForHoldable    30002200 f   bg_misc.obj
 0001:00001260       _BG_FindItemForPowerup     30002260 f   bg_misc.obj
 0001:000012c0       _BG_FindItemForWeapon      300022c0 f   bg_misc.obj
 0001:00001300       _BG_GetItemIndexByTag      30002300 f   bg_misc.obj
 0001:00001340       _BG_HasYsalamiri           30002340 f   bg_misc.obj
 0001:00001380       _BG_IsItemSelectable       30002380 f   bg_misc.obj
 0001:000013a0       _BG_IsValidCharacterModel  300023a0 f   bg_misc.obj
 0001:00001420       _BG_IsWhiteSpace           30002420 f   bg_misc.obj
 0001:00001440       _BG_ModelCache             30002440 f   bg_misc.obj
 0001:00001470       _BG_ParseField             30002470 f   bg_misc.obj
 0001:000015c0       _BG_PlayerStateToEntityState 300025c0 f   bg_misc.obj
 0001:00001a10       _BG_PlayerTouchesItem      30002a10 f   bg_misc.obj
 0001:00001aa0       _BG_ProperForceIndex       30002aa0 f   bg_misc.obj
 0001:00001ad0       _BG_TempAlloc              30002ad0 f   bg_misc.obj
 0001:00001b10       _BG_TempFree               30002b10 f   bg_misc.obj
 0001:00001b60       _BG_TouchJumpPad           30002b60 f   bg_misc.obj
 0001:00001be0       _BG_ValidateSkinForTeam    30002be0 f   bg_misc.obj
 0001:00001bf0       ___local_stdio_scanf_options 30002bf0 f i bg_misc.obj
 0001:00001c00       _sscanf                    30002c00 f i bg_misc.obj
 0001:00001c30       _vectoyaw                  30002c30 f   bg_misc.obj
 0001:00001cf0       _BG_AnimLength             30002cf0 f   bg_panimate.obj
 0001:00001d50       _BG_AnimsetAlloc           30002d50 f   bg_panimate.obj
 0001:00001d80       _BG_BounceAnim             30002d80 f   bg_panimate.obj
 0001:00001e00       @_guard_check_icall_nop@4  30002e00 f   LIBCMT:guard_support.obj
 0001:00001e00       _BG_ClearAnimsets          30002e00 f   bg_panimate.obj
 0001:00001e00       _CG_OutOfAmmoChange        30002e00 f   cg_weapons.obj
 0001:00001e00       _CG_OwnerDraw              30002e00 f   cg_newDraw.obj
 0001:00001e00       _CG_RunMenuScript          30002e00 f   cg_newDraw.obj
 0001:00001e10       _BG_CrouchAnim             30002e10 f   bg_panimate.obj
 0001:00001f50       _BG_FlippingAnim           30002f50 f   bg_panimate.obj
 0001:00002040       _BG_FullBodyTauntAnim      30003040 f   bg_panimate.obj
 0001:00002180       _BG_GetLegsAnimPoint       30003180 f   bg_panimate.obj
 0001:00002260       _BG_GetTorsoAnimPoint      30003260 f   bg_panimate.obj
 0001:00002340       _BG_InBackFlip             30003340 f   bg_panimate.obj
 0001:00002370       _BG_InDeathAnim            30003370 f   bg_panimate.obj
 0001:00002430       _BG_InGrappleMove          30003430 f   bg_panimate.obj
 0001:00002480       _BG_InKataAnim             30003480 f   bg_panimate.obj
 0001:000024c0       _BG_InKnockDownOnly        300034c0 f   bg_panimate.obj
 0001:00002500       _BG_InLedgeMove            30003500 f   bg_panimate.obj
 0001:00002540       _BG_InReboundHold          30003540 f   bg_panimate.obj
 0001:00002580       _BG_InReboundJump          30003580 f   bg_panimate.obj
 0001:000025c0       _BG_InRoll                 300035c0 f   bg_panimate.obj
 0001:00002650       _BG_InSaberLock            30003650 f   bg_panimate.obj
 0001:00002710       _BG_InSaberLockOld         30003710 f   bg_panimate.obj
 0001:00002750       _BG_InSaberStandAnim       30003750 f   bg_panimate.obj
 0001:000027a0       _BG_InSpecialJump          300037a0 f   bg_panimate.obj
 0001:000028f0       _BG_InitAnimsets           300038f0 f   bg_panimate.obj
 0001:00002910       _BG_KickMove               30003910 f   bg_panimate.obj
 0001:00002960       _BG_KickingAnim            30003960 f   bg_panimate.obj
 0001:000029f0       _BG_ParseAnimationFile     300039f0 f   bg_panimate.obj
 0001:00002d00       _BG_SaberInAttack          30003d00 f   bg_panimate.obj
 0001:00002d70       _BG_SaberInAttackPure      30003d70 f   bg_panimate.obj
 0001:00002d90       _BG_SaberInIdle            30003d90 f   bg_panimate.obj
 0001:00002dc0       _BG_SaberInKata            30003dc0 f   bg_panimate.obj
 0001:00002e00       _BG_SaberInSpecial         30003e00 f   bg_panimate.obj
 0001:00002e60       _BG_SaberInSpecialAttack   30003e60 f   bg_panimate.obj
 0001:00002ff0       _BG_SaberInTransitionAny   30003ff0 f   bg_panimate.obj
 0001:00003020       _BG_SaberLockBreakAnim     30004020 f   bg_panimate.obj
 0001:000031b0       _BG_SaberStartTransAnim    300041b0 f   bg_panimate.obj
 0001:000035d0       _BG_SetAnimFinal           300045d0 f   bg_panimate.obj
 0001:000039d0       _BG_SpinningSaberAnim      300049d0 f   bg_panimate.obj
 0001:00003c80       _BG_SuperBreakLoseAnim     30004c80 f   bg_panimate.obj
 0001:00003d10       _BG_SuperBreakWinAnim      30004d10 f   bg_panimate.obj
 0001:00003da0       _PM_AnimLength             30004da0 f   bg_panimate.obj
 0001:00003e20       _PM_CanRollFromSoulCal     30004e20 f   bg_panimate.obj
 0001:00003e50       _PM_ContinueLegsAnim       30004e50 f   bg_panimate.obj
 0001:00003e80       _PM_ForceLegsAnim          30004e80 f   bg_panimate.obj
 0001:00003f80       _PM_InCartwheel            30004f80 f   bg_panimate.obj
 0001:00003ff0       _PM_InForceGetUp           30004ff0 f   bg_panimate.obj
 0001:00004040       _PM_InKnockDown            30005040 f   bg_panimate.obj
 0001:00004170       _PM_InOnGroundAnim         30005170 f   bg_panimate.obj
 0001:00004260       _PM_InRollComplete         30005260 f   bg_panimate.obj
 0001:000042a0       _PM_InSaberAnim            300052a0 f   bg_panimate.obj
 0001:000042c0       _PM_JumpingAnim            300052c0 f   bg_panimate.obj
 0001:00004310       _PM_KnockDownAnimExtended  30005310 f   bg_panimate.obj
 0001:000043b0       _PM_LandingAnim            300053b0 f   bg_panimate.obj
 0001:00004400       _PM_LockedAnim             30005400 f   bg_panimate.obj
 0001:00004450       _PM_PainAnim               30005450 f   bg_panimate.obj
 0001:00004490       _PM_SaberBounceForAttack   30005490 f   bg_panimate.obj
 0001:00004510       _PM_SaberInKnockaway       30005510 f   bg_panimate.obj
 0001:00004530       _PM_SaberInParry           30005530 f   bg_panimate.obj
 0001:00004550       _PM_SaberInReflect         30005550 f   bg_panimate.obj
 0001:00004570       _PM_SaberInReturn          30005570 f   bg_panimate.obj
 0001:00004590       _PM_SaberInStart           30005590 f   bg_panimate.obj
 0001:000045b0       _PM_SaberInTransition      300055b0 f   bg_panimate.obj
 0001:000045d0       _PM_SaberReturnAnim        300055d0 f   bg_panimate.obj
 0001:00004650       _PM_SetAnim                30005650 f   bg_panimate.obj
 0001:000047d0       _PM_StartTorsoAnim         300057d0 f   bg_panimate.obj
 0001:00004800       _BG_AdjustClientSpeed      30005800 f   bg_pmove.obj
 0001:00004b10       _BG_BoneOrientationsForClass 30005b10 f   bg_pmove.obj
 0001:00004c90       _BG_ClassHasBadBones       30005c90 f   bg_pmove.obj
 0001:00004cd0       _BG_CmdForRoll             30005cd0 f   bg_pmove.obj
 0001:00004f20       _BG_G2ATSTAngles           30005f20 f   bg_pmove.obj
 0001:000059a0       _BG_G2PlayerAngles         300069a0 f   bg_pmove.obj
 0001:000069b0       _BG_IK_MoveArm             300079b0 f   bg_pmove.obj
 0001:00006e90       _BG_InKnockDown            30007e90 f   bg_pmove.obj
 0001:00006ee0       _BG_InSlopeAnim            30007ee0 f   bg_pmove.obj
 0001:00006f50       _BG_SabersOff              30007f50 f   bg_pmove.obj
 0001:00007160       _BG_UnrestrainedPitchRoll  30008160 f   bg_pmove.obj
 0001:000071b0       _BG_VehTraceFromCamPos     300081b0 f   bg_pmove.obj
 0001:00007420       _BG_VehicleAdjustBBoxForOrientation 30008420 f   bg_pmove.obj
 0001:00007880       _BG_VehicleTurnRateForSpeed 30008880 f   bg_pmove.obj
 0001:00007940       _LedgeGrabableEntity       30008940 f   bg_pmove.obj
 0001:000079b0       _LedgeTrace                300089b0 f   bg_pmove.obj
 0001:00007d20       _NumberOfWeapons           30008d20 f   bg_pmove.obj
 0001:00007f90       _PM_AddEvent               30008f90 f   bg_pmove.obj
 0001:00007fb0       _PM_AddEventWithParm       30008fb0 f   bg_pmove.obj
 0001:00007fd0       _PM_AddTouchEnt            30008fd0 f   bg_pmove.obj
 0001:00008020       _PM_AdjustAngleForWallGrap 30009020 f   bg_pmove.obj
 0001:00008290       _PM_AdjustAngleForWallJump 30009290 f   bg_pmove.obj
 0001:00008710       _PM_AdjustAttackStates     30009710 f   bg_pmove.obj
 0001:00008ad0       _PM_AdjustStandAnimForSlope 30009ad0 f   bg_pmove.obj
 0001:00009780       _PM_BGEntForNum            3000a780 f   bg_pmove.obj
 0001:000097b0       _PM_BeginWeaponChange      3000a7b0 f   bg_pmove.obj
 0001:00009890       _PM_CanSetWeaponReadyAnim  3000a890 f   bg_pmove.obj
 0001:0000a080       _PM_CheckGrab              3000b080 f   bg_pmove.obj
 0001:0000c3a0       _PM_CheckRollGetup         3000d3a0 f   bg_pmove.obj
 0001:0000c690       _PM_CheckRollSafety        3000d690 f   bg_pmove.obj
 0001:0000c890       _PM_ClipVelocity           3000d890 f   bg_pmove.obj
 0001:0000d4c0       _PM_CrouchGetup            3000e4c0 f   bg_pmove.obj
 0001:0000dd00       _PM_DoPunch                3000ed00 f   bg_pmove.obj
 0001:0000ddd0       _PM_FinishWeaponChange     3000edd0 f   bg_pmove.obj
 0001:0000ee80       _PM_GetSaberStance         3000fe80 f   bg_pmove.obj
 0001:0000f020       _PM_GettingUpFromKnockDown 30010020 f   bg_pmove.obj
 0001:0000f410       _PM_GrabWallForJump        30010410 f   bg_pmove.obj
 0001:0000fdd0       _PM_HoverTrace             30010dd0 f   bg_pmove.obj
 0001:00010220       _PM_InForceFall            30011220 f   bg_pmove.obj
 0001:00010430       _PM_LegsSlopeBackTransition 30011430 f   bg_pmove.obj
 0001:000104e0       _PM_MinGetUpTime           300114e0 f   bg_pmove.obj
 0001:00010550       _PM_MoveForKata            30011550 f   bg_pmove.obj
 0001:000109b0       _PM_RocketLock             300119b0 f   bg_pmove.obj
 0001:00010db0       _PM_RunningAnim            30011db0 f   bg_pmove.obj
 0001:00010e00       _PM_SetForceJumpZStart     30011e00 f   bg_pmove.obj
 0001:00010f20       _PM_SetPMViewAngle         30011f20 f   bg_pmove.obj
 0001:00011320       _PM_SetVelocityforLedgeMove 30012320 f   bg_pmove.obj
 0001:00011a30       _PM_UpdateViewAngles       30012a30 f   bg_pmove.obj
 0001:00011c30       _PM_VehFaceHyperspacePoint 30012c30 f   bg_pmove.obj
 0001:00011f00       _PM_VehicleWeaponAnimate   30012f00 f   bg_pmove.obj
 0001:00012770       _PM_WalkingAnim            30013770 f   bg_pmove.obj
 0001:00014ef0       _PM_pitch_roll_for_slope   30015ef0 f   bg_pmove.obj
 0001:00015250       _Pmove                     30016250 f   bg_pmove.obj
 0001:00015320       _PmoveSingle               30016320 f   bg_pmove.obj
 0001:00017be0       _BG_AddFatigue             30018be0 f   bg_saber.obj
 0001:00017c50       _BG_CheckIncrementLockAnim 30018c50 f   bg_saber.obj
 0001:00017d00       _BG_EnoughForcePowerForMove 30018d00 f   bg_saber.obj
 0001:00017d30       _BG_ForcePowerDrain        30018d30 f   bg_saber.obj
 0001:00017dd0       _BG_InSlowBounce           30018dd0 f   bg_saber.obj
 0001:00017e10       _BG_MySaber                30018e10 f   bg_saber.obj
 0001:00017f30       _PM_CheckStabDown          30018f30 f   bg_saber.obj
 0001:00018150       _PM_DoFake                 30019150 f   bg_saber.obj
 0001:00018260       _PM_DoKick                 30019260 f   bg_saber.obj
 0001:00018570       _PM_GroundDistance         30019570 f   bg_saber.obj
 0001:00018670       _PM_ReturnforQuad          30019670 f   bg_saber.obj
 0001:000186e0       _PM_SaberAttackForMovement 300196e0 f   bg_saber.obj
 0001:00019970       _PM_SaberFlipOverAttackMove 3001a970 f   bg_saber.obj
 0001:00019b40       _PM_SaberInBounce          3001ab40 f   bg_saber.obj
 0001:00019b70       _PM_SaberInBrokenParry     3001ab70 f   bg_saber.obj
 0001:00019bb0       _PM_SaberJumpAttackMove    3001abb0 f   bg_saber.obj
 0001:00019d50       _PM_SaberLockBreak         3001ad50 f   bg_saber.obj
 0001:0001a140       _PM_SaberLockResultAnim    3001b140 f   bg_saber.obj
 0001:0001a230       _PM_SaberLocked            3001b230 f   bg_saber.obj
 0001:0001a5e0       _PM_SaberLungeAttackMove   3001b5e0 f   bg_saber.obj
 0001:0001a7a0       _PM_SetSaberMove           3001b7a0 f   bg_saber.obj
 0001:0001b080       _PM_WalkableGroundDistance 3001c080 f   bg_saber.obj
 0001:0001b190       _PM_WeaponLightsaber       3001c190 f   bg_saber.obj
 0001:0001c560       _PM_irand_timesync         3001d560 f   bg_saber.obj
 0001:0001c5c0       _BG_ParseLiteral           3001d5c0 f   bg_saberLoad.obj
 0001:0001c620       _BG_SI_SetDesiredLength    3001d620 f   bg_saberLoad.obj
 0001:0001c680       _BG_SI_SetLength           3001d680 f   bg_saberLoad.obj
 0001:0001c6c0       _BG_SI_SetLengthGradual    3001d6c0 f   bg_saberLoad.obj
 0001:0001c7e0       _TranslateSaberColor       3001d7e0 f   bg_saberLoad.obj
 0001:0001c8c0       _TranslateSaberStyle       3001d8c0 f   bg_saberLoad.obj
 0001:0001c980       _WP_RemoveSaber            3001d980 f   bg_saberLoad.obj
 0001:0001ca10       _WP_SaberBladeUseSecondBladeStyle 3001da10 f   bg_saberLoad.obj
 0001:0001ca40       _WP_SaberLoadParms         3001da40 f   bg_saberLoad.obj
 0001:0001cb80       _WP_SaberParseParms        3001db80 f   bg_saberLoad.obj
 0001:0001f0b0       _WP_SaberSetDefaults       300200b0 f   bg_saberLoad.obj
 0001:0001f570       _WP_SetSaber               30020570 f   bg_saberLoad.obj
 0001:0001f770       _BG_GetNextValueGroup      30020770 f   bg_saga.obj
 0001:0001f820       _BG_PrecacheSabersForSiegeTeam 30020820 f   bg_saga.obj
 0001:0001f900       _BG_SiegeFindClassByName   30020900 f   bg_saga.obj
 0001:0001f950       _BG_SiegeFindClassIndexByName 30020950 f   bg_saga.obj
 0001:0001f9a0       _BG_SiegeFindThemeForTeam  300209a0 f   bg_saga.obj
 0001:0001f9c0       _BG_SiegeGetPairedValue    300209c0 f   bg_saga.obj
 0001:0001fc10       _BG_SiegeGetValueGroup     30020c10 f   bg_saga.obj
 0001:0001ff20       _BG_SiegeLoadClasses       30020f20 f   bg_saga.obj
 0001:00020070       _BG_SiegeLoadTeams         30021070 f   bg_saga.obj
 0001:00020390       _BG_SiegeParseClassFile    30021390 f   bg_saga.obj
 0001:00020cb0       _BG_SiegeSetTeamTheme      30021cb0 f   bg_saga.obj
 0001:00020d20       _BG_SiegeStripTabs         30021d20 f   bg_saga.obj
 0001:00020d60       _BG_SiegeTranslateForcePowers 30021d60 f   bg_saga.obj
 0001:00020f30       _BG_SiegeTranslateGenericTable 30021f30 f   bg_saga.obj
 0001:00021000       _BG_SiegeTranslateSkills   30022000 f   bg_saga.obj
 0001:00021160       _PM_GroundSlideOkay        30022160 f   bg_slidemove.obj
 0001:000211e0       _PM_SlideMove              300221e0 f   bg_slidemove.obj
 0001:00021a90       _PM_StepSlideMove          30022a90 f   bg_slidemove.obj
 0001:000220b0       _PM_VehicleImpact          300230b0 f   bg_slidemove.obj
 0001:000226f0       _AttachRidersGeneric       300236f0 f   bg_vehicleLoad.obj
 0001:000227a0       _BG_GetVehicleModelName    300237a0 f   bg_vehicleLoad.obj
 0001:000227f0       _BG_GetVehicleSkinName     300237f0 f   bg_vehicleLoad.obj
 0001:00022ec0       _BG_SetSharedVehicleFunctions 30023ec0 f   bg_vehicleLoad.obj
 0001:00022f20       _BG_VehicleClampData       30023f20 f   bg_vehicleLoad.obj
 0001:00022fd0       _BG_VehicleGetIndex        30023fd0 f   bg_vehicleLoad.obj
 0001:00023080       _BG_VehicleLoadParms       30024080 f   bg_vehicleLoad.obj
 0001:00023520       _BG_VehicleSetDefaults     30024520 f   bg_vehicleLoad.obj
 0001:000235d0       _BG_VehicleUnloadParms     300245d0 f   bg_vehicleLoad.obj
 0001:000235f0       _VEH_LoadVehWeapon         300245f0 f   bg_vehicleLoad.obj
 0001:000237e0       _VEH_LoadVehicle           300247e0 f   bg_vehicleLoad.obj
 0001:00024000       _CGCam_Disable             30025000 f   cg_camera.obj
 0001:000240c0       _CGCam_DoFade              300250c0 f   cg_camera.obj
 0001:00024140       _CGCam_Fade                30025140 f   cg_camera.obj
 0001:00024260       _CGCam_FollowUpdate        30025260 f   cg_camera.obj
 0001:000246c0       _CGCam_RenderScene         300256c0 f   cg_camera.obj
 0001:000246e0       _CGCam_Shake               300256e0 f   cg_camera.obj
 0001:00024710       _CGCam_TrackUpdate         30025710 f   cg_camera.obj
 0001:00024ae0       _CGCam_Update              30025ae0 f   cg_camera.obj
 0001:000253a0       _CGCam_UpdateFade          300263a0 f   cg_camera.obj
 0001:00025490       _CGCam_UpdateShake         30026490 f   cg_camera.obj
 0001:00025620       _CGCam_UpdateSmooth        30026620 f   cg_camera.obj
 0001:00025780       _CGCam_Zoom                30026780 f   cg_camera.obj
 0001:000257e0       _CG_CameraParse            300267e0 f   cg_camera.obj
 0001:00025f40       _CG_TargetCommand_f        30026f40 f   cg_consolecmds.obj
 0001:00026420       _CG_ConsoleCommand         30027420 f   cg_consolecmds.obj
 0001:00026460       _CG_InitConsoleCommands    30027460 f   cg_consolecmds.obj
 0001:00026660       _CG_AddLagometerFrameInfo  30027660 f   cg_draw.obj
 0001:00026690       _CG_AddLagometerSnapshotInfo 30027690 f   cg_draw.obj
 0001:000266f0       _CG_BracketEntity          300276f0 f   cg_draw.obj
 0001:00026d30       _CG_CalcVehicleMuzzlePoint 30027d30 f   cg_draw.obj
 0001:00027000       _CG_CenterPrint            30028000 f   cg_draw.obj
 0001:00027070       _CG_ChatBox_AddString      30028070 f   cg_draw.obj
 0001:000271f0       _CG_ChatBox_ArrayInsert    300281f0 f   cg_draw.obj
 0001:000273a0       _CG_DottedLine             300283a0 f   cg_draw.obj
 0001:00029290       _CG_Draw3DModel            3002a290 f   cg_draw.obj
 0001:000293e0       _CG_DrawActive             3002a3e0 f   cg_draw.obj
 0001:00029780       _CG_DrawArmor              3002a780 f   cg_draw.obj
 0001:0002ab60       _CG_DrawDodge              3002bb60 f   cg_draw.obj
 0001:0002ad10       _CG_DrawDuelistHealth      3002bd10 f   cg_draw.obj
 0001:0002b330       _CG_DrawFlagModel          3002c330 f   cg_draw.obj
 0001:0002b560       _CG_DrawForcePower         3002c560 f   cg_draw.obj
 0001:0002b720       _CG_DrawForceSelect        3002c720 f   cg_draw.obj
 0001:0002b8b0       _CG_DrawHUD                3002c8b0 f   cg_draw.obj
 0001:0002bd80       _CG_DrawHealthBar          3002cd80 f   cg_draw.obj
 0001:0002bf20       _CG_DrawInvenSelect        3002cf20 f   cg_draw.obj
 0001:0002c690       _CG_DrawRadar              3002d690 f   cg_draw.obj
 0001:0002dc90       _CG_DrawSiegeInfo          3002ec90 f   cg_draw.obj
 0001:0002e000       _CG_DrawSiegeMessage       3002f000 f   cg_draw.obj
 0001:0002e030       _CG_DrawSiegeMessageNonMenu 3002f030 f   cg_draw.obj
 0001:0002e530       _CG_DrawTeamBackground     3002f530 f   cg_draw.obj
 0001:0002f0c0       _CG_DrawVehicleDamage      300300c0 f   cg_draw.obj
 0001:0002f200       _CG_DrawVehicleDamageHUD   30030200 f   cg_draw.obj
 0001:0002f4e0       _CG_DrawVehicleHud         300304e0 f   cg_draw.obj
 0001:00031160       _CG_InATST                 30032160 f   cg_draw.obj
 0001:000311a0       _CG_InFighter              300321a0 f   cg_draw.obj
 0001:000311e0       _CG_SaberClashFlare        300321e0 f   cg_draw.obj
 0001:00031b50       _CG_Text_Height            30032b50 f   cg_draw.obj
 0001:00031ba0       _CG_Text_Paint             30032ba0 f   cg_draw.obj
 0001:00031c50       _CG_Text_Width             30032c50 f   cg_draw.obj
 0001:00031ca0       _CG_WorldCoordToScreenCoord 30032ca0 f   cg_draw.obj
 0001:00031ce0       _CG_WorldCoordToScreenCoordFloat 30032ce0 f   cg_draw.obj
 0001:00031e00       ___local_stdio_printf_options 30032e00 f i cg_draw.obj
 0001:00031e10       _sprintf                   30032e10 f i cg_draw.obj
 0001:00031e50       _CG_ColorForHealth         30032e50 f   cg_drawtools.obj
 0001:00031f30       _CG_DrawBigString          30032f30 f   cg_drawtools.obj
 0001:00031f80       _CG_DrawNumField           30032f80 f   cg_drawtools.obj
 0001:00032270       _CG_DrawPic                30033270 f   cg_drawtools.obj
 0001:000322d0       _CG_DrawRect               300332d0 f   cg_drawtools.obj
 0001:00032490       _CG_DrawRotatePic          30033490 f   cg_drawtools.obj
 0001:00032500       _CG_DrawRotatePic2         30033500 f   cg_drawtools.obj
 0001:00032570       _CG_DrawSides              30033570 f   cg_drawtools.obj
 0001:00032650       _CG_DrawSmallString        30033650 f   cg_drawtools.obj
 0001:000326a0       _CG_DrawStringExt          300336a0 f   cg_drawtools.obj
 0001:000329a0       _CG_DrawStrlen             300339a0 f   cg_drawtools.obj
 0001:000329f0       _CG_DrawTopBottom          300339f0 f   cg_drawtools.obj
 0001:00032ad0       _CG_FadeColor              30033ad0 f   cg_drawtools.obj
 0001:00032b50       _CG_FillRect               30033b50 f   cg_drawtools.obj
 0001:00032bd0       _CG_GetColorForHealth      30033bd0 f   cg_drawtools.obj
 0001:00032ca0       _CG_TileClear              30033ca0 f   cg_drawtools.obj
 0001:00032f30       _UI_DrawProportionalString 30033f30 f   cg_drawtools.obj
 0001:00032fe0       _UI_DrawScaledProportionalString 30033fe0 f   cg_drawtools.obj
 0001:000337d0       _CG_Chunks                 300347d0 f   cg_effects.obj
 0001:00033ea0       _CG_DoGlass                30034ea0 f   cg_effects.obj
 0001:000344f0       _CG_GlassShatter           300354f0 f   cg_effects.obj
 0001:00034550       _CG_InitGlass              30035550 f   cg_effects.obj
 0001:00034610       _CG_MiscModelExplosion     30035610 f   cg_effects.obj
 0001:00034900       _CG_ScorePlum              30035900 f   cg_effects.obj
 0001:00034a40       _CG_SmokePuff              30035a40 f   cg_effects.obj
 0001:00034be0       _CG_TestLine               30035be0 f   cg_effects.obj
 0001:00034d40       _CG_AddBracketedEnt        30035d40 f   cg_ents.obj
 0001:00035400       _CG_AddPacketEntities      30036400 f   cg_ents.obj
 0001:00035750       _CG_AddRadarEnt            30036750 f   cg_ents.obj
 0001:00035780       _CG_AdjustPositionForMover 30036780 f   cg_ents.obj
 0001:00035870       _CG_Beam                   30036870 f   cg_ents.obj
 0001:00035920       _CG_CalcEntityLerpPositions 30036920 f   cg_ents.obj
 0001:00035b40       _CG_Cube                   30036b40 f   cg_ents.obj
 0001:00035d00       _CG_Disintegration         30036d00 f   cg_ents.obj
 0001:00038300       _CG_GreyItem               30039300 f   cg_ents.obj
 0001:00039000       _CG_ManualEntityRender     3003a000 f   cg_ents.obj
 0001:00039e10       _CG_PlayDoorLoopSound      3003ae10 f   cg_ents.obj
 0001:00039f80       _CG_PlayDoorSound          3003af80 f   cg_ents.obj
 0001:00039fd0       _CG_PositionEntityOnTag    3003afd0 f   cg_ents.obj
 0001:0003a100       _CG_PositionRotatedEntityOnTag 3003b100 f   cg_ents.obj
 0001:0003a230       _CG_ROFF_NotetrackCallback 3003b230 f   cg_ents.obj
 0001:0003a640       _CG_S_AddRealLoopingSound  3003b640 f   cg_ents.obj
 0001:0003a700       _CG_S_StopLoopingSound     3003b700 f   cg_ents.obj
 0001:0003a790       _CG_S_UpdateLoopingSounds  3003b790 f   cg_ents.obj
 0001:0003a8c0       _CG_SetEntitySoundPosition 3003b8c0 f   cg_ents.obj
 0001:0003a950       _CG_SetGhoul2Info          3003b950 f   cg_ents.obj
 0001:0003a9c0       _FX_DrawPortableShield     3003b9c0 f   cg_ents.obj
 0001:0003ac20       _ScaleModelAxis            3003bc20 f   cg_ents.obj
 0001:0003ad10       _CG_CalcVehMuzzle          3003bd10 f   cg_event.obj
 0001:0003ae30       _CG_CheckEvents            3003be30 f   cg_event.obj
 0001:0003aec0       _CG_EntityEvent            3003bec0 f   cg_event.obj
 0001:0003f950       _CG_G2MarkEvent            30040950 f   cg_event.obj
 0001:0003fbc0       _CG_GetCTFMessageEvent     30040bc0 f   cg_event.obj
 0001:00040930       _CG_PainEvent              30041930 f   cg_event.obj
 0001:000409a0       _CG_PlaceString            300419a0 f   cg_event.obj
 0001:00040b40       _CG_ReattachLimb           30041b40 f   cg_event.obj
 0001:00040d40       _DoFall                    30041d40 f   cg_event.obj
 0001:00040e60       _CG_LoadHolsterData        30041e60 f   cg_holster.obj
 0001:000411a0       _CG_DrawInformation        300421a0 f   cg_info.obj
 0001:00041d10       _CG_LoadingClient          30042d10 f   cg_info.obj
 0001:00041da0       _CG_LoadingItem            30042da0 f   cg_info.obj
 0001:00041e50       _CG_LoadingString          30042e50 f   cg_info.obj
 0001:00041eb0       _CG_ClearLightStyles       30042eb0 f   cg_light.obj
 0001:00041fa0       _CG_RunLightStyles         30042fa0 f   cg_light.obj
 0001:00042030       _CG_SetLightstyle          30043030 f   cg_light.obj
 0001:000420f0       _CG_AddFragment            300430f0 f   cg_localents.obj
 0001:00042510       _CG_AddLocalEntities       30043510 f   cg_localents.obj
 0001:00042dd0       _CG_AddScorePlum           30043dd0 f   cg_localents.obj
 0001:00043130       _CG_AllocLocalEntity       30044130 f   cg_localents.obj
 0001:000431b0       _CG_FreeLocalEntity        300441b0 f   cg_localents.obj
 0001:000431f0       _CG_InitLocalEntities      300441f0 f   cg_localents.obj
 0001:00043250       _BG_GetTime                30044250 f   cg_main.obj
 0001:00043260       _CG_Argv                   30044260 f   cg_main.obj
 0001:00043280       _CG_Asset_Parse            30044280 f   cg_main.obj
 0001:00043750       _CG_BuildSpectatorString   30044750 f   cg_main.obj
 0001:000437d0       _CG_ConfigString           300447d0 f   cg_main.obj
 0001:00043800       _CG_CreateModelFromSpawnEnt 30044800 f   cg_main.obj
 0001:00043a70       _CG_CrosshairPlayer        30044a70 f   cg_main.obj
 0001:00043da0       _CG_DrawMiscEnts           30044da0 f   cg_main.obj
 0001:00043ed0       _CG_Error                  30044ed0 f   cg_main.obj
 0001:000441c0       _CG_DeferMenuScript        300451c0 f   cg_newDraw.obj
 0001:000441c0       _ItemParse_isSaber         300451c0 f   ui_shared.obj
 0001:000441c0       _ItemParse_isSaber2        300451c0 f   ui_shared.obj
 0001:00044480       _CG_GetLocationString      30045480 f   cg_main.obj
 0001:000444b0       _CG_GetStringEdString      300454b0 f   cg_main.obj
 0001:00044540       _CG_Init                   30045540 f   cg_main.obj
 0001:00045670       _CG_LastAttacker           30046670 f   cg_main.obj
 0001:00045690       _CG_LoadMenus              30046690 f   cg_main.obj
 0001:000458e0       _CG_NewString              300468e0 f   cg_main.obj
 0001:000459a0       _CG_NextForcePower_f       300469a0 f   cg_main.obj
 0001:00045b10       _CG_NextInventory_f        30046b10 f   cg_main.obj
 0001:00045bc0       _CG_NoUseableForce         30046bc0 f   cg_main.obj
 0001:00045cf0       _CG_ParseSiegeState        30046cf0 f   cg_main.obj
 0001:00045db0       _CG_ParseSpawnVars         30046db0 f   cg_main.obj
 0001:00045f90       _CG_ParseWeatherEffect     30046f90 f   cg_main.obj
 0001:00045fd0       _CG_PrevForcePower_f       30046fd0 f   cg_main.obj
 0001:00046140       _CG_PrevInventory_f        30047140 f   cg_main.obj
 0001:000461f0       _CG_Printf                 300471f0 f   cg_main.obj
 0001:00046240       _CG_RegisterCvars          30047240 f   cg_main.obj
 0001:00048ad0       _CG_SetScoreSelection      30049ad0 f   cg_main.obj
 0001:00048b90       _CG_SiegeCountCvars        30049b90 f   cg_main.obj
 0001:00048dd0       _CG_SpawnCGameEntFromVars  30049dd0 f   cg_main.obj
 0001:00048f90       _CG_StartMusic             30049f90 f   cg_main.obj
 0001:00049090       _CG_Text_PaintWithCursor   3004a090 f   cg_main.obj
 0001:000490e0       _CG_UpdateCvars            3004a0e0 f   cg_main.obj
 0001:000491e0       _Com_Error                 3004a1e0 f   cg_main.obj
 0001:00049230       _Com_Printf                3004a230 f   cg_main.obj
 0001:00049280       _vmMain                    3004a280 f   cg_main.obj
 0001:00049cf0       _CG_AddMarks               3004acf0 f   cg_marks.obj
 0001:00049e80       _CG_AddParticleToScene     3004ae80 f   cg_marks.obj
 0001:0004ba70       _CG_AddParticles           3004ca70 f   cg_marks.obj
 0001:0004be40       _CG_AllocMark              3004ce40 f   cg_marks.obj
 0001:0004bed0       _CG_ClearParticles         3004ced0 f   cg_marks.obj
 0001:0004bf60       _CG_ImpactMark             3004cf60 f   cg_marks.obj
 0001:0004c450       _CG_InitMarkPolys          3004d450 f   cg_marks.obj
 0001:0004c4b0       _CG_EventHandling          3004d4b0 f   cg_newDraw.obj
 0001:0004c4e0       _CG_GameTypeString         3004d4e0 f   cg_newDraw.obj
 0001:0004c550       _CG_GetGameStatusText      3004d550 f   cg_newDraw.obj
 0001:0004c660       _CG_GetKillerText          3004d660 f   cg_newDraw.obj
 0001:0004c6a0       _CG_GetSelectedPlayer      3004d6a0 f   cg_newDraw.obj
 0001:0004c6c0       _CG_GetTeamColor           3004d6c0 f   cg_newDraw.obj
 0001:0004c730       _CG_GetValue               3004d730 f   cg_newDraw.obj
 0001:0004c8a0       _CG_KeyEvent               3004d8a0 f   cg_newDraw.obj
 0001:0004c950       _CG_MouseEvent             3004d950 f   cg_newDraw.obj
 0001:0004ca30       _CG_OtherTeamHasFlag       3004da30 f   cg_newDraw.obj
 0001:0004ca70       _CG_OwnerDrawVisible       3004da70 f   cg_newDraw.obj
 0001:0004cc20       _CG_StatusHandle           3004dc20 f   cg_newDraw.obj
 0001:0004cc80       _CG_YourTeamHasFlag        3004dc80 f   cg_newDraw.obj
 0001:0004ccc0       _ApplyAxisRotation         3004dcc0 f   cg_players.obj
 0001:0004d1f0       _CG_ActualLoadDeferredPlayers 3004e1f0 f   cg_players.obj
 0001:0004d570       _CG_AddGhoul2Mark          3004e570 f   cg_players.obj
 0001:0004d730       _CG_AddRefEntityWithPowerups 3004e730 f   cg_players.obj
 0001:0004d7b0       _CG_AddSaberBlade          3004e7b0 f   cg_players.obj
 0001:0004f690       _CG_CacheG2AnimInfo        30050690 f   cg_players.obj
 0001:0004f840       _CG_CheckThirdPersonAlpha  30050840 f   cg_players.obj
 0001:0004fad0       _CG_CleanJetpack2Ghoul2    30050ad0 f   cg_players.obj
 0001:0004fb00       _CG_CleanJetpack3Ghoul2    30050b00 f   cg_players.obj
 0001:0004fb30       _CG_CleanJetpack4Ghoul2    30050b30 f   cg_players.obj
 0001:0004fb60       _CG_CleanJetpack5Ghoul2    30050b60 f   cg_players.obj
 0001:0004fb90       _CG_CleanJetpack6Ghoul2    30050b90 f   cg_players.obj
 0001:0004fbc0       _CG_CleanJetpackGhoul2     30050bc0 f   cg_players.obj
 0001:0004fef0       _CG_CreateNPCClient        30050ef0 f   cg_players.obj
 0001:0004ff10       _CG_CreateSaberMarks       30050f10 f   cg_players.obj
 0001:00050aa0       _CG_CustomSound            30051aa0 f   cg_players.obj
 0001:00050e00       _CG_DestroyNPCClient       30051e00 f   cg_players.obj
 0001:00050e20       _CG_DoEp1Saber             30051e20 f   cg_players.obj
 0001:00052590       _CG_DoEp2Saber             30053590 f   cg_players.obj
 0001:00053de0       _CG_DoEp3Saber             30054de0 f   cg_players.obj
 0001:00055660       _CG_DoOTSaber              30056660 f   cg_players.obj
 0001:00056df0       _CG_DoSFXSaber             30057df0 f   cg_players.obj
 0001:00058500       _CG_DoSaber                30059500 f   cg_players.obj
 0001:00058ac0       _CG_DoSaberLight           30059ac0 f   cg_players.obj
 0001:00058ef0       _CG_DrawPlayerSphere       30059ef0 f   cg_players.obj
 0001:0005a8b0       _CG_G2AnimEntModelLoad     3005b8b0 f   cg_players.obj
 0001:0005b020       _CG_G2Animated             3005c020 f   cg_players.obj
 0001:0005b7b0       _CG_G2PlayerHeadAnims      3005c7b0 f   cg_players.obj
 0001:0005bbb0       _CG_G2ServerBoneAngles     3005cbb0 f   cg_players.obj
 0001:0005bdf0       _CG_G2SkelForModel         3005cdf0 f   cg_players.obj
 0001:0005be60       _CG_G2TraceCollide         3005ce60 f   cg_players.obj
 0001:0005c020       _CG_HandleAppendedSkin     3005d020 f   cg_players.obj
 0001:0005c0e0       _CG_HolsteredWeaponRender  3005d0e0 f   cg_players.obj
 0001:0005c6d0       _CG_InitJetpack2Ghoul2     3005d6d0 f   cg_players.obj
 0001:0005c730       _CG_InitJetpack3Ghoul2     3005d730 f   cg_players.obj
 0001:0005c790       _CG_InitJetpack4Ghoul2     3005d790 f   cg_players.obj
 0001:0005c7f0       _CG_InitJetpack5Ghoul2     3005d7f0 f   cg_players.obj
 0001:0005c850       _CG_InitJetpack6Ghoul2     3005d850 f   cg_players.obj
 0001:0005c8b0       _CG_InitJetpackGhoul2      3005d8b0 f   cg_players.obj
 0001:0005c910       _CG_IsMindTricked          3005d910 f   cg_players.obj
 0001:0005c980       _CG_LoadCISounds           3005d980 f   cg_players.obj
 0001:0005cd40       _CG_LoadClientInfo         3005dd40 f   cg_players.obj
 0001:0005d080       _CG_LoadDeferredPlayers    3005e080 f   cg_players.obj
 0001:0005d090       _CG_NewClientInfo          3005e090 f   cg_players.obj
 0001:0005de30       _CG_ParseAnimationEvtFile  3005ee30 f   cg_players.obj
 0001:0005e1b0       _CG_ParseScriptedSaber     3005f1b0 f   cg_players.obj
 0001:0005e2d0       _CG_ParseSurfsFile         3005f2d0 f   cg_players.obj
 0001:0005e490       _CG_Player                 3005f490 f   cg_players.obj
 0001:00065180       _CG_PlayerAmbientEvents    30066180 f   cg_players.obj
 0001:00065310       _CG_PlayerAnimEventDo      30066310 f   cg_players.obj
 0001:00065800       _CG_PlayerAnimEvents       30066800 f   cg_players.obj
 0001:000660c0       _CG_PlayerShieldHit        300670c0 f   cg_players.obj
 0001:000663b0       _CG_RadiusForCent          300673b0 f   cg_players.obj
 0001:00066430       _CG_RagDoll                30067430 f   cg_players.obj
 0001:00067d50       _CG_ResetPlayerEntity      30068d50 f   cg_players.obj
 0001:00068520       _CG_SaberCompWork          30069520 f   cg_players.obj
 0001:00069230       _CG_ThereIsAMaster         3006a230 f   cg_players.obj
 0001:00069b10       _CG_VehicleShouldDrawShields 3006ab10 f   cg_players.obj
 0001:00069b50       _CG_VisualWeaponsUpdate    3006ab50 f   cg_players.obj
 0001:0006aa10       _FindGender                3006ba10 f   cg_players.obj
 0001:0006ab00       _ParseAnimationEvtBlock    3006bb00 f   cg_players.obj
 0001:0006b470       _ParseRGBSaber             3006c470 f   cg_players.obj
 0001:0006b4c0       _RGB_AdjustPimpSaberColor  3006c4c0 f   cg_players.obj
 0001:0006b650       _RGB_AdjustSciptedSaberColor 3006c650 f   cg_players.obj
 0001:0006b7b0       _RGB_RandomRGB             3006c7b0 f   cg_players.obj
 0001:0006b820       _SmoothTrueView            3006c820 f   cg_players.obj
 0001:0006c520       _CG_CheckLocalSounds       3006d520 f   cg_playerstate.obj
 0001:0006c700       _CG_DamageFeedback         3006d700 f   cg_playerstate.obj
 0001:0006ca30       _CG_Respawn                3006da30 f   cg_playerstate.obj
 0001:0006ca70       _CG_TransitionPlayerState  3006da70 f   cg_playerstate.obj
 0001:0006cc90       _CG_BuildSolidList         3006dc90 f   cg_predict.obj
 0001:0006d2d0       _CG_G2Trace                3006e2d0 f   cg_predict.obj
 0001:0006d6c0       _CG_PmoveClientPointerUpdate 3006e6c0 f   cg_predict.obj
 0001:0006d750       _CG_PointContents          3006e750 f   cg_predict.obj
 0001:0006d7d0       _CG_PredictPlayerState     3006e7d0 f   cg_predict.obj
 0001:0006ec50       _CG_Trace                  3006fc50 f   cg_predict.obj
 0001:0006ece0       _CG_UsingEWeb              3006fce0 f   cg_predict.obj
 0001:0006edb0       _CG_AdjustEyePos           3006fdb0 f   cg_saga.obj
 0001:0006ee20       _CG_InitSiegeMode          3006fe20 f   cg_saga.obj
 0001:0006f4e0       _CG_ParseSiegeExtendedData 300704e0 f   cg_saga.obj
 0001:0006f670       _CG_ParseSiegeObjectiveStatus 30070670 f   cg_saga.obj
 0001:0006f900       _CG_PrecachePlayersForSiegeTeam 30070900 f   cg_saga.obj
 0001:0006fa20       _CG_PrecacheSiegeObjectiveAssetsForTeam 30070a20 f   cg_saga.obj
 0001:0006fbd0       _CG_SetSiegeTimerCvar      30070bd0 f   cg_saga.obj
 0001:0006fc40       _CG_SiegeBriefingDisplay   30070c40 f   cg_saga.obj
 0001:00070080       _CG_SiegeGetObjectiveDescription 30071080 f   cg_saga.obj
 0001:00070120       _CG_SiegeGetObjectiveFinal 30071120 f   cg_saga.obj
 0001:000701d0       _CG_SiegeObjectiveCompleted 300711d0 f   cg_saga.obj
 0001:00070360       _CG_SiegeRoundOver         30071360 f   cg_saga.obj
 0001:000704b0       _CG_TrueViewInit           300714b0 f   cg_saga.obj
 0001:00070540       _siege_Cvar_Set            30071540 f   cg_saga.obj
 0001:00070670       _siege_Cvar_VariableStringBuffer 30071670 f   cg_saga.obj
 0001:00070730       _siegecvarlist             30071730 f   cg_saga.obj
 0001:00070e00       _CG_DrawOldScoreboard      30071e00 f   cg_scoreboard.obj
 0001:00071700       _CG_GetClassCount          30072700 f   cg_scoreboard.obj
 0001:00071760       _CG_GetTeamCount           30072760 f   cg_scoreboard.obj
 0001:000717c0       _CG_GetTeamNonScoreCount   300727c0 f   cg_scoreboard.obj
 0001:00071b20       _CG_CheckSVStringEdRef     30072b20 f   cg_servercmds.obj
 0001:000724e0       _CG_ExecuteNewServerCommands 300734e0 f   cg_servercmds.obj
 0001:00072520       _CG_HandleNPCSounds        30073520 f   cg_servercmds.obj
 0001:000729d0       _CG_KillCEntityG2          300739d0 f   cg_servercmds.obj
 0001:00072b60       _CG_KillCEntityInstances   30073b60 f   cg_servercmds.obj
 0001:00072fc0       _CG_ParseServerinfo        30073fc0 f   cg_servercmds.obj
 0001:000733c0       _CG_PrecacheNPCSounds      300743c0 f   cg_servercmds.obj
 0001:00074530       _CG_SetConfigValues        30075530 f   cg_servercmds.obj
 0001:00074660       _CG_ShaderStateChanged     30075660 f   cg_servercmds.obj
 0001:000747d0       _CG_ProcessSnapshots       300757d0 f   cg_snapshot.obj
 0001:00074eb0       _strap_G2API_AnimateG2Models 30075eb0 f   cg_strap.obj
 0001:00074ec0       _strap_G2API_GetBoltMatrix 30075ec0 f   cg_strap.obj
 0001:00074ed0       _strap_G2API_GetBoltMatrix_NoRecNoRot 30075ed0 f   cg_strap.obj
 0001:00074ee0       _strap_G2API_GetBoneAnim   30075ee0 f   cg_strap.obj
 0001:00074ef0       _strap_G2API_IKMove        30075ef0 f   cg_strap.obj
 0001:00074f00       _strap_G2API_SetBoneAngles 30075f00 f   cg_strap.obj
 0001:00074f10       _strap_G2API_SetBoneAnim   30075f10 f   cg_strap.obj
 0001:00074f50       _strap_G2API_SetBoneIKState 30075f50 f   cg_strap.obj
 0001:00074f60       _dllEntry                  30075f60 f   cg_syscalls.obj
 0001:00074f70       _trap_AS_AddPrecacheEntry  30075f70 f   cg_syscalls.obj
 0001:00074f90       _trap_AS_GetBModelSound    30075f90 f   cg_syscalls.obj
 0001:00074fb0       _trap_AS_ParseSets         30075fb0 f   cg_syscalls.obj
 0001:00074fc0       _trap_AddCommand           30075fc0 f   cg_syscalls.obj
 0001:00074fe0       _trap_AnyLanguage_ReadCharFromString 30075fe0 f   cg_syscalls.obj
 0001:00075000       _trap_Argc                 30076000 f   cg_syscalls.obj
 0001:00075010       _trap_Args                 30076010 f   cg_syscalls.obj
 0001:00075030       _trap_Argv                 30076030 f   cg_syscalls.obj
 0001:00075050       _trap_CG_RegisterSharedMemory 30076050 f   cg_syscalls.obj
 0001:00075070       _trap_CIN_DrawCinematic    30076070 f   cg_syscalls.obj
 0001:00075090       _trap_CIN_PlayCinematic    30076090 f   cg_syscalls.obj
 0001:000750c0       _trap_CIN_RunCinematic     300760c0 f   cg_syscalls.obj
 0001:000750e0       _trap_CIN_SetExtents       300760e0 f   cg_syscalls.obj
 0001:00075110       _trap_CIN_StopCinematic    30076110 f   cg_syscalls.obj
 0001:00075130       _trap_CM_BoxTrace          30076130 f   cg_syscalls.obj
 0001:00075160       _trap_CM_InlineModel       30076160 f   cg_syscalls.obj
 0001:00075180       _trap_CM_LoadMap           30076180 f   cg_syscalls.obj
 0001:000751a0       _trap_CM_MarkFragments     300761a0 f   cg_syscalls.obj
 0001:000751d0       _trap_CM_NumInlineModels   300761d0 f   cg_syscalls.obj
 0001:000751e0       _trap_CM_PointContents     300761e0 f   cg_syscalls.obj
 0001:00075200       _trap_CM_TempBoxModel      30076200 f   cg_syscalls.obj
 0001:00075220       _trap_CM_TransformedBoxTrace 30076220 f   cg_syscalls.obj
 0001:00075250       _trap_CM_TransformedPointContents 30076250 f   cg_syscalls.obj
 0001:00075270       _trap_Cvar_Register        30076270 f   cg_syscalls.obj
 0001:00075290       _trap_Cvar_Set             30076290 f   cg_syscalls.obj
 0001:000752b0       _trap_Cvar_Update          300762b0 f   cg_syscalls.obj
 0001:000752d0       _trap_Cvar_VariableStringBuffer 300762d0 f   cg_syscalls.obj
 0001:000752f0       _trap_Error                300762f0 f   cg_syscalls.obj
 0001:00075310       _trap_FS_FCloseFile        30076310 f   cg_syscalls.obj
 0001:00075330       _trap_FS_FOpenFile         30076330 f   cg_syscalls.obj
 0001:00075350       _trap_FS_GetFileList       30076350 f   cg_syscalls.obj
 0001:00075370       _trap_FS_Read              30076370 f   cg_syscalls.obj
 0001:00075390       _trap_FX_AddBezier         30076390 f   cg_syscalls.obj
 0001:000753b0       _trap_FX_AddElectricity    300763b0 f   cg_syscalls.obj
 0001:000753d0       _trap_FX_AddLine           300763d0 f   cg_syscalls.obj
 0001:00075460       _trap_FX_AddPoly           30076460 f   cg_syscalls.obj
 0001:00075480       _trap_FX_AddPrimitive      30076480 f   cg_syscalls.obj
 0001:000754a0       _trap_FX_AddScheduledEffects 300764a0 f   cg_syscalls.obj
 0001:000754c0       _trap_FX_AddSprite         300764c0 f   cg_syscalls.obj
 0001:000754e0       _trap_FX_AdjustTime        300764e0 f   cg_syscalls.obj
 0001:00075500       _trap_FX_FreeSystem        30076500 f   cg_syscalls.obj
 0001:00075510       _trap_FX_InitSystem        30076510 f   cg_syscalls.obj
 0001:00075530       _trap_FX_PlayBoltedEffectID 30076530 f   cg_syscalls.obj
 0001:00075560       _trap_FX_PlayEffectID      30076560 f   cg_syscalls.obj
 0001:00075590       _trap_FX_PlayEntityEffectID 30076590 f   cg_syscalls.obj
 0001:000755c0       _trap_FX_PlayPortalEffectID 300765c0 f   cg_syscalls.obj
 0001:000755e0       _trap_FX_RegisterEffect    300765e0 f   cg_syscalls.obj
 0001:00075600       _trap_G2API_AbsurdSmoothing 30076600 f   cg_syscalls.obj
 0001:00075620       _trap_G2API_AddBolt        30076620 f   cg_syscalls.obj
 0001:00075640       _trap_G2API_AddSkinGore    30076640 f   cg_syscalls.obj
 0001:00075660       _trap_G2API_AnimateG2Models 30076660 f   cg_syscalls.obj
 0001:00075680       _trap_G2API_AttachInstanceToEntNum 30076680 f   cg_syscalls.obj
 0001:000756a0       _trap_G2API_CleanGhoul2Models 300766a0 f   cg_syscalls.obj
 0001:000756c0       _trap_G2API_ClearAttachedInstance 300766c0 f   cg_syscalls.obj
 0001:000756e0       _trap_G2API_ClearSkinGore  300766e0 f   cg_syscalls.obj
 0001:00075700       _trap_G2API_CollisionDetect 30076700 f   cg_syscalls.obj
 0001:00075750       _trap_G2API_CollisionDetectCache 30076750 f   cg_syscalls.obj
 0001:000757a0       _trap_G2API_CopySpecificGhoul2Model 300767a0 f   cg_syscalls.obj
 0001:000757c0       _trap_G2API_DuplicateGhoul2Instance 300767c0 f   cg_syscalls.obj
 0001:000757e0       _trap_G2API_GetBoltMatrix  300767e0 f   cg_syscalls.obj
 0001:00075810       _trap_G2API_GetBoltMatrix_NoRecNoRot 30076810 f   cg_syscalls.obj
 0001:00075840       _trap_G2API_GetBoneAnim    30076840 f   cg_syscalls.obj
 0001:00075880       _trap_G2API_GetBoneFrame   30076880 f   cg_syscalls.obj
 0001:000758b0       _trap_G2API_GetGLAName     300768b0 f   cg_syscalls.obj
 0001:000758d0       _trap_G2API_GetNumGoreMarks 300768d0 f   cg_syscalls.obj
 0001:000758f0       _trap_G2API_GetSurfaceRenderStatus 300768f0 f   cg_syscalls.obj
 0001:00075910       _trap_G2API_HasGhoul2ModelOnIndex 30076910 f   cg_syscalls.obj
 0001:00075930       _trap_G2API_IKMove         30076930 f   cg_syscalls.obj
 0001:00075950       _trap_G2API_InitGhoul2Model 30076950 f   cg_syscalls.obj
 0001:00075980       _trap_G2API_RagEffectorGoal 30076980 f   cg_syscalls.obj
 0001:000759a0       _trap_G2API_RagEffectorKick 300769a0 f   cg_syscalls.obj
 0001:000759c0       _trap_G2API_RagForceSolve  300769c0 f   cg_syscalls.obj
 0001:000759e0       _trap_G2API_RagPCJConstraint 300769e0 f   cg_syscalls.obj
 0001:00075a00       _trap_G2API_RagPCJGradientSpeed 30076a00 f   cg_syscalls.obj
 0001:00075a30       _trap_G2API_RemoveGhoul2Model 30076a30 f   cg_syscalls.obj
 0001:00075a50       _trap_G2API_SetBoltInfo    30076a50 f   cg_syscalls.obj
 0001:00075a70       _trap_G2API_SetBoneAngles  30076a70 f   cg_syscalls.obj
 0001:00075ab0       _trap_G2API_SetBoneAnim    30076ab0 f   cg_syscalls.obj
 0001:00075b00       _trap_G2API_SetBoneIKState 30076b00 f   cg_syscalls.obj
 0001:00075b30       _trap_G2API_SetNewOrigin   30076b30 f   cg_syscalls.obj
 0001:00075b50       _trap_G2API_SetRagDoll     30076b50 f   cg_syscalls.obj
 0001:00075b70       _trap_G2API_SetRootSurface 30076b70 f   cg_syscalls.obj
 0001:00075b90       _trap_G2API_SetSkin        30076b90 f   cg_syscalls.obj
 0001:00075bb0       _trap_G2API_SetSurfaceOnOff 30076bb0 f   cg_syscalls.obj
 0001:00075bd0       _trap_G2API_SkinlessModel  30076bd0 f   cg_syscalls.obj
 0001:00075bf0       _trap_G2_HaveWeGhoul2Models 30076bf0 f   cg_syscalls.obj
 0001:00075c10       _trap_GetCurrentCmdNumber  30076c10 f   cg_syscalls.obj
 0001:00075c20       _trap_GetCurrentSnapshotNumber 30076c20 f   cg_syscalls.obj
 0001:00075c40       _trap_GetDefaultState      30076c40 f   cg_syscalls.obj
 0001:00075c60       _trap_GetEntityToken       30076c60 f   cg_syscalls.obj
 0001:00075c80       _trap_GetGameState         30076c80 f   cg_syscalls.obj
 0001:00075ca0       _trap_GetGlconfig          30076ca0 f   cg_syscalls.obj
 0001:00075cc0       _trap_GetServerCommand     30076cc0 f   cg_syscalls.obj
 0001:00075ce0       _trap_GetSnapshot          30076ce0 f   cg_syscalls.obj
 0001:00075d00       _trap_GetUserCmd           30076d00 f   cg_syscalls.obj
 0001:00075d20       _trap_Key_GetCatcher       30076d20 f   cg_syscalls.obj
 0001:00075d30       _trap_Key_SetCatcher       30076d30 f   cg_syscalls.obj
 0001:00075d50       _trap_Language_IsAsian     30076d50 f   cg_syscalls.obj
 0001:00075d60       _trap_Language_UsesSpaces  30076d60 f   cg_syscalls.obj
 0001:00075d70       _trap_Milliseconds         30076d70 f   cg_syscalls.obj
 0001:00075d80       _trap_OpenUIMenu           30076d80 f   cg_syscalls.obj
 0001:00075da0       _trap_PC_FreeSource        30076da0 f   cg_syscalls.obj
 0001:00075dc0       _trap_PC_LoadSource        30076dc0 f   cg_syscalls.obj
 0001:00075de0       _trap_PC_ReadToken         30076de0 f   cg_syscalls.obj
 0001:00075e00       _trap_PC_SourceFileAndLine 30076e00 f   cg_syscalls.obj
 0001:00075e20       _trap_Print                30076e20 f   cg_syscalls.obj
 0001:00075e40       _trap_ROFF_Clean           30076e40 f   cg_syscalls.obj
 0001:00075e50       _trap_ROFF_Play            30076e50 f   cg_syscalls.obj
 0001:00075e70       _trap_ROFF_UpdateEntities  30076e70 f   cg_syscalls.obj
 0001:00075e80       _trap_R_AddDecalToScene    30076e80 f   cg_syscalls.obj
 0001:00075ef0       _trap_R_AddLightToScene    30076ef0 f   cg_syscalls.obj
 0001:00075f40       _trap_R_AddPolyToScene     30076f40 f   cg_syscalls.obj
 0001:00075f60       _trap_R_AddRefEntityToScene 30076f60 f   cg_syscalls.obj
 0001:00075f80       _trap_R_AutomapElevAdj     30076f80 f   cg_syscalls.obj
 0001:00075fa0       _trap_R_ClearDecals        30076fa0 f   cg_syscalls.obj
 0001:00075fb0       _trap_R_ClearScene         30076fb0 f   cg_syscalls.obj
 0001:00075fc0       _trap_R_DrawRotatePic      30076fc0 f   cg_syscalls.obj
 0001:00076050       _trap_R_DrawRotatePic2     30077050 f   cg_syscalls.obj
 0001:000760e0       _trap_R_DrawStretchPic     300770e0 f   cg_syscalls.obj
 0001:00076160       _trap_R_Font_DrawString    30077160 f   cg_syscalls.obj
 0001:00076190       _trap_R_Font_HeightPixels  30077190 f   cg_syscalls.obj
 0001:000761b0       _trap_R_Font_StrLenChars   300771b0 f   cg_syscalls.obj
 0001:000761d0       _trap_R_Font_StrLenPixels  300771d0 f   cg_syscalls.obj
 0001:00076210       _trap_R_GetBModelVerts     30077210 f   cg_syscalls.obj
 0001:00076230       _trap_R_GetDistanceCull    30077230 f   cg_syscalls.obj
 0001:00076250       _trap_R_GetRealRes         30077250 f   cg_syscalls.obj
 0001:00076270       _trap_R_InitWireframeAutomap 30077270 f   cg_syscalls.obj
 0001:00076280       _trap_R_LerpTag            30077280 f   cg_syscalls.obj
 0001:000762b0       _trap_R_LoadWorldMap       300772b0 f   cg_syscalls.obj
 0001:000762d0       _trap_R_ModelBounds        300772d0 f   cg_syscalls.obj
 0001:000762f0       _trap_R_RegisterFont       300772f0 f   cg_syscalls.obj
 0001:00076310       _trap_R_RegisterModel      30077310 f   cg_syscalls.obj
 0001:00076330       _trap_R_RegisterShader     30077330 f   cg_syscalls.obj
 0001:00076350       _trap_R_RegisterShaderNoMip 30077350 f   cg_syscalls.obj
 0001:00076370       _trap_R_RegisterSkin       30077370 f   cg_syscalls.obj
 0001:00076390       _trap_R_RemapShader        30077390 f   cg_syscalls.obj
 0001:000763b0       _trap_R_RenderScene        300773b0 f   cg_syscalls.obj
 0001:000763d0       _trap_R_SetColor           300773d0 f   cg_syscalls.obj
 0001:000763f0       _trap_R_SetLightStyle      300773f0 f   cg_syscalls.obj
 0001:00076410       _trap_R_SetRangeFog        30077410 f   cg_syscalls.obj
 0001:00076430       _trap_R_SetRefractProp     30077430 f   cg_syscalls.obj
 0001:00076470       _trap_R_WeatherContentsOverride 30077470 f   cg_syscalls.obj
 0001:00076490       _trap_R_WorldEffectCommand 30077490 f   cg_syscalls.obj
 0001:000764b0       _trap_R_inPVS              300774b0 f   cg_syscalls.obj
 0001:000764d0       _trap_SP_GetStringTextString 300774d0 f   cg_syscalls.obj
 0001:000764f0       _trap_S_AddLocalSet        300774f0 f   cg_syscalls.obj
 0001:00076510       _trap_S_AddLoopingSound    30077510 f   cg_syscalls.obj
 0001:00076530       _trap_S_AddRealLoopingSound 30077530 f   cg_syscalls.obj
 0001:00076550       _trap_S_ClearLoopingSounds 30077550 f   cg_syscalls.obj
 0001:00076560       _trap_S_GetVoiceVolume     30077560 f   cg_syscalls.obj
 0001:00076580       _trap_S_MuteSound          30077580 f   cg_syscalls.obj
 0001:000765a0       _trap_S_RegisterSound      300775a0 f   cg_syscalls.obj
 0001:000765c0       _trap_S_Respatialize       300775c0 f   cg_syscalls.obj
 0001:000765e0       _trap_S_ShutUp             300775e0 f   cg_syscalls.obj
 0001:00076600       _trap_S_StartBackgroundTrack 30077600 f   cg_syscalls.obj
 0001:00076620       _trap_S_StartLocalSound    30077620 f   cg_syscalls.obj
 0001:00076640       _trap_S_StartSound         30077640 f   cg_syscalls.obj
 0001:00076660       _trap_S_StopBackgroundTrack 30077660 f   cg_syscalls.obj
 0001:00076670       _trap_S_UpdateAmbientSet   30077670 f   cg_syscalls.obj
 0001:00076690       _trap_S_UpdateEntityPosition 30077690 f   cg_syscalls.obj
 0001:000766b0       _trap_SendClientCommand    300776b0 f   cg_syscalls.obj
 0001:000766d0       _trap_SendConsoleCommand   300776d0 f   cg_syscalls.obj
 0001:000766f0       _trap_SetClientForceAngle  300776f0 f   cg_syscalls.obj
 0001:00076710       _trap_SetUserCmdValue      30077710 f   cg_syscalls.obj
 0001:00076770       _trap_SnapVector           30077770 f   cg_syscalls.obj
 0001:00076790       _trap_TrueFree             30077790 f   cg_syscalls.obj
 0001:000767b0       _trap_TrueMalloc           300777b0 f   cg_syscalls.obj
 0001:000767d0       _trap_UpdateScreen         300777d0 f   cg_syscalls.obj
 0001:000767e0       _trap_WE_AddWeatherZone    300777e0 f   cg_syscalls.obj
 0001:00076800       _CreepToPosition           30077800 f   cg_turret.obj
 0001:00076980       _TurretClientRun           30077980 f   cg_turret.obj
 0001:00076d10       _CGCam_SetMusicMult        30077d10 f   cg_view.obj
 0001:00076d50       _CG_AddBufferedSound       30077d50 f   cg_view.obj
 0001:00076ec0       _CG_CalcFOVFromX           30077ec0 f   cg_view.obj
 0001:00077ba0       _CG_CalcVrect              30078ba0 f   cg_view.obj
 0001:00077c70       _CG_DoCameraShake          30078c70 f   cg_view.obj
 0001:00077d00       _CG_DrawActiveFrame        30078d00 f   cg_view.obj
 0001:00078980       _CG_DrawAutoMap            30079980 f   cg_view.obj
 0001:00078f00       _CG_DrawSkyBoxPortal       30079f00 f   cg_view.obj
 0001:00079370       _CG_GetVehicleCamPos       3007a370 f   cg_view.obj
 0001:0007a180       _CG_TestGun_f              3007b180 f   cg_view.obj
 0001:0007a2d0       _CG_TestModelNextFrame_f   3007b2d0 f   cg_view.obj
 0001:0007a2f0       _CG_TestModelNextSkin_f    3007b2f0 f   cg_view.obj
 0001:0007a310       _CG_TestModelPrevFrame_f   3007b310 f   cg_view.obj
 0001:0007a340       _CG_TestModelPrevSkin_f    3007b340 f   cg_view.obj
 0001:0007a370       _CG_TestModel_f            3007b370 f   cg_view.obj
 0001:0007abc0       _CheckCameraLocation       3007bbc0 f   cg_view.obj
 0001:0007ac30       _CG_RegisterWeapon         3007bc30 f   cg_weaponinit.obj
 0001:0007ccc0       _CG_AddPlayerWeapon        3007dcc0 f   cg_weapons.obj
 0001:0007dff0       _CG_AddViewWeapon          3007eff0 f   cg_weapons.obj
 0001:0007e570       _CG_CalcMuzzlePoint        3007f570 f   cg_weapons.obj
 0001:0007eae0       _CG_CheckPlayerG2Weapons   3007fae0 f   cg_weapons.obj
 0001:0007edd0       _CG_CopyG2WeaponInstance   3007fdd0 f   cg_weapons.obj
 0001:0007ef50       _CG_DrawIconBackground     3007ff50 f   cg_weapons.obj
 0001:0007f0a0       _CG_DrawWeaponSelect       300800a0 f   cg_weapons.obj
 0001:0007f590       _CG_FireWeapon             30080590 f   cg_weapons.obj
 0001:0007f860       _CG_G2HolsterWeaponInstance 30080860 f   cg_weapons.obj
 0001:0007f8d0       _CG_G2WeaponInstance       300808d0 f   cg_weapons.obj
 0001:0007f960       _CG_G2WeaponInstance2      30080960 f   cg_weapons.obj
 0001:0007f9f0       _CG_GetClientWeaponMuzzleBoltPoint 300809f0 f   cg_weapons.obj
 0001:0007fab0       _CG_InitG2Weapons          30080ab0 f   cg_weapons.obj
 0001:000802d0       _CG_MissileHitPlayer       300812d0 f   cg_weapons.obj
 0001:000804b0       _CG_MissileHitPlayer2      300814b0 f   cg_weapons.obj
 0001:00080690       _CG_MissileHitPlayer3      30081690 f   cg_weapons.obj
 0001:00080870       _CG_MissileHitPlayer4      30081870 f   cg_weapons.obj
 0001:00080a50       _CG_MissileHitWall         30081a50 f   cg_weapons.obj
 0001:00080c50       _CG_MissileHitWall2        30081c50 f   cg_weapons.obj
 0001:00080e30       _CG_MissileHitWall3        30081e30 f   cg_weapons.obj
 0001:00081030       _CG_MissileHitWall4        30082030 f   cg_weapons.obj
 0001:00081210       _CG_NextWeapon_f           30082210 f   cg_weapons.obj
 0001:00081330       _CG_PrevWeapon_f           30082330 f   cg_weapons.obj
 0001:00081400       _CG_RegisterItemVisuals    30082400 f   cg_weapons.obj
 0001:000815a0       _CG_ShutDownG2Weapons      300825a0 f   cg_weapons.obj
 0001:00081620       _CG_VehicleWeaponImpact    30082620 f   cg_weapons.obj
 0001:00081690       _CG_WeaponClean_f          30082690 f   cg_weapons.obj
 0001:00081850       _CG_Weapon_f               30082850 f   cg_weapons.obj
 0001:00081a20       _BG_FighterUpdate          30082a20 f   FighterNPC.obj
 0001:00081d70       _FighterIsLanding          30082d70 f   FighterNPC.obj
 0001:00081eb0       _FighterOverValidLandingSurface 30082eb0 f   FighterNPC.obj
 0001:00081ef0       _FighterYawAdjust          30082ef0 f   FighterNPC.obj
 0001:00081fc0       _G_SetFighterVehicleFunctions 30082fc0 f   FighterNPC.obj
 0001:00083650       _FX_BlasterProjectileThink 30084650 f   fx_blaster.obj
 0001:00083650       _FX_BowcasterAltProjectileThink2 30084650 f   fx_bowcaster.obj
 0001:00083650       _FX_BowcasterProjectileThink2 30084650 f   fx_bowcaster.obj
 0001:00083650       _FX_BryarOldProjectileThink4 30084650 f   fx_bryarpistol.obj
 0001:00083650       _FX_BryarProjectileThink2  30084650 f   fx_bryarpistol.obj
 0001:000836b0       _FX_BlasterProjectileThink2 300846b0 f   fx_blaster.obj
 0001:000836b0       _FX_BowcasterAltProjectileThink 300846b0 f   fx_bowcaster.obj
 0001:000836b0       _FX_BowcasterProjectileThink 300846b0 f   fx_bowcaster.obj
 0001:000836b0       _FX_BryarOldProjectileThink 300846b0 f   fx_bryarpistol.obj
 0001:00083710       _FX_BlasterProjectileThink3 30084710 f   fx_blaster.obj
 0001:00083710       _FX_BowcasterAltProjectileThink3 30084710 f   fx_bowcaster.obj
 0001:00083710       _FX_BowcasterProjectileThink3 30084710 f   fx_bowcaster.obj
 0001:00083710       _FX_BryarProjectileThink3  30084710 f   fx_bryarpistol.obj
 0001:00083770       _FX_BlasterProjectileThink4 30084770 f   fx_blaster.obj
 0001:00083770       _FX_BryarProjectileThink   30084770 f   fx_bryarpistol.obj
 0001:000837d0       _FX_BlasterWeaponHitPlayer 300847d0 f   fx_blaster.obj
 0001:000837f0       _FX_BlasterWeaponHitWall   300847f0 f   fx_blaster.obj
 0001:00083810       _FX_BowcasterAltProjectileThink4 30084810 f   fx_bowcaster.obj
 0001:00083810       _FX_BowcasterProjectileThink4 30084810 f   fx_bowcaster.obj
 0001:00083810       _FX_BryarOldProjectileThink3 30084810 f   fx_bryarpistol.obj
 0001:00083870       _FX_BowcasterHitPlayer     30084870 f   fx_bowcaster.obj
 0001:00083870       _FX_BowcasterHitWall       30084870 f   fx_bowcaster.obj
 0001:00083890       _FX_BryarAltHitPlayer      30084890 f   fx_bryarpistol.obj
 0001:00083890       _FX_BryarHitPlayer         30084890 f   fx_bryarpistol.obj
 0001:00083890       _FX_TurretHitPlayer        30084890 f   fx_bryarpistol.obj
 0001:000838b0       _FX_BryarAltHitWall        300848b0 f   fx_bryarpistol.obj
 0001:000838b0       _FX_BryarHitWall           300848b0 f   fx_bryarpistol.obj
 0001:000838b0       _FX_TurretHitWall          300848b0 f   fx_bryarpistol.obj
 0001:000838d0       _FX_BryarAltProjectileThink 300848d0 f   fx_bryarpistol.obj
 0001:00083960       _FX_BryarAltProjectileThink2 30084960 f   fx_bryarpistol.obj
 0001:00083960       _FX_BryarOldAltProjectileThink4 30084960 f   fx_bryarpistol.obj
 0001:000839f0       _FX_BryarAltProjectileThink3 300849f0 f   fx_bryarpistol.obj
 0001:00083a80       _FX_BryarAltProjectileThink4 30084a80 f   fx_bryarpistol.obj
 0001:00083b10       _FX_BryarOldAltHitPlayer   30084b10 f   fx_bryarpistol.obj
 0001:00083b10       _FX_BryarOldHitPlayer      30084b10 f   fx_bryarpistol.obj
 0001:00083b30       _FX_BryarOldAltHitWall     30084b30 f   fx_bryarpistol.obj
 0001:00083b30       _FX_BryarOldHitWall        30084b30 f   fx_bryarpistol.obj
 0001:00083b50       _FX_BryarOldAltProjectileThink 30084b50 f   fx_bryarpistol.obj
 0001:00083be0       _FX_BryarOldAltProjectileThink2 30084be0 f   fx_bryarpistol.obj
 0001:00083c70       _FX_BryarOldAltProjectileThink3 30084c70 f   fx_bryarpistol.obj
 0001:00083d00       _FX_BryarOldProjectileThink2 30084d00 f   fx_bryarpistol.obj
 0001:00083d60       _FX_BryarProjectileThink4  30084d60 f   fx_bryarpistol.obj
 0001:00083dc0       _FX_ConcAltShot            30084dc0 f   fx_bryarpistol.obj
 0001:00083ea0       _FX_ConcussionHitPlayer    30084ea0 f   fx_bryarpistol.obj
 0001:00083ea0       _FX_ConcussionHitWall      30084ea0 f   fx_bryarpistol.obj
 0001:00083ec0       _FX_ConcussionHitPlayer2   30084ec0 f   fx_bryarpistol.obj
 0001:00083ec0       _FX_ConcussionHitPlayer3   30084ec0 f   fx_bryarpistol.obj
 0001:00083ec0       _FX_ConcussionHitWall2     30084ec0 f   fx_bryarpistol.obj
 0001:00083ec0       _FX_ConcussionHitWall3     30084ec0 f   fx_bryarpistol.obj
 0001:00083ec0       _FX_RepeaterAltHitWall2    30084ec0 f   fx_heavyrepeater.obj
 0001:00083ec0       _FX_RepeaterAltHitWall4    30084ec0 f   fx_heavyrepeater.obj
 0001:00083ec0       _FX_RepeaterHitWall        30084ec0 f   fx_heavyrepeater.obj
 0001:00083ee0       _FX_ConcussionHitPlayer4   30084ee0 f   fx_bryarpistol.obj
 0001:00083ee0       _FX_ConcussionHitWall4     30084ee0 f   fx_bryarpistol.obj
 0001:00083f00       _FX_ConcussionProjectileThink 30084f00 f   fx_bryarpistol.obj
 0001:00083f60       _FX_ConcussionProjectileThink2 30084f60 f   fx_bryarpistol.obj
 0001:00083fc0       _FX_ConcussionProjectileThink3 30084fc0 f   fx_bryarpistol.obj
 0001:00084020       _FX_ConcussionProjectileThink4 30085020 f   fx_bryarpistol.obj
 0001:00084080       _FX_DestructionHitPlayer   30085080 f   fx_bryarpistol.obj
 0001:00084080       _FX_DestructionHitWall     30085080 f   fx_bryarpistol.obj
 0001:000840a0       _FX_DestructionProjectileThink 300850a0 f   fx_bryarpistol.obj
 0001:00084100       _FX_TurretProjectileThink  30085100 f   fx_bryarpistol.obj
 0001:00084160       _FX_DEMP2_AltDetonate      30085160 f   fx_demp2.obj
 0001:00084210       _FX_DEMP2_HitPlayer        30085210 f   fx_demp2.obj
 0001:00084210       _FX_DEMP2_HitPlayer3       30085210 f   fx_demp2.obj
 0001:00084230       _FX_DEMP2_HitPlayer2       30085230 f   fx_demp2.obj
 0001:00084250       _FX_DEMP2_HitPlayer4       30085250 f   fx_demp2.obj
 0001:00084270       _FX_DEMP2_HitWall          30085270 f   fx_demp2.obj
 0001:00084270       _FX_DEMP2_HitWall3         30085270 f   fx_demp2.obj
 0001:00084290       _FX_DEMP2_HitWall2         30085290 f   fx_demp2.obj
 0001:000842b0       _FX_DEMP2_HitWall4         300852b0 f   fx_demp2.obj
 0001:000842d0       _FX_DEMP2_ProjectileThink  300852d0 f   fx_demp2.obj
 0001:000842d0       _FX_DEMP2_ProjectileThink3 300852d0 f   fx_demp2.obj
 0001:00084330       _FX_DEMP2_ProjectileThink2 30085330 f   fx_demp2.obj
 0001:00084390       _FX_DEMP2_ProjectileThink4 30085390 f   fx_demp2.obj
 0001:000843f0       _FX_DisruptorAltHit        300853f0 f   fx_disruptor.obj
 0001:00084410       _FX_DisruptorAltMiss       30085410 f   fx_disruptor.obj
 0001:000845d0       _FX_DisruptorAltShot       300855d0 f   fx_disruptor.obj
 0001:000846d0       _FX_DisruptorAltShot2      300856d0 f   fx_disruptor.obj
 0001:000847d0       _FX_DisruptorAltShot3      300857d0 f   fx_disruptor.obj
 0001:000848d0       _FX_DisruptorAltShot4      300858d0 f   fx_disruptor.obj
 0001:000849d0       _FX_DisruptorHitPlayer     300859d0 f   fx_disruptor.obj
 0001:000849f0       _FX_DisruptorHitWall       300859f0 f   fx_disruptor.obj
 0001:00084a10       _FX_DisruptorMainShot      30085a10 f   fx_disruptor.obj
 0001:00084a80       _FX_DisruptorMainShot2     30085a80 f   fx_disruptor.obj
 0001:00084af0       _FX_DisruptorMainShot3     30085af0 f   fx_disruptor.obj
 0001:00084b60       _FX_DisruptorMainShot4     30085b60 f   fx_disruptor.obj
 0001:00084bd0       _FX_FlechetteAltProjectileThink 30085bd0 f   fx_flechette.obj
 0001:00084c30       _FX_FlechetteAltProjectileThink2 30085c30 f   fx_flechette.obj
 0001:00084c30       _FX_FlechetteProjectileThink2 30085c30 f   fx_flechette.obj
 0001:00084c90       _FX_FlechetteAltProjectileThink3 30085c90 f   fx_flechette.obj
 0001:00084c90       _FX_FlechetteProjectileThink3 30085c90 f   fx_flechette.obj
 0001:00084cf0       _FX_FlechetteAltProjectileThink4 30085cf0 f   fx_flechette.obj
 0001:00084d50       _FX_FlechetteProjectileThink 30085d50 f   fx_flechette.obj
 0001:00084e10       _FX_FlechetteProjectileThink4 30085e10 f   fx_flechette.obj
 0001:00084e70       _FX_FlechetteWeaponHitPlayer 30085e70 f   fx_flechette.obj
 0001:00084e90       _FX_FlechetteWeaponHitWall 30085e90 f   fx_flechette.obj
 0001:00084eb0       _FX_Burned                 30085eb0 f   fx_force.obj
 0001:00084f20       _FX_ForceDrained           30085f20 f   fx_force.obj
 0001:00084f90       _FX_ForceHealed            30085f90 f   fx_force.obj
 0001:00085000       _FX_ForceMidichlorian      30086000 f   fx_force.obj
 0001:00085070       _FX_ForceSevered           30086070 f   fx_force.obj
 0001:000850e0       _FX_Frozen                 300860e0 f   fx_force.obj
 0001:00085360       _FX_RepeaterAltHitPlayer   30086360 f   fx_heavyrepeater.obj
 0001:00085360       _FX_RepeaterAltHitWall     30086360 f   fx_heavyrepeater.obj
 0001:00085380       _FX_RepeaterAltHitWall3    30086380 f   fx_heavyrepeater.obj
 0001:000853a0       _FX_RepeaterAltProjectileThink 300863a0 f   fx_heavyrepeater.obj
 0001:00085410       _FX_RepeaterAltProjectileThink2 30086410 f   fx_heavyrepeater.obj
 0001:00085480       _FX_RepeaterAltProjectileThink3 30086480 f   fx_heavyrepeater.obj
 0001:000854f0       _FX_RepeaterAltProjectileThink4 300864f0 f   fx_heavyrepeater.obj
 0001:00085560       _FX_RepeaterHitPlayer      30086560 f   fx_heavyrepeater.obj
 0001:00085580       _FX_RepeaterProjectileThink 30086580 f   fx_heavyrepeater.obj
 0001:000855e0       _FX_RepeaterProjectileThink2 300865e0 f   fx_heavyrepeater.obj
 0001:00085640       _FX_RepeaterProjectileThink3 30086640 f   fx_heavyrepeater.obj
 0001:000856a0       _FX_RepeaterProjectileThink4 300866a0 f   fx_heavyrepeater.obj
 0001:00085700       _FX_RocketAltProjectileThink 30086700 f   fx_rocketlauncher.obj
 0001:00085700       _FX_RocketProjectileThink  30086700 f   fx_rocketlauncher.obj
 0001:00085760       _AngleDelta                30086760 f   q_math.obj
 0001:000857c0       _AngleMod                  300867c0 f   q_math.obj
 0001:000857c0       _AngleNormalize360         300867c0 f   q_math.obj
 0001:00085800       _AngleNormalize180         30086800 f   q_math.obj
 0001:00085860       _AngleSubtract             30086860 f   q_math.obj
 0001:000858e0       _AngleVectors              300868e0 f   q_math.obj
 0001:00085ac0       _AnglesSubtract            30086ac0 f   q_math.obj
 0001:00085c10       _AnglesToAxis              30086c10 f   q_math.obj
 0001:00085e20       _AxisClear                 30086e20 f   q_math.obj
 0001:00085e70       _AxisCopy                  30086e70 f   q_math.obj
 0001:00085eb0       _ByteToDir                 30086eb0 f   q_math.obj
 0001:00085f10       _G_FindClosestPointOnLineSegment 30086f10 f   q_math.obj
 0001:00086440       _JKA_powf                  30087440 f   q_math.obj
 0001:000864b0       _LerpAngle                 300874b0 f   q_math.obj
 0001:00086510       _MatrixMultiply            30087510 f   q_math.obj
 0001:000866a0       _PerpendicularVector       300876a0 f   q_math.obj
 0001:00086870       _Q_fabs                    30087870 f   q_math.obj
 0001:00086880       _Q_irand                   30087880 f   q_math.obj
 0001:000868b0       _Q_random                  300878b0 f   q_math.obj
 0001:000868e0       _RotateAroundDirection     300878e0 f   q_math.obj
 0001:000869a0       _RotatePointAroundVector   300879a0 f   q_math.obj
 0001:00086d40       _ShortestLineSegBewteen2LineSegs 30087d40 f   q_math.obj
 0001:00087590       _VectorNormalize           30088590 f   q_math.obj
 0001:00087650       _VectorNormalize2          30088650 f   q_math.obj
 0001:00087710       _flrand                    30088710 f   q_math.obj
 0001:00087770       _vectoangles               30088770 f   q_math.obj
 0001:00087900       _COM_BeginParseSession     30088900 f   q_shared.obj
 0001:00087930       _COM_BitCheck              30088930 f   q_shared.obj
 0001:00087960       _COM_Compress              30088960 f   q_shared.obj
 0001:00087a70       _COM_Parse                 30088a70 f   q_shared.obj
 0001:00087a90       _COM_ParseExt              30088a90 f   q_shared.obj
 0001:00087c10       _COM_ParseFloat            30088c10 f   q_shared.obj
 0001:00087c50       _COM_ParseInt              30088c50 f   q_shared.obj
 0001:00087c90       _COM_ParseString           30088c90 f   q_shared.obj
 0001:00087cd0       _COM_StripExtension        30088cd0 f   q_shared.obj
 0001:00087d00       _Com_sprintf               30088d00 f   q_shared.obj
 0001:00087d60       _GetIDForString            30088d60 f   q_shared.obj
 0001:00087e20       _GetStringForID            30088e20 f   q_shared.obj
 0001:00087e50       _Info_ValueForKey          30088e50 f   q_shared.obj
 0001:00087fa0       _Q_CleanStr                30088fa0 f   q_shared.obj
 0001:00087ff0       _Q_strcat                  30088ff0 f   q_shared.obj
 0001:00088080       _Q_stricmp                 30089080 f   q_shared.obj
 0001:00088100       _Q_stricmpn                30089100 f   q_shared.obj
 0001:00088190       _Q_strncmp                 30089190 f   q_shared.obj
 0001:000881e0       _Q_strncpyz                300891e0 f   q_shared.obj
 0001:00088240       _Q_strrchr                 30089240 f   q_shared.obj
 0001:00088270       _Q_strupr                  30089270 f   q_shared.obj
 0001:000882a0       _SkipBracedSection         300892a0 f   q_shared.obj
 0001:000883f0       _SkipRestOfLine            300893f0 f   q_shared.obj
 0001:00088420       _va                        30089420 f   q_shared.obj
 0001:000884c0       _G_SetSpeederVehicleFunctions 300894c0 f   SpeederNPC.obj
 0001:000887c0       _ProcessOrientCommands     300897c0 f   SpeederNPC.obj
 0001:00088900       _ItemParse_name            30089900 f   ui_shared.obj
 0001:00088920       _ItemParse_focusSound      30089920 f   ui_shared.obj
 0001:00088970       _ItemParse_text            30089970 f   ui_shared.obj
 0001:00088990       _ItemParse_descText        30089990 f   ui_shared.obj
 0001:000889b0       _ItemParse_text2           300899b0 f   ui_shared.obj
 0001:000889b0       _MenuParse_soundLoop       300899b0 f   ui_shared.obj
 0001:000889d0       _ItemParse_text2alignx     300899d0 f   ui_shared.obj
 0001:000889f0       _ItemParse_text2aligny     300899f0 f   ui_shared.obj
 0001:00088a10       _ItemParse_group           30089a10 f   ui_shared.obj
 0001:00088a30       _ItemParse_asset_model     30089a30 f   ui_shared.obj
 0001:00088a60       _ItemParse_asset_shader    30089a60 f   ui_shared.obj
 0001:00088ab0       _ItemParse_model_origin    30089ab0 f   ui_shared.obj
 0001:00088b10       _ItemParse_elementwidth    30089b10 f   ui_shared.obj
 0001:00088b10       _ItemParse_model_fovx      30089b10 f   ui_shared.obj
 0001:00088b40       _ItemParse_elementheight   30089b40 f   ui_shared.obj
 0001:00088b40       _ItemParse_model_fovy      30089b40 f   ui_shared.obj
 0001:00088b70       _ItemParse_model_rotation  30089b70 f   ui_shared.obj
 0001:00088ba0       _ItemParse_model_angle     30089ba0 f   ui_shared.obj
 0001:00088bd0       _ItemParse_model_g2mins    30089bd0 f   ui_shared.obj
 0001:00088c30       _ItemParse_model_g2maxs    30089c30 f   ui_shared.obj
 0001:00088c90       _ItemParse_model_g2scale   30089c90 f   ui_shared.obj
 0001:00088cf0       _ItemParse_model_g2skin    30089cf0 f   ui_shared.obj
 0001:00088d50       _ItemParse_model_g2anim    30089d50 f   ui_shared.obj
 0001:00088df0       _ItemParse_rectcvar        30089df0 f   ui_shared.obj
 0001:00088f20       _ItemParse_rect            30089f20 f   ui_shared.obj
 0001:00088f80       _ItemParse_flag            30089f80 f   ui_shared.obj
 0001:00089020       _ItemParse_style           3008a020 f   ui_shared.obj
 0001:00089060       _ItemParse_decoration      3008a060 f   ui_shared.obj
 0001:00089080       _ItemParse_notselectable   3008a080 f   ui_shared.obj
 0001:000890c0       _ItemParse_scrollhidden    3008a0c0 f   ui_shared.obj
 0001:00089100       _ItemParse_wrapped         3008a100 f   ui_shared.obj
 0001:00089120       _ItemParse_autowrapped     3008a120 f   ui_shared.obj
 0001:00089140       _ItemParse_horizontalscroll 3008a140 f   ui_shared.obj
 0001:00089160       _ItemParse_type            3008a160 f   ui_shared.obj
 0001:000891a0       _ItemParse_feeder          3008a1a0 f   ui_shared.obj
 0001:000891a0       _ItemParse_special         3008a1a0 f   ui_shared.obj
 0001:000891c0       _ItemParse_elementtype     3008a1c0 f   ui_shared.obj
 0001:00089200       _ItemParse_columns         3008a200 f   ui_shared.obj
 0001:000892c0       _ItemParse_border          3008a2c0 f   ui_shared.obj
 0001:000892c0       _MenuParse_border          3008a2c0 f   ui_shared.obj
 0001:000892e0       _ItemParse_bordersize      3008a2e0 f   ui_shared.obj
 0001:000892e0       _MenuParse_borderSize      3008a2e0 f   ui_shared.obj
 0001:00089300       _ItemParse_visible         3008a300 f   ui_shared.obj
 0001:00089300       _MenuParse_visible         3008a300 f   ui_shared.obj
 0001:00089340       _ItemParse_ownerdraw       3008a340 f   ui_shared.obj
 0001:00089370       _ItemParse_align           3008a370 f   ui_shared.obj
 0001:00089370       _MenuParse_fadeCycle       3008a370 f   ui_shared.obj
 0001:00089390       _ItemParse_isCharacter     3008a390 f   ui_shared.obj
 0001:000893e0       _ItemParse_textalign       3008a3e0 f   ui_shared.obj
 0001:00089420       _ItemParse_textalignx      3008a420 f   ui_shared.obj
 0001:00089420       _MenuParse_fadeAmount      3008a420 f   ui_shared.obj
 0001:00089440       _ItemParse_textaligny      3008a440 f   ui_shared.obj
 0001:00089460       _ItemParse_textscale       3008a460 f   ui_shared.obj
 0001:00089480       _ItemParse_textstyle       3008a480 f   ui_shared.obj
 0001:000894a0       _ItemParse_invertyesno     3008a4a0 f   ui_shared.obj
 0001:000894c0       _ItemParse_xoffset         3008a4c0 f   ui_shared.obj
 0001:000894e0       _ItemParse_backcolor       3008a4e0 f   ui_shared.obj
 0001:00089590       _ItemParse_forecolor       3008a590 f   ui_shared.obj
 0001:00089590       _MenuParse_forecolor       3008a590 f   ui_shared.obj
 0001:00089680       _ItemParse_bordercolor     3008a680 f   ui_shared.obj
 0001:00089740       _ItemParse_outlinecolor    3008a740 f   ui_shared.obj
 0001:00089740       _MenuParse_outlinecolor    3008a740 f   ui_shared.obj
 0001:00089760       _ItemParse_background      3008a760 f   ui_shared.obj
 0001:00089760       _MenuParse_background      3008a760 f   ui_shared.obj
 0001:000897b0       _ItemParse_cinematic       3008a7b0 f   ui_shared.obj
 0001:000897b0       _MenuParse_cinematic       3008a7b0 f   ui_shared.obj
 0001:000897d0       _ItemParse_doubleClick     3008a7d0 f   ui_shared.obj
 0001:00089810       _ItemParse_onFocus         3008a810 f   ui_shared.obj
 0001:00089830       _ItemParse_leaveFocus      3008a830 f   ui_shared.obj
 0001:00089850       _ItemParse_mouseEnter      3008a850 f   ui_shared.obj
 0001:00089870       _ItemParse_mouseExit       3008a870 f   ui_shared.obj
 0001:00089890       _ItemParse_mouseEnterText  3008a890 f   ui_shared.obj
 0001:000898b0       _ItemParse_mouseExitText   3008a8b0 f   ui_shared.obj
 0001:000898d0       _ItemParse_action          3008a8d0 f   ui_shared.obj
 0001:000898f0       _ItemParse_cvarTest        3008a8f0 f   ui_shared.obj
 0001:00089910       _ItemParse_cvar            3008a910 f   ui_shared.obj
 0001:00089990       _ItemParse_font            3008a990 f   ui_shared.obj
 0001:000899c0       _ItemParse_maxChars        3008a9c0 f   ui_shared.obj
 0001:00089a10       _ItemParse_maxPaintChars   3008aa10 f   ui_shared.obj
 0001:00089a60       _ItemParse_maxLineChars    3008aa60 f   ui_shared.obj
 0001:00089ab0       _ItemParse_lineHeight      3008aab0 f   ui_shared.obj
[...]
 0002:00026450       __sehtable$??$?RV<lambda_2866be3712abc81a800a822484c830d8>@@AAV<lambda_39ca0ed439415581b5b15c265174cece>@@V<lambda_2b24c74d71094a6cd0cb82e44167d71b>@@@?$__crt_seh_guarded_call@X@@QAEX$$QAV<lambda_2866be3712abc81a800a822484c830d8>@@AAV<lambda_39ca0ed439415581b5b15c265174cece>@@$$QAV<lambda_2b24c74d71094a6cd0cb82e44167d71b>@@@Z 300d0450     libucrt:fflush.obj
 0002:00026470       __sehtable$??$?RV<lambda_2cc53f568c5a2bb6f192f930a45d44ea>@@AAV<lambda_ab61a845afdef5b7c387490eaf3616ee>@@V<lambda_c2ffc0b7726aa6be21d5f0026187e748>@@@?$__crt_seh_guarded_call@X@@QAEX$$QAV<lambda_2cc53f568c5a2bb6f192f930a45d44ea>@@AAV<lambda_ab61a845afdef5b7c387490eaf3616ee>@@$$QAV<lambda_c2ffc0b7726aa6be21d5f0026187e748>@@@Z 300d0470     libucrt:fflush.obj
 0002:00026490       __sehtable$___acrt_update_thread_locale_data 300d0490     libucrt:locale_refcounting.obj
 0002:000264b0       __sehtable$__fcloseall     300d04b0     libucrt:closeall.obj
 0002:000264d0       __sehtable$___acrt_lowio_ensure_fh_exists 300d04d0     libucrt:osfinfo.obj
 0002:000264f0       __sehtable$___set_fpsr_sse2 300d04f0     libucrt:fpctrl.obj
 0002:00026510       __sehtable$??$?RV<lambda_9e9de3de5fa147e2223d7db92bc10aa6>@@AAV<lambda_38ce7e780aa69e748d6df282ebc68efe>@@V<lambda_8ca6da459f0f6780f1cff60fdc3d00e5>@@@?$__crt_seh_guarded_call@H@@QAEH$$QAV<lambda_9e9de3de5fa147e2223d7db92bc10aa6>@@AAV<lambda_38ce7e780aa69e748d6df282ebc68efe>@@$$QAV<lambda_8ca6da459f0f6780f1cff60fdc3d00e5>@@@Z 300d0510     libucrt:commit.obj
 0002:00026530       __sehtable$__write         300d0530     libucrt:write.obj
 0002:00026550       __sehtable$_fclose         300d0550     libucrt:fclose.obj
 0002:00026570       __sehtable$??$?RV<lambda_218ce3db14220d0be481dae8ef3383b6>@@AAV<lambda_628dfdc04ba53c8bfc02c9951375f3f5>@@V<lambda_57dc472bd5c9d5f3b2cbca59b8a843ae>@@@?$__crt_seh_guarded_call@H@@QAEH$$QAV<lambda_218ce3db14220d0be481dae8ef3383b6>@@AAV<lambda_628dfdc04ba53c8bfc02c9951375f3f5>@@$$QAV<lambda_57dc472bd5c9d5f3b2cbca59b8a843ae>@@@Z 300d0570     libucrt:close.obj
 0002:00026590       __sehtable$__IsNonwritableInCurrentImage 300d0590     LIBCMT:pesect.obj
 0002:000265b0       .edata                     300d05b0     cgamex86.exp
 0002:000265d8       rgpv                       300d05d8     cgamex86.exp
 0002:000265e0       rgszName                   300d05e0     cgamex86.exp
 0002:000265e8       rgwOrd                     300d05e8     cgamex86.exp
 0002:000265ec       szName                     300d05ec     cgamex86.exp
 0002:000265f9       $N00001                    300d05f9     cgamex86.exp
 0002:00026602       $N00002                    300d0602     cgamex86.exp
 0002:00026bde       .idata$6                   300d0bde     kernel32:KERNEL32.dll
 0003:00001df8       _bg_poolTail               300d2df8     bg_misc.obj
 0003:00005040       ?headClampMinAngles@?1??BG_G2PlayerAngles@@9@9 300d6040     bg_pmove.obj
 0003:0000504c       ?headClampMaxAngles@?1??BG_G2PlayerAngles@@9@9 300d604c     bg_pmove.obj
 0003:000089b0       _commands                  300d99b0     cg_consolecmds.obj
 0003:00008e00       ?flip@?1??CG_DrawZoomMask@@9@9 300d9e00     cg_draw.obj
 0003:00008e04       ?seed@?1??CG_SmokePuff@@9@9 300d9e04     cg_effects.obj
 0003:00009748       _cvarTable                 300da748     cg_main.obj
 0003:0000a088       _cvarTableSize             300db088     cg_main.obj
 0003:0000a08c       ?drawTeamOverlayModificationCount@?1??CG_UpdateCvars@@9@9 300db08c     cg_main.obj
 0003:0000a090       ?sb_nums@?1??CG_RegisterGraphics@@9@9 300db090     cg_main.obj
 0003:0000a0bc       ?sb_t_nums@?1??CG_RegisterGraphics@@9@9 300db0bc     cg_main.obj
 0003:0000a0e8       ?sb_c_nums@?1??CG_RegisterGraphics@@9@9 300db0e8     cg_main.obj
 0003:0000a120       _shaderAnimNames           300db120     cg_marks.obj
 0003:0000a1a0       _shaderAnimCounts          300db1a0     cg_marks.obj
 0003:0000a220       _shaderAnimSTRatio         300db220     cg_marks.obj
 0003:0000a2a0       ?s@?1??CG_GetKillerText@@9@9 300db2a0     cg_newDraw.obj
 0003:0000a2a4       ?s@?1??CG_GetGameStatusText@@9@9 300db2a4     cg_newDraw.obj
 0003:0000af5c       _cg_effectorStringTable    300dbf5c     cg_players.obj
 0003:0000af80       _cg_vehThirdPersonAlpha    300dbf80     cg_players.obj
 0003:0000af84       _syscall                   300dbf84     cg_syscalls.obj
 0003:0000af98       _cameramins                300dbf98     cg_view.obj
 0003:0000afa4       _cameramaxs                300dbfa4     cg_view.obj
 0003:0000afb0       _cg_siegeClassIndex        300dbfb0     cg_view.obj
 0003:0000b0f8       _WHITE                     300dc0f8     fx_bryarpistol.obj
 0003:0000b104       _BRIGHT                    300dc104     fx_bryarpistol.obj
 0003:0000b110       _WHITE                     300dc110     fx_disruptor.obj
 0003:0000ba2c       _holdrand                  300dca2c     q_math.obj
 0003:0000c168       ?staticNULL@?1??String_Alloc@@9@9 300dd168     ui_shared.obj
 0003:0000c16c       ?squiggy@?1??PC_String_Parse@@9@9 300dd16c     ui_shared.obj
 0003:0000c170       _g_bindings                300dd170     ui_shared.obj
 0003:0000cae0       ?__vcrt_flsindex@@3KA      300ddae0     libvcruntime:per_thread_data.obj
 0003:0000cb10       ?errno_no_memory@@3HA      300ddb10     libucrt:errno.obj
 0003:0000cb14       ?doserrno_no_memory@@3KA   300ddb14     libucrt:errno.obj
 0003:0000cb18       ?__acrt_flsindex@@3KA      300ddb18     libucrt:per_thread_data.obj
 0003:0000ceb0       __mbctypes                 300ddeb0     libucrt:mbctype.obj
 0003:0000cfb8       __mbcasemaps               300ddfb8     libucrt:mbctype.obj
 0003:0000d0b8       ?__rgctypeflag@@3PADA      300de0b8     libucrt:mbctype.obj
 0003:0000d0c0       ?__rgcode_page_info@@3PAUcode_page_info@@A 300de0c0     libucrt:mbctype.obj
 0003:0000d210       ?__DAZ_ENABLED@?1??__set_fpsr_sse2@@9@9 300de210     libucrt:fpctrl.obj
 0003:0000d320       ?__dcrt_lowio_console_output_handle@@3PAXA 300de320     libucrt:initcon.obj
 0003:0000d340       _bg_pool                   300de340     bg_misc.obj
 0003:00fad340       _bg_poolSize               3107e340     bg_misc.obj
 0003:00fad35c       _pm_flying                 3107e35c     bg_pmove.obj
 0003:00fad360       ?oldLookAngles@?1??BG_UpdateLookAngles@@9@9 3107e360     bg_pmove.obj
 0003:00fad36c       ?lookAnglesDiff@?1??BG_UpdateLookAngles@@9@9 3107e36c     bg_pmove.obj
 0003:00fad378       ?ang@?1??BG_UpdateLookAngles@@9@9 3107e378     bg_pmove.obj
 0003:00fad37c       ?dir@?1??BG_G2PlayerAngles@@9@9 3107e37c     bg_pmove.obj
 0003:00fad380       ?i@?1??BG_G2PlayerAngles@@9@9 3107e380     bg_pmove.obj
 0003:00fad384       ?dif@?1??BG_G2PlayerAngles@@9@9 3107e384     bg_pmove.obj
 0003:00fad388       ?dest@?1??BG_G2PlayerAngles@@9@9 3107e388     bg_pmove.obj
 0003:00fad38c       ?speed@?1??BG_G2PlayerAngles@@9@9 3107e38c     bg_pmove.obj
 0003:00fad390       ?eyeAngles@?1??BG_G2PlayerAngles@@9@9 3107e390     bg_pmove.obj
 0003:00fad39c       ?neckAngles@?1??BG_G2PlayerAngles@@9@9 3107e39c     bg_pmove.obj
 0003:00fad3a8       ?velocity@?1??BG_G2PlayerAngles@@9@9 3107e3a8     bg_pmove.obj
 0003:00fad3b4       ?torsoAngles@?1??BG_G2PlayerAngles@@9@9 3107e3b4     bg_pmove.obj
 0003:00fad3c0       ?headAngles@?1??BG_G2PlayerAngles@@9@9 3107e3c0     bg_pmove.obj
 0003:00fad3cc       ?velPos@?1??BG_G2PlayerAngles@@9@9 3107e3cc     bg_pmove.obj
 0003:00fad3d8       ?velAng@?1??BG_G2PlayerAngles@@9@9 3107e3d8     bg_pmove.obj
 0003:00fad3e4       ?ulAngles@?1??BG_G2PlayerAngles@@9@9 3107e3e4     bg_pmove.obj
 0003:00fad3f0       ?llAngles@?1??BG_G2PlayerAngles@@9@9 3107e3f0     bg_pmove.obj
 0003:00fad3fc       ?viewAngles@?1??BG_G2PlayerAngles@@9@9 3107e3fc     bg_pmove.obj
 0003:00fad408       ?angles@?1??BG_G2PlayerAngles@@9@9 3107e408     bg_pmove.obj
 0003:00fad414       ?thoracicAngles@?1??BG_G2PlayerAngles@@9@9 3107e414     bg_pmove.obj
 0003:00fad420       _SaberParms                3107e420     bg_saberLoad.obj
 0003:012cd420       _bgSaberParseTBuffer       3139e420     bg_saberLoad.obj
 0003:015ed6c8       ?previousTimes@?1??CG_DrawFPS@@9@9 316be6c8     cg_draw.obj
 0003:015ed6e8       ?index@?1??CG_DrawFPS@@9@9 316be6e8     cg_draw.obj
 0003:015ed6ec       ?previous@?1??CG_DrawFPS@@9@9 316be6ec     cg_draw.obj
 0003:015ed6f0       ?lastupdate@?1??CG_DrawFPS@@9@9 316be6f0     cg_draw.obj
 0003:015ed6f4       _radarLockSoundDebounceTime 316be6f4     cg_draw.obj
 0003:015ed6f8       _impactSoundDebounceTime   316be6f8     cg_draw.obj
 0003:015ed6fc       ?oldDif@?1??CG_DrawRocketLocking@@9@9 316be6fc     cg_draw.obj
 0003:015ed700       ?color@?1??CG_FadeColor@@9@9 316be700     cg_drawtools.obj
 0003:015ed710       _offX                      316be710     cg_effects.obj
 0003:015edd50       _offZ                      316bed50     cg_effects.obj
 0003:015ee390       ?lastPos@?1??CG_ScorePlum@@9@9 316bf390     cg_effects.obj
 0003:015ee3a0       ?str@?1??CG_PlaceString@@9@9 316bf3a0     cg_event.obj
 0003:015ee3e0       _cl_lightstyle             316bf3e0     cg_light.obj
 0003:015f25e0       _lastofs                   316c35e0     cg_light.obj
 0003:015f25fc       _NumMiscEnts               316c35fc     cg_main.obj
 0003:015f2600       _MiscEnts                  316c3600     cg_main.obj
 0003:016c1680       _Radius                    31792680     cg_main.obj
 0003:016c5500       _zOffset                   31796500     cg_main.obj
 0003:016c9380       ?buffer@?1??CG_Argv@@9@9   3179a380     cg_main.obj
 0003:016c9780       ?intext@?1??CG_GetStringEdString@@9@9 3179a780     cg_main.obj
 0003:016d1480       ?translation@?1??CG_GetStringEdString@@9@9 317a2480     cg_main.obj
 0003:016d9180       ?string@?1??CG_GetStringEdString@@9@9 317aa180     cg_main.obj
 0003:016e0e80       ?index@?1??CG_GetStringEdString@@9@9 317b1e80     cg_main.obj
 0003:016e0e84       _cg_strPoolSize            317b1e84     cg_main.obj
 0003:016e0e88       ?buf@?1??CG_GetMenuBuffer@@9@9 317b1e88     cg_main.obj
 0003:016f0e88       ?buf@?1??CG_LoadMenus@@9@9 317c1e88     cg_main.obj
 0003:016f2e88       _cg_strPool                317c3e88     cg_main.obj
 0003:016fae88       _cg_numSpawnVars           317cbe88     cg_main.obj
 0003:016fae8c       _cg_numSpawnVarChars       317cbe8c     cg_main.obj
 0003:016fae90       _cg_spawnVars              317cbe90     cg_main.obj
 0003:016fb090       _cg_spawnVarChars          317cc090     cg_main.obj
 0003:016fc090       ?item@?1??CG_Init@@9@9     317cd090     cg_main.obj
 0003:016fc098       ?text@?1??CG_GetLocationString@@9@9 317cd098     cg_main.obj
 0003:016fc49c       _markTotal                 317cd49c     cg_marks.obj
 0003:016fc4a0       _shaderAnims               317cd4a0     cg_marks.obj
 0003:016fe4a0       _numShaderAnims            317cf4a0     cg_marks.obj
 0003:016fe4a4       _roll                      317cf4a4     cg_marks.obj
 0003:016fe4cc       _cg_animParseIncluding     317cf4cc     cg_players.obj
 0003:016fe4d0       _lastFlyBySound            317cf4d0     cg_players.obj
 0003:016ff4dc       _cg_numSolidEntities       317d04dc     cg_predict.obj
 0003:016ff4e0       _cg_pmove                  317d04e0     cg_predict.obj
 0003:016ff68c       _cg_numTriggerEntities     317d068c     cg_predict.obj
 0003:016ff690       _cg_solidEntities          317d0690     cg_predict.obj
 0003:016ffa90       _cg_triggerEntities        317d0a90     cg_predict.obj
 0003:016ffea8       _team1                     317d0ea8     cg_saga.obj
 0003:017000a8       _team2                     317d10a8     cg_saga.obj
 0003:017002a8       _cgParseObjectives         317d12a8     cg_saga.obj
 0003:017042a8       ?cur@?1??siege_Str@@9@9    317d52a8     cg_saga.obj
 0003:017042b0       ?strings@?1??siege_Str@@9@9 317d52b0     cg_saga.obj
 0003:017442b0       ?buf@?1??CG_SiegeObjectiveBuffer@@9@9 318152b0     cg_saga.obj
 0003:017462b4       _localClient               318172b4     cg_scoreboard.obj
 0003:01746318       ?zoomSoundTime@?BG@??CG_CalcFov@@9@9 31817318     cg_view.obj
 0003:0174631c       ?lastfov@?1??CG_DrawSkyBoxPortal@@9@9 3181731c     cg_view.obj
 0003:01746320       _cg_rangedFogging          31817320     cg_view.obj
 0003:01746324       ?veh@?1??CG_DrawActiveFrame@@9@9 31817324     cg_view.obj
 0003:01746328       _cgWeapFrame               31817328     cg_weapons.obj
 0003:0174632c       _cgWeapFrameTime           3181732c     cg_weapons.obj
 0003:01746330       _g2WeaponInstances         31817330     cg_weapons.obj
 0003:01746380       _g2WeaponInstances2        31817380     cg_weapons.obj
 0003:017463d0       _g2WeaponInstances3        318173d0     cg_weapons.obj
 0003:01746420       _g2WeaponInstances4        31817420     cg_weapons.obj
 0003:01746470       _g2WeaponInstances5        31817470     cg_weapons.obj
 0003:017464c0       _g2WeaponInstances6        318174c0     cg_weapons.obj
 0003:01746510       _g2WeaponInstances7        31817510     cg_weapons.obj
 0003:01746560       _g2WeaponInstances8        31817560     cg_weapons.obj
 0003:017465c8       ?bops_initialized@?1??BoxOnPlaneSide@@9@9 318175c8     q_math.obj
 0003:017465cc       ?Ljmptab@?1??BoxOnPlaneSide@@9@9 318175cc     q_math.obj
 0003:017465ec       ?sr@?1??AngleVectors@@9@9  318175ec     q_math.obj
 0003:017465f0       ?sp@?1??AngleVectors@@9@9  318175f0     q_math.obj
 0003:017465f4       ?sy@?1??AngleVectors@@9@9  318175f4     q_math.obj
 0003:017465f8       ?cr@?1??AngleVectors@@9@9  318175f8     q_math.obj
 0003:017465fc       ?cp@?1??AngleVectors@@9@9  318175fc     q_math.obj
 0003:01746600       ?cy@?1??AngleVectors@@9@9  31817600     q_math.obj
 0003:01746608       _com_token                 31817608     q_shared.obj
 0003:01746a08       _com_parsename             31817a08     q_shared.obj
 0003:01746e08       _com_lines                 31817e08     q_shared.obj
 0003:01746e0c       ?index@?1??va@@9@9         31817e0c     q_shared.obj
 0003:01746e10       ?string@?1??COM_ParseError@@9@9 31817e10     q_shared.obj
 0003:01747e10       ?string@?1??COM_ParseWarning@@9@9 31818e10     q_shared.obj
 0003:01748e10       ?final@?1??Q_StrReplace@@9@9 31819e10     q_shared.obj
 0003:01749210       ?temp_buffer@?1??va@@9@9   3181a210     q_shared.obj
 0003:01750f10       ?string@?1??va@@9@9        31821f10     q_shared.obj
 0003:01758c10       ?value@?1??Info_ValueForKey@@9@9 31829c10     q_shared.obj
 0003:0175cc10       ?valueindex@?1??Info_ValueForKey@@9@9 3182dc10     q_shared.obj
 0003:0175cc2c       _scrollInfo                3182dc2c     ui_shared.obj
 0003:0175cc4c       _captureFunc               3182dc4c     ui_shared.obj
 0003:0175cc50       _captureData               3182dc50     ui_shared.obj
 0003:0175cc54       _itemCapture               3182dc54     ui_shared.obj
 0003:0175cc58       _g_waitingForKey           3182dc58     ui_shared.obj
 0003:0175cc5c       _g_editingField            3182dc5c     ui_shared.obj
 0003:0175cc60       _g_bindItem                3182dc60     ui_shared.obj
 0003:0175cc64       _g_editItem                3182dc64     ui_shared.obj
 0003:0175cc68       _debugMode                 3182dc68     ui_shared.obj
 0003:0175cc6c       _lastListBoxClickTime      3182dc6c     ui_shared.obj
 0003:0175cc70       _memoryPool                3182dc70     ui_shared.obj
 0003:0275cc70       _allocPoint                3282dc70     ui_shared.obj
 0003:0275cc74       _outOfMemory               3282dc74     ui_shared.obj
 0003:0275cc78       _strPoolIndex              3282dc78     ui_shared.obj
 0003:0275cc7c       _strHandleCount            3282dc7c     ui_shared.obj
 0003:0275cc80       _strPool                   3282dc80     ui_shared.obj
 0003:0277cc80       _strHandle                 3284dc80     ui_shared.obj
 0003:0277ec80       ?string@?1??PC_SourceWarning@@9@9 3284fc80     ui_shared.obj
 0003:0277fc80       ?string@?1??PC_SourceError@@9@9 32850c80     ui_shared.obj
 0003:02780c80       ?inHandleKey@?9??Menu_HandleKey@@9@9 32851c80     ui_shared.obj
 0003:02780c84       ?__proc_attached@@3HA      32851c84     LIBCMT:dll_dllmain.obj
 0003:02780ca0       ?is_initialized_as_dll@@3_NA 32851ca0     LIBCMT:utility.obj
 0003:02780ca1       ?module_local_atexit_table_initialized@@3_NA 32851ca1     LIBCMT:utility.obj
 0003:02780ca4       ?module_local_atexit_table@@3U_onexit_table_t@@A 32851ca4     LIBCMT:utility.obj
 0003:02780cb0       ?module_local_at_quick_exit_table@@3U_onexit_table_t@@A 32851cb0     LIBCMT:utility.obj
 0003:02780cc0       _GS_ExceptionRecord        32851cc0     LIBCMT:gs_report.obj
 0003:02780d10       _GS_ContextRecord          32851d10     LIBCMT:gs_report.obj
 0003:02781008       ?heap@@3V_HeapManager@@A   32852008     libvcruntime:undname.obj
 0003:0278101c       ?__vcrt_startup_thread_ptd@@3U__vcrt_ptd@@A 3285201c     libvcruntime:per_thread_data.obj
 0003:02781044       ___vcrt_lock_table         32852044     libvcruntime:locks.obj
 0003:0278105c       ___vcrt_locks_initialized  3285205c     libvcruntime:locks.obj
 0003:02781060       ?module_handles@@3PAPAUHINSTANCE__@@A 32852060     libvcruntime:winapi_downlevel.obj
 0003:0278106c       ?function_pointers@@3PAPAXA 3285206c     libvcruntime:winapi_downlevel.obj
 0003:02781084       ?c_termination_complete@@3JA 32852084     libucrt:exit.obj
 0003:02781088       ?thread_local_exit_callback_func@@3P6GXPAXK0@ZA 32852088     libucrt:exit.obj
 0003:02781090       ?program_name@?1???$common_configure_argv@D@@YAHW4_crt_argv_mode@@@Z@4PADA 32852090     libucrt:argv_parsing.obj
 0003:027811c0       ?__acrt_invalid_parameter_handler@@3V?$dual_state_global@P6AXPB_W00II@Z@__crt_state_management@@A 328521c0     libucrt:invalid_parameter.obj
 0003:027811cc       ?internal_state@?1??_mbtowc_l@@9@4U_Mbstatet@@A 328521cc     libucrt:mbtowc.obj
 0003:027813e4       __pmatherr_set             328523e4     libucrt:libm_error.obj
 0003:027813e8       ?enable_percent_n@@3IA     328523e8     libucrt:printf_count_output.obj
 0003:027813f8       ?__acrt_lock_table@@3PAU_RTL_CRITICAL_SECTION@@A 328523f8     libucrt:locks.obj
 0003:02781548       ?__acrt_locks_initialized@@3IA 32852548     libucrt:locks.obj
 0003:02781558       ?fSystemSet@@3HA           32852558     libucrt:mbctype.obj
 0003:0278155c       ?initialized@?1??__acrt_initialize_multibyte@@9@4_NA 3285255c     libucrt:mbctype.obj
 0003:02781578       ?module_handles@@3PAPAUHINSTANCE__@@A 32852578     libucrt:winapi_thunks.obj
 0003:027815c8       ?encoded_function_pointers@@3PAPAXA 328525c8     libucrt:winapi_thunks.obj
 0003:02781654       ?__acrt_new_handler@@3V?$dual_state_global@P6AHI@Z@__crt_state_management@@A 32852654     libucrt:new_handler.obj
 0003:02781658       ?ctrlc_action@@3V?$dual_state_global@P6AXH@Z@__crt_state_management@@A 32852658     libucrt:signal.obj
 0003:0278165c       ?ctrlbreak_action@@3V?$dual_state_global@P6AXH@Z@__crt_state_management@@A 3285265c     libucrt:signal.obj
 0003:02781660       ?abort_action@@3V?$dual_state_global@P6AXH@Z@__crt_state_management@@A 32852660     libucrt:signal.obj
 0003:02781664       ?term_action@@3V?$dual_state_global@P6AXH@Z@__crt_state_management@@A 32852664     libucrt:signal.obj
 0003:02781668       ?user_matherr@@3V?$dual_state_global@P6AHPAU_exception@@@Z@__crt_state_management@@A 32852668     libucrt:matherr.obj
 0003:02781674       ?__acrt_global_new_mode@@3V?$dual_state_global@J@__crt_state_management@@A 32852674     libucrt:new_mode.obj
 0003:0278167c       ?internal_pst@?1??__mbrtoc32_utf8@__crt_mbstring@@YAIPA_UPBDIPAU_Mbstatet@@@Z@4U3@A 3285267c     libucrt:mbrtoc32.obj
 0003:02781684       ?__acrt_app_type@@3W4_crt_app_type@@A 32852684     libucrt:report_runtime_error.obj
 0004:00000060       $R000000                   3305e060     * linker generated manifest res *
