 cgamex86

 Timestamp is 688bf40c (Fri Aug  1 00:54:04 2025)

 Preferred load address is 30000000

 Start         Length     Name                   Class
 0001:00000000 000b0db8H .text$mn                CODE
 0001:000b0db8 000000fcH .text$x                 CODE
 0002:00000000 00000120H .idata$5                DATA
 0002:00000120 00000008H .00cfg                  DATA
 0002:00000128 00000004H .CRT$XCA                DATA
 0002:0000012c 00000004H .CRT$XCZ                DATA
 0002:00000130 00000004H .CRT$XIA                DATA
 0002:00000134 0000000cH .CRT$XIC                DATA
 0002:00000140 00000004H .CRT$XIZ                DATA
 0002:00000144 00000004H .CRT$XPA                DATA
 0002:00000148 00000008H .CRT$XPX                DATA
 0002:00000150 00000004H .CRT$XPXA               DATA
 0002:00000154 00000004H .CRT$XPZ                DATA
 0002:00000158 00000004H .CRT$XTA                DATA
 0002:0000015c 00000004H .CRT$XTZ                DATA
 0002:00000160 00000000H .gfids$y                DATA
 0002:00000160 000278e0H .rdata                  DATA
 0002:00027a40 00000000H .rdata$CastGuardVftablesA DATA
 0002:00027a40 00000000H .rdata$CastGuardVftablesC DATA
 0002:00027a40 000000dcH .rdata$r                DATA
 0002:00027b1c 00000030H .rdata$sxdata           DATA
 0002:00027b4c 000000b8H .rdata$voltmd           DATA
 0002:00027c04 00000370H .rdata$zzzdbg           DATA
 0002:00027f74 00000004H .rtc$IAA                DATA
 0002:00027f78 00000004H .rtc$IZZ                DATA
 0002:00027f7c 00000004H .rtc$TAA                DATA
 0002:00027f80 00000008H .rtc$TZZ                DATA
 0002:00027f88 000005f8H .xdata$x                DATA
 0002:00028580 0000005cH .edata                  DATA
 0002:000285dc 00000014H .idata$2                DATA
 0002:000285f0 00000014H .idata$3                DATA
 0002:00028604 00000120H .idata$4                DATA
 0002:00028724 00000526H .idata$6                DATA
 0003:00000000 0000d820H .data                   DATA
 0003:0000d820 0000003cH .data$r                 DATA
 0003:0000d85c 00000024H .data$rs                DATA
 0003:0000d880 02f0de38H .bss                    DATA
 0004:00000000 00000080H .fptable                DATA
 0005:00000000 00000060H .rsrc$01                DATA
 0005:00000060 00000180H .rsrc$02                DATA

  Address         Publics by Value              Rva+Base       Lib:Object

 0000:00000000       ___AbsoluteZero            00000000     <absolute>
 0000:00000000       ___arm64x_extra_rfe_table  00000000     <absolute>
 0000:00000000       ___arm64x_extra_rfe_table_size 00000000     <absolute>
 0000:00000000       ___arm64x_native_entrypoint 00000000     <absolute>
 0000:00000000       ___arm64x_redirection_metadata 00000000     <absolute>
 0000:00000000       ___arm64x_redirection_metadata_count 00000000     <absolute>
 0000:00000000       ___dynamic_value_reloc_table 00000000     <absolute>
 0000:00000000       ___enclave_config          00000000     <absolute>
 0000:00000000       ___guard_check_icall_a64n_fptr 00000000     <absolute>
 0000:00000000       ___guard_eh_cont_count     00000000     <absolute>
 0000:00000000       ___guard_eh_cont_table     00000000     <absolute>
 0000:00000000       ___guard_fids_count        00000000     <absolute>
 0000:00000000       ___guard_fids_table        00000000     <absolute>
 0000:00000000       ___guard_iat_count         00000000     <absolute>
 0000:00000000       ___guard_iat_table         00000000     <absolute>
 0000:00000000       ___guard_longjmp_count     00000000     <absolute>
 0000:00000000       ___guard_longjmp_table     00000000     <absolute>
 0000:00000000       ___hybrid_auxiliary_delayload_iat 00000000     <absolute>
 0000:00000000       ___hybrid_auxiliary_delayload_iat_copy 00000000     <absolute>
 0000:00000000       ___hybrid_auxiliary_iat    00000000     <absolute>
 0000:00000000       ___hybrid_auxiliary_iat_copy 00000000     <absolute>
 0000:00000000       ___hybrid_code_map         00000000     <absolute>
 0000:00000000       ___hybrid_code_map_count   00000000     <absolute>
 0000:00000000       ___hybrid_image_info_bitfield 00000000     <absolute>
 0000:00000000       ___x64_code_ranges_to_entry_points 00000000     <absolute>
 0000:00000000       ___x64_code_ranges_to_entry_points_count 00000000     <absolute>
 0000:00000000       __except_list              00000000     <absolute>
 0000:0000000c       ___safe_se_handler_count   0000000c     <absolute>
 0000:00000100       ___guard_flags             00000100     <absolute>
 0000:00000000       ___ImageBase               30000000     <linker-defined>
 0001:00000000       _G_CreateAnimalNPC         30001000 f   AnimalNPC.obj
 0001:00000000       _G_CreateFighterNPC        30001000 f   FighterNPC.obj
 0001:00000000       _G_CreateSpeederNPC        30001000 f   SpeederNPC.obj
 0001:00000000       _G_CreateWalkerNPC         30001000 f   WalkerNPC.obj
 0001:00000050       _G_SetAnimalVehicleFunctions 30001050 f   AnimalNPC.obj
 0001:00000330       _BG_AttachToRancor         30001330 f   bg_g2_utils.obj
 0001:00000590       _BG_GetRootSurfNameWithVariant 30001590 f   bg_g2_utils.obj
 0001:00000620       _BG_AddPredictableEventToPlayerstate 30001620 f   bg_misc.obj
 0001:00000660       _BG_Alloc                  30001660 f   bg_misc.obj
 0001:000006b0       _BG_CanItemBeGrabbed       300016b0 f   bg_misc.obj
 0001:00000a20       _BG_CanUseFPNow            30001a20 f   bg_misc.obj
 0001:00000af0       _BG_CycleForce             30001af0 f   bg_misc.obj
 0001:00000bd0       _BG_CycleInven             30001bd0 f   bg_misc.obj
 0001:00000cb0       _BG_EmplacedView           30001cb0 f   bg_misc.obj
 0001:00000d80       _BG_EvaluateTrajectory     30001d80 f   bg_misc.obj
 0001:00000fd0       _BG_EvaluateTrajectoryDelta 30001fd0 f   bg_misc.obj
 0001:000011e0       _BG_FindItemForHoldable    300021e0 f   bg_misc.obj
 0001:00001240       _BG_FindItemForPowerup     30002240 f   bg_misc.obj
 0001:000012a0       _BG_FindItemForWeapon      300022a0 f   bg_misc.obj
 0001:000012e0       _BG_GetItemIndexByTag      300022e0 f   bg_misc.obj
 0001:00001320       _BG_HasYsalamiri           30002320 f   bg_misc.obj
 0001:00001360       _BG_IsItemSelectable       30002360 f   bg_misc.obj
 0001:00001380       _BG_IsValidCharacterModel  30002380 f   bg_misc.obj
 0001:00001400       _BG_IsWhiteSpace           30002400 f   bg_misc.obj
 0001:00001420       _BG_ModelCache             30002420 f   bg_misc.obj
 0001:00001450       _BG_ParseField             30002450 f   bg_misc.obj
 0001:000015a0       _BG_PlayerStateToEntityState 300025a0 f   bg_misc.obj
 0001:000019f0       _BG_PlayerTouchesItem      300029f0 f   bg_misc.obj
 0001:00001a80       _BG_ProperForceIndex       30002a80 f   bg_misc.obj
 0001:00001ab0       _BG_TempAlloc              30002ab0 f   bg_misc.obj
 0001:00001af0       _BG_TempFree               30002af0 f   bg_misc.obj
 0001:00001b40       _BG_TouchJumpPad           30002b40 f   bg_misc.obj
 0001:00001bc0       _BG_ValidateSkinForTeam    30002bc0 f   bg_misc.obj
 0001:00001bd0       ___local_stdio_scanf_options 30002bd0 f i bg_misc.obj
 0001:00001be0       _sscanf                    30002be0 f i bg_misc.obj
 0001:00001c10       _vectoyaw                  30002c10 f   bg_misc.obj
 0001:00001cd0       _BG_AnimLength             30002cd0 f   bg_panimate.obj
 0001:00001d30       _BG_AnimsetAlloc           30002d30 f   bg_panimate.obj
 0001:00001d60       _BG_BounceAnim             30002d60 f   bg_panimate.obj
 0001:00001de0       @_guard_check_icall_nop@4  30002de0 f   LIBCMT:guard_support.obj
 0001:00001de0       _BG_ClearAnimsets          30002de0 f   bg_panimate.obj
 0001:00001de0       _CG_OutOfAmmoChange        30002de0 f   cg_weapons.obj
 0001:00001de0       _CG_OwnerDraw              30002de0 f   cg_newDraw.obj
 0001:00001de0       _CG_RunMenuScript          30002de0 f   cg_newDraw.obj
 0001:00001df0       _BG_CrouchAnim             30002df0 f   bg_panimate.obj
 0001:00001f30       _BG_FlippingAnim           30002f30 f   bg_panimate.obj
 0001:00002020       _BG_FullBodyTauntAnim      30003020 f   bg_panimate.obj
 0001:00002160       _BG_GetLegsAnimPoint       30003160 f   bg_panimate.obj
 0001:00002240       _BG_GetTorsoAnimPoint      30003240 f   bg_panimate.obj
 0001:00002320       _BG_InBackFlip             30003320 f   bg_panimate.obj
 0001:00002350       _BG_InDeathAnim            30003350 f   bg_panimate.obj
 0001:00002410       _BG_InGrappleMove          30003410 f   bg_panimate.obj
 0001:00002460       _BG_InKataAnim             30003460 f   bg_panimate.obj
 0001:000024a0       _BG_InKnockDownOnly        300034a0 f   bg_panimate.obj
 0001:000024e0       _BG_InLedgeMove            300034e0 f   bg_panimate.obj
 0001:00002520       _BG_InReboundHold          30003520 f   bg_panimate.obj
 0001:00002560       _BG_InReboundJump          30003560 f   bg_panimate.obj
 0001:000025a0       _BG_InRoll                 300035a0 f   bg_panimate.obj
 0001:00002630       _BG_InSaberLock            30003630 f   bg_panimate.obj
 0001:000026f0       _BG_InSaberLockOld         300036f0 f   bg_panimate.obj
 0001:00002730       _BG_InSaberStandAnim       30003730 f   bg_panimate.obj
 0001:00002780       _BG_InSpecialJump          30003780 f   bg_panimate.obj
 0001:000028d0       _BG_InitAnimsets           300038d0 f   bg_panimate.obj
 0001:000028f0       _BG_KickMove               300038f0 f   bg_panimate.obj
 0001:00002940       _BG_KickingAnim            30003940 f   bg_panimate.obj
 0001:000029d0       _BG_ParseAnimationFile     300039d0 f   bg_panimate.obj
 0001:00002d20       _BG_SaberInAttack          30003d20 f   bg_panimate.obj
 0001:00002d90       _BG_SaberInAttackPure      30003d90 f   bg_panimate.obj
 0001:00002db0       _BG_SaberInIdle            30003db0 f   bg_panimate.obj
 0001:00002de0       _BG_SaberInKata            30003de0 f   bg_panimate.obj
 0001:00002e20       _BG_SaberInSpecial         30003e20 f   bg_panimate.obj
 0001:00002e80       _BG_SaberInSpecialAttack   30003e80 f   bg_panimate.obj
 0001:00003010       _BG_SaberInTransitionAny   30004010 f   bg_panimate.obj
 0001:00003040       _BG_SaberLockBreakAnim     30004040 f   bg_panimate.obj
 0001:000031d0       _BG_SaberStartTransAnim    300041d0 f   bg_panimate.obj
 0001:000035c0       _BG_SetAnimFinal           300045c0 f   bg_panimate.obj
 0001:000039a0       _BG_SpinningSaberAnim      300049a0 f   bg_panimate.obj
 0001:00003c50       _BG_SuperBreakLoseAnim     30004c50 f   bg_panimate.obj
 0001:00003ce0       _BG_SuperBreakWinAnim      30004ce0 f   bg_panimate.obj
 0001:00003d70       _PM_AnimLength             30004d70 f   bg_panimate.obj
 0001:00003de0       _PM_CanRollFromSoulCal     30004de0 f   bg_panimate.obj
 0001:00003e10       _PM_ContinueLegsAnim       30004e10 f   bg_panimate.obj
 0001:00003e40       _PM_ForceLegsAnim          30004e40 f   bg_panimate.obj
 0001:00003ee0       _PM_InCartwheel            30004ee0 f   bg_panimate.obj
 0001:00003f50       _PM_InForceGetUp           30004f50 f   bg_panimate.obj
 0001:00003fb0       _PM_InKnockDown            30004fb0 f   bg_panimate.obj
 0001:000040e0       _PM_InOnGroundAnim         300050e0 f   bg_panimate.obj
 0001:000041d0       _PM_InRollComplete         300051d0 f   bg_panimate.obj
 0001:00004210       _PM_InSaberAnim            30005210 f   bg_panimate.obj
 0001:00004230       _PM_JumpingAnim            30005230 f   bg_panimate.obj
 0001:00004280       _PM_KnockDownAnimExtended  30005280 f   bg_panimate.obj
 0001:00004320       _PM_LandingAnim            30005320 f   bg_panimate.obj
 0001:00004370       _PM_LockedAnim             30005370 f   bg_panimate.obj
 0001:000043c0       _PM_PainAnim               300053c0 f   bg_panimate.obj
 0001:00004400       _PM_SaberBounceForAttack   30005400 f   bg_panimate.obj
 0001:00004480       _PM_SaberInKnockaway       30005480 f   bg_panimate.obj
 0001:000044a0       _PM_SaberInParry           300054a0 f   bg_panimate.obj
 0001:000044c0       _PM_SaberInReflect         300054c0 f   bg_panimate.obj
 0001:000044e0       _PM_SaberInReturn          300054e0 f   bg_panimate.obj
 0001:00004500       _PM_SaberInStart           30005500 f   bg_panimate.obj
 0001:00004520       _PM_SaberInTransition      30005520 f   bg_panimate.obj
 0001:00004540       _PM_SaberReturnAnim        30005540 f   bg_panimate.obj
 0001:000045c0       _PM_SetAnim                300055c0 f   bg_panimate.obj
 0001:00004740       _PM_StartTorsoAnim         30005740 f   bg_panimate.obj
 0001:00004770       _BG_AdjustClientSpeed      30005770 f   bg_pmove.obj
 0001:00004ac0       _BG_BoneOrientationsForClass 30005ac0 f   bg_pmove.obj
 0001:00004c40       _BG_ClassHasBadBones       30005c40 f   bg_pmove.obj
 0001:00004c80       _BG_CmdForRoll             30005c80 f   bg_pmove.obj
 0001:00004ed0       _BG_G2ATSTAngles           30005ed0 f   bg_pmove.obj
 0001:00005940       _BG_G2PlayerAngles         30006940 f   bg_pmove.obj
 0001:00006950       _BG_IK_MoveArm             30007950 f   bg_pmove.obj
 0001:00006e30       _BG_InKnockDown            30007e30 f   bg_pmove.obj
 0001:00006e80       _BG_InSlopeAnim            30007e80 f   bg_pmove.obj
 0001:00006ef0       _BG_SabersOff              30007ef0 f   bg_pmove.obj
 0001:00007100       _BG_UnrestrainedPitchRoll  30008100 f   bg_pmove.obj
 0001:00007150       _BG_VehTraceFromCamPos     30008150 f   bg_pmove.obj
 0001:000073c0       _BG_VehicleAdjustBBoxForOrientation 300083c0 f   bg_pmove.obj
 0001:00007830       _BG_VehicleTurnRateForSpeed 30008830 f   bg_pmove.obj
 0001:000078f0       _LedgeGrabableEntity       300088f0 f   bg_pmove.obj
 0001:00007960       _LedgeTrace                30008960 f   bg_pmove.obj
 0001:00007cd0       _NumberOfWeapons           30008cd0 f   bg_pmove.obj
 0001:00007f40       _PM_AddEvent               30008f40 f   bg_pmove.obj
 0001:00007f60       _PM_AddEventWithParm       30008f60 f   bg_pmove.obj
 0001:00007f80       _PM_AddTouchEnt            30008f80 f   bg_pmove.obj
 0001:00007fd0       _PM_AdjustAngleForWallGrap 30008fd0 f   bg_pmove.obj
 0001:00008240       _PM_AdjustAngleForWallJump 30009240 f   bg_pmove.obj
 0001:000086c0       _PM_AdjustAttackStates     300096c0 f   bg_pmove.obj
 0001:00008a90       _PM_AdjustStandAnimForSlope 30009a90 f   bg_pmove.obj
 0001:000096a0       _PM_BGEntForNum            3000a6a0 f   bg_pmove.obj
 0001:000096d0       _PM_BeginWeaponChange      3000a6d0 f   bg_pmove.obj
 0001:000097b0       _PM_CanSetWeaponReadyAnim  3000a7b0 f   bg_pmove.obj
 0001:00009fb0       _PM_CheckGrab              3000afb0 f   bg_pmove.obj
 0001:0000c2b0       _PM_CheckRollGetup         3000d2b0 f   bg_pmove.obj
 0001:0000c5a0       _PM_CheckRollSafety        3000d5a0 f   bg_pmove.obj
 0001:0000c7a0       _PM_ClipVelocity           3000d7a0 f   bg_pmove.obj
 0001:0000d3d0       _PM_CrouchGetup            3000e3d0 f   bg_pmove.obj
 0001:0000dd70       _PM_DoPunch                3000ed70 f   bg_pmove.obj
 0001:0000de40       _PM_FinishWeaponChange     3000ee40 f   bg_pmove.obj
 0001:0000ef50       _PM_GetSaberStance         3000ff50 f   bg_pmove.obj
 0001:0000f150       _PM_GettingUpFromKnockDown 30010150 f   bg_pmove.obj
 0001:0000f540       _PM_GrabWallForJump        30010540 f   bg_pmove.obj
 0001:0000ff00       _PM_HoverTrace             30010f00 f   bg_pmove.obj
 0001:00010350       _PM_InForceFall            30011350 f   bg_pmove.obj
 0001:00010560       _PM_LegsSlopeBackTransition 30011560 f   bg_pmove.obj
 0001:00010610       _PM_MinGetUpTime           30011610 f   bg_pmove.obj
 0001:00010680       _PM_MoveForKata            30011680 f   bg_pmove.obj
 0001:00010ae0       _PM_RocketLock             30011ae0 f   bg_pmove.obj
 0001:00010ee0       _PM_RunningAnim            30011ee0 f   bg_pmove.obj
 0001:00010f30       _PM_SetForceJumpZStart     30011f30 f   bg_pmove.obj
 0001:00011050       _PM_SetPMViewAngle         30012050 f   bg_pmove.obj
 0001:00011450       _PM_SetVelocityforLedgeMove 30012450 f   bg_pmove.obj
 0001:00011b70       _PM_UpdateViewAngles       30012b70 f   bg_pmove.obj
 0001:00011d80       _PM_VehFaceHyperspacePoint 30012d80 f   bg_pmove.obj
 0001:00012060       _PM_VehicleViewAngles      30013060 f   bg_pmove.obj
 0001:00012200       _PM_VehicleWeaponAnimate   30013200 f   bg_pmove.obj
 0001:00012a70       _PM_WalkingAnim            30013a70 f   bg_pmove.obj
 0001:00015260       _PM_pitch_roll_for_slope   30016260 f   bg_pmove.obj
 0001:000155c0       _Pmove                     300165c0 f   bg_pmove.obj
 0001:00015690       _PmoveSingle               30016690 f   bg_pmove.obj
 0001:00017d50       _BG_AddFatigue             30018d50 f   bg_saber.obj
 0001:00017db0       _BG_CheckIncrementLockAnim 30018db0 f   bg_saber.obj
 0001:00017e60       _BG_EnoughForcePowerForMove 30018e60 f   bg_saber.obj
 0001:00017e90       _BG_ForcePowerDrain        30018e90 f   bg_saber.obj
 0001:00017f30       _BG_InSlowBounce           30018f30 f   bg_saber.obj
 0001:00017f70       _BG_MySaber                30018f70 f   bg_saber.obj
 0001:00018090       _PM_CheckStabDown          30019090 f   bg_saber.obj
 0001:000182b0       _PM_DoFake                 300192b0 f   bg_saber.obj
 0001:000183c0       _PM_DoKick                 300193c0 f   bg_saber.obj
 0001:000186b0       _PM_GroundDistance         300196b0 f   bg_saber.obj
 0001:000187b0       _PM_ReturnforQuad          300197b0 f   bg_saber.obj
 0001:00018820       _PM_SaberAttackForMovement 30019820 f   bg_saber.obj
 0001:00019ae0       _PM_SaberDroidWeapon       3001aae0 f   bg_saber.obj
 0001:00019c20       _PM_SaberFlipOverAttackMove 3001ac20 f   bg_saber.obj
 0001:00019df0       _PM_SaberInBounce          3001adf0 f   bg_saber.obj
 0001:00019e20       _PM_SaberInBrokenParry     3001ae20 f   bg_saber.obj
 0001:00019e60       _PM_SaberJumpAttackMove    3001ae60 f   bg_saber.obj
 0001:0001a000       _PM_SaberLockBreak         3001b000 f   bg_saber.obj
 0001:0001a3f0       _PM_SaberLockResultAnim    3001b3f0 f   bg_saber.obj
 0001:0001a4f0       _PM_SaberLocked            3001b4f0 f   bg_saber.obj
 0001:0001a8a0       _PM_SaberLungeAttackMove   3001b8a0 f   bg_saber.obj
 0001:0001aa80       _PM_SetSaberMove           3001ba80 f   bg_saber.obj
 0001:0001b3c0       _PM_WalkableGroundDistance 3001c3c0 f   bg_saber.obj
 0001:0001b4d0       _PM_WeaponLightsaber       3001c4d0 f   bg_saber.obj
 0001:0001c790       _PM_irand_timesync         3001d790 f   bg_saber.obj
 0001:0001c7f0       _BG_ParseLiteral           3001d7f0 f   bg_saberLoad.obj
 0001:0001c850       _BG_SI_SetDesiredLength    3001d850 f   bg_saberLoad.obj
 0001:0001c8b0       _BG_SI_SetLength           3001d8b0 f   bg_saberLoad.obj
 0001:0001c8f0       _BG_SI_SetLengthGradual    3001d8f0 f   bg_saberLoad.obj
 0001:0001ca10       _TranslateSaberColor       3001da10 f   bg_saberLoad.obj
 0001:0001caf0       _TranslateSaberStyle       3001daf0 f   bg_saberLoad.obj
 0001:0001cbb0       _WP_RemoveSaber            3001dbb0 f   bg_saberLoad.obj
 0001:0001cc40       _WP_SaberBladeUseSecondBladeStyle 3001dc40 f   bg_saberLoad.obj
 0001:0001cc70       _WP_SaberLoadParms         3001dc70 f   bg_saberLoad.obj
 0001:0001cdb0       _WP_SaberParseParms        3001ddb0 f   bg_saberLoad.obj
 0001:0001f2e0       _WP_SaberSetDefaults       300202e0 f   bg_saberLoad.obj
 0001:0001f7a0       _WP_SetSaber               300207a0 f   bg_saberLoad.obj
 0001:0001f9a0       _BG_GetNextValueGroup      300209a0 f   bg_saga.obj
 0001:0001fa50       _BG_PrecacheSabersForSiegeTeam 30020a50 f   bg_saga.obj
 0001:0001fb30       _BG_SiegeFindClassByName   30020b30 f   bg_saga.obj
 0001:0001fb80       _BG_SiegeFindClassIndexByName 30020b80 f   bg_saga.obj
 0001:0001fbd0       _BG_SiegeFindThemeForTeam  30020bd0 f   bg_saga.obj
 0001:0001fbf0       _BG_SiegeGetPairedValue    30020bf0 f   bg_saga.obj
 0001:0001fe30       _BG_SiegeGetValueGroup     30020e30 f   bg_saga.obj
 0001:00020140       _BG_SiegeLoadClasses       30021140 f   bg_saga.obj
 0001:00020290       _BG_SiegeLoadTeams         30021290 f   bg_saga.obj
 0001:000205b0       _BG_SiegeParseClassFile    300215b0 f   bg_saga.obj
 0001:00020ee0       _BG_SiegeSetTeamTheme      30021ee0 f   bg_saga.obj
 0001:00020f50       _BG_SiegeStripTabs         30021f50 f   bg_saga.obj
 0001:00020f90       _BG_SiegeTranslateForcePowers 30021f90 f   bg_saga.obj
 0001:000211b0       _BG_SiegeTranslateGenericTable 300221b0 f   bg_saga.obj
 0001:00021280       _BG_SiegeTranslateSkills   30022280 f   bg_saga.obj
 0001:000213e0       _PM_GroundSlideOkay        300223e0 f   bg_slidemove.obj
 0001:00021460       _PM_SlideMove              30022460 f   bg_slidemove.obj
 0001:00021cf0       _PM_StepSlideMove          30022cf0 f   bg_slidemove.obj
 0001:00022310       _PM_VehicleImpact          30023310 f   bg_slidemove.obj
 0001:00022950       _AttachRidersGeneric       30023950 f   bg_vehicleLoad.obj
 0001:00022a10       _BG_GetVehicleModelName    30023a10 f   bg_vehicleLoad.obj
 0001:00022a60       _BG_GetVehicleSkinName     30023a60 f   bg_vehicleLoad.obj
 0001:000231a0       _BG_SetSharedVehicleFunctions 300241a0 f   bg_vehicleLoad.obj
 0001:000231f0       _BG_VehicleClampData       300241f0 f   bg_vehicleLoad.obj
 0001:00023290       _BG_VehicleGetIndex        30024290 f   bg_vehicleLoad.obj
 0001:00023340       _BG_VehicleLoadParms       30024340 f   bg_vehicleLoad.obj
 0001:000237d0       _BG_VehicleSetDefaults     300247d0 f   bg_vehicleLoad.obj
 0001:00023880       _BG_VehicleUnloadParms     30024880 f   bg_vehicleLoad.obj
 0001:000238a0       _VEH_LoadVehWeapon         300248a0 f   bg_vehicleLoad.obj
 0001:00023a90       _VEH_LoadVehicle           30024a90 f   bg_vehicleLoad.obj
 0001:000242b0       _CGCam_Disable             300252b0 f   cg_camera.obj
 0001:00024370       _CGCam_DoFade              30025370 f   cg_camera.obj
 0001:000243f0       _CGCam_Fade                300253f0 f   cg_camera.obj
 0001:00024510       _CGCam_FollowUpdate        30025510 f   cg_camera.obj
 0001:00024970       _CGCam_RenderScene         30025970 f   cg_camera.obj
 0001:00024990       _CGCam_Shake               30025990 f   cg_camera.obj
 0001:000249c0       _CGCam_TrackUpdate         300259c0 f   cg_camera.obj
 0001:00024d90       _CGCam_Update              30025d90 f   cg_camera.obj
 0001:00025650       _CGCam_UpdateFade          30026650 f   cg_camera.obj
 0001:00025740       _CGCam_UpdateShake         30026740 f   cg_camera.obj
 0001:000258c0       _CGCam_UpdateSmooth        300268c0 f   cg_camera.obj
 0001:00025a20       _CGCam_Zoom                30026a20 f   cg_camera.obj
 0001:00025a80       _CG_CameraParse            30026a80 f   cg_camera.obj
 0001:000261e0       _CG_TargetCommand_f        300271e0 f   cg_consolecmds.obj
 0001:000266a0       _CG_ConsoleCommand         300276a0 f   cg_consolecmds.obj
 0001:000266e0       _CG_InitConsoleCommands    300276e0 f   cg_consolecmds.obj
 0001:000268e0       _CG_AddLagometerFrameInfo  300278e0 f   cg_draw.obj
 0001:00026910       _CG_AddLagometerSnapshotInfo 30027910 f   cg_draw.obj
 0001:00026970       _CG_BracketEntity          30027970 f   cg_draw.obj
 0001:00026fb0       _CG_CalcVehicleMuzzlePoint 30027fb0 f   cg_draw.obj
 0001:00027270       _CG_CenterPrint            30028270 f   cg_draw.obj
 0001:000272e0       _CG_ChatBox_AddString      300282e0 f   cg_draw.obj
 0001:00027460       _CG_ChatBox_ArrayInsert    30028460 f   cg_draw.obj
 0001:00027610       _CG_DottedLine             30028610 f   cg_draw.obj
 0001:00029c00       _CG_Draw3DModel            3002ac00 f   cg_draw.obj
 0001:00029d50       _CG_DrawActive             3002ad50 f   cg_draw.obj
 0001:0002a0f0       _CG_DrawArmor              3002b0f0 f   cg_draw.obj
 0001:0002b4a0       _CG_DrawDodge              3002c4a0 f   cg_draw.obj
 0001:0002b650       _CG_DrawDuelistHealth      3002c650 f   cg_draw.obj
 0001:0002bc70       _CG_DrawFlagModel          3002cc70 f   cg_draw.obj
 0001:0002bea0       _CG_DrawForcePower         3002cea0 f   cg_draw.obj
 0001:0002c060       _CG_DrawForceSelect        3002d060 f   cg_draw.obj
 0001:0002c1f0       _CG_DrawHUD                3002d1f0 f   cg_draw.obj
 0001:0002c6c0       _CG_DrawHealthBar          3002d6c0 f   cg_draw.obj
 0001:0002c850       _CG_DrawInvenSelect        3002d850 f   cg_draw.obj
 0001:0002d010       _CG_DrawRadar              3002e010 f   cg_draw.obj
 0001:0002e5f0       _CG_DrawSiegeInfo          3002f5f0 f   cg_draw.obj
 0001:0002e960       _CG_DrawSiegeMessage       3002f960 f   cg_draw.obj
 0001:0002e990       _CG_DrawSiegeMessageNonMenu 3002f990 f   cg_draw.obj
 0001:0002ee90       _CG_DrawTeamBackground     3002fe90 f   cg_draw.obj
 0001:0002fa20       _CG_DrawVehicleDamage      30030a20 f   cg_draw.obj
 0001:0002fb50       _CG_DrawVehicleDamageHUD   30030b50 f   cg_draw.obj
 0001:0002fe00       _CG_DrawVehicleHud         30030e00 f   cg_draw.obj
 0001:00031a90       _CG_InATST                 30032a90 f   cg_draw.obj
 0001:00031ad0       _CG_InFighter              30032ad0 f   cg_draw.obj
 0001:00031b10       _CG_SaberClashFlare        30032b10 f   cg_draw.obj
 0001:00032510       _CG_Text_Height            30033510 f   cg_draw.obj
 0001:00032560       _CG_Text_Paint             30033560 f   cg_draw.obj
 0001:00032610       _CG_Text_Width             30033610 f   cg_draw.obj
 0001:00032660       _CG_WorldCoordToScreenCoord 30033660 f   cg_draw.obj
 0001:000326a0       _CG_WorldCoordToScreenCoordFloat 300336a0 f   cg_draw.obj
 0001:000327d0       ___local_stdio_printf_options 300337d0 f i cg_draw.obj
 0001:000327e0       _sprintf                   300337e0 f i cg_draw.obj
 0001:00032820       _CG_ColorForHealth         30033820 f   cg_drawtools.obj
 0001:00032900       _CG_DrawBigString          30033900 f   cg_drawtools.obj
 0001:00032950       _CG_DrawChar               30033950 f   cg_drawtools.obj
 0001:00032a10       _CG_DrawNumField           30033a10 f   cg_drawtools.obj
 0001:00032d10       _CG_DrawPic                30033d10 f   cg_drawtools.obj
 0001:00032d70       _CG_DrawRect               30033d70 f   cg_drawtools.obj
 0001:00032f30       _CG_DrawRotatePic          30033f30 f   cg_drawtools.obj
 0001:00032fa0       _CG_DrawRotatePic2         30033fa0 f   cg_drawtools.obj
 0001:00033010       _CG_DrawSides              30034010 f   cg_drawtools.obj
 0001:000330f0       _CG_DrawSmallString        300340f0 f   cg_drawtools.obj
 0001:00033140       _CG_DrawStringExt          30034140 f   cg_drawtools.obj
 0001:000333c0       _CG_DrawStrlen             300343c0 f   cg_drawtools.obj
 0001:00033410       _CG_DrawTopBottom          30034410 f   cg_drawtools.obj
 0001:000334f0       _CG_FadeColor              300344f0 f   cg_drawtools.obj
 0001:00033570       _CG_FillRect               30034570 f   cg_drawtools.obj
 0001:000335f0       _CG_GetColorForHealth      300345f0 f   cg_drawtools.obj
 0001:000336c0       _CG_TileClear              300346c0 f   cg_drawtools.obj
 0001:00033950       _UI_DrawProportionalString 30034950 f   cg_drawtools.obj
 0001:00033a00       _UI_DrawScaledProportionalString 30034a00 f   cg_drawtools.obj
 0001:000341f0       _CG_Chunks                 300351f0 f   cg_effects.obj
 0001:000348c0       _CG_DoGlass                300358c0 f   cg_effects.obj
 0001:00034f10       _CG_GlassShatter           30035f10 f   cg_effects.obj
 0001:00034f70       _CG_InitGlass              30035f70 f   cg_effects.obj
 0001:00035030       _CG_MiscModelExplosion     30036030 f   cg_effects.obj
 0001:00035320       _CG_ScorePlum              30036320 f   cg_effects.obj
 0001:00035480       _CG_SmokePuff              30036480 f   cg_effects.obj
 0001:00035620       _CG_TestLine               30036620 f   cg_effects.obj
 0001:00035780       _CG_AddBracketedEnt        30036780 f   cg_ents.obj
 0001:00035e40       _CG_AddPacketEntities      30036e40 f   cg_ents.obj
 0001:00036190       _CG_AddRadarEnt            30037190 f   cg_ents.obj
 0001:000361c0       _CG_AdjustPositionForMover 300371c0 f   cg_ents.obj
 0001:000362b0       _CG_Beam                   300372b0 f   cg_ents.obj
 0001:00036360       _CG_CalcEntityLerpPositions 30037360 f   cg_ents.obj
 0001:00036580       _CG_Cube                   30037580 f   cg_ents.obj
 0001:00036760       _CG_Disintegration         30037760 f   cg_ents.obj
 0001:00038d90       _CG_GreyItem               30039d90 f   cg_ents.obj
 0001:00039a90       _CG_ManualEntityRender     3003aa90 f   cg_ents.obj
 0001:0003a960       _CG_PlayDoorLoopSound      3003b960 f   cg_ents.obj
 0001:0003aad0       _CG_PlayDoorSound          3003bad0 f   cg_ents.obj
 0001:0003ab20       _CG_PositionEntityOnTag    3003bb20 f   cg_ents.obj
 0001:0003ac50       _CG_PositionRotatedEntityOnTag 3003bc50 f   cg_ents.obj
 0001:0003ad80       _CG_ROFF_NotetrackCallback 3003bd80 f   cg_ents.obj
 0001:0003b190       _CG_S_AddRealLoopingSound  3003c190 f   cg_ents.obj
 0001:0003b250       _CG_S_StopLoopingSound     3003c250 f   cg_ents.obj
 0001:0003b2e0       _CG_S_UpdateLoopingSounds  3003c2e0 f   cg_ents.obj
 0001:0003b410       _CG_SetEntitySoundPosition 3003c410 f   cg_ents.obj
 0001:0003b4a0       _CG_SetGhoul2Info          3003c4a0 f   cg_ents.obj
 0001:0003b510       _FX_DrawPortableShield     3003c510 f   cg_ents.obj
 0001:0003b770       _ScaleModelAxis            3003c770 f   cg_ents.obj
 0001:0003b860       _CG_CalcVehMuzzle          3003c860 f   cg_event.obj
 0001:0003b980       _CG_CheckEvents            3003c980 f   cg_event.obj
 0001:0003ba00       _CG_EntityEvent            3003ca00 f   cg_event.obj
 0001:00040500       _CG_G2MarkEvent            30041500 f   cg_event.obj
 0001:000407c0       _CG_GetCTFMessageEvent     300417c0 f   cg_event.obj
 0001:00041590       _CG_PainEvent              30042590 f   cg_event.obj
 0001:00041610       _CG_PlaceString            30042610 f   cg_event.obj
 0001:000417b0       _CG_ReattachLimb           300427b0 f   cg_event.obj
 0001:000419b0       _DoFall                    300429b0 f   cg_event.obj
 0001:00041ad0       _CG_LoadHolsterData        30042ad0 f   cg_holster.obj
 0001:00041e50       _CG_DrawInformation        30042e50 f   cg_info.obj
 0001:000429d0       _CG_LoadingClient          300439d0 f   cg_info.obj
 0001:00042a60       _CG_LoadingItem            30043a60 f   cg_info.obj
 0001:00042b10       _CG_LoadingString          30043b10 f   cg_info.obj
 0001:00042b70       _CG_ClearLightStyles       30043b70 f   cg_light.obj
 0001:00042c60       _CG_RunLightStyles         30043c60 f   cg_light.obj
 0001:00042cf0       _CG_SetLightstyle          30043cf0 f   cg_light.obj
 0001:00042db0       _CG_AddFragment            30043db0 f   cg_localents.obj
 0001:000431e0       _CG_AddLocalEntities       300441e0 f   cg_localents.obj
 0001:00043c70       _CG_AddScorePlum           30044c70 f   cg_localents.obj
 0001:00044010       _CG_AllocLocalEntity       30045010 f   cg_localents.obj
 0001:000440e0       _CG_FreeLocalEntity        300450e0 f   cg_localents.obj
 0001:00044150       _CG_InitLocalEntities      30045150 f   cg_localents.obj
 0001:000441b0       _BG_GetTime                300451b0 f   cg_main.obj
 0001:000441c0       _CG_Argv                   300451c0 f   cg_main.obj
 0001:000441e0       _CG_Asset_Parse            300451e0 f   cg_main.obj
 0001:000446b0       _CG_BuildSpectatorString   300456b0 f   cg_main.obj
 0001:00044730       _CG_ConfigString           30045730 f   cg_main.obj
 0001:00044760       _CG_CreateModelFromSpawnEnt 30045760 f   cg_main.obj
 0001:000449d0       _CG_CrosshairPlayer        300459d0 f   cg_main.obj
 0001:00044d00       _CG_DrawMiscEnts           30045d00 f   cg_main.obj
 0001:00044e30       _CG_Error                  30045e30 f   cg_main.obj
 0001:000450d0       _CG_DeferMenuScript        300460d0 f   cg_newDraw.obj
 0001:000450d0       _ItemParse_isSaber         300460d0 f   ui_shared.obj
 0001:000450d0       _ItemParse_isSaber2        300460d0 f   ui_shared.obj
 0001:00045390       _CG_GetLocationString      30046390 f   cg_main.obj
 0001:000453c0       _CG_GetStringEdString      300463c0 f   cg_main.obj
 0001:00045470       _CG_Init                   30046470 f   cg_main.obj
 0001:000469f0       _CG_LastAttacker           300479f0 f   cg_main.obj
 0001:00046a10       _CG_LoadMenus              30047a10 f   cg_main.obj
 0001:00046c60       _CG_NewString              30047c60 f   cg_main.obj
 0001:00046d20       _CG_NextForcePower_f       30047d20 f   cg_main.obj
 0001:00046ea0       _CG_NextInventory_f        30047ea0 f   cg_main.obj
 0001:00046f40       _CG_NoUseableForce         30047f40 f   cg_main.obj
 0001:00047070       _CG_ParseSiegeState        30048070 f   cg_main.obj
 0001:00047130       _CG_ParseSpawnVars         30048130 f   cg_main.obj
 0001:00047310       _CG_ParseWeatherEffect     30048310 f   cg_main.obj
 0001:00047350       _CG_PrevForcePower_f       30048350 f   cg_main.obj
 0001:000474d0       _CG_PrevInventory_f        300484d0 f   cg_main.obj
 0001:00047570       _CG_Printf                 30048570 f   cg_main.obj
 0001:000475c0       _CG_RegisterCvars          300485c0 f   cg_main.obj
 0001:0004a1e0       _CG_SetScoreSelection      3004b1e0 f   cg_main.obj
 0001:0004a2a0       _CG_SiegeCountCvars        3004b2a0 f   cg_main.obj
 0001:0004a4e0       _CG_SpawnCGameEntFromVars  3004b4e0 f   cg_main.obj
 0001:0004a6a0       _CG_StartMusic             3004b6a0 f   cg_main.obj
 0001:0004a7a0       _CG_Text_PaintWithCursor   3004b7a0 f   cg_main.obj
 0001:0004a7f0       _CG_UpdateCvars            3004b7f0 f   cg_main.obj
 0001:0004a8e0       _Com_Error                 3004b8e0 f   cg_main.obj
 0001:0004a930       _Com_Printf                3004b930 f   cg_main.obj
 0001:0004a990       _vmMain                    3004b990 f   cg_main.obj
 0001:0004b430       _CG_AddMarks               3004c430 f   cg_marks.obj
 0001:0004b5c0       _CG_AddParticleToScene     3004c5c0 f   cg_marks.obj
 0001:0004d220       _CG_AddParticles           3004e220 f   cg_marks.obj
 0001:0004d620       _CG_AllocMark              3004e620 f   cg_marks.obj
 0001:0004d6e0       _CG_ClearParticles         3004e6e0 f   cg_marks.obj
 0001:0004d780       _CG_ImpactMark             3004e780 f   cg_marks.obj
 0001:0004dc90       _CG_InitMarkPolys          3004ec90 f   cg_marks.obj
 0001:0004dcf0       _CG_EventHandling          3004ecf0 f   cg_newDraw.obj
 0001:0004dd20       _CG_GameTypeString         3004ed20 f   cg_newDraw.obj
 0001:0004dd90       _CG_GetGameStatusText      3004ed90 f   cg_newDraw.obj
 0001:0004dea0       _CG_GetKillerText          3004eea0 f   cg_newDraw.obj
 0001:0004dee0       _CG_GetSelectedPlayer      3004eee0 f   cg_newDraw.obj
 0001:0004df00       _CG_GetTeamColor           3004ef00 f   cg_newDraw.obj
 0001:0004df70       _CG_GetValue               3004ef70 f   cg_newDraw.obj
 0001:0004e0e0       _CG_KeyEvent               3004f0e0 f   cg_newDraw.obj
 0001:0004e190       _CG_MouseEvent             3004f190 f   cg_newDraw.obj
 0001:0004e280       _CG_OtherTeamHasFlag       3004f280 f   cg_newDraw.obj
 0001:0004e2c0       _CG_OwnerDrawVisible       3004f2c0 f   cg_newDraw.obj
 0001:0004e470       _CG_StatusHandle           3004f470 f   cg_newDraw.obj
 0001:0004e4d0       _CG_YourTeamHasFlag        3004f4d0 f   cg_newDraw.obj
 0001:0004e510       _ApplyAxisRotation         3004f510 f   cg_players.obj
 0001:0004ea10       _CG_ActualLoadDeferredPlayers 3004fa10 f   cg_players.obj
 0001:0004edc0       _CG_AddGhoul2Mark          3004fdc0 f   cg_players.obj
 0001:0004efb0       _CG_AddRefEntityWithPowerups 3004ffb0 f   cg_players.obj
 0001:0004f030       _CG_AddSaberBlade          30050030 f   cg_players.obj
 0001:00050e10       _CG_CacheG2AnimInfo        30051e10 f   cg_players.obj
 0001:00050fe0       _CG_CheckThirdPersonAlpha  30051fe0 f   cg_players.obj
 0001:00051270       _CG_CleanJetpack2Ghoul2    30052270 f   cg_players.obj
 0001:000512a0       _CG_CleanJetpack3Ghoul2    300522a0 f   cg_players.obj
 0001:000512d0       _CG_CleanJetpack4Ghoul2    300522d0 f   cg_players.obj
 0001:00051300       _CG_CleanJetpack5Ghoul2    30052300 f   cg_players.obj
 0001:00051330       _CG_CleanJetpack6Ghoul2    30052330 f   cg_players.obj
 0001:00051360       _CG_CleanJetpack7Ghoul2    30052360 f   cg_players.obj
 0001:00051390       _CG_CleanJetpack8Ghoul2    30052390 f   cg_players.obj
 0001:000513c0       _CG_CleanJetpack9Ghoul2    300523c0 f   cg_players.obj
 0001:000513f0       _CG_CleanJetpackGhoul2     300523f0 f   cg_players.obj
 0001:00051720       _CG_CreateNPCClient        30052720 f   cg_players.obj
 0001:00051740       _CG_CreateSaberMarks       30052740 f   cg_players.obj
 0001:000522e0       _CG_CustomSound            300532e0 f   cg_players.obj
 0001:00052640       _CG_DestroyNPCClient       30053640 f   cg_players.obj
 0001:00052660       _CG_DoEp1Saber             30053660 f   cg_players.obj
 0001:00053dd0       _CG_DoEp2Saber             30054dd0 f   cg_players.obj
 0001:000556d0       _CG_DoEp3Saber             300566d0 f   cg_players.obj
 0001:00056f80       _CG_DoOTSaber              30057f80 f   cg_players.obj
 0001:00058710       _CG_DoSFXSaber             30059710 f   cg_players.obj
 0001:00059e30       _CG_DoSaber                3005ae30 f   cg_players.obj
 0001:0005a3f0       _CG_DoSaberLight           3005b3f0 f   cg_players.obj
 0001:0005a820       _CG_DrawPlayerSphere       3005b820 f   cg_players.obj
 0001:0005c1d0       _CG_G2AnimEntModelLoad     3005d1d0 f   cg_players.obj
 0001:0005c970       _CG_G2Animated             3005d970 f   cg_players.obj
 0001:0005d110       _CG_G2PlayerHeadAnims      3005e110 f   cg_players.obj
 0001:0005d4e0       _CG_G2ServerBoneAngles     3005e4e0 f   cg_players.obj
 0001:0005d720       _CG_G2SkelForModel         3005e720 f   cg_players.obj
 0001:0005d790       _CG_G2TraceCollide         3005e790 f   cg_players.obj
 0001:0005d950       _CG_HandleAppendedSkin     3005e950 f   cg_players.obj
 0001:0005da10       _CG_HolsteredWeaponRender  3005ea10 f   cg_players.obj
 0001:0005e040       _CG_InitJetpack2Ghoul2     3005f040 f   cg_players.obj
 0001:0005e0a0       _CG_InitJetpack3Ghoul2     3005f0a0 f   cg_players.obj
 0001:0005e100       _CG_InitJetpack4Ghoul2     3005f100 f   cg_players.obj
 0001:0005e160       _CG_InitJetpack5Ghoul2     3005f160 f   cg_players.obj
 0001:0005e1c0       _CG_InitJetpack6Ghoul2     3005f1c0 f   cg_players.obj
 0001:0005e220       _CG_InitJetpack7Ghoul2     3005f220 f   cg_players.obj
 0001:0005e280       _CG_InitJetpack8Ghoul2     3005f280 f   cg_players.obj
 0001:0005e2e0       _CG_InitJetpack9Ghoul2     3005f2e0 f   cg_players.obj
 0001:0005e340       _CG_InitJetpackGhoul2      3005f340 f   cg_players.obj
 0001:0005e3a0       _CG_IsMindTricked          3005f3a0 f   cg_players.obj
 0001:0005e410       _CG_LoadCISounds           3005f410 f   cg_players.obj
 0001:0005e820       _CG_LoadClientInfo         3005f820 f   cg_players.obj
 0001:0005eb60       _CG_LoadDeferredPlayers    3005fb60 f   cg_players.obj
 0001:0005eb70       _CG_NewClientInfo          3005fb70 f   cg_players.obj
 0001:0005fa00       _CG_ParseAnimationEvtFile  30060a00 f   cg_players.obj
 0001:0005fdc0       _CG_ParseScriptedSaber     30060dc0 f   cg_players.obj
 0001:0005fee0       _CG_ParseSurfsFile         30060ee0 f   cg_players.obj
 0001:00060110       _CG_Player                 30061110 f   cg_players.obj
 0001:00068190       _CG_PlayerAmbientEvents    30069190 f   cg_players.obj
 0001:000682e0       _CG_PlayerAnimEventDo      300692e0 f   cg_players.obj
 0001:00068810       _CG_PlayerAnimEvents       30069810 f   cg_players.obj
 0001:000690c0       _CG_PlayerShieldHit        3006a0c0 f   cg_players.obj
 0001:00069380       _CG_RadiusForCent          3006a380 f   cg_players.obj
 0001:00069400       _CG_RagDoll                3006a400 f   cg_players.obj
 0001:0006ad30       _CG_ResetPlayerEntity      3006bd30 f   cg_players.obj
 0001:0006b500       _CG_SaberCompWork          3006c500 f   cg_players.obj
 0001:0006c260       _CG_ThereIsAMaster         3006d260 f   cg_players.obj
 0001:0006cb60       _CG_VehicleShouldDrawShields 3006db60 f   cg_players.obj
 0001:0006cba0       _CG_VisualWeaponsUpdate    3006dba0 f   cg_players.obj
 0001:0006dca0       _FindGender                3006eca0 f   cg_players.obj
 0001:0006dd90       _ParseAnimationEvtBlock    3006ed90 f   cg_players.obj
 0001:0006e6d0       _ParseRGBSaber             3006f6d0 f   cg_players.obj
 0001:0006e720       _RGB_AdjustPimpSaberColor  3006f720 f   cg_players.obj
 0001:0006e8a0       _RGB_AdjustSciptedSaberColor 3006f8a0 f   cg_players.obj
 0001:0006e9f0       _RGB_RandomRGB             3006f9f0 f   cg_players.obj
 0001:0006ea50       _SmoothTrueView            3006fa50 f   cg_players.obj
 0001:0006f760       _CG_CheckLocalSounds       30070760 f   cg_playerstate.obj
 0001:0006f940       _CG_DamageFeedback         30070940 f   cg_playerstate.obj
 0001:0006fc70       _CG_Respawn                30070c70 f   cg_playerstate.obj
 0001:0006fcb0       _CG_TransitionPlayerState  30070cb0 f   cg_playerstate.obj
 0001:0006fed0       _CG_BuildSolidList         30070ed0 f   cg_predict.obj
 0001:000704e0       _CG_G2Trace                300714e0 f   cg_predict.obj
 0001:000708d0       _CG_PmoveClientPointerUpdate 300718d0 f   cg_predict.obj
 0001:00070960       _CG_PointContents          30071960 f   cg_predict.obj
 0001:000709e0       _CG_PredictPlayerState     300719e0 f   cg_predict.obj
 0001:00071e60       _CG_Trace                  30072e60 f   cg_predict.obj
 0001:00071ef0       _CG_UsingEWeb              30072ef0 f   cg_predict.obj
 0001:00071fc0       _CG_AdjustEyePos           30072fc0 f   cg_saga.obj
 0001:00072030       _CG_InitSiegeMode          30073030 f   cg_saga.obj
 0001:000726c0       _CG_ParseSiegeExtendedData 300736c0 f   cg_saga.obj
 0001:00072860       _CG_ParseSiegeObjectiveStatus 30073860 f   cg_saga.obj
 0001:00072af0       _CG_PrecachePlayersForSiegeTeam 30073af0 f   cg_saga.obj
 0001:00072c10       _CG_PrecacheSiegeObjectiveAssetsForTeam 30073c10 f   cg_saga.obj
 0001:00072de0       _CG_SetSiegeTimerCvar      30073de0 f   cg_saga.obj
 0001:00072e50       _CG_SiegeBriefingDisplay   30073e50 f   cg_saga.obj
 0001:00073280       _CG_SiegeGetObjectiveDescription 30074280 f   cg_saga.obj
 0001:00073320       _CG_SiegeGetObjectiveFinal 30074320 f   cg_saga.obj
 0001:000733d0       _CG_SiegeObjectiveCompleted 300743d0 f   cg_saga.obj
 0001:00073580       _CG_SiegeRoundOver         30074580 f   cg_saga.obj
 0001:000736d0       _CG_TrueViewInit           300746d0 f   cg_saga.obj
 0001:00073760       _siege_Cvar_Set            30074760 f   cg_saga.obj
 0001:000738a0       _siege_Cvar_VariableStringBuffer 300748a0 f   cg_saga.obj
 0001:00073970       _siegecvarlist             30074970 f   cg_saga.obj
 0001:00074030       _CG_DrawOldScoreboard      30075030 f   cg_scoreboard.obj
 0001:00074930       _CG_GetClassCount          30075930 f   cg_scoreboard.obj
 0001:00074990       _CG_GetTeamCount           30075990 f   cg_scoreboard.obj
 0001:000749e0       _CG_GetTeamNonScoreCount   300759e0 f   cg_scoreboard.obj
 0001:00074d40       _CG_CheckSVStringEdRef     30075d40 f   cg_servercmds.obj
 0001:00075710       _CG_ExecuteNewServerCommands 30076710 f   cg_servercmds.obj
 0001:00075750       _CG_HandleNPCSounds        30076750 f   cg_servercmds.obj
 0001:00075c00       _CG_KillCEntityG2          30076c00 f   cg_servercmds.obj
 0001:00075d90       _CG_KillCEntityInstances   30076d90 f   cg_servercmds.obj
 0001:000761e0       _CG_ParseServerinfo        300771e0 f   cg_servercmds.obj
 0001:000765e0       _CG_PrecacheNPCSounds      300775e0 f   cg_servercmds.obj
 0001:00077730       _CG_SetConfigValues        30078730 f   cg_servercmds.obj
 0001:00077860       _CG_ShaderStateChanged     30078860 f   cg_servercmds.obj
 0001:000779d0       _CG_ProcessSnapshots       300789d0 f   cg_snapshot.obj
 0001:000780a0       _strap_G2API_AnimateG2Models 300790a0 f   cg_strap.obj
 0001:000780b0       _strap_G2API_GetBoltMatrix 300790b0 f   cg_strap.obj
 0001:000780c0       _strap_G2API_GetBoltMatrix_NoRecNoRot 300790c0 f   cg_strap.obj
 0001:000780d0       _strap_G2API_GetBoneAnim   300790d0 f   cg_strap.obj
 0001:000780e0       _strap_G2API_IKMove        300790e0 f   cg_strap.obj
 0001:000780f0       _strap_G2API_SetBoneAngles 300790f0 f   cg_strap.obj
 0001:00078100       _strap_G2API_SetBoneAnim   30079100 f   cg_strap.obj
 0001:00078140       _strap_G2API_SetBoneIKState 30079140 f   cg_strap.obj
 0001:00078150       _dllEntry                  30079150 f   cg_syscalls.obj
 0001:00078160       _trap_AS_AddPrecacheEntry  30079160 f   cg_syscalls.obj
 0001:00078180       _trap_AS_GetBModelSound    30079180 f   cg_syscalls.obj
 0001:000781a0       _trap_AS_ParseSets         300791a0 f   cg_syscalls.obj
 0001:000781b0       _trap_AddCommand           300791b0 f   cg_syscalls.obj
 0001:000781d0       _trap_AnyLanguage_ReadCharFromString 300791d0 f   cg_syscalls.obj
 0001:000781f0       _trap_Argc                 300791f0 f   cg_syscalls.obj
 0001:00078200       _trap_Args                 30079200 f   cg_syscalls.obj
 0001:00078220       _trap_Argv                 30079220 f   cg_syscalls.obj
 0001:00078240       _trap_CG_RegisterSharedMemory 30079240 f   cg_syscalls.obj
 0001:00078260       _trap_CIN_DrawCinematic    30079260 f   cg_syscalls.obj
 0001:00078280       _trap_CIN_PlayCinematic    30079280 f   cg_syscalls.obj
 0001:000782b0       _trap_CIN_RunCinematic     300792b0 f   cg_syscalls.obj
 0001:000782d0       _trap_CIN_SetExtents       300792d0 f   cg_syscalls.obj
 0001:00078300       _trap_CIN_StopCinematic    30079300 f   cg_syscalls.obj
 0001:00078320       _trap_CM_BoxTrace          30079320 f   cg_syscalls.obj
 0001:00078350       _trap_CM_InlineModel       30079350 f   cg_syscalls.obj
 0001:00078370       _trap_CM_LoadMap           30079370 f   cg_syscalls.obj
 0001:00078390       _trap_CM_MarkFragments     30079390 f   cg_syscalls.obj
 0001:000783c0       _trap_CM_NumInlineModels   300793c0 f   cg_syscalls.obj
 0001:000783d0       _trap_CM_PointContents     300793d0 f   cg_syscalls.obj
 0001:000783f0       _trap_CM_RegisterTerrain   300793f0 f   cg_syscalls.obj
 0001:00078410       _trap_CM_TempBoxModel      30079410 f   cg_syscalls.obj
 0001:00078430       _trap_CM_TransformedBoxTrace 30079430 f   cg_syscalls.obj
 0001:00078460       _trap_CM_TransformedPointContents 30079460 f   cg_syscalls.obj
 0001:00078480       _trap_Cvar_Register        30079480 f   cg_syscalls.obj
 0001:000784a0       _trap_Cvar_Set             300794a0 f   cg_syscalls.obj
 0001:000784c0       _trap_Cvar_Update          300794c0 f   cg_syscalls.obj
 0001:000784e0       _trap_Cvar_VariableStringBuffer 300794e0 f   cg_syscalls.obj
 0001:00078500       _trap_Error                30079500 f   cg_syscalls.obj
 0001:00078520       _trap_FS_FCloseFile        30079520 f   cg_syscalls.obj
 0001:00078540       _trap_FS_FOpenFile         30079540 f   cg_syscalls.obj
 0001:00078560       _trap_FS_GetFileList       30079560 f   cg_syscalls.obj
 0001:00078580       _trap_FS_Read              30079580 f   cg_syscalls.obj
 0001:000785a0       _trap_FX_AddBezier         300795a0 f   cg_syscalls.obj
 0001:000785c0       _trap_FX_AddElectricity    300795c0 f   cg_syscalls.obj
 0001:000785e0       _trap_FX_AddLine           300795e0 f   cg_syscalls.obj
 0001:00078670       _trap_FX_AddPoly           30079670 f   cg_syscalls.obj
 0001:00078690       _trap_FX_AddPrimitive      30079690 f   cg_syscalls.obj
 0001:000786b0       _trap_FX_AddScheduledEffects 300796b0 f   cg_syscalls.obj
 0001:00078700       _trap_FX_AddSprite         30079700 f   cg_syscalls.obj
 0001:00078720       _trap_FX_AdjustTime        30079720 f   cg_syscalls.obj
 0001:00078740       _trap_FX_FreeSystem        30079740 f   cg_syscalls.obj
 0001:00078750       _trap_FX_InitSystem        30079750 f   cg_syscalls.obj
 0001:00078770       _trap_FX_PlayBoltedEffectID 30079770 f   cg_syscalls.obj
 0001:000787a0       _trap_FX_PlayEffectID      300797a0 f   cg_syscalls.obj
 0001:000787d0       _trap_FX_PlayEntityEffectID 300797d0 f   cg_syscalls.obj
 0001:00078800       _trap_FX_PlayPortalEffectID 30079800 f   cg_syscalls.obj
 0001:00078820       _trap_FX_RegisterEffect    30079820 f   cg_syscalls.obj
 0001:00078840       _trap_G2API_AbsurdSmoothing 30079840 f   cg_syscalls.obj
 0001:00078860       _trap_G2API_AddBolt        30079860 f   cg_syscalls.obj
 0001:00078880       _trap_G2API_AddSkinGore    30079880 f   cg_syscalls.obj
 0001:000788a0       _trap_G2API_AnimateG2Models 300798a0 f   cg_syscalls.obj
 0001:000788c0       _trap_G2API_AttachInstanceToEntNum 300798c0 f   cg_syscalls.obj
 0001:000788e0       _trap_G2API_CleanGhoul2Models 300798e0 f   cg_syscalls.obj
 0001:00078900       _trap_G2API_ClearAttachedInstance 30079900 f   cg_syscalls.obj
 0001:00078920       _trap_G2API_ClearSkinGore  30079920 f   cg_syscalls.obj
 0001:00078940       _trap_G2API_CollisionDetect 30079940 f   cg_syscalls.obj
 0001:00078990       _trap_G2API_CollisionDetectCache 30079990 f   cg_syscalls.obj
 0001:000789e0       _trap_G2API_CopySpecificGhoul2Model 300799e0 f   cg_syscalls.obj
 0001:00078a00       _trap_G2API_DuplicateGhoul2Instance 30079a00 f   cg_syscalls.obj
 0001:00078a20       _trap_G2API_GetBoltMatrix  30079a20 f   cg_syscalls.obj
 0001:00078a50       _trap_G2API_GetBoltMatrix_NoRecNoRot 30079a50 f   cg_syscalls.obj
 0001:00078a80       _trap_G2API_GetBoneAnim    30079a80 f   cg_syscalls.obj
 0001:00078ac0       _trap_G2API_GetBoneFrame   30079ac0 f   cg_syscalls.obj
 0001:00078af0       _trap_G2API_GetGLAName     30079af0 f   cg_syscalls.obj
 0001:00078b10       _trap_G2API_GetNumGoreMarks 30079b10 f   cg_syscalls.obj
 0001:00078b30       _trap_G2API_GetSurfaceRenderStatus 30079b30 f   cg_syscalls.obj
 0001:00078b50       _trap_G2API_HasGhoul2ModelOnIndex 30079b50 f   cg_syscalls.obj
 0001:00078b70       _trap_G2API_IKMove         30079b70 f   cg_syscalls.obj
 0001:00078b90       _trap_G2API_InitGhoul2Model 30079b90 f   cg_syscalls.obj
 0001:00078bc0       _trap_G2API_RagEffectorGoal 30079bc0 f   cg_syscalls.obj
 0001:00078be0       _trap_G2API_RagEffectorKick 30079be0 f   cg_syscalls.obj
 0001:00078c00       _trap_G2API_RagForceSolve  30079c00 f   cg_syscalls.obj
 0001:00078c20       _trap_G2API_RagPCJConstraint 30079c20 f   cg_syscalls.obj
 0001:00078c40       _trap_G2API_RagPCJGradientSpeed 30079c40 f   cg_syscalls.obj
 0001:00078c70       _trap_G2API_RemoveGhoul2Model 30079c70 f   cg_syscalls.obj
 0001:00078c90       _trap_G2API_SetBoltInfo    30079c90 f   cg_syscalls.obj
 0001:00078cb0       _trap_G2API_SetBoneAngles  30079cb0 f   cg_syscalls.obj
 0001:00078cf0       _trap_G2API_SetBoneAnim    30079cf0 f   cg_syscalls.obj
 0001:00078d40       _trap_G2API_SetBoneIKState 30079d40 f   cg_syscalls.obj
 0001:00078d70       _trap_G2API_SetNewOrigin   30079d70 f   cg_syscalls.obj
 0001:00078d90       _trap_G2API_SetRagDoll     30079d90 f   cg_syscalls.obj
 0001:00078db0       _trap_G2API_SetRootSurface 30079db0 f   cg_syscalls.obj
 0001:00078dd0       _trap_G2API_SetSkin        30079dd0 f   cg_syscalls.obj
 0001:00078df0       _trap_G2API_SetSurfaceOnOff 30079df0 f   cg_syscalls.obj
 0001:00078e10       _trap_G2API_SkinlessModel  30079e10 f   cg_syscalls.obj
 0001:00078e30       _trap_G2_HaveWeGhoul2Models 30079e30 f   cg_syscalls.obj
 0001:00078e50       _trap_GetCurrentCmdNumber  30079e50 f   cg_syscalls.obj
 0001:00078e60       _trap_GetCurrentSnapshotNumber 30079e60 f   cg_syscalls.obj
 0001:00078e80       _trap_GetDefaultState      30079e80 f   cg_syscalls.obj
 0001:00078ea0       _trap_GetEntityToken       30079ea0 f   cg_syscalls.obj
 0001:00078ec0       _trap_GetGameState         30079ec0 f   cg_syscalls.obj
 0001:00078ee0       _trap_GetGlconfig          30079ee0 f   cg_syscalls.obj
 0001:00078f00       _trap_GetServerCommand     30079f00 f   cg_syscalls.obj
 0001:00078f20       _trap_GetSnapshot          30079f20 f   cg_syscalls.obj
 0001:00078f40       _trap_GetUserCmd           30079f40 f   cg_syscalls.obj
 0001:00078f60       _trap_Key_GetCatcher       30079f60 f   cg_syscalls.obj
 0001:00078f70       _trap_Key_SetCatcher       30079f70 f   cg_syscalls.obj
 0001:00078f90       _trap_Language_IsAsian     30079f90 f   cg_syscalls.obj
 0001:00078fa0       _trap_Language_UsesSpaces  30079fa0 f   cg_syscalls.obj
 0001:00078fb0       _trap_Milliseconds         30079fb0 f   cg_syscalls.obj
 0001:00078fc0       _trap_OpenUIMenu           30079fc0 f   cg_syscalls.obj
 0001:00078fe0       _trap_PC_FreeSource        30079fe0 f   cg_syscalls.obj
 0001:00079000       _trap_PC_LoadSource        3007a000 f   cg_syscalls.obj
 0001:00079020       _trap_PC_ReadToken         3007a020 f   cg_syscalls.obj
 0001:00079040       _trap_PC_SourceFileAndLine 3007a040 f   cg_syscalls.obj
 0001:00079060       _trap_Print                3007a060 f   cg_syscalls.obj
 0001:00079080       _trap_RE_InitRendererTerrain 3007a080 f   cg_syscalls.obj
 0001:000790a0       _trap_RMG_Init             3007a0a0 f   cg_syscalls.obj
 0001:000790c0       _trap_ROFF_Clean           3007a0c0 f   cg_syscalls.obj
 0001:000790d0       _trap_ROFF_Play            3007a0d0 f   cg_syscalls.obj
 0001:000790f0       _trap_ROFF_UpdateEntities  3007a0f0 f   cg_syscalls.obj
 0001:00079100       _trap_R_AddDecalToScene    3007a100 f   cg_syscalls.obj
 0001:00079170       _trap_R_AddLightToScene    3007a170 f   cg_syscalls.obj
 0001:000791c0       _trap_R_AddPolyToScene     3007a1c0 f   cg_syscalls.obj
 0001:000791e0       _trap_R_AddRefEntityToScene 3007a1e0 f   cg_syscalls.obj
 0001:00079200       _trap_R_AutomapElevAdj     3007a200 f   cg_syscalls.obj
 0001:00079220       _trap_R_ClearDecals        3007a220 f   cg_syscalls.obj
 0001:00079230       _trap_R_ClearScene         3007a230 f   cg_syscalls.obj
 0001:00079240       _trap_R_DrawRotatePic      3007a240 f   cg_syscalls.obj
 0001:000792d0       _trap_R_DrawRotatePic2     3007a2d0 f   cg_syscalls.obj
 0001:00079360       _trap_R_DrawStretchPic     3007a360 f   cg_syscalls.obj
 0001:000793e0       _trap_R_Font_DrawString    3007a3e0 f   cg_syscalls.obj
 0001:00079410       _trap_R_Font_HeightPixels  3007a410 f   cg_syscalls.obj
 0001:00079430       _trap_R_Font_StrLenChars   3007a430 f   cg_syscalls.obj
 0001:00079450       _trap_R_Font_StrLenPixels  3007a450 f   cg_syscalls.obj
 0001:00079490       _trap_R_GetBModelVerts     3007a490 f   cg_syscalls.obj
 0001:000794b0       _trap_R_GetDistanceCull    3007a4b0 f   cg_syscalls.obj
 0001:000794d0       _trap_R_GetRealRes         3007a4d0 f   cg_syscalls.obj
 0001:000794f0       _trap_R_InitWireframeAutomap 3007a4f0 f   cg_syscalls.obj
 0001:00079500       _trap_R_LerpTag            3007a500 f   cg_syscalls.obj
 0001:00079530       _trap_R_LoadWorldMap       3007a530 f   cg_syscalls.obj
 0001:00079550       _trap_R_ModelBounds        3007a550 f   cg_syscalls.obj
 0001:00079570       _trap_R_RegisterFont       3007a570 f   cg_syscalls.obj
 0001:00079590       _trap_R_RegisterModel      3007a590 f   cg_syscalls.obj
 0001:000795b0       _trap_R_RegisterShader     3007a5b0 f   cg_syscalls.obj
 0001:000795d0       _trap_R_RegisterShaderNoMip 3007a5d0 f   cg_syscalls.obj
 0001:000795f0       _trap_R_RegisterSkin       3007a5f0 f   cg_syscalls.obj
 0001:00079610       _trap_R_RemapShader        3007a610 f   cg_syscalls.obj
 0001:00079630       _trap_R_RenderScene        3007a630 f   cg_syscalls.obj
 0001:00079650       _trap_R_SetColor           3007a650 f   cg_syscalls.obj
 0001:00079670       _trap_R_SetLightStyle      3007a670 f   cg_syscalls.obj
 0001:00079690       _trap_R_SetRangeFog        3007a690 f   cg_syscalls.obj
 0001:000796b0       _trap_R_SetRefractProp     3007a6b0 f   cg_syscalls.obj
 0001:000796f0       _trap_R_WeatherContentsOverride 3007a6f0 f   cg_syscalls.obj
 0001:00079710       _trap_R_WorldEffectCommand 3007a710 f   cg_syscalls.obj
 0001:00079730       _trap_R_inPVS              3007a730 f   cg_syscalls.obj
 0001:00079750       _trap_SP_GetStringTextString 3007a750 f   cg_syscalls.obj
 0001:00079770       _trap_S_AddLocalSet        3007a770 f   cg_syscalls.obj
 0001:00079790       _trap_S_AddLoopingSound    3007a790 f   cg_syscalls.obj
 0001:000797b0       _trap_S_AddRealLoopingSound 3007a7b0 f   cg_syscalls.obj
 0001:000797d0       _trap_S_ClearLoopingSounds 3007a7d0 f   cg_syscalls.obj
 0001:000797e0       _trap_S_GetVoiceVolume     3007a7e0 f   cg_syscalls.obj
 0001:00079800       _trap_S_MuteSound          3007a800 f   cg_syscalls.obj
 0001:00079820       _trap_S_RegisterSound      3007a820 f   cg_syscalls.obj
 0001:00079840       _trap_S_Respatialize       3007a840 f   cg_syscalls.obj
 0001:00079860       _trap_S_ShutUp             3007a860 f   cg_syscalls.obj
 0001:00079880       _trap_S_StartBackgroundTrack 3007a880 f   cg_syscalls.obj
 0001:000798a0       _trap_S_StartLocalSound    3007a8a0 f   cg_syscalls.obj
 0001:000798c0       _trap_S_StartSound         3007a8c0 f   cg_syscalls.obj
 0001:000798e0       _trap_S_StopBackgroundTrack 3007a8e0 f   cg_syscalls.obj
 0001:000798f0       _trap_S_UpdateAmbientSet   3007a8f0 f   cg_syscalls.obj
 0001:00079910       _trap_S_UpdateEntityPosition 3007a910 f   cg_syscalls.obj
 0001:00079930       _trap_SendClientCommand    3007a930 f   cg_syscalls.obj
 0001:00079950       _trap_SendConsoleCommand   3007a950 f   cg_syscalls.obj
 0001:00079970       _trap_SetClientForceAngle  3007a970 f   cg_syscalls.obj
 0001:00079990       _trap_SetUserCmdValue      3007a990 f   cg_syscalls.obj
 0001:000799f0       _trap_SnapVector           3007a9f0 f   cg_syscalls.obj
 0001:00079a10       _trap_TrueFree             3007aa10 f   cg_syscalls.obj
 0001:00079a30       _trap_TrueMalloc           3007aa30 f   cg_syscalls.obj
 0001:00079a50       _trap_UpdateScreen         3007aa50 f   cg_syscalls.obj
 0001:00079a60       _trap_WE_AddWeatherZone    3007aa60 f   cg_syscalls.obj
 0001:00079a80       _CreepToPosition           3007aa80 f   cg_turret.obj
 0001:00079c00       _TurretClientRun           3007ac00 f   cg_turret.obj
 0001:00079f90       _CGCam_SetMusicMult        3007af90 f   cg_view.obj
 0001:00079fd0       _CG_AddBufferedSound       3007afd0 f   cg_view.obj
 0001:0007a140       _CG_CalcFOVFromX           3007b140 f   cg_view.obj
 0001:0007ae30       _CG_CalcVrect              3007be30 f   cg_view.obj
 0001:0007af00       _CG_DoCameraShake          3007bf00 f   cg_view.obj
 0001:0007af90       _CG_DrawActiveFrame        3007bf90 f   cg_view.obj
 0001:0007bc30       _CG_DrawAutoMap            3007cc30 f   cg_view.obj
 0001:0007c1b0       _CG_DrawSkyBoxPortal       3007d1b0 f   cg_view.obj
 0001:0007c620       _CG_GetVehicleCamPos       3007d620 f   cg_view.obj
 0001:0007d550       _CG_TestGun_f              3007e550 f   cg_view.obj
 0001:0007d6a0       _CG_TestModelNextFrame_f   3007e6a0 f   cg_view.obj
 0001:0007d6c0       _CG_TestModelNextSkin_f    3007e6c0 f   cg_view.obj
 0001:0007d6e0       _CG_TestModelPrevFrame_f   3007e6e0 f   cg_view.obj
 0001:0007d720       _CG_TestModelPrevSkin_f    3007e720 f   cg_view.obj
 0001:0007d760       _CG_TestModel_f            3007e760 f   cg_view.obj
 0001:0007dfb0       _CheckCameraLocation       3007efb0 f   cg_view.obj
 0001:0007e030       _CG_RegisterWeapon         3007f030 f   cg_weaponinit.obj
 0001:00080540       _CG_AddPlayerWeapon        30081540 f   cg_weapons.obj
 0001:00081ef0       _CG_AddViewWeapon          30082ef0 f   cg_weapons.obj
 0001:00082470       _CG_CalcMuzzlePoint        30083470 f   cg_weapons.obj
 0001:000829e0       _CG_CheckPlayerG2Weapons   300839e0 f   cg_weapons.obj
 0001:00082cd0       _CG_CopyG2WeaponInstance   30083cd0 f   cg_weapons.obj
 0001:00082e70       _CG_DrawIconBackground     30083e70 f   cg_weapons.obj
 0001:00082fc0       _CG_DrawWeaponSelect       30083fc0 f   cg_weapons.obj
 0001:00083340       _CG_FireWeapon             30084340 f   cg_weapons.obj
 0001:000835f0       _CG_G2HolsterWeaponInstance 300845f0 f   cg_weapons.obj
 0001:00083660       _CG_G2WeaponInstance       30084660 f   cg_weapons.obj
 0001:00083720       _CG_G2WeaponInstance2      30084720 f   cg_weapons.obj
 0001:000837e0       _CG_GetClientWeaponMuzzleBoltPoint 300847e0 f   cg_weapons.obj
 0001:00083890       _CG_InitG2Weapons          30084890 f   cg_weapons.obj
 0001:00084460       _CG_MissileHitPlayer       30085460 f   cg_weapons.obj
 0001:000845f0       _CG_MissileHitPlayer2      300855f0 f   cg_weapons.obj
 0001:00084780       _CG_MissileHitPlayer3      30085780 f   cg_weapons.obj
 0001:00084910       _CG_MissileHitPlayer4      30085910 f   cg_weapons.obj
 0001:00084aa0       _CG_MissileHitPlayer5      30085aa0 f   cg_weapons.obj
 0001:00084c30       _CG_MissileHitPlayer6      30085c30 f   cg_weapons.obj
 0001:00084dc0       _CG_MissileHitWall         30085dc0 f   cg_weapons.obj
 0001:00084f70       _CG_MissileHitWall2        30085f70 f   cg_weapons.obj
 0001:00085100       _CG_MissileHitWall3        30086100 f   cg_weapons.obj
 0001:00085290       _CG_MissileHitWall4        30086290 f   cg_weapons.obj
 0001:00085420       _CG_MissileHitWall5        30086420 f   cg_weapons.obj
 0001:000855b0       _CG_MissileHitWall6        300865b0 f   cg_weapons.obj
 0001:00085740       _CG_NextWeapon_f           30086740 f   cg_weapons.obj
 0001:00085860       _CG_PrevWeapon_f           30086860 f   cg_weapons.obj
 0001:00085930       _CG_RegisterItemVisuals    30086930 f   cg_weapons.obj
 0001:00085ad0       _CG_ShutDownG2Weapons      30086ad0 f   cg_weapons.obj
 0001:00085b80       _CG_VehicleWeaponImpact    30086b80 f   cg_weapons.obj
 0001:00085bf0       _CG_WeaponClean_f          30086bf0 f   cg_weapons.obj
 0001:00085db0       _CG_Weapon_f               30086db0 f   cg_weapons.obj
 0001:00085f70       _BG_FighterUpdate          30086f70 f   FighterNPC.obj
 0001:000862d0       _FighterIsLanding          300872d0 f   FighterNPC.obj
 0001:00086410       _FighterOverValidLandingSurface 30087410 f   FighterNPC.obj
 0001:00086450       _FighterYawAdjust          30087450 f   FighterNPC.obj
 0001:00086510       _G_SetFighterVehicleFunctions 30087510 f   FighterNPC.obj
 0001:00087aa0       _FX_BlasterProjectileThink 30088aa0 f   fx_blaster.obj
 0001:00087aa0       _FX_BlasterProjectileThink6 30088aa0 f   fx_blaster.obj
 0001:00087aa0       _FX_BowcasterAltProjectileThink2 30088aa0 f   fx_bowcaster.obj
 0001:00087aa0       _FX_BowcasterProjectileThink2 30088aa0 f   fx_bowcaster.obj
 0001:00087aa0       _FX_BryarOldProjectileThink3 30088aa0 f   fx_bryarpistol.obj
 0001:00087aa0       _FX_BryarOldProjectileThink4 30088aa0 f   fx_bryarpistol.obj
 0001:00087aa0       _FX_BryarProjectileThink6  30088aa0 f   fx_bryarpistol.obj
 0001:00087b00       _FX_BlasterProjectileThink2 30088b00 f   fx_blaster.obj
 0001:00087b00       _FX_BowcasterAltProjectileThink 30088b00 f   fx_bowcaster.obj
 0001:00087b00       _FX_BowcasterProjectileThink 30088b00 f   fx_bowcaster.obj
 0001:00087b00       _FX_BryarOldProjectileThink 30088b00 f   fx_bryarpistol.obj
 0001:00087b00       _FX_BryarProjectileThink2  30088b00 f   fx_bryarpistol.obj
 0001:00087b60       _FX_BlasterProjectileThink3 30088b60 f   fx_blaster.obj
 0001:00087b60       _FX_BowcasterAltProjectileThink3 30088b60 f   fx_bowcaster.obj
 0001:00087b60       _FX_BowcasterProjectileThink3 30088b60 f   fx_bowcaster.obj
 0001:00087b60       _FX_BryarProjectileThink3  30088b60 f   fx_bryarpistol.obj
 0001:00087bc0       _FX_BlasterProjectileThink4 30088bc0 f   fx_blaster.obj
 0001:00087bc0       _FX_BowcasterAltProjectileThink6 30088bc0 f   fx_bowcaster.obj
 0001:00087bc0       _FX_BowcasterProjectileThink6 30088bc0 f   fx_bowcaster.obj
 0001:00087bc0       _FX_BryarOldProjectileThink2 30088bc0 f   fx_bryarpistol.obj
 0001:00087bc0       _FX_BryarOldProjectileThink6 30088bc0 f   fx_bryarpistol.obj
 0001:00087bc0       _FX_BryarProjectileThink   30088bc0 f   fx_bryarpistol.obj
 0001:00087bc0       _FX_ConcussionProjectileThink5 30088bc0 f   fx_bryarpistol.obj
 0001:00087c20       _FX_BlasterProjectileThink5 30088c20 f   fx_blaster.obj
 0001:00087c20       _FX_BowcasterAltProjectileThink5 30088c20 f   fx_bowcaster.obj
 0001:00087c20       _FX_BowcasterProjectileThink5 30088c20 f   fx_bowcaster.obj
 0001:00087c20       _FX_BryarProjectileThink5  30088c20 f   fx_bryarpistol.obj
 0001:00087c80       _FX_BlasterWeaponHitPlayer 30088c80 f   fx_blaster.obj
 0001:00087c80       _FX_BowcasterHitPlayer     30088c80 f   fx_bowcaster.obj
 0001:00087c80       _FX_BryarAltHitPlayer      30088c80 f   fx_bryarpistol.obj
 0001:00087c80       _FX_BryarHitPlayer         30088c80 f   fx_bryarpistol.obj
 0001:00087c80       _FX_BryarOldAltHitPlayer   30088c80 f   fx_bryarpistol.obj
 0001:00087c80       _FX_BryarOldHitPlayer      30088c80 f   fx_bryarpistol.obj
 0001:00087c80       _FX_TurretHitPlayer        30088c80 f   fx_bryarpistol.obj
 0001:00087ca0       _FX_BlasterWeaponHitWall   30088ca0 f   fx_blaster.obj
 0001:00087ca0       _FX_BowcasterHitWall       30088ca0 f   fx_bowcaster.obj
 0001:00087ca0       _FX_BryarAltHitWall        30088ca0 f   fx_bryarpistol.obj
 0001:00087ca0       _FX_BryarHitWall           30088ca0 f   fx_bryarpistol.obj
 0001:00087ca0       _FX_BryarOldAltHitWall     30088ca0 f   fx_bryarpistol.obj
 0001:00087ca0       _FX_BryarOldHitWall        30088ca0 f   fx_bryarpistol.obj
 0001:00087ca0       _FX_TurretHitWall          30088ca0 f   fx_bryarpistol.obj
 0001:00087cc0       _FX_BowcasterAltProjectileThink4 30088cc0 f   fx_bowcaster.obj
 0001:00087cc0       _FX_BowcasterProjectileThink4 30088cc0 f   fx_bowcaster.obj
 0001:00087cc0       _FX_BryarProjectileThink4  30088cc0 f   fx_bryarpistol.obj
 0001:00087d20       _FX_BryarAltProjectileThink 30088d20 f   fx_bryarpistol.obj
 0001:00087d20       _FX_BryarOldAltProjectileThink2 30088d20 f   fx_bryarpistol.obj
 0001:00087d20       _FX_BryarOldAltProjectileThink6 30088d20 f   fx_bryarpistol.obj
 0001:00087db0       _FX_BryarAltProjectileThink2 30088db0 f   fx_bryarpistol.obj
 0001:00087db0       _FX_BryarOldAltProjectileThink 30088db0 f   fx_bryarpistol.obj
 0001:00087e40       _FX_BryarAltProjectileThink3 30088e40 f   fx_bryarpistol.obj
 0001:00087ed0       _FX_BryarAltProjectileThink4 30088ed0 f   fx_bryarpistol.obj
 0001:00087f60       _FX_BryarAltProjectileThink5 30088f60 f   fx_bryarpistol.obj
 0001:00087ff0       _FX_BryarAltProjectileThink6 30088ff0 f   fx_bryarpistol.obj
 0001:00087ff0       _FX_BryarOldAltProjectileThink3 30088ff0 f   fx_bryarpistol.obj
 0001:00087ff0       _FX_BryarOldAltProjectileThink4 30088ff0 f   fx_bryarpistol.obj
 0001:00088080       _FX_BryarOldAltProjectileThink5 30089080 f   fx_bryarpistol.obj
 0001:00088110       _FX_BryarOldProjectileThink5 30089110 f   fx_bryarpistol.obj
 0001:00088170       _FX_ConcAltShot            30089170 f   fx_bryarpistol.obj
 0001:00088250       _FX_ConcussionHitPlayer    30089250 f   fx_bryarpistol.obj
 0001:00088250       _FX_ConcussionHitWall      30089250 f   fx_bryarpistol.obj
 0001:00088270       _FX_ConcussionHitPlayer2   30089270 f   fx_bryarpistol.obj
 0001:00088270       _FX_ConcussionHitWall2     30089270 f   fx_bryarpistol.obj
 0001:00088270       _FX_DestructionHitPlayer   30089270 f   fx_bryarpistol.obj
 0001:00088270       _FX_DestructionHitWall     30089270 f   fx_bryarpistol.obj
 0001:00088290       _FX_ConcussionHitPlayer3   30089290 f   fx_bryarpistol.obj
 0001:00088290       _FX_ConcussionHitWall3     30089290 f   fx_bryarpistol.obj
 0001:000882b0       _FX_ConcussionHitPlayer4   300892b0 f   fx_bryarpistol.obj
 0001:000882b0       _FX_ConcussionHitWall4     300892b0 f   fx_bryarpistol.obj
 0001:000882d0       _FX_ConcussionHitPlayer5   300892d0 f   fx_bryarpistol.obj
 0001:000882d0       _FX_ConcussionHitPlayer6   300892d0 f   fx_bryarpistol.obj
 0001:000882d0       _FX_ConcussionHitWall5     300892d0 f   fx_bryarpistol.obj
 0001:000882d0       _FX_ConcussionHitWall6     300892d0 f   fx_bryarpistol.obj
 0001:000882d0       _FX_RepeaterAltHitWall2    300892d0 f   fx_heavyrepeater.obj
 0001:000882d0       _FX_RepeaterAltHitWall4    300892d0 f   fx_heavyrepeater.obj
 0001:000882d0       _FX_RepeaterAltHitWall6    300892d0 f   fx_heavyrepeater.obj
 0001:000882d0       _FX_RepeaterHitWall        300892d0 f   fx_heavyrepeater.obj
 0001:000882f0       _FX_ConcussionProjectileThink 300892f0 f   fx_bryarpistol.obj
 0001:00088350       _FX_ConcussionProjectileThink2 30089350 f   fx_bryarpistol.obj
 0001:00088350       _FX_DestructionProjectileThink 30089350 f   fx_bryarpistol.obj
 0001:000883b0       _FX_ConcussionProjectileThink3 300893b0 f   fx_bryarpistol.obj
 0001:00088410       _FX_ConcussionProjectileThink4 30089410 f   fx_bryarpistol.obj
 0001:00088470       _FX_ConcussionProjectileThink6 30089470 f   fx_bryarpistol.obj
 0001:00088470       _FX_RepeaterProjectileThink 30089470 f   fx_heavyrepeater.obj
 0001:000884d0       _FX_TurretProjectileThink  300894d0 f   fx_bryarpistol.obj
 0001:00088530       _FX_DEMP2_AltDetonate      30089530 f   fx_demp2.obj
 0001:000885d0       _FX_DEMP2_HitPlayer        300895d0 f   fx_demp2.obj
 0001:000885d0       _FX_DEMP2_HitPlayer2       300895d0 f   fx_demp2.obj
 0001:000885d0       _FX_DEMP2_HitPlayer3       300895d0 f   fx_demp2.obj
 0001:000885f0       _FX_DEMP2_HitPlayer4       300895f0 f   fx_demp2.obj
 0001:00088610       _FX_DEMP2_HitPlayer5       30089610 f   fx_demp2.obj
 0001:00088630       _FX_DEMP2_HitPlayer6       30089630 f   fx_demp2.obj
 0001:00088650       _FX_DEMP2_HitWall          30089650 f   fx_demp2.obj
 0001:00088650       _FX_DEMP2_HitWall2         30089650 f   fx_demp2.obj
 0001:00088650       _FX_DEMP2_HitWall3         30089650 f   fx_demp2.obj
 0001:00088670       _FX_DEMP2_HitWall4         30089670 f   fx_demp2.obj
 0001:00088690       _FX_DEMP2_HitWall5         30089690 f   fx_demp2.obj
 0001:000886b0       _FX_DEMP2_HitWall6         300896b0 f   fx_demp2.obj
 0001:000886d0       _FX_DEMP2_ProjectileThink  300896d0 f   fx_demp2.obj
 0001:000886d0       _FX_DEMP2_ProjectileThink2 300896d0 f   fx_demp2.obj
 0001:000886d0       _FX_DEMP2_ProjectileThink3 300896d0 f   fx_demp2.obj
 0001:00088730       _FX_DEMP2_ProjectileThink4 30089730 f   fx_demp2.obj
 0001:00088790       _FX_DEMP2_ProjectileThink5 30089790 f   fx_demp2.obj
 0001:000887f0       _FX_DEMP2_ProjectileThink6 300897f0 f   fx_demp2.obj
 0001:00088850       _FX_DisruptorAltHit        30089850 f   fx_disruptor.obj
 0001:00088870       _FX_DisruptorAltMiss       30089870 f   fx_disruptor.obj
 0001:00088a00       _FX_DisruptorAltShot       30089a00 f   fx_disruptor.obj
 0001:00088b00       _FX_DisruptorAltShot2      30089b00 f   fx_disruptor.obj
 0001:00088c00       _FX_DisruptorAltShot3      30089c00 f   fx_disruptor.obj
 0001:00088d00       _FX_DisruptorAltShot4      30089d00 f   fx_disruptor.obj
 0001:00088d00       _FX_DisruptorAltShot6      30089d00 f   fx_disruptor.obj
 0001:00088e00       _FX_DisruptorAltShot5      30089e00 f   fx_disruptor.obj
 0001:00088f00       _FX_DisruptorHitPlayer     30089f00 f   fx_disruptor.obj
 0001:00088f20       _FX_DisruptorHitWall       30089f20 f   fx_disruptor.obj
 0001:00088f40       _FX_DisruptorMainShot      30089f40 f   fx_disruptor.obj
 0001:00088fb0       _FX_DisruptorMainShot2     30089fb0 f   fx_disruptor.obj
 0001:00089020       _FX_DisruptorMainShot3     3008a020 f   fx_disruptor.obj
 0001:00089090       _FX_DisruptorMainShot4     3008a090 f   fx_disruptor.obj
 0001:00089090       _FX_DisruptorMainShot6     3008a090 f   fx_disruptor.obj
 0001:00089100       _FX_DisruptorMainShot5     3008a100 f   fx_disruptor.obj
 0001:00089170       _FX_FlechetteAltProjectileThink 3008a170 f   fx_flechette.obj
 0001:000891d0       _FX_FlechetteAltProjectileThink2 3008a1d0 f   fx_flechette.obj
 0001:000891d0       _FX_FlechetteProjectileThink2 3008a1d0 f   fx_flechette.obj
 0001:00089230       _FX_FlechetteAltProjectileThink3 3008a230 f   fx_flechette.obj
 0001:00089230       _FX_FlechetteProjectileThink3 3008a230 f   fx_flechette.obj
 0001:00089290       _FX_FlechetteAltProjectileThink4 3008a290 f   fx_flechette.obj
 0001:000892f0       _FX_FlechetteAltProjectileThink5 3008a2f0 f   fx_flechette.obj
 0001:000892f0       _FX_FlechetteProjectileThink5 3008a2f0 f   fx_flechette.obj
 0001:00089350       _FX_FlechetteAltProjectileThink6 3008a350 f   fx_flechette.obj
 0001:000893b0       _FX_FlechetteProjectileThink 3008a3b0 f   fx_flechette.obj
 0001:00089410       _FX_FlechetteProjectileThink4 3008a410 f   fx_flechette.obj
 0001:00089470       _FX_FlechetteProjectileThink6 3008a470 f   fx_flechette.obj
 0001:000894d0       _FX_FlechetteWeaponHitPlayer 3008a4d0 f   fx_flechette.obj
 0001:000894f0       _FX_FlechetteWeaponHitWall 3008a4f0 f   fx_flechette.obj
 0001:00089510       _FX_Burned                 3008a510 f   fx_force.obj
 0001:00089580       _FX_ForceDrained           3008a580 f   fx_force.obj
 0001:000895f0       _FX_ForceHealed            3008a5f0 f   fx_force.obj
 0001:00089660       _FX_ForceRegenerated       3008a660 f   fx_force.obj
 0001:000896d0       _FX_ForceSevered           3008a6d0 f   fx_force.obj
 0001:00089740       _FX_Frozen                 3008a740 f   fx_force.obj
 0001:000899c0       _FX_RepeaterAltHitPlayer   3008a9c0 f   fx_heavyrepeater.obj
 0001:000899c0       _FX_RepeaterAltHitWall     3008a9c0 f   fx_heavyrepeater.obj
 0001:000899e0       _FX_RepeaterAltHitPlayer2  3008a9e0 f   fx_heavyrepeater.obj
 0001:000899e0       _FX_RepeaterAltHitPlayer4  3008a9e0 f   fx_heavyrepeater.obj
 0001:000899e0       _FX_RepeaterAltHitPlayer6  3008a9e0 f   fx_heavyrepeater.obj
 0001:000899e0       _FX_RepeaterHitPlayer      3008a9e0 f   fx_heavyrepeater.obj
 0001:00089a00       _FX_RepeaterAltHitPlayer3  3008aa00 f   fx_heavyrepeater.obj
 0001:00089a00       _FX_RepeaterAltHitWall3    3008aa00 f   fx_heavyrepeater.obj
 0001:00089a20       _FX_RepeaterAltHitPlayer5  3008aa20 f   fx_heavyrepeater.obj
 0001:00089a20       _FX_RepeaterAltHitWall5    3008aa20 f   fx_heavyrepeater.obj
 0001:00089a40       _FX_RepeaterAltProjectileThink 3008aa40 f   fx_heavyrepeater.obj
 0001:00089ab0       _FX_RepeaterAltProjectileThink2 3008aab0 f   fx_heavyrepeater.obj
 0001:00089b20       _FX_RepeaterAltProjectileThink3 3008ab20 f   fx_heavyrepeater.obj
 0001:00089b90       _FX_RepeaterAltProjectileThink4 3008ab90 f   fx_heavyrepeater.obj
 0001:00089c00       _FX_RepeaterAltProjectileThink5 3008ac00 f   fx_heavyrepeater.obj
 0001:00089c70       _FX_RepeaterAltProjectileThink6 3008ac70 f   fx_heavyrepeater.obj
 0001:00089ce0       _FX_RepeaterProjectileThink2 3008ace0 f   fx_heavyrepeater.obj
 0001:00089d40       _FX_RepeaterProjectileThink3 3008ad40 f   fx_heavyrepeater.obj
 0001:00089da0       _FX_RepeaterProjectileThink4 3008ada0 f   fx_heavyrepeater.obj
 0001:00089e00       _FX_RepeaterProjectileThink5 3008ae00 f   fx_heavyrepeater.obj
 0001:00089e60       _FX_RepeaterProjectileThink6 3008ae60 f   fx_heavyrepeater.obj
 0001:00089ec0       _FX_RocketAltProjectileThink 3008aec0 f   fx_rocketlauncher.obj
 0001:00089ec0       _FX_RocketProjectileThink  3008aec0 f   fx_rocketlauncher.obj
 0001:00089f20       _AngleDelta                3008af20 f   q_math.obj
 0001:00089f80       _AngleMod                  3008af80 f   q_math.obj
 0001:00089f80       _AngleNormalize360         3008af80 f   q_math.obj
 0001:00089fc0       _AngleNormalize180         3008afc0 f   q_math.obj
 0001:0008a020       _AngleSubtract             3008b020 f   q_math.obj
 0001:0008a0a0       _AngleVectors              3008b0a0 f   q_math.obj
 0001:0008a280       _AnglesSubtract            3008b280 f   q_math.obj
 0001:0008a3d0       _AnglesToAxis              3008b3d0 f   q_math.obj
 0001:0008a5e0       _AxisClear                 3008b5e0 f   q_math.obj
 0001:0008a630       _AxisCopy                  3008b630 f   q_math.obj
 0001:0008a670       _ByteToDir                 3008b670 f   q_math.obj
 0001:0008a6d0       _G_FindClosestPointOnLineSegment 3008b6d0 f   q_math.obj
 0001:0008ac00       _JKA_powf                  3008bc00 f   q_math.obj
 0001:0008ac70       _LerpAngle                 3008bc70 f   q_math.obj
 0001:0008acd0       _MatrixMultiply            3008bcd0 f   q_math.obj
 0001:0008ae60       _PerpendicularVector       3008be60 f   q_math.obj
 0001:0008b030       _Q_fabs                    3008c030 f   q_math.obj
 0001:0008b040       _Q_irand                   3008c040 f   q_math.obj
 0001:0008b070       _Q_random                  3008c070 f   q_math.obj
 0001:0008b0a0       _RotateAroundDirection     3008c0a0 f   q_math.obj
 0001:0008b160       _RotatePointAroundVector   3008c160 f   q_math.obj
 0001:0008b4f0       _ShortestLineSegBewteen2LineSegs 3008c4f0 f   q_math.obj
 0001:0008bd40       _VectorNormalize           3008cd40 f   q_math.obj
 0001:0008be00       _VectorNormalize2          3008ce00 f   q_math.obj
 0001:0008bec0       _flrand                    3008cec0 f   q_math.obj
 0001:0008bf30       _vectoangles               3008cf30 f   q_math.obj
 0001:0008c0c0       _COM_BeginParseSession     3008d0c0 f   q_shared.obj
 0001:0008c0f0       _COM_BitCheck              3008d0f0 f   q_shared.obj
 0001:0008c120       _COM_Compress              3008d120 f   q_shared.obj
 0001:0008c220       _COM_Parse                 3008d220 f   q_shared.obj
 0001:0008c240       _COM_ParseExt              3008d240 f   q_shared.obj
 0001:0008c3d0       _COM_ParseFloat            3008d3d0 f   q_shared.obj
 0001:0008c410       _COM_ParseInt              3008d410 f   q_shared.obj
 0001:0008c450       _COM_ParseString           3008d450 f   q_shared.obj
 0001:0008c490       _COM_StripExtension        3008d490 f   q_shared.obj
 0001:0008c4d0       _Com_sprintf               3008d4d0 f   q_shared.obj
 0001:0008c530       _GetIDForString            3008d530 f   q_shared.obj
 0001:0008c5f0       _GetStringForID            3008d5f0 f   q_shared.obj
 0001:0008c620       _Info_ValueForKey          3008d620 f   q_shared.obj
 0001:0008c760       _Q_CleanStr                3008d760 f   q_shared.obj
 0001:0008c7c0       _Q_strcat                  3008d7c0 f   q_shared.obj
 0001:0008c860       _Q_stricmp                 3008d860 f   q_shared.obj
 0001:0008c8f0       _Q_stricmpn                3008d8f0 f   q_shared.obj
 0001:0008c980       _Q_strncmp                 3008d980 f   q_shared.obj
 0001:0008c9d0       _Q_strncpyz                3008d9d0 f   q_shared.obj
 0001:0008ca40       _Q_strrchr                 3008da40 f   q_shared.obj
 0001:0008ca70       _Q_strupr                  3008da70 f   q_shared.obj
 0001:0008caa0       _SkipBracedSection         3008daa0 f   q_shared.obj
 0001:0008cc10       _SkipRestOfLine            3008dc10 f   q_shared.obj
 0001:0008cc40       _va                        3008dc40 f   q_shared.obj
 0001:0008ccd0       _G_SetSpeederVehicleFunctions 3008dcd0 f   SpeederNPC.obj
 0001:0008d010       _ProcessOrientCommands     3008e010 f   SpeederNPC.obj
 0001:0008d150       _Script_SetColor           3008e150 f   ui_shared.obj
 0001:0008d240       _Script_SetAsset           3008e240 f   ui_shared.obj
 0001:0008d270       _Script_SetBackground      3008e270 f   ui_shared.obj
 0001:0008d2c0       _Script_SetItemRectCvar    3008e2c0 f   ui_shared.obj
 0001:0008d4d0       _Script_SetItemBackground  3008e4d0 f   ui_shared.obj
 0001:0008d590       _Script_SetItemText        3008e590 f   ui_shared.obj
 0001:0008d600       _Script_SetTeamColor       3008e600 f   ui_shared.obj
 0001:0008d640       _Script_SetItemColor       3008e640 f   ui_shared.obj
 0001:0008d7e0       _Script_SetItemColorCvar   3008e7e0 f   ui_shared.obj
 0001:0008daa0       _Script_SetItemRect        3008eaa0 f   ui_shared.obj
 0001:0008db80       _Script_Show               3008eb80 f   ui_shared.obj
 0001:0008dbd0       _Script_Hide               3008ebd0 f   ui_shared.obj
[...]
 0002:00028438       __sehtable$??$?RV<lambda_2cc53f568c5a2bb6f192f930a45d44ea>@@AAV<lambda_ab61a845afdef5b7c387490eaf3616ee>@@V<lambda_c2ffc0b7726aa6be21d5f0026187e748>@@@?$__crt_seh_guarded_call@X@@QAEX$$QAV<lambda_2cc53f568c5a2bb6f192f930a45d44ea>@@AAV<lambda_ab61a845afdef5b7c387490eaf3616ee>@@$$QAV<lambda_c2ffc0b7726aa6be21d5f0026187e748>@@@Z 300da438     libucrt:fflush.obj
 0002:00028458       __sehtable$___acrt_update_thread_locale_data 300da458     libucrt:locale_refcounting.obj
 0002:00028478       __sehtable$__fcloseall     300da478     libucrt:closeall.obj
 0002:00028498       __sehtable$___acrt_lowio_ensure_fh_exists 300da498     libucrt:osfinfo.obj
 0002:000284b8       __sehtable$___set_fpsr_sse2 300da4b8     libucrt:fpctrl.obj
 0002:000284d8       __sehtable$??$?RV<lambda_9e9de3de5fa147e2223d7db92bc10aa6>@@AAV<lambda_38ce7e780aa69e748d6df282ebc68efe>@@V<lambda_8ca6da459f0f6780f1cff60fdc3d00e5>@@@?$__crt_seh_guarded_call@H@@QAEH$$QAV<lambda_9e9de3de5fa147e2223d7db92bc10aa6>@@AAV<lambda_38ce7e780aa69e748d6df282ebc68efe>@@$$QAV<lambda_8ca6da459f0f6780f1cff60fdc3d00e5>@@@Z 300da4d8     libucrt:commit.obj
 0002:000284f8       __sehtable$__write_internal 300da4f8     libucrt:write.obj
 0002:00028518       __sehtable$?_fclose_internal@@YAHQAU_iobuf@@AAV__crt_cached_ptd_host@@@Z 300da518     libucrt:fclose.obj
 0002:00028538       __sehtable$??$?RV<lambda_d422a76eb4c3bf3ad751449ab71a6ea4>@@AAV<lambda_c9ba49e555ba839a7b07aa3fbecb7617>@@V<lambda_9476263c8ee91a25d21c55370bdb50de>@@@?$__crt_seh_guarded_call@H@@QAEH$$QAV<lambda_d422a76eb4c3bf3ad751449ab71a6ea4>@@AAV<lambda_c9ba49e555ba839a7b07aa3fbecb7617>@@$$QAV<lambda_9476263c8ee91a25d21c55370bdb50de>@@@Z 300da538     libucrt:close.obj
 0002:00028558       __sehtable$__IsNonwritableInCurrentImage 300da558     LIBCMT:pesect.obj
 0002:00028580       .edata                     300da580     cgamex86.exp
 0002:000285a8       rgpv                       300da5a8     cgamex86.exp
 0002:000285b0       rgszName                   300da5b0     cgamex86.exp
 0002:000285b8       rgwOrd                     300da5b8     cgamex86.exp
 0002:000285bc       szName                     300da5bc     cgamex86.exp
 0002:000285c9       $N00001                    300da5c9     cgamex86.exp
 0002:000285d2       $N00002                    300da5d2     cgamex86.exp
 0002:00028c3c       .idata$6                   300dac3c     kernel32:KERNEL32.dll
 0003:00002140       _bg_poolTail               300dd140     bg_misc.obj
 0003:00005384       ?headClampMinAngles@?1??BG_G2PlayerAngles@@9@9 300e0384     bg_pmove.obj
 0003:00005390       ?headClampMaxAngles@?1??BG_G2PlayerAngles@@9@9 300e0390     bg_pmove.obj
 0003:00008cf0       _commands                  300e3cf0     cg_consolecmds.obj
 0003:000091d0       ?flip@?1??CG_DrawZoomMask@@9@9 300e41d0     cg_draw.obj
 0003:000091d4       ?seed@?1??CG_SmokePuff@@9@9 300e41d4     cg_effects.obj
 0003:00009b18       _cvarTable                 300e4b18     cg_main.obj
 0003:0000a458       _cvarTableSize             300e5458     cg_main.obj
 0003:0000a45c       ?drawTeamOverlayModificationCount@?1??CG_UpdateCvars@@9@9 300e545c     cg_main.obj
 0003:0000a460       ?sb_nums@?1??CG_RegisterGraphics@@9@9 300e5460     cg_main.obj
 0003:0000a48c       ?sb_t_nums@?1??CG_RegisterGraphics@@9@9 300e548c     cg_main.obj
 0003:0000a4b8       ?sb_c_nums@?1??CG_RegisterGraphics@@9@9 300e54b8     cg_main.obj
 0003:0000a4f0       _shaderAnimNames           300e54f0     cg_marks.obj
 0003:0000a570       _shaderAnimCounts          300e5570     cg_marks.obj
 0003:0000a5f0       _shaderAnimSTRatio         300e55f0     cg_marks.obj
 0003:0000a670       ?s@?1??CG_GetKillerText@@9@9 300e5670     cg_newDraw.obj
 0003:0000a674       ?s@?1??CG_GetGameStatusText@@9@9 300e5674     cg_newDraw.obj
 0003:0000b32c       _cg_effectorStringTable    300e632c     cg_players.obj
 0003:0000b350       _cg_vehThirdPersonAlpha    300e6350     cg_players.obj
 0003:0000b354       _syscall                   300e6354     cg_syscalls.obj
 0003:0000b368       _cameramins                300e6368     cg_view.obj
 0003:0000b374       _cameramaxs                300e6374     cg_view.obj
 0003:0000b380       _cg_siegeClassIndex        300e6380     cg_view.obj
 0003:0000b568       _WHITE                     300e6568     fx_bryarpistol.obj
 0003:0000b574       _BRIGHT                    300e6574     fx_bryarpistol.obj
 0003:0000b580       _WHITE                     300e6580     fx_disruptor.obj
 0003:0000be9c       _holdrand                  300e6e9c     q_math.obj
 0003:0000c5d8       ?staticNULL@?1??String_Alloc@@9@9 300e75d8     ui_shared.obj
 0003:0000c5dc       ?squiggy@?1??PC_String_Parse@@9@9 300e75dc     ui_shared.obj
 0003:0000c5e0       _g_bindings                300e75e0     ui_shared.obj
 0003:0000cfd0       ?__vcrt_flsindex@@3KA      300e7fd0     libvcruntime:per_thread_data.obj
 0003:0000d000       ?errno_no_memory@@3HA      300e8000     libucrt:errno.obj
 0003:0000d004       ?doserrno_no_memory@@3KA   300e8004     libucrt:errno.obj
 0003:0000d008       ?__acrt_flsindex@@3KA      300e8008     libucrt:per_thread_data.obj
 0003:0000d3a0       __mbctypes                 300e83a0     libucrt:mbctype.obj
 0003:0000d4a8       __mbcasemaps               300e84a8     libucrt:mbctype.obj
 0003:0000d5a8       ?__rgctypeflag@@3PADA      300e85a8     libucrt:mbctype.obj
 0003:0000d5b0       ?__rgcode_page_info@@3PAUcode_page_info@@A 300e85b0     libucrt:mbctype.obj
 0003:0000d700       ?__DAZ_ENABLED@?1??__set_fpsr_sse2@@9@9 300e8700     libucrt:fpctrl.obj
 0003:0000d810       ?__dcrt_lowio_console_output_handle@@3PAXA 300e8810     libucrt:initcon.obj
 0003:0000d880       _bg_pool                   300e8880     bg_misc.obj
 0003:00fad880       _bg_poolSize               31088880     bg_misc.obj
 0003:00fad89c       _pm_flying                 3108889c     bg_pmove.obj
 0003:00fad8a0       ?oldLookAngles@?1??BG_UpdateLookAngles@@9@9 310888a0     bg_pmove.obj
 0003:00fad8ac       ?lookAnglesDiff@?1??BG_UpdateLookAngles@@9@9 310888ac     bg_pmove.obj
 0003:00fad8b8       ?ang@?1??BG_UpdateLookAngles@@9@9 310888b8     bg_pmove.obj
 0003:00fad8bc       ?dir@?1??BG_G2PlayerAngles@@9@9 310888bc     bg_pmove.obj
 0003:00fad8c0       ?i@?1??BG_G2PlayerAngles@@9@9 310888c0     bg_pmove.obj
 0003:00fad8c4       ?dif@?1??BG_G2PlayerAngles@@9@9 310888c4     bg_pmove.obj
 0003:00fad8c8       ?dest@?1??BG_G2PlayerAngles@@9@9 310888c8     bg_pmove.obj
 0003:00fad8cc       ?speed@?1??BG_G2PlayerAngles@@9@9 310888cc     bg_pmove.obj
 0003:00fad8d0       ?eyeAngles@?1??BG_G2PlayerAngles@@9@9 310888d0     bg_pmove.obj
 0003:00fad8dc       ?neckAngles@?1??BG_G2PlayerAngles@@9@9 310888dc     bg_pmove.obj
 0003:00fad8e8       ?velocity@?1??BG_G2PlayerAngles@@9@9 310888e8     bg_pmove.obj
 0003:00fad8f4       ?torsoAngles@?1??BG_G2PlayerAngles@@9@9 310888f4     bg_pmove.obj
 0003:00fad900       ?headAngles@?1??BG_G2PlayerAngles@@9@9 31088900     bg_pmove.obj
 0003:00fad90c       ?velPos@?1??BG_G2PlayerAngles@@9@9 3108890c     bg_pmove.obj
 0003:00fad918       ?velAng@?1??BG_G2PlayerAngles@@9@9 31088918     bg_pmove.obj
 0003:00fad924       ?ulAngles@?1??BG_G2PlayerAngles@@9@9 31088924     bg_pmove.obj
 0003:00fad930       ?llAngles@?1??BG_G2PlayerAngles@@9@9 31088930     bg_pmove.obj
 0003:00fad93c       ?viewAngles@?1??BG_G2PlayerAngles@@9@9 3108893c     bg_pmove.obj
 0003:00fad948       ?angles@?1??BG_G2PlayerAngles@@9@9 31088948     bg_pmove.obj
 0003:00fad954       ?thoracicAngles@?1??BG_G2PlayerAngles@@9@9 31088954     bg_pmove.obj
 0003:00fad960       _SaberParms                31088960     bg_saberLoad.obj
 0003:012cd960       _bgSaberParseTBuffer       313a8960     bg_saberLoad.obj
 0003:015edc14       ?previousTimes@?1??CG_DrawFPS@@9@9 316c8c14     cg_draw.obj
 0003:015edc34       ?index@?1??CG_DrawFPS@@9@9 316c8c34     cg_draw.obj
 0003:015edc38       ?previous@?1??CG_DrawFPS@@9@9 316c8c38     cg_draw.obj
 0003:015edc3c       ?lastupdate@?1??CG_DrawFPS@@9@9 316c8c3c     cg_draw.obj
 0003:015edc40       _radarLockSoundDebounceTime 316c8c40     cg_draw.obj
 0003:015edc44       _impactSoundDebounceTime   316c8c44     cg_draw.obj
 0003:015edc48       ?oldDif@?1??CG_DrawRocketLocking@@9@9 316c8c48     cg_draw.obj
 0003:015edc4c       ?color@?1??CG_FadeColor@@9@9 316c8c4c     cg_drawtools.obj
 0003:015edc60       _offX                      316c8c60     cg_effects.obj
 0003:015ee2a0       _offZ                      316c92a0     cg_effects.obj
 0003:015ee8e0       ?lastPos@?1??CG_ScorePlum@@9@9 316c98e0     cg_effects.obj
 0003:015ee8f0       ?str@?1??CG_PlaceString@@9@9 316c98f0     cg_event.obj
 0003:015ee930       _cl_lightstyle             316c9930     cg_light.obj
 0003:015f2b30       _lastofs                   316cdb30     cg_light.obj
 0003:015f2b4c       _NumMiscEnts               316cdb4c     cg_main.obj
 0003:015f2b50       _MiscEnts                  316cdb50     cg_main.obj
 0003:016c1bd0       _Radius                    3179cbd0     cg_main.obj
 0003:016c5a50       _zOffset                   317a0a50     cg_main.obj
 0003:016c98d0       ?buffer@?1??CG_Argv@@9@9   317a48d0     cg_main.obj
 0003:016c9cd0       ?intext@?1??CG_GetStringEdString@@9@9 317a4cd0     cg_main.obj
 0003:016d19d0       ?translation@?1??CG_GetStringEdString@@9@9 317ac9d0     cg_main.obj
 0003:016d96d0       ?string@?1??CG_GetStringEdString@@9@9 317b46d0     cg_main.obj
 0003:016e13d0       ?index@?1??CG_GetStringEdString@@9@9 317bc3d0     cg_main.obj
 0003:016e13d4       _cg_strPoolSize            317bc3d4     cg_main.obj
 0003:016e13d8       ?buf@?1??CG_GetMenuBuffer@@9@9 317bc3d8     cg_main.obj
 0003:016f13d8       ?buf@?1??CG_LoadMenus@@9@9 317cc3d8     cg_main.obj
 0003:016f33d8       _cg_strPool                317ce3d8     cg_main.obj
 0003:016fb3d8       _cg_numSpawnVars           317d63d8     cg_main.obj
 0003:016fb3dc       _cg_numSpawnVarChars       317d63dc     cg_main.obj
 0003:016fb3e0       _cg_spawnVars              317d63e0     cg_main.obj
 0003:016fb5e0       _cg_spawnVarChars          317d65e0     cg_main.obj
 0003:016fc5e0       ?item@?1??CG_Init@@9@9     317d75e0     cg_main.obj
 0003:016fc5e8       ?text@?1??CG_GetLocationString@@9@9 317d75e8     cg_main.obj
 0003:016fc9ec       _markTotal                 317d79ec     cg_marks.obj
 0003:016fc9f0       _shaderAnims               317d79f0     cg_marks.obj
 0003:016fe9f0       _numShaderAnims            317d99f0     cg_marks.obj
 0003:016fe9f4       _roll                      317d99f4     cg_marks.obj
 0003:016fea28       _cg_animParseIncluding     317d9a28     cg_players.obj
 0003:016fea30       _lastFlyBySound            317d9a30     cg_players.obj
 0003:016ffa3c       _cg_numSolidEntities       317daa3c     cg_predict.obj
 0003:016ffa40       _cg_pmove                  317daa40     cg_predict.obj
 0003:016ffbec       _cg_numTriggerEntities     317dabec     cg_predict.obj
 0003:016ffbf0       _cg_solidEntities          317dabf0     cg_predict.obj
 0003:016ffff0       _cg_triggerEntities        317daff0     cg_predict.obj
 0003:01700408       _team1                     317db408     cg_saga.obj
 0003:01700608       _team2                     317db608     cg_saga.obj
 0003:01700808       _cgParseObjectives         317db808     cg_saga.obj
 0003:01704808       ?cur@?1??siege_Str@@9@9    317df808     cg_saga.obj
 0003:01704810       ?strings@?1??siege_Str@@9@9 317df810     cg_saga.obj
 0003:01744810       ?buf@?1??CG_SiegeObjectiveBuffer@@9@9 3181f810     cg_saga.obj
 0003:01746814       _localClient               31821814     cg_scoreboard.obj
 0003:01746878       ?zoomSoundTime@?BG@??CG_CalcFov@@9@9 31821878     cg_view.obj
 0003:0174687c       ?lastfov@?1??CG_DrawSkyBoxPortal@@9@9 3182187c     cg_view.obj
 0003:01746880       _cg_rangedFogging          31821880     cg_view.obj
 0003:01746884       ?veh@?1??CG_DrawActiveFrame@@9@9 31821884     cg_view.obj
 0003:01746888       _cgWeapFrame               31821888     cg_weapons.obj
 0003:0174688c       _cgWeapFrameTime           3182188c     cg_weapons.obj
 0003:01746890       _g2WeaponInstances         31821890     cg_weapons.obj
 0003:017468e0       _g2WeaponInstances2        318218e0     cg_weapons.obj
 0003:01746930       _g2WeaponInstances3        31821930     cg_weapons.obj
 0003:01746980       _g2WeaponInstances4        31821980     cg_weapons.obj
 0003:017469d0       _g2WeaponInstances5        318219d0     cg_weapons.obj
 0003:01746a20       _g2WeaponInstances6        31821a20     cg_weapons.obj
 0003:01746a70       _g2WeaponInstances7        31821a70     cg_weapons.obj
 0003:01746ac0       _g2WeaponInstances8        31821ac0     cg_weapons.obj
 0003:01746b10       _g2WeaponInstances9        31821b10     cg_weapons.obj
 0003:01746b60       _g2WeaponInstances10       31821b60     cg_weapons.obj
 0003:01746bb0       _g2WeaponInstances11       31821bb0     cg_weapons.obj
 0003:01746c00       _g2WeaponInstances12       31821c00     cg_weapons.obj
 0003:01746c68       ?bops_initialized@?1??BoxOnPlaneSide@@9@9 31821c68     q_math.obj
 0003:01746c6c       ?Ljmptab@?1??BoxOnPlaneSide@@9@9 31821c6c     q_math.obj
 0003:01746c8c       ?sr@?1??AngleVectors@@9@9  31821c8c     q_math.obj
 0003:01746c90       ?sp@?1??AngleVectors@@9@9  31821c90     q_math.obj
 0003:01746c94       ?sy@?1??AngleVectors@@9@9  31821c94     q_math.obj
 0003:01746c98       ?cr@?1??AngleVectors@@9@9  31821c98     q_math.obj
 0003:01746c9c       ?cp@?1??AngleVectors@@9@9  31821c9c     q_math.obj
 0003:01746ca0       ?cy@?1??AngleVectors@@9@9  31821ca0     q_math.obj
 0003:01746ca8       _com_token                 31821ca8     q_shared.obj
 0003:017470a8       _com_parsename             318220a8     q_shared.obj
 0003:017474a8       _com_lines                 318224a8     q_shared.obj
 0003:017474ac       ?index@?1??va@@9@9         318224ac     q_shared.obj
 0003:017474b0       ?string@?1??COM_ParseError@@9@9 318224b0     q_shared.obj
 0003:017484b0       ?string@?1??COM_ParseWarning@@9@9 318234b0     q_shared.obj
 0003:017494b0       ?final@?1??Q_StrReplace@@9@9 318244b0     q_shared.obj
 0003:017498b0       ?temp_buffer@?1??va@@9@9   318248b0     q_shared.obj
 0003:017515b0       ?string@?1??va@@9@9        3182c5b0     q_shared.obj
 0003:017592b0       ?value@?1??Info_ValueForKey@@9@9 318342b0     q_shared.obj
 0003:0175d2b0       ?valueindex@?1??Info_ValueForKey@@9@9 318382b0     q_shared.obj
 0003:0175d2cc       _scrollInfo                318382cc     ui_shared.obj
 0003:0175d2ec       _captureFunc               318382ec     ui_shared.obj
 0003:0175d2f0       _captureData               318382f0     ui_shared.obj
 0003:0175d2f4       _itemCapture               318382f4     ui_shared.obj
 0003:0175d2f8       _g_waitingForKey           318382f8     ui_shared.obj
 0003:0175d2fc       _g_editingField            318382fc     ui_shared.obj
 0003:0175d300       _g_bindItem                31838300     ui_shared.obj
 0003:0175d304       _g_editItem                31838304     ui_shared.obj
 0003:0175d308       _debugMode                 31838308     ui_shared.obj
 0003:0175d30c       _lastListBoxClickTime      3183830c     ui_shared.obj
 0003:0175d310       _memoryPool                31838310     ui_shared.obj
 0003:0275d310       _allocPoint                32838310     ui_shared.obj
 0003:0275d314       _outOfMemory               32838314     ui_shared.obj
 0003:0275d318       _strPoolIndex              32838318     ui_shared.obj
 0003:0275d31c       _strHandleCount            3283831c     ui_shared.obj
 0003:0275d320       _strPool                   32838320     ui_shared.obj
 0003:0277d320       _strHandle                 32858320     ui_shared.obj
 0003:0277f320       ?string@?1??PC_SourceWarning@@9@9 3285a320     ui_shared.obj
 0003:02780320       ?string@?1??PC_SourceError@@9@9 3285b320     ui_shared.obj
 0003:02781320       ?inHandleKey@?9??Menu_HandleKey@@9@9 3285c320     ui_shared.obj
 0003:02781324       ?__proc_attached@@3HA      3285c324     LIBCMT:dll_dllmain.obj
 0003:02781348       ?is_initialized_as_dll@@3_NA 3285c348     LIBCMT:utility.obj
 0003:02781349       ?module_local_atexit_table_initialized@@3_NA 3285c349     LIBCMT:utility.obj
 0003:0278134c       ?module_local_atexit_table@@3U_onexit_table_t@@A 3285c34c     LIBCMT:utility.obj
 0003:02781358       ?module_local_at_quick_exit_table@@3U_onexit_table_t@@A 3285c358     LIBCMT:utility.obj
 0003:02781368       _GS_ExceptionRecord        3285c368     LIBCMT:gs_report.obj
 0003:027813b8       _GS_ContextRecord          3285c3b8     LIBCMT:gs_report.obj
 0003:02781688       ?__vcrt_startup_thread_ptd@@3U__vcrt_ptd@@A 3285c688     libvcruntime:per_thread_data.obj
 0003:027816b0       ___vcrt_lock_table         3285c6b0     libvcruntime:locks.obj
 0003:027816c8       ___vcrt_locks_initialized  3285c6c8     libvcruntime:locks.obj
 0003:027816cc       ?module_handles@@3PAPAUHINSTANCE__@@A 3285c6cc     libvcruntime:winapi_downlevel.obj
 0003:027816d8       ?function_pointers@@3PAPAXA 3285c6d8     libvcruntime:winapi_downlevel.obj
 0003:027816f0       ?c_termination_complete@@3JA 3285c6f0     libucrt:exit.obj
 0003:027816f4       ?thread_local_exit_callback_func@@3P6GXPAXK0@ZA 3285c6f4     libucrt:exit.obj
 0003:027816f8       ?c_exit_complete@?1???R<lambda_6e4b09c48022b2350581041d5f6b0c4c>@@QBE@XZ@4_NA 3285c6f8     libucrt:exit.obj
 0003:02781700       ?program_name@?1???$common_configure_argv@D@@YAHW4_crt_argv_mode@@@Z@4PADA 3285c700     libucrt:argv_parsing.obj
 0003:02781830       ?__acrt_invalid_parameter_handler@@3V?$dual_state_global@P6AXPB_W00II@Z@__crt_state_management@@A 3285c830     libucrt:invalid_parameter.obj
 0003:02781840       ?internal_state@?1??_mbtowc_internal@@9@4U_Mbstatet@@A 3285c840     libucrt:mbtowc.obj
 0003:02781a54       __pmatherr_set             3285ca54     libucrt:libm_error.obj
 0003:02781a58       ?internal_pst@?1??__mbrtoc32_utf8@__crt_mbstring@@YAIPA_UPBDIPAU_Mbstatet@@AAV__crt_cached_ptd_host@@@Z@4U3@A 3285ca58     libucrt:mbrtoc32.obj
 0003:02781a60       ?internal_pst@?1??__c16rtomb_utf8@__crt_mbstring@@YAIPAD_SPAU_Mbstatet@@AAV__crt_cached_ptd_host@@@Z@4U3@A 3285ca60     libucrt:c16rtomb.obj
 0003:02781a68       ?enable_percent_n@@3IA     3285ca68     libucrt:printf_count_output.obj
 0003:02781a78       ?__acrt_lock_table@@3PAU_RTL_CRITICAL_SECTION@@A 3285ca78     libucrt:locks.obj
 0003:02781be0       ?__acrt_locks_initialized@@3IA 3285cbe0     libucrt:locks.obj
 0003:02781bf0       ?fSystemSet@@3HA           3285cbf0     libucrt:mbctype.obj
 0003:02781bf4       ?initialized@?1??__acrt_initialize_multibyte@@9@4_NA 3285cbf4     libucrt:mbctype.obj
 0003:02781c10       ?module_handles@@3PAPAUHINSTANCE__@@A 3285cc10     libucrt:winapi_thunks.obj
 0003:02781c70       ?__acrt_new_handler@@3V?$dual_state_global@P6AHI@Z@__crt_state_management@@A 3285cc70     libucrt:new_handler.obj
 0003:02781c74       ?ctrlc_action@@3V?$dual_state_global@P6AXH@Z@__crt_state_management@@A 3285cc74     libucrt:signal.obj
 0003:02781c78       ?ctrlbreak_action@@3V?$dual_state_global@P6AXH@Z@__crt_state_management@@A 3285cc78     libucrt:signal.obj
 0003:02781c7c       ?abort_action@@3V?$dual_state_global@P6AXH@Z@__crt_state_management@@A 3285cc7c     libucrt:signal.obj
 0003:02781c80       ?term_action@@3V?$dual_state_global@P6AXH@Z@__crt_state_management@@A 3285cc80     libucrt:signal.obj
 0003:02781c84       ?user_matherr@@3V?$dual_state_global@P6AHPAU_exception@@@Z@__crt_state_management@@A 3285cc84     libucrt:matherr.obj
 0003:02781c90       ?__acrt_global_new_mode@@3V?$dual_state_global@J@__crt_state_management@@A 3285cc90     libucrt:new_mode.obj
 0003:02781c98       ?__acrt_app_type@@3W4_crt_app_type@@A 3285cc98     libucrt:report_runtime_error.obj
 0004:00000000       ?function_pointers@@3PAPAXA 32ff7000     libucrt:winapi_thunks.obj
 0005:00000060       $R000000                   32ff8060     * linker generated manifest res *
