 cgamex86

 Timestamp is 6659f4ee (Fri May 31 17:03:58 2024)

 Preferred load address is 30000000

 Start         Length     Name                   Class
 0001:00000000 000a8e14H .text$mn                CODE
 0001:000a8e14 00000000H .text$x                 CODE
 0002:00000000 00000104H .idata$5                DATA
 0002:00000104 00000008H .00cfg                  DATA
 0002:0000010c 00000004H .CRT$XCA                DATA
 0002:00000110 00000004H .CRT$XCZ                DATA
 0002:00000114 00000004H .CRT$XIA                DATA
 0002:00000118 0000000cH .CRT$XIC                DATA
 0002:00000124 00000004H .CRT$XIZ                DATA
 0002:00000128 00000004H .CRT$XPA                DATA
 0002:0000012c 00000008H .CRT$XPX                DATA
 0002:00000134 00000004H .CRT$XPXA               DATA
 0002:00000138 00000004H .CRT$XPZ                DATA
 0002:0000013c 00000004H .CRT$XTA                DATA
 0002:00000140 00000010H .CRT$XTZ                DATA
 0002:00000144 00000000H .gfids$y                DATA
 0002:00000150 00024bf0H .rdata                  DATA
 0002:00024d40 00000000H .rdata$CastGuardVftablesA DATA
 0002:00024d40 00000000H .rdata$CastGuardVftablesC DATA
 0002:00024d40 00000000H .rdata$r                DATA
 0002:00024d40 00000008H .rdata$sxdata           DATA
 0002:00024d48 00000098H .rdata$voltmd           DATA
 0002:00024de0 00000300H .rdata$zzzdbg           DATA
 0002:000250e0 00000004H .rtc$IAA                DATA
 0002:000250e4 00000004H .rtc$IZZ                DATA
 0002:000250e8 00000004H .rtc$TAA                DATA
 0002:000250ec 00000004H .rtc$TZZ                DATA
 0002:000250f0 000003f0H .xdata$x                DATA
 0002:000254e0 0000005cH .edata                  DATA
 0002:0002553c 00000014H .idata$2                DATA
 0002:00025550 00000014H .idata$3                DATA
 0002:00025564 00000104H .idata$4                DATA
 0002:00025668 000004b4H .idata$6                DATA
 0003:00000000 0000ccc0H .data                   DATA
 0003:0000ccb0 00000000H .data$r                 DATA
 0003:0000ccb0 00000000H .data$rs                DATA
 0003:0000ccc0 02140f18H .bss                    DATA
 0004:00000000 00000060H .rsrc$01                DATA
 0004:00000060 00000180H .rsrc$02                DATA

  Address         Publics by Value              Rva+Base       Lib:Object

 0000:00000000       ___AbsoluteZero            00000000     <absolute>
 0000:00000000       ___arm64x_extra_rfe_table  00000000     <absolute>
 0000:00000000       ___arm64x_extra_rfe_table_size 00000000     <absolute>
 0000:00000000       ___arm64x_native_entrypoint 00000000     <absolute>
 0000:00000000       ___arm64x_redirection_metadata 00000000     <absolute>
 0000:00000000       ___arm64x_redirection_metadata_count 00000000     <absolute>
 0000:00000000       ___dynamic_value_reloc_table 00000000     <absolute>
 0000:00000000       ___enclave_config          00000000     <absolute>
 0000:00000000       ___guard_check_icall_a64n_fptr 00000000     <absolute>
 0000:00000000       ___guard_eh_cont_count     00000000     <absolute>
 0000:00000000       ___guard_eh_cont_table     00000000     <absolute>
 0000:00000000       ___guard_fids_count        00000000     <absolute>
 0000:00000000       ___guard_fids_table        00000000     <absolute>
 0000:00000000       ___guard_iat_count         00000000     <absolute>
 0000:00000000       ___guard_iat_table         00000000     <absolute>
 0000:00000000       ___guard_longjmp_count     00000000     <absolute>
 0000:00000000       ___guard_longjmp_table     00000000     <absolute>
 0000:00000000       ___hybrid_auxiliary_iat    00000000     <absolute>
 0000:00000000       ___hybrid_auxiliary_iat_copy 00000000     <absolute>
 0000:00000000       ___hybrid_code_map         00000000     <absolute>
 0000:00000000       ___hybrid_code_map_count   00000000     <absolute>
 0000:00000000       ___x64_code_ranges_to_entry_points 00000000     <absolute>
 0000:00000000       ___x64_code_ranges_to_entry_points_count 00000000     <absolute>
 0000:00000000       __except_list              00000000     <absolute>
 0000:00000002       ___safe_se_handler_count   00000002     <absolute>
 0000:00000100       ___guard_flags             00000100     <absolute>
 0000:00000000       ___ImageBase               30000000     <linker-defined>
 0001:00000000       _G_CreateAnimalNPC         30001000 f   AnimalNPC.obj
 0001:00000000       _G_CreateFighterNPC        30001000 f   FighterNPC.obj
 0001:00000000       _G_CreateSpeederNPC        30001000 f   SpeederNPC.obj
 0001:00000000       _G_CreateWalkerNPC         30001000 f   WalkerNPC.obj
 0001:00000050       _G_SetAnimalVehicleFunctions 30001050 f   AnimalNPC.obj
 0001:00000340       _BG_AttachToRancor         30001340 f   bg_g2_utils.obj
 0001:000005a0       _BG_GetRootSurfNameWithVariant 300015a0 f   bg_g2_utils.obj
 0001:00000630       _BG_AddPredictableEventToPlayerstate 30001630 f   bg_misc.obj
 0001:00000670       _BG_Alloc                  30001670 f   bg_misc.obj
 0001:000006c0       _BG_CanItemBeGrabbed       300016c0 f   bg_misc.obj
 0001:00000a30       _BG_CanUseFPNow            30001a30 f   bg_misc.obj
 0001:00000b00       _BG_CycleForce             30001b00 f   bg_misc.obj
 0001:00000bf0       _BG_CycleInven             30001bf0 f   bg_misc.obj
 0001:00000cd0       _BG_EmplacedView           30001cd0 f   bg_misc.obj
 0001:00000da0       _BG_EvaluateTrajectory     30001da0 f   bg_misc.obj
 0001:00000ff0       _BG_EvaluateTrajectoryDelta 30001ff0 f   bg_misc.obj
 0001:00001200       _BG_FindItemForHoldable    30002200 f   bg_misc.obj
 0001:00001260       _BG_FindItemForPowerup     30002260 f   bg_misc.obj
 0001:000012c0       _BG_FindItemForWeapon      300022c0 f   bg_misc.obj
 0001:00001300       _BG_GetItemIndexByTag      30002300 f   bg_misc.obj
 0001:00001340       _BG_HasYsalamiri           30002340 f   bg_misc.obj
 0001:00001380       _BG_IsItemSelectable       30002380 f   bg_misc.obj
 0001:000013a0       _BG_IsValidCharacterModel  300023a0 f   bg_misc.obj
 0001:00001420       _BG_IsWhiteSpace           30002420 f   bg_misc.obj
 0001:00001440       _BG_ModelCache             30002440 f   bg_misc.obj
 0001:00001470       _BG_ParseField             30002470 f   bg_misc.obj
 0001:000015c0       _BG_PlayerStateToEntityState 300025c0 f   bg_misc.obj
 0001:00001a10       _BG_PlayerTouchesItem      30002a10 f   bg_misc.obj
 0001:00001aa0       _BG_ProperForceIndex       30002aa0 f   bg_misc.obj
 0001:00001ad0       _BG_TempAlloc              30002ad0 f   bg_misc.obj
 0001:00001b10       _BG_TempFree               30002b10 f   bg_misc.obj
 0001:00001b60       _BG_TouchJumpPad           30002b60 f   bg_misc.obj
 0001:00001be0       _BG_ValidateSkinForTeam    30002be0 f   bg_misc.obj
 0001:00001bf0       ___local_stdio_scanf_options 30002bf0 f i bg_misc.obj
 0001:00001c00       _sscanf                    30002c00 f i bg_misc.obj
 0001:00001c30       _vectoyaw                  30002c30 f   bg_misc.obj
 0001:00001cf0       _BG_AnimLength             30002cf0 f   bg_panimate.obj
 0001:00001d50       _BG_AnimsetAlloc           30002d50 f   bg_panimate.obj
 0001:00001d80       _BG_BounceAnim             30002d80 f   bg_panimate.obj
 0001:00001e00       @_guard_check_icall_nop@4  30002e00 f   LIBCMT:guard_support.obj
 0001:00001e00       _BG_ClearAnimsets          30002e00 f   bg_panimate.obj
 0001:00001e00       _CG_OutOfAmmoChange        30002e00 f   cg_weapons.obj
 0001:00001e00       _CG_OwnerDraw              30002e00 f   cg_newDraw.obj
 0001:00001e00       _CG_RunMenuScript          30002e00 f   cg_newDraw.obj
 0001:00001e10       _BG_CrouchAnim             30002e10 f   bg_panimate.obj
 0001:00001f50       _BG_FlippingAnim           30002f50 f   bg_panimate.obj
 0001:00002040       _BG_FullBodyTauntAnim      30003040 f   bg_panimate.obj
 0001:00002180       _BG_GetLegsAnimPoint       30003180 f   bg_panimate.obj
 0001:00002260       _BG_GetTorsoAnimPoint      30003260 f   bg_panimate.obj
 0001:00002340       _BG_InBackFlip             30003340 f   bg_panimate.obj
 0001:00002370       _BG_InDeathAnim            30003370 f   bg_panimate.obj
 0001:00002430       _BG_InGrappleMove          30003430 f   bg_panimate.obj
 0001:00002480       _BG_InKataAnim             30003480 f   bg_panimate.obj
 0001:000024c0       _BG_InKnockDownOnly        300034c0 f   bg_panimate.obj
 0001:00002500       _BG_InLedgeMove            30003500 f   bg_panimate.obj
 0001:00002540       _BG_InReboundHold          30003540 f   bg_panimate.obj
 0001:00002580       _BG_InReboundJump          30003580 f   bg_panimate.obj
 0001:000025c0       _BG_InRoll                 300035c0 f   bg_panimate.obj
 0001:00002650       _BG_InSaberLock            30003650 f   bg_panimate.obj
 0001:00002710       _BG_InSaberLockOld         30003710 f   bg_panimate.obj
 0001:00002750       _BG_InSaberStandAnim       30003750 f   bg_panimate.obj
 0001:000027a0       _BG_InSpecialJump          300037a0 f   bg_panimate.obj
 0001:000028f0       _BG_InitAnimsets           300038f0 f   bg_panimate.obj
 0001:00002910       _BG_KickMove               30003910 f   bg_panimate.obj
 0001:00002960       _BG_KickingAnim            30003960 f   bg_panimate.obj
 0001:000029f0       _BG_ParseAnimationFile     300039f0 f   bg_panimate.obj
 0001:00002d00       _BG_SaberInAttack          30003d00 f   bg_panimate.obj
 0001:00002d70       _BG_SaberInAttackPure      30003d70 f   bg_panimate.obj
 0001:00002d90       _BG_SaberInIdle            30003d90 f   bg_panimate.obj
 0001:00002dc0       _BG_SaberInKata            30003dc0 f   bg_panimate.obj
 0001:00002e00       _BG_SaberInSpecial         30003e00 f   bg_panimate.obj
 0001:00002e60       _BG_SaberInSpecialAttack   30003e60 f   bg_panimate.obj
 0001:00002ff0       _BG_SaberInTransitionAny   30003ff0 f   bg_panimate.obj
 0001:00003020       _BG_SaberLockBreakAnim     30004020 f   bg_panimate.obj
 0001:000031b0       _BG_SaberStartTransAnim    300041b0 f   bg_panimate.obj
 0001:000035d0       _BG_SetAnimFinal           300045d0 f   bg_panimate.obj
 0001:000039d0       _BG_SpinningSaberAnim      300049d0 f   bg_panimate.obj
 0001:00003c80       _BG_SuperBreakLoseAnim     30004c80 f   bg_panimate.obj
 0001:00003d10       _BG_SuperBreakWinAnim      30004d10 f   bg_panimate.obj
 0001:00003da0       _PM_AnimLength             30004da0 f   bg_panimate.obj
 0001:00003e20       _PM_CanRollFromSoulCal     30004e20 f   bg_panimate.obj
 0001:00003e50       _PM_ContinueLegsAnim       30004e50 f   bg_panimate.obj
 0001:00003e80       _PM_ForceLegsAnim          30004e80 f   bg_panimate.obj
 0001:00003f80       _PM_InCartwheel            30004f80 f   bg_panimate.obj
 0001:00003ff0       _PM_InForceGetUp           30004ff0 f   bg_panimate.obj
 0001:00004040       _PM_InKnockDown            30005040 f   bg_panimate.obj
 0001:00004170       _PM_InOnGroundAnim         30005170 f   bg_panimate.obj
 0001:00004260       _PM_InRollComplete         30005260 f   bg_panimate.obj
 0001:000042a0       _PM_InSaberAnim            300052a0 f   bg_panimate.obj
 0001:000042c0       _PM_JumpingAnim            300052c0 f   bg_panimate.obj
 0001:00004310       _PM_KnockDownAnimExtended  30005310 f   bg_panimate.obj
 0001:000043b0       _PM_LandingAnim            300053b0 f   bg_panimate.obj
 0001:00004400       _PM_LockedAnim             30005400 f   bg_panimate.obj
 0001:00004450       _PM_PainAnim               30005450 f   bg_panimate.obj
 0001:00004490       _PM_SaberBounceForAttack   30005490 f   bg_panimate.obj
 0001:00004510       _PM_SaberInKnockaway       30005510 f   bg_panimate.obj
 0001:00004530       _PM_SaberInParry           30005530 f   bg_panimate.obj
 0001:00004550       _PM_SaberInReflect         30005550 f   bg_panimate.obj
 0001:00004570       _PM_SaberInReturn          30005570 f   bg_panimate.obj
 0001:00004590       _PM_SaberInStart           30005590 f   bg_panimate.obj
 0001:000045b0       _PM_SaberInTransition      300055b0 f   bg_panimate.obj
 0001:000045d0       _PM_SaberReturnAnim        300055d0 f   bg_panimate.obj
 0001:00004650       _PM_SetAnim                30005650 f   bg_panimate.obj
 0001:000047d0       _PM_StartTorsoAnim         300057d0 f   bg_panimate.obj
 0001:00004800       _BG_AdjustClientSpeed      30005800 f   bg_pmove.obj
 0001:00004b10       _BG_BoneOrientationsForClass 30005b10 f   bg_pmove.obj
 0001:00004c90       _BG_ClassHasBadBones       30005c90 f   bg_pmove.obj
 0001:00004cd0       _BG_CmdForRoll             30005cd0 f   bg_pmove.obj
 0001:00004f20       _BG_G2ATSTAngles           30005f20 f   bg_pmove.obj
 0001:000059a0       _BG_G2PlayerAngles         300069a0 f   bg_pmove.obj
 0001:000069b0       _BG_IK_MoveArm             300079b0 f   bg_pmove.obj
 0001:00006e90       _BG_InKnockDown            30007e90 f   bg_pmove.obj
 0001:00006ee0       _BG_InSlopeAnim            30007ee0 f   bg_pmove.obj
 0001:00006f50       _BG_SabersOff              30007f50 f   bg_pmove.obj
 0001:00007160       _BG_UnrestrainedPitchRoll  30008160 f   bg_pmove.obj
 0001:000071b0       _BG_VehTraceFromCamPos     300081b0 f   bg_pmove.obj
 0001:00007420       _BG_VehicleAdjustBBoxForOrientation 30008420 f   bg_pmove.obj
 0001:00007880       _BG_VehicleTurnRateForSpeed 30008880 f   bg_pmove.obj
 0001:00007940       _LedgeGrabableEntity       30008940 f   bg_pmove.obj
 0001:000079b0       _LedgeTrace                300089b0 f   bg_pmove.obj
 0001:00007d20       _NumberOfWeapons           30008d20 f   bg_pmove.obj
 0001:00007f90       _PM_AddEvent               30008f90 f   bg_pmove.obj
 0001:00007fb0       _PM_AddEventWithParm       30008fb0 f   bg_pmove.obj
 0001:00007fd0       _PM_AddTouchEnt            30008fd0 f   bg_pmove.obj
 0001:00008020       _PM_AdjustAngleForWallGrap 30009020 f   bg_pmove.obj
 0001:00008290       _PM_AdjustAngleForWallJump 30009290 f   bg_pmove.obj
 0001:00008710       _PM_AdjustAttackStates     30009710 f   bg_pmove.obj
 0001:00008ad0       _PM_AdjustStandAnimForSlope 30009ad0 f   bg_pmove.obj
 0001:00009780       _PM_BGEntForNum            3000a780 f   bg_pmove.obj
 0001:000097b0       _PM_BeginWeaponChange      3000a7b0 f   bg_pmove.obj
 0001:00009890       _PM_CanSetWeaponReadyAnim  3000a890 f   bg_pmove.obj
 0001:0000a080       _PM_CheckGrab              3000b080 f   bg_pmove.obj
 0001:0000c3a0       _PM_CheckRollGetup         3000d3a0 f   bg_pmove.obj
 0001:0000c690       _PM_CheckRollSafety        3000d690 f   bg_pmove.obj
 0001:0000c890       _PM_ClipVelocity           3000d890 f   bg_pmove.obj
 0001:0000d4c0       _PM_CrouchGetup            3000e4c0 f   bg_pmove.obj
 0001:0000dcf0       _PM_DoPunch                3000ecf0 f   bg_pmove.obj
 0001:0000ddc0       _PM_FinishWeaponChange     3000edc0 f   bg_pmove.obj
 0001:0000ee70       _PM_GetSaberStance         3000fe70 f   bg_pmove.obj
 0001:0000f010       _PM_GettingUpFromKnockDown 30010010 f   bg_pmove.obj
 0001:0000f400       _PM_GrabWallForJump        30010400 f   bg_pmove.obj
 0001:0000fdc0       _PM_HoverTrace             30010dc0 f   bg_pmove.obj
 0001:00010210       _PM_InForceFall            30011210 f   bg_pmove.obj
 0001:00010420       _PM_LegsSlopeBackTransition 30011420 f   bg_pmove.obj
 0001:000104d0       _PM_MinGetUpTime           300114d0 f   bg_pmove.obj
 0001:00010540       _PM_MoveForKata            30011540 f   bg_pmove.obj
 0001:000109a0       _PM_RocketLock             300119a0 f   bg_pmove.obj
 0001:00010da0       _PM_RunningAnim            30011da0 f   bg_pmove.obj
 0001:00010df0       _PM_SetForceJumpZStart     30011df0 f   bg_pmove.obj
 0001:00010f10       _PM_SetPMViewAngle         30011f10 f   bg_pmove.obj
 0001:00011310       _PM_SetVelocityforLedgeMove 30012310 f   bg_pmove.obj
 0001:00011a20       _PM_UpdateViewAngles       30012a20 f   bg_pmove.obj
 0001:00011c20       _PM_VehFaceHyperspacePoint 30012c20 f   bg_pmove.obj
 0001:00011ee0       _PM_VehicleWeaponAnimate   30012ee0 f   bg_pmove.obj
 0001:00012750       _PM_WalkingAnim            30013750 f   bg_pmove.obj
 0001:00014e70       _PM_pitch_roll_for_slope   30015e70 f   bg_pmove.obj
 0001:000151d0       _Pmove                     300161d0 f   bg_pmove.obj
 0001:000152c0       _PmoveSingle               300162c0 f   bg_pmove.obj
 0001:00017c00       _BG_AddFatigue             30018c00 f   bg_saber.obj
 0001:00017c70       _BG_CheckIncrementLockAnim 30018c70 f   bg_saber.obj
 0001:00017d20       _BG_EnoughForcePowerForMove 30018d20 f   bg_saber.obj
 0001:00017d50       _BG_ForcePowerDrain        30018d50 f   bg_saber.obj
 0001:00017df0       _BG_InSlowBounce           30018df0 f   bg_saber.obj
 0001:00017e30       _BG_MySaber                30018e30 f   bg_saber.obj
 0001:00017f50       _PM_CheckStabDown          30018f50 f   bg_saber.obj
 0001:00018170       _PM_DoFake                 30019170 f   bg_saber.obj
 0001:00018280       _PM_DoKick                 30019280 f   bg_saber.obj
 0001:00018590       _PM_GroundDistance         30019590 f   bg_saber.obj
 0001:00018690       _PM_ReturnforQuad          30019690 f   bg_saber.obj
 0001:00018700       _PM_SaberAttackForMovement 30019700 f   bg_saber.obj
 0001:00019790       _PM_SaberFlipOverAttackMove 3001a790 f   bg_saber.obj
 0001:00019960       _PM_SaberInBounce          3001a960 f   bg_saber.obj
 0001:00019990       _PM_SaberInBrokenParry     3001a990 f   bg_saber.obj
 0001:000199d0       _PM_SaberJumpAttackMove    3001a9d0 f   bg_saber.obj
 0001:00019b70       _PM_SaberLockBreak         3001ab70 f   bg_saber.obj
 0001:00019f60       _PM_SaberLockResultAnim    3001af60 f   bg_saber.obj
 0001:0001a050       _PM_SaberLocked            3001b050 f   bg_saber.obj
 0001:0001a400       _PM_SaberLungeAttackMove   3001b400 f   bg_saber.obj
 0001:0001a5c0       _PM_SetSaberMove           3001b5c0 f   bg_saber.obj
 0001:0001ae90       _PM_WalkableGroundDistance 3001be90 f   bg_saber.obj
 0001:0001afa0       _PM_WeaponLightsaber       3001bfa0 f   bg_saber.obj
 0001:0001c350       _PM_irand_timesync         3001d350 f   bg_saber.obj
 0001:0001c3b0       _BG_ParseLiteral           3001d3b0 f   bg_saberLoad.obj
 0001:0001c410       _BG_SI_SetDesiredLength    3001d410 f   bg_saberLoad.obj
 0001:0001c470       _BG_SI_SetLength           3001d470 f   bg_saberLoad.obj
 0001:0001c4b0       _BG_SI_SetLengthGradual    3001d4b0 f   bg_saberLoad.obj
 0001:0001c5d0       _TranslateSaberColor       3001d5d0 f   bg_saberLoad.obj
 0001:0001c690       _TranslateSaberStyle       3001d690 f   bg_saberLoad.obj
 0001:0001c750       _WP_RemoveSaber            3001d750 f   bg_saberLoad.obj
 0001:0001c7e0       _WP_SaberBladeUseSecondBladeStyle 3001d7e0 f   bg_saberLoad.obj
 0001:0001c810       _WP_SaberLoadParms         3001d810 f   bg_saberLoad.obj
 0001:0001c950       _WP_SaberParseParms        3001d950 f   bg_saberLoad.obj
 0001:0001ee80       _WP_SaberSetDefaults       3001fe80 f   bg_saberLoad.obj
 0001:0001f340       _WP_SetSaber               30020340 f   bg_saberLoad.obj
 0001:0001f540       _BG_GetNextValueGroup      30020540 f   bg_saga.obj
 0001:0001f5f0       _BG_PrecacheSabersForSiegeTeam 300205f0 f   bg_saga.obj
 0001:0001f6d0       _BG_SiegeFindClassByName   300206d0 f   bg_saga.obj
 0001:0001f720       _BG_SiegeFindClassIndexByName 30020720 f   bg_saga.obj
 0001:0001f770       _BG_SiegeFindThemeForTeam  30020770 f   bg_saga.obj
 0001:0001f790       _BG_SiegeGetPairedValue    30020790 f   bg_saga.obj
 0001:0001f9e0       _BG_SiegeGetValueGroup     300209e0 f   bg_saga.obj
 0001:0001fcf0       _BG_SiegeLoadClasses       30020cf0 f   bg_saga.obj
 0001:0001fe40       _BG_SiegeLoadTeams         30020e40 f   bg_saga.obj
 0001:00020160       _BG_SiegeParseClassFile    30021160 f   bg_saga.obj
 0001:00020a30       _BG_SiegeSetTeamTheme      30021a30 f   bg_saga.obj
 0001:00020aa0       _BG_SiegeStripTabs         30021aa0 f   bg_saga.obj
 0001:00020ae0       _BG_SiegeTranslateForcePowers 30021ae0 f   bg_saga.obj
 0001:00020cb0       _BG_SiegeTranslateGenericTable 30021cb0 f   bg_saga.obj
 0001:00020d80       _PM_GroundSlideOkay        30021d80 f   bg_slidemove.obj
 0001:00020e00       _PM_SlideMove              30021e00 f   bg_slidemove.obj
 0001:000216b0       _PM_StepSlideMove          300226b0 f   bg_slidemove.obj
 0001:00021cd0       _PM_VehicleImpact          30022cd0 f   bg_slidemove.obj
 0001:00022310       _AttachRidersGeneric       30023310 f   bg_vehicleLoad.obj
 0001:000223c0       _BG_GetVehicleModelName    300233c0 f   bg_vehicleLoad.obj
 0001:00022410       _BG_GetVehicleSkinName     30023410 f   bg_vehicleLoad.obj
 0001:00022ae0       _BG_SetSharedVehicleFunctions 30023ae0 f   bg_vehicleLoad.obj
 0001:00022b40       _BG_VehicleClampData       30023b40 f   bg_vehicleLoad.obj
 0001:00022be0       _BG_VehicleGetIndex        30023be0 f   bg_vehicleLoad.obj
 0001:00022c90       _BG_VehicleLoadParms       30023c90 f   bg_vehicleLoad.obj
 0001:00023130       _BG_VehicleSetDefaults     30024130 f   bg_vehicleLoad.obj
 0001:000231e0       _BG_VehicleUnloadParms     300241e0 f   bg_vehicleLoad.obj
 0001:00023200       _VEH_LoadVehWeapon         30024200 f   bg_vehicleLoad.obj
 0001:000233f0       _VEH_LoadVehicle           300243f0 f   bg_vehicleLoad.obj
 0001:00023c10       _CGCam_Disable             30024c10 f   cg_camera.obj
 0001:00023cd0       _CGCam_DoFade              30024cd0 f   cg_camera.obj
 0001:00023d50       _CGCam_Fade                30024d50 f   cg_camera.obj
 0001:00023e70       _CGCam_FollowUpdate        30024e70 f   cg_camera.obj
 0001:000242d0       _CGCam_RenderScene         300252d0 f   cg_camera.obj
 0001:000242f0       _CGCam_Shake               300252f0 f   cg_camera.obj
 0001:00024320       _CGCam_TrackUpdate         30025320 f   cg_camera.obj
 0001:000246f0       _CGCam_Update              300256f0 f   cg_camera.obj
 0001:00024fd0       _CGCam_UpdateFade          30025fd0 f   cg_camera.obj
 0001:000250c0       _CGCam_UpdateShake         300260c0 f   cg_camera.obj
 0001:00025250       _CGCam_UpdateSmooth        30026250 f   cg_camera.obj
 0001:000253b0       _CGCam_Zoom                300263b0 f   cg_camera.obj
 0001:00025410       _CG_CameraParse            30026410 f   cg_camera.obj
 0001:00025b70       _CG_TargetCommand_f        30026b70 f   cg_consolecmds.obj
 0001:00026030       _CG_ConsoleCommand         30027030 f   cg_consolecmds.obj
 0001:00026070       _CG_InitConsoleCommands    30027070 f   cg_consolecmds.obj
 0001:00026270       _CG_AddLagometerFrameInfo  30027270 f   cg_draw.obj
 0001:000262a0       _CG_AddLagometerSnapshotInfo 300272a0 f   cg_draw.obj
 0001:00026300       _CG_BracketEntity          30027300 f   cg_draw.obj
 0001:00026940       _CG_CalcVehicleMuzzlePoint 30027940 f   cg_draw.obj
 0001:00026c00       _CG_CenterPrint            30027c00 f   cg_draw.obj
 0001:00026c70       _CG_ChatBox_AddString      30027c70 f   cg_draw.obj
 0001:00026df0       _CG_ChatBox_ArrayInsert    30027df0 f   cg_draw.obj
 0001:00026fa0       _CG_DottedLine             30027fa0 f   cg_draw.obj
 0001:00028e40       _CG_Draw3DModel            30029e40 f   cg_draw.obj
 0001:00028f90       _CG_DrawActive             30029f90 f   cg_draw.obj
 0001:00029330       _CG_DrawArmor              3002a330 f   cg_draw.obj
 0001:0002a710       _CG_DrawDodge              3002b710 f   cg_draw.obj
 0001:0002a8d0       _CG_DrawDuelistHealth      3002b8d0 f   cg_draw.obj
 0001:0002af00       _CG_DrawFlagModel          3002bf00 f   cg_draw.obj
 0001:0002b130       _CG_DrawForcePower         3002c130 f   cg_draw.obj
 0001:0002b300       _CG_DrawForceSelect        3002c300 f   cg_draw.obj
 0001:0002b480       _CG_DrawHUD                3002c480 f   cg_draw.obj
 0001:0002b950       _CG_DrawHealthBar          3002c950 f   cg_draw.obj
 0001:0002bae0       _CG_DrawInvenSelect        3002cae0 f   cg_draw.obj
 0001:0002c260       _CG_DrawRadar              3002d260 f   cg_draw.obj
 0001:0002d860       _CG_DrawSiegeInfo          3002e860 f   cg_draw.obj
 0001:0002dbd0       _CG_DrawSiegeMessage       3002ebd0 f   cg_draw.obj
 0001:0002dc00       _CG_DrawSiegeMessageNonMenu 3002ec00 f   cg_draw.obj
 0001:0002e100       _CG_DrawTeamBackground     3002f100 f   cg_draw.obj
 0001:0002ec90       _CG_DrawVehicleDamage      3002fc90 f   cg_draw.obj
 0001:0002edd0       _CG_DrawVehicleDamageHUD   3002fdd0 f   cg_draw.obj
 0001:0002f0b0       _CG_DrawVehicleHud         300300b0 f   cg_draw.obj
 0001:00030d30       _CG_InATST                 30031d30 f   cg_draw.obj
 0001:00030d70       _CG_InFighter              30031d70 f   cg_draw.obj
 0001:00030db0       _CG_SaberClashFlare        30031db0 f   cg_draw.obj
 0001:00031720       _CG_Text_Height            30032720 f   cg_draw.obj
 0001:00031770       _CG_Text_Paint             30032770 f   cg_draw.obj
 0001:00031820       _CG_Text_Width             30032820 f   cg_draw.obj
 0001:00031870       _CG_WorldCoordToScreenCoord 30032870 f   cg_draw.obj
 0001:000318b0       _CG_WorldCoordToScreenCoordFloat 300328b0 f   cg_draw.obj
 0001:000319d0       ___local_stdio_printf_options 300329d0 f i cg_draw.obj
 0001:000319e0       _sprintf                   300329e0 f i cg_draw.obj
 0001:00031a20       _CG_ColorForHealth         30032a20 f   cg_drawtools.obj
 0001:00031b00       _CG_DrawBigString          30032b00 f   cg_drawtools.obj
 0001:00031b50       _CG_DrawNumField           30032b50 f   cg_drawtools.obj
 0001:00031e40       _CG_DrawPic                30032e40 f   cg_drawtools.obj
 0001:00031ea0       _CG_DrawRect               30032ea0 f   cg_drawtools.obj
 0001:00032060       _CG_DrawRotatePic          30033060 f   cg_drawtools.obj
 0001:000320d0       _CG_DrawRotatePic2         300330d0 f   cg_drawtools.obj
 0001:00032140       _CG_DrawSides              30033140 f   cg_drawtools.obj
 0001:00032220       _CG_DrawSmallString        30033220 f   cg_drawtools.obj
 0001:00032270       _CG_DrawStringExt          30033270 f   cg_drawtools.obj
 0001:00032570       _CG_DrawStrlen             30033570 f   cg_drawtools.obj
 0001:000325c0       _CG_DrawTopBottom          300335c0 f   cg_drawtools.obj
 0001:000326a0       _CG_FadeColor              300336a0 f   cg_drawtools.obj
 0001:00032720       _CG_FillRect               30033720 f   cg_drawtools.obj
 0001:000327a0       _CG_GetColorForHealth      300337a0 f   cg_drawtools.obj
 0001:00032870       _CG_TileClear              30033870 f   cg_drawtools.obj
 0001:00032b00       _UI_DrawProportionalString 30033b00 f   cg_drawtools.obj
 0001:00032bb0       _UI_DrawScaledProportionalString 30033bb0 f   cg_drawtools.obj
 0001:000333a0       _CG_Chunks                 300343a0 f   cg_effects.obj
 0001:00033a70       _CG_DoGlass                30034a70 f   cg_effects.obj
 0001:000340c0       _CG_GlassShatter           300350c0 f   cg_effects.obj
 0001:00034120       _CG_InitGlass              30035120 f   cg_effects.obj
 0001:000341e0       _CG_MiscModelExplosion     300351e0 f   cg_effects.obj
 0001:000344d0       _CG_ScorePlum              300354d0 f   cg_effects.obj
 0001:00034610       _CG_SmokePuff              30035610 f   cg_effects.obj
 0001:000347b0       _CG_TestLine               300357b0 f   cg_effects.obj
 0001:00034910       _CG_AddBracketedEnt        30035910 f   cg_ents.obj
 0001:00034fd0       _CG_AddPacketEntities      30035fd0 f   cg_ents.obj
 0001:00035320       _CG_AddRadarEnt            30036320 f   cg_ents.obj
 0001:00035350       _CG_AdjustPositionForMover 30036350 f   cg_ents.obj
 0001:00035440       _CG_Beam                   30036440 f   cg_ents.obj
 0001:000354f0       _CG_CalcEntityLerpPositions 300364f0 f   cg_ents.obj
 0001:00035710       _CG_Cube                   30036710 f   cg_ents.obj
 0001:000358d0       _CG_Disintegration         300368d0 f   cg_ents.obj
 0001:00037ec0       _CG_GreyItem               30038ec0 f   cg_ents.obj
 0001:00038bc0       _CG_ManualEntityRender     30039bc0 f   cg_ents.obj
 0001:000399d0       _CG_PlayDoorLoopSound      3003a9d0 f   cg_ents.obj
 0001:00039b40       _CG_PlayDoorSound          3003ab40 f   cg_ents.obj
 0001:00039b90       _CG_PositionEntityOnTag    3003ab90 f   cg_ents.obj
 0001:00039cc0       _CG_PositionRotatedEntityOnTag 3003acc0 f   cg_ents.obj
 0001:00039df0       _CG_ROFF_NotetrackCallback 3003adf0 f   cg_ents.obj
 0001:0003a200       _CG_S_AddRealLoopingSound  3003b200 f   cg_ents.obj
 0001:0003a2c0       _CG_S_StopLoopingSound     3003b2c0 f   cg_ents.obj
 0001:0003a350       _CG_S_UpdateLoopingSounds  3003b350 f   cg_ents.obj
 0001:0003a480       _CG_SetEntitySoundPosition 3003b480 f   cg_ents.obj
 0001:0003a510       _CG_SetGhoul2Info          3003b510 f   cg_ents.obj
 0001:0003a580       _FX_DrawPortableShield     3003b580 f   cg_ents.obj
 0001:0003a7e0       _ScaleModelAxis            3003b7e0 f   cg_ents.obj
 0001:0003a8d0       _CG_CalcVehMuzzle          3003b8d0 f   cg_event.obj
 0001:0003a9f0       _CG_CheckEvents            3003b9f0 f   cg_event.obj
 0001:0003aa70       _CG_EntityEvent            3003ba70 f   cg_event.obj
 0001:0003f4f0       _CG_G2MarkEvent            300404f0 f   cg_event.obj
 0001:0003f760       _CG_GetCTFMessageEvent     30040760 f   cg_event.obj
 0001:00040480       _CG_PainEvent              30041480 f   cg_event.obj
 0001:000404f0       _CG_PlaceString            300414f0 f   cg_event.obj
 0001:00040690       _CG_ReattachLimb           30041690 f   cg_event.obj
 0001:00040890       _DoFall                    30041890 f   cg_event.obj
 0001:000409b0       _CG_LoadHolsterData        300419b0 f   cg_holster.obj
 0001:00040cf0       _CG_DrawInformation        30041cf0 f   cg_info.obj
 0001:000417d0       _CG_LoadingClient          300427d0 f   cg_info.obj
 0001:00041860       _CG_LoadingItem            30042860 f   cg_info.obj
 0001:00041910       _CG_LoadingString          30042910 f   cg_info.obj
 0001:00041970       _CG_ClearLightStyles       30042970 f   cg_light.obj
 0001:00041a60       _CG_RunLightStyles         30042a60 f   cg_light.obj
 0001:00041af0       _CG_SetLightstyle          30042af0 f   cg_light.obj
 0001:00041bb0       _CG_AddFragment            30042bb0 f   cg_localents.obj
 0001:00041fe0       _CG_AddLocalEntities       30042fe0 f   cg_localents.obj
 0001:000428a0       _CG_AddScorePlum           300438a0 f   cg_localents.obj
 0001:00042c00       _CG_AllocLocalEntity       30043c00 f   cg_localents.obj
 0001:00042c80       _CG_FreeLocalEntity        30043c80 f   cg_localents.obj
 0001:00042cc0       _CG_InitLocalEntities      30043cc0 f   cg_localents.obj
 0001:00042d20       _BG_GetTime                30043d20 f   cg_main.obj
 0001:00042d30       _CG_Argv                   30043d30 f   cg_main.obj
 0001:00042d50       _CG_Asset_Parse            30043d50 f   cg_main.obj
 0001:00043220       _CG_BuildSpectatorString   30044220 f   cg_main.obj
 0001:000432a0       _CG_ConfigString           300442a0 f   cg_main.obj
 0001:000432d0       _CG_CreateModelFromSpawnEnt 300442d0 f   cg_main.obj
 0001:00043540       _CG_CrosshairPlayer        30044540 f   cg_main.obj
 0001:00043870       _CG_DrawMiscEnts           30044870 f   cg_main.obj
 0001:000439a0       _CG_Error                  300449a0 f   cg_main.obj
 0001:00043c90       _CG_DeferMenuScript        30044c90 f   cg_newDraw.obj
 0001:00043c90       _ItemParse_isSaber         30044c90 f   ui_shared.obj
 0001:00043c90       _ItemParse_isSaber2        30044c90 f   ui_shared.obj
 0001:00043f50       _CG_GetLocationString      30044f50 f   cg_main.obj
 0001:00043f90       _CG_GetStringEdString      30044f90 f   cg_main.obj
 0001:00044020       _CG_Init                   30045020 f   cg_main.obj
 0001:00045150       _CG_LastAttacker           30046150 f   cg_main.obj
 0001:00045170       _CG_LoadMenus              30046170 f   cg_main.obj
 0001:000453c0       _CG_NewString              300463c0 f   cg_main.obj
 0001:00045480       _CG_NextForcePower_f       30046480 f   cg_main.obj
 0001:000455c0       _CG_NextInventory_f        300465c0 f   cg_main.obj
 0001:00045650       _CG_NoUseableForce         30046650 f   cg_main.obj
 0001:00045780       _CG_ParseSiegeState        30046780 f   cg_main.obj
 0001:00045840       _CG_ParseSpawnVars         30046840 f   cg_main.obj
 0001:00045a20       _CG_ParseWeatherEffect     30046a20 f   cg_main.obj
 0001:00045a60       _CG_PrevForcePower_f       30046a60 f   cg_main.obj
 0001:00045ba0       _CG_PrevInventory_f        30046ba0 f   cg_main.obj
 0001:00045c30       _CG_Printf                 30046c30 f   cg_main.obj
 0001:00045c80       _CG_RegisterCvars          30046c80 f   cg_main.obj
 0001:000484b0       _CG_SetScoreSelection      300494b0 f   cg_main.obj
 0001:00048570       _CG_SiegeCountCvars        30049570 f   cg_main.obj
 0001:000487b0       _CG_SpawnCGameEntFromVars  300497b0 f   cg_main.obj
 0001:00048970       _CG_StartMusic             30049970 f   cg_main.obj
 0001:00048a70       _CG_Text_PaintWithCursor   30049a70 f   cg_main.obj
 0001:00048ac0       _CG_UpdateCvars            30049ac0 f   cg_main.obj
 0001:00048bc0       _Com_Error                 30049bc0 f   cg_main.obj
 0001:00048c10       _Com_Printf                30049c10 f   cg_main.obj
 0001:00048c60       _vmMain                    30049c60 f   cg_main.obj
 0001:000496d0       _CG_AddMarks               3004a6d0 f   cg_marks.obj
 0001:00049870       _CG_AddParticleToScene     3004a870 f   cg_marks.obj
 0001:0004b460       _CG_AddParticles           3004c460 f   cg_marks.obj
 0001:0004b830       _CG_AllocMark              3004c830 f   cg_marks.obj
 0001:0004b8c0       _CG_ClearParticles         3004c8c0 f   cg_marks.obj
 0001:0004b950       _CG_ImpactMark             3004c950 f   cg_marks.obj
 0001:0004be40       _CG_InitMarkPolys          3004ce40 f   cg_marks.obj
 0001:0004bea0       _CG_EventHandling          3004cea0 f   cg_newDraw.obj
 0001:0004bed0       _CG_GameTypeString         3004ced0 f   cg_newDraw.obj
 0001:0004bf40       _CG_GetGameStatusText      3004cf40 f   cg_newDraw.obj
 0001:0004c050       _CG_GetKillerText          3004d050 f   cg_newDraw.obj
 0001:0004c090       _CG_GetSelectedPlayer      3004d090 f   cg_newDraw.obj
 0001:0004c0b0       _CG_GetTeamColor           3004d0b0 f   cg_newDraw.obj
 0001:0004c120       _CG_GetValue               3004d120 f   cg_newDraw.obj
 0001:0004c290       _CG_KeyEvent               3004d290 f   cg_newDraw.obj
 0001:0004c340       _CG_MouseEvent             3004d340 f   cg_newDraw.obj
 0001:0004c420       _CG_OtherTeamHasFlag       3004d420 f   cg_newDraw.obj
 0001:0004c460       _CG_OwnerDrawVisible       3004d460 f   cg_newDraw.obj
 0001:0004c610       _CG_StatusHandle           3004d610 f   cg_newDraw.obj
 0001:0004c670       _CG_YourTeamHasFlag        3004d670 f   cg_newDraw.obj
 0001:0004c6b0       _ApplyAxisRotation         3004d6b0 f   cg_players.obj
 0001:0004cbe0       _CG_ActualLoadDeferredPlayers 3004dbe0 f   cg_players.obj
 0001:0004cf60       _CG_AddGhoul2Mark          3004df60 f   cg_players.obj
 0001:0004d120       _CG_AddRefEntityWithPowerups 3004e120 f   cg_players.obj
 0001:0004d1a0       _CG_AddSaberBlade          3004e1a0 f   cg_players.obj
 0001:0004f0a0       _CG_CacheG2AnimInfo        300500a0 f   cg_players.obj
 0001:0004f250       _CG_CheckThirdPersonAlpha  30050250 f   cg_players.obj
 0001:0004f4e0       _CG_CleanJetpack2Ghoul2    300504e0 f   cg_players.obj
 0001:0004f510       _CG_CleanJetpack3Ghoul2    30050510 f   cg_players.obj
 0001:0004f540       _CG_CleanJetpack4Ghoul2    30050540 f   cg_players.obj
 0001:0004f570       _CG_CleanJetpack5Ghoul2    30050570 f   cg_players.obj
 0001:0004f5a0       _CG_CleanJetpack6Ghoul2    300505a0 f   cg_players.obj
 0001:0004f5d0       _CG_CleanJetpackGhoul2     300505d0 f   cg_players.obj
 0001:0004f900       _CG_CreateNPCClient        30050900 f   cg_players.obj
 0001:0004f920       _CG_CreateSaberMarks       30050920 f   cg_players.obj
 0001:000504b0       _CG_CustomSound            300514b0 f   cg_players.obj
 0001:00050810       _CG_DestroyNPCClient       30051810 f   cg_players.obj
 0001:00050830       _CG_DoEp1Saber             30051830 f   cg_players.obj
 0001:00051f80       _CG_DoEp2Saber             30052f80 f   cg_players.obj
 0001:000537d0       _CG_DoEp3Saber             300547d0 f   cg_players.obj
 0001:00055040       _CG_DoOTSaber              30056040 f   cg_players.obj
 0001:000567c0       _CG_DoSFXSaber             300577c0 f   cg_players.obj
 0001:00057ed0       _CG_DoSaber                30058ed0 f   cg_players.obj
 0001:00058480       _CG_DoSaberLight           30059480 f   cg_players.obj
 0001:000588b0       _CG_DrawPlayerSphere       300598b0 f   cg_players.obj
 0001:0005a280       _CG_G2AnimEntModelLoad     3005b280 f   cg_players.obj
 0001:0005a9f0       _CG_G2Animated             3005b9f0 f   cg_players.obj
 0001:0005b180       _CG_G2PlayerHeadAnims      3005c180 f   cg_players.obj
 0001:0005b580       _CG_G2ServerBoneAngles     3005c580 f   cg_players.obj
 0001:0005b7c0       _CG_G2SkelForModel         3005c7c0 f   cg_players.obj
 0001:0005b830       _CG_G2TraceCollide         3005c830 f   cg_players.obj
 0001:0005b9f0       _CG_HandleAppendedSkin     3005c9f0 f   cg_players.obj
 0001:0005bab0       _CG_HolsteredWeaponRender  3005cab0 f   cg_players.obj
 0001:0005c0a0       _CG_InitJetpack2Ghoul2     3005d0a0 f   cg_players.obj
 0001:0005c100       _CG_InitJetpack3Ghoul2     3005d100 f   cg_players.obj
 0001:0005c160       _CG_InitJetpack4Ghoul2     3005d160 f   cg_players.obj
 0001:0005c1c0       _CG_InitJetpack5Ghoul2     3005d1c0 f   cg_players.obj
 0001:0005c220       _CG_InitJetpack6Ghoul2     3005d220 f   cg_players.obj
 0001:0005c280       _CG_InitJetpackGhoul2      3005d280 f   cg_players.obj
 0001:0005c2e0       _CG_IsMindTricked          3005d2e0 f   cg_players.obj
 0001:0005c350       _CG_LoadCISounds           3005d350 f   cg_players.obj
 0001:0005c710       _CG_LoadClientInfo         3005d710 f   cg_players.obj
 0001:0005ca50       _CG_LoadDeferredPlayers    3005da50 f   cg_players.obj
 0001:0005ca60       _CG_NewClientInfo          3005da60 f   cg_players.obj
 0001:0005d850       _CG_ParseAnimationEvtFile  3005e850 f   cg_players.obj
 0001:0005dbd0       _CG_ParseScriptedSaber     3005ebd0 f   cg_players.obj
 0001:0005dcf0       _CG_ParseSurfsFile         3005ecf0 f   cg_players.obj
 0001:0005deb0       _CG_Player                 3005eeb0 f   cg_players.obj
 0001:00064ca0       _CG_PlayerAmbientEvents    30065ca0 f   cg_players.obj
 0001:00064e30       _CG_PlayerAnimEventDo      30065e30 f   cg_players.obj
 0001:00065320       _CG_PlayerAnimEvents       30066320 f   cg_players.obj
 0001:00065be0       _CG_PlayerShieldHit        30066be0 f   cg_players.obj
 0001:00065ea0       _CG_RadiusForCent          30066ea0 f   cg_players.obj
 0001:00065f20       _CG_RagDoll                30066f20 f   cg_players.obj
 0001:00067840       _CG_ResetPlayerEntity      30068840 f   cg_players.obj
 0001:00068010       _CG_SaberCompWork          30069010 f   cg_players.obj
 0001:00068d10       _CG_ThereIsAMaster         30069d10 f   cg_players.obj
 0001:000695f0       _CG_VehicleShouldDrawShields 3006a5f0 f   cg_players.obj
 0001:00069630       _CG_VisualWeaponsUpdate    3006a630 f   cg_players.obj
 0001:0006a4f0       _FindGender                3006b4f0 f   cg_players.obj
 0001:0006a5e0       _ParseAnimationEvtBlock    3006b5e0 f   cg_players.obj
 0001:0006af50       _ParseRGBSaber             3006bf50 f   cg_players.obj
 0001:0006afb0       _RGB_AdjustPimpSaberColor  3006bfb0 f   cg_players.obj
 0001:0006b140       _RGB_AdjustSciptedSaberColor 3006c140 f   cg_players.obj
 0001:0006b2a0       _RGB_RandomRGB             3006c2a0 f   cg_players.obj
 0001:0006b300       _SmoothTrueView            3006c300 f   cg_players.obj
 0001:0006c000       _CG_CheckLocalSounds       3006d000 f   cg_playerstate.obj
 0001:0006c1e0       _CG_DamageFeedback         3006d1e0 f   cg_playerstate.obj
 0001:0006c510       _CG_Respawn                3006d510 f   cg_playerstate.obj
 0001:0006c540       _CG_TransitionPlayerState  3006d540 f   cg_playerstate.obj
 0001:0006c730       _CG_BuildSolidList         3006d730 f   cg_predict.obj
 0001:0006cd70       _CG_G2Trace                3006dd70 f   cg_predict.obj
 0001:0006d160       _CG_PmoveClientPointerUpdate 3006e160 f   cg_predict.obj
 0001:0006d1f0       _CG_PointContents          3006e1f0 f   cg_predict.obj
 0001:0006d270       _CG_PredictPlayerState     3006e270 f   cg_predict.obj
 0001:0006e6f0       _CG_Trace                  3006f6f0 f   cg_predict.obj
 0001:0006e780       _CG_UsingEWeb              3006f780 f   cg_predict.obj
 0001:0006e850       _CG_AdjustEyePos           3006f850 f   cg_saga.obj
 0001:0006e8c0       _CG_InitSiegeMode          3006f8c0 f   cg_saga.obj
 0001:0006ef80       _CG_ParseSiegeExtendedData 3006ff80 f   cg_saga.obj
 0001:0006f110       _CG_ParseSiegeObjectiveStatus 30070110 f   cg_saga.obj
 0001:0006f3a0       _CG_PrecachePlayersForSiegeTeam 300703a0 f   cg_saga.obj
 0001:0006f4c0       _CG_PrecacheSiegeObjectiveAssetsForTeam 300704c0 f   cg_saga.obj
 0001:0006f670       _CG_SetSiegeTimerCvar      30070670 f   cg_saga.obj
 0001:0006f6e0       _CG_SiegeBriefingDisplay   300706e0 f   cg_saga.obj
 0001:0006fb20       _CG_SiegeGetObjectiveDescription 30070b20 f   cg_saga.obj
 0001:0006fbc0       _CG_SiegeGetObjectiveFinal 30070bc0 f   cg_saga.obj
 0001:0006fc70       _CG_SiegeObjectiveCompleted 30070c70 f   cg_saga.obj
 0001:0006fe00       _CG_SiegeRoundOver         30070e00 f   cg_saga.obj
 0001:0006ff50       _CG_TrueViewInit           30070f50 f   cg_saga.obj
 0001:0006ffe0       _siege_Cvar_Set            30070fe0 f   cg_saga.obj
 0001:00070110       _siege_Cvar_VariableStringBuffer 30071110 f   cg_saga.obj
 0001:000701d0       _siegecvarlist             300711d0 f   cg_saga.obj
 0001:00070890       _CG_DrawOldScoreboard      30071890 f   cg_scoreboard.obj
 0001:00071190       _CG_GetClassCount          30072190 f   cg_scoreboard.obj
 0001:000711f0       _CG_GetTeamCount           300721f0 f   cg_scoreboard.obj
 0001:00071250       _CG_GetTeamNonScoreCount   30072250 f   cg_scoreboard.obj
 0001:000715b0       _CG_CheckSVStringEdRef     300725b0 f   cg_servercmds.obj
 0001:00071f70       _CG_ExecuteNewServerCommands 30072f70 f   cg_servercmds.obj
 0001:00071fb0       _CG_HandleNPCSounds        30072fb0 f   cg_servercmds.obj
 0001:00072460       _CG_KillCEntityG2          30073460 f   cg_servercmds.obj
 0001:000725f0       _CG_KillCEntityInstances   300735f0 f   cg_servercmds.obj
 0001:00072a50       _CG_ParseServerinfo        30073a50 f   cg_servercmds.obj
 0001:00072e50       _CG_PrecacheNPCSounds      30073e50 f   cg_servercmds.obj
 0001:00073fc0       _CG_SetConfigValues        30074fc0 f   cg_servercmds.obj
 0001:000740f0       _CG_ShaderStateChanged     300750f0 f   cg_servercmds.obj
 0001:00074260       _CG_ProcessSnapshots       30075260 f   cg_snapshot.obj
 0001:00074940       _strap_G2API_AnimateG2Models 30075940 f   cg_strap.obj
 0001:00074950       _strap_G2API_GetBoltMatrix 30075950 f   cg_strap.obj
 0001:00074960       _strap_G2API_GetBoltMatrix_NoRecNoRot 30075960 f   cg_strap.obj
 0001:00074970       _strap_G2API_GetBoneAnim   30075970 f   cg_strap.obj
 0001:00074980       _strap_G2API_IKMove        30075980 f   cg_strap.obj
 0001:00074990       _strap_G2API_SetBoneAngles 30075990 f   cg_strap.obj
 0001:000749a0       _strap_G2API_SetBoneAnim   300759a0 f   cg_strap.obj
 0001:000749e0       _strap_G2API_SetBoneIKState 300759e0 f   cg_strap.obj
 0001:000749f0       _dllEntry                  300759f0 f   cg_syscalls.obj
 0001:00074a00       _trap_AS_AddPrecacheEntry  30075a00 f   cg_syscalls.obj
 0001:00074a20       _trap_AS_GetBModelSound    30075a20 f   cg_syscalls.obj
 0001:00074a40       _trap_AS_ParseSets         30075a40 f   cg_syscalls.obj
 0001:00074a50       _trap_AddCommand           30075a50 f   cg_syscalls.obj
 0001:00074a70       _trap_AnyLanguage_ReadCharFromString 30075a70 f   cg_syscalls.obj
 0001:00074a90       _trap_Argc                 30075a90 f   cg_syscalls.obj
 0001:00074aa0       _trap_Args                 30075aa0 f   cg_syscalls.obj
 0001:00074ac0       _trap_Argv                 30075ac0 f   cg_syscalls.obj
 0001:00074ae0       _trap_CG_RegisterSharedMemory 30075ae0 f   cg_syscalls.obj
 0001:00074b00       _trap_CIN_DrawCinematic    30075b00 f   cg_syscalls.obj
 0001:00074b20       _trap_CIN_PlayCinematic    30075b20 f   cg_syscalls.obj
 0001:00074b50       _trap_CIN_RunCinematic     30075b50 f   cg_syscalls.obj
 0001:00074b70       _trap_CIN_SetExtents       30075b70 f   cg_syscalls.obj
 0001:00074ba0       _trap_CIN_StopCinematic    30075ba0 f   cg_syscalls.obj
 0001:00074bc0       _trap_CM_BoxTrace          30075bc0 f   cg_syscalls.obj
 0001:00074bf0       _trap_CM_InlineModel       30075bf0 f   cg_syscalls.obj
 0001:00074c10       _trap_CM_LoadMap           30075c10 f   cg_syscalls.obj
 0001:00074c30       _trap_CM_MarkFragments     30075c30 f   cg_syscalls.obj
 0001:00074c60       _trap_CM_NumInlineModels   30075c60 f   cg_syscalls.obj
 0001:00074c70       _trap_CM_PointContents     30075c70 f   cg_syscalls.obj
 0001:00074c90       _trap_CM_TempBoxModel      30075c90 f   cg_syscalls.obj
 0001:00074cb0       _trap_CM_TransformedBoxTrace 30075cb0 f   cg_syscalls.obj
 0001:00074ce0       _trap_CM_TransformedPointContents 30075ce0 f   cg_syscalls.obj
 0001:00074d00       _trap_Cvar_Register        30075d00 f   cg_syscalls.obj
 0001:00074d20       _trap_Cvar_Set             30075d20 f   cg_syscalls.obj
 0001:00074d40       _trap_Cvar_Update          30075d40 f   cg_syscalls.obj
 0001:00074d60       _trap_Cvar_VariableStringBuffer 30075d60 f   cg_syscalls.obj
 0001:00074d80       _trap_Error                30075d80 f   cg_syscalls.obj
 0001:00074da0       _trap_FS_FCloseFile        30075da0 f   cg_syscalls.obj
 0001:00074dc0       _trap_FS_FOpenFile         30075dc0 f   cg_syscalls.obj
 0001:00074de0       _trap_FS_GetFileList       30075de0 f   cg_syscalls.obj
 0001:00074e00       _trap_FS_Read              30075e00 f   cg_syscalls.obj
 0001:00074e20       _trap_FX_AddBezier         30075e20 f   cg_syscalls.obj
 0001:00074e40       _trap_FX_AddElectricity    30075e40 f   cg_syscalls.obj
 0001:00074e60       _trap_FX_AddLine           30075e60 f   cg_syscalls.obj
 0001:00074ef0       _trap_FX_AddPoly           30075ef0 f   cg_syscalls.obj
 0001:00074f10       _trap_FX_AddPrimitive      30075f10 f   cg_syscalls.obj
 0001:00074f30       _trap_FX_AddScheduledEffects 30075f30 f   cg_syscalls.obj
 0001:00074f50       _trap_FX_AddSprite         30075f50 f   cg_syscalls.obj
 0001:00074f70       _trap_FX_AdjustTime        30075f70 f   cg_syscalls.obj
 0001:00074f90       _trap_FX_FreeSystem        30075f90 f   cg_syscalls.obj
 0001:00074fa0       _trap_FX_InitSystem        30075fa0 f   cg_syscalls.obj
 0001:00074fc0       _trap_FX_PlayBoltedEffectID 30075fc0 f   cg_syscalls.obj
 0001:00074ff0       _trap_FX_PlayEffectID      30075ff0 f   cg_syscalls.obj
 0001:00075020       _trap_FX_PlayEntityEffectID 30076020 f   cg_syscalls.obj
 0001:00075050       _trap_FX_PlayPortalEffectID 30076050 f   cg_syscalls.obj
 0001:00075070       _trap_FX_RegisterEffect    30076070 f   cg_syscalls.obj
 0001:00075090       _trap_G2API_AbsurdSmoothing 30076090 f   cg_syscalls.obj
 0001:000750b0       _trap_G2API_AddBolt        300760b0 f   cg_syscalls.obj
 0001:000750d0       _trap_G2API_AddSkinGore    300760d0 f   cg_syscalls.obj
 0001:000750f0       _trap_G2API_AnimateG2Models 300760f0 f   cg_syscalls.obj
 0001:00075110       _trap_G2API_AttachInstanceToEntNum 30076110 f   cg_syscalls.obj
 0001:00075130       _trap_G2API_CleanGhoul2Models 30076130 f   cg_syscalls.obj
 0001:00075150       _trap_G2API_ClearAttachedInstance 30076150 f   cg_syscalls.obj
 0001:00075170       _trap_G2API_ClearSkinGore  30076170 f   cg_syscalls.obj
 0001:00075190       _trap_G2API_CollisionDetect 30076190 f   cg_syscalls.obj
 0001:000751e0       _trap_G2API_CollisionDetectCache 300761e0 f   cg_syscalls.obj
 0001:00075230       _trap_G2API_CopySpecificGhoul2Model 30076230 f   cg_syscalls.obj
 0001:00075250       _trap_G2API_DuplicateGhoul2Instance 30076250 f   cg_syscalls.obj
 0001:00075270       _trap_G2API_GetBoltMatrix  30076270 f   cg_syscalls.obj
 0001:000752a0       _trap_G2API_GetBoltMatrix_NoRecNoRot 300762a0 f   cg_syscalls.obj
 0001:000752d0       _trap_G2API_GetBoneAnim    300762d0 f   cg_syscalls.obj
 0001:00075310       _trap_G2API_GetBoneFrame   30076310 f   cg_syscalls.obj
 0001:00075340       _trap_G2API_GetGLAName     30076340 f   cg_syscalls.obj
 0001:00075360       _trap_G2API_GetNumGoreMarks 30076360 f   cg_syscalls.obj
 0001:00075380       _trap_G2API_GetSurfaceRenderStatus 30076380 f   cg_syscalls.obj
 0001:000753a0       _trap_G2API_HasGhoul2ModelOnIndex 300763a0 f   cg_syscalls.obj
 0001:000753c0       _trap_G2API_IKMove         300763c0 f   cg_syscalls.obj
 0001:000753e0       _trap_G2API_InitGhoul2Model 300763e0 f   cg_syscalls.obj
 0001:00075410       _trap_G2API_RagEffectorGoal 30076410 f   cg_syscalls.obj
 0001:00075430       _trap_G2API_RagEffectorKick 30076430 f   cg_syscalls.obj
 0001:00075450       _trap_G2API_RagForceSolve  30076450 f   cg_syscalls.obj
 0001:00075470       _trap_G2API_RagPCJConstraint 30076470 f   cg_syscalls.obj
 0001:00075490       _trap_G2API_RagPCJGradientSpeed 30076490 f   cg_syscalls.obj
 0001:000754c0       _trap_G2API_RemoveGhoul2Model 300764c0 f   cg_syscalls.obj
 0001:000754e0       _trap_G2API_SetBoltInfo    300764e0 f   cg_syscalls.obj
 0001:00075500       _trap_G2API_SetBoneAngles  30076500 f   cg_syscalls.obj
 0001:00075540       _trap_G2API_SetBoneAnim    30076540 f   cg_syscalls.obj
 0001:00075590       _trap_G2API_SetBoneIKState 30076590 f   cg_syscalls.obj
 0001:000755c0       _trap_G2API_SetNewOrigin   300765c0 f   cg_syscalls.obj
 0001:000755e0       _trap_G2API_SetRagDoll     300765e0 f   cg_syscalls.obj
 0001:00075600       _trap_G2API_SetRootSurface 30076600 f   cg_syscalls.obj
 0001:00075620       _trap_G2API_SetSkin        30076620 f   cg_syscalls.obj
 0001:00075640       _trap_G2API_SetSurfaceOnOff 30076640 f   cg_syscalls.obj
 0001:00075660       _trap_G2API_SkinlessModel  30076660 f   cg_syscalls.obj
 0001:00075680       _trap_G2_HaveWeGhoul2Models 30076680 f   cg_syscalls.obj
 0001:000756a0       _trap_GetCurrentCmdNumber  300766a0 f   cg_syscalls.obj
 0001:000756b0       _trap_GetCurrentSnapshotNumber 300766b0 f   cg_syscalls.obj
 0001:000756d0       _trap_GetDefaultState      300766d0 f   cg_syscalls.obj
 0001:000756f0       _trap_GetEntityToken       300766f0 f   cg_syscalls.obj
 0001:00075710       _trap_GetGameState         30076710 f   cg_syscalls.obj
 0001:00075730       _trap_GetGlconfig          30076730 f   cg_syscalls.obj
 0001:00075750       _trap_GetServerCommand     30076750 f   cg_syscalls.obj
 0001:00075770       _trap_GetSnapshot          30076770 f   cg_syscalls.obj
 0001:00075790       _trap_GetUserCmd           30076790 f   cg_syscalls.obj
 0001:000757b0       _trap_Key_GetCatcher       300767b0 f   cg_syscalls.obj
 0001:000757c0       _trap_Key_SetCatcher       300767c0 f   cg_syscalls.obj
 0001:000757e0       _trap_Language_IsAsian     300767e0 f   cg_syscalls.obj
 0001:000757f0       _trap_Language_UsesSpaces  300767f0 f   cg_syscalls.obj
 0001:00075800       _trap_Milliseconds         30076800 f   cg_syscalls.obj
 0001:00075810       _trap_OpenUIMenu           30076810 f   cg_syscalls.obj
 0001:00075830       _trap_PC_FreeSource        30076830 f   cg_syscalls.obj
 0001:00075850       _trap_PC_LoadSource        30076850 f   cg_syscalls.obj
 0001:00075870       _trap_PC_ReadToken         30076870 f   cg_syscalls.obj
 0001:00075890       _trap_PC_SourceFileAndLine 30076890 f   cg_syscalls.obj
 0001:000758b0       _trap_Print                300768b0 f   cg_syscalls.obj
 0001:000758d0       _trap_ROFF_Clean           300768d0 f   cg_syscalls.obj
 0001:000758e0       _trap_ROFF_Play            300768e0 f   cg_syscalls.obj
 0001:00075900       _trap_ROFF_UpdateEntities  30076900 f   cg_syscalls.obj
 0001:00075910       _trap_R_AddDecalToScene    30076910 f   cg_syscalls.obj
 0001:00075980       _trap_R_AddLightToScene    30076980 f   cg_syscalls.obj
 0001:000759d0       _trap_R_AddPolyToScene     300769d0 f   cg_syscalls.obj
 0001:000759f0       _trap_R_AddRefEntityToScene 300769f0 f   cg_syscalls.obj
 0001:00075a10       _trap_R_AutomapElevAdj     30076a10 f   cg_syscalls.obj
 0001:00075a30       _trap_R_ClearDecals        30076a30 f   cg_syscalls.obj
 0001:00075a40       _trap_R_ClearScene         30076a40 f   cg_syscalls.obj
 0001:00075a50       _trap_R_DrawRotatePic      30076a50 f   cg_syscalls.obj
 0001:00075ae0       _trap_R_DrawRotatePic2     30076ae0 f   cg_syscalls.obj
 0001:00075b70       _trap_R_DrawStretchPic     30076b70 f   cg_syscalls.obj
 0001:00075bf0       _trap_R_Font_DrawString    30076bf0 f   cg_syscalls.obj
 0001:00075c20       _trap_R_Font_HeightPixels  30076c20 f   cg_syscalls.obj
 0001:00075c40       _trap_R_Font_StrLenChars   30076c40 f   cg_syscalls.obj
 0001:00075c60       _trap_R_Font_StrLenPixels  30076c60 f   cg_syscalls.obj
 0001:00075ca0       _trap_R_GetBModelVerts     30076ca0 f   cg_syscalls.obj
 0001:00075cc0       _trap_R_GetDistanceCull    30076cc0 f   cg_syscalls.obj
 0001:00075ce0       _trap_R_GetRealRes         30076ce0 f   cg_syscalls.obj
 0001:00075d00       _trap_R_InitWireframeAutomap 30076d00 f   cg_syscalls.obj
 0001:00075d10       _trap_R_LerpTag            30076d10 f   cg_syscalls.obj
 0001:00075d40       _trap_R_LoadWorldMap       30076d40 f   cg_syscalls.obj
 0001:00075d60       _trap_R_ModelBounds        30076d60 f   cg_syscalls.obj
 0001:00075d80       _trap_R_RegisterFont       30076d80 f   cg_syscalls.obj
 0001:00075da0       _trap_R_RegisterModel      30076da0 f   cg_syscalls.obj
 0001:00075dc0       _trap_R_RegisterShader     30076dc0 f   cg_syscalls.obj
 0001:00075de0       _trap_R_RegisterShaderNoMip 30076de0 f   cg_syscalls.obj
 0001:00075e00       _trap_R_RegisterSkin       30076e00 f   cg_syscalls.obj
 0001:00075e20       _trap_R_RemapShader        30076e20 f   cg_syscalls.obj
 0001:00075e40       _trap_R_RenderScene        30076e40 f   cg_syscalls.obj
 0001:00075e60       _trap_R_SetColor           30076e60 f   cg_syscalls.obj
 0001:00075e80       _trap_R_SetLightStyle      30076e80 f   cg_syscalls.obj
 0001:00075ea0       _trap_R_SetRangeFog        30076ea0 f   cg_syscalls.obj
 0001:00075ec0       _trap_R_SetRefractProp     30076ec0 f   cg_syscalls.obj
 0001:00075f00       _trap_R_WeatherContentsOverride 30076f00 f   cg_syscalls.obj
 0001:00075f20       _trap_R_WorldEffectCommand 30076f20 f   cg_syscalls.obj
 0001:00075f40       _trap_R_inPVS              30076f40 f   cg_syscalls.obj
 0001:00075f60       _trap_SP_GetStringTextString 30076f60 f   cg_syscalls.obj
 0001:00075f80       _trap_S_AddLocalSet        30076f80 f   cg_syscalls.obj
 0001:00075fa0       _trap_S_AddLoopingSound    30076fa0 f   cg_syscalls.obj
 0001:00075fc0       _trap_S_AddRealLoopingSound 30076fc0 f   cg_syscalls.obj
 0001:00075fe0       _trap_S_ClearLoopingSounds 30076fe0 f   cg_syscalls.obj
 0001:00075ff0       _trap_S_GetVoiceVolume     30076ff0 f   cg_syscalls.obj
 0001:00076010       _trap_S_MuteSound          30077010 f   cg_syscalls.obj
 0001:00076030       _trap_S_RegisterSound      30077030 f   cg_syscalls.obj
 0001:00076050       _trap_S_Respatialize       30077050 f   cg_syscalls.obj
 0001:00076070       _trap_S_ShutUp             30077070 f   cg_syscalls.obj
 0001:00076090       _trap_S_StartBackgroundTrack 30077090 f   cg_syscalls.obj
 0001:000760b0       _trap_S_StartLocalSound    300770b0 f   cg_syscalls.obj
 0001:000760d0       _trap_S_StartSound         300770d0 f   cg_syscalls.obj
 0001:000760f0       _trap_S_StopBackgroundTrack 300770f0 f   cg_syscalls.obj
 0001:00076100       _trap_S_UpdateAmbientSet   30077100 f   cg_syscalls.obj
 0001:00076120       _trap_S_UpdateEntityPosition 30077120 f   cg_syscalls.obj
 0001:00076140       _trap_SendClientCommand    30077140 f   cg_syscalls.obj
 0001:00076160       _trap_SendConsoleCommand   30077160 f   cg_syscalls.obj
 0001:00076180       _trap_SetClientForceAngle  30077180 f   cg_syscalls.obj
 0001:000761a0       _trap_SetUserCmdValue      300771a0 f   cg_syscalls.obj
 0001:00076200       _trap_SnapVector           30077200 f   cg_syscalls.obj
 0001:00076220       _trap_TrueFree             30077220 f   cg_syscalls.obj
 0001:00076240       _trap_TrueMalloc           30077240 f   cg_syscalls.obj
 0001:00076260       _trap_UpdateScreen         30077260 f   cg_syscalls.obj
 0001:00076270       _trap_WE_AddWeatherZone    30077270 f   cg_syscalls.obj
 0001:00076290       _CreepToPosition           30077290 f   cg_turret.obj
 0001:00076410       _TurretClientRun           30077410 f   cg_turret.obj
 0001:000767a0       _CGCam_SetMusicMult        300777a0 f   cg_view.obj
 0001:000767e0       _CG_AddBufferedSound       300777e0 f   cg_view.obj
 0001:00076950       _CG_CalcFOVFromX           30077950 f   cg_view.obj
 0001:00077630       _CG_CalcVrect              30078630 f   cg_view.obj
 0001:00077700       _CG_DoCameraShake          30078700 f   cg_view.obj
 0001:00077790       _CG_DrawActiveFrame        30078790 f   cg_view.obj
 0001:00078410       _CG_DrawAutoMap            30079410 f   cg_view.obj
 0001:00078990       _CG_DrawSkyBoxPortal       30079990 f   cg_view.obj
 0001:00078e00       _CG_GetVehicleCamPos       30079e00 f   cg_view.obj
 0001:00079c00       _CG_TestGun_f              3007ac00 f   cg_view.obj
 0001:00079d50       _CG_TestModelNextFrame_f   3007ad50 f   cg_view.obj
 0001:00079d70       _CG_TestModelNextSkin_f    3007ad70 f   cg_view.obj
 0001:00079d90       _CG_TestModelPrevFrame_f   3007ad90 f   cg_view.obj
 0001:00079dc0       _CG_TestModelPrevSkin_f    3007adc0 f   cg_view.obj
 0001:00079df0       _CG_TestModel_f            3007adf0 f   cg_view.obj
 0001:0007a640       _CheckCameraLocation       3007b640 f   cg_view.obj
 0001:0007a6b0       _CG_RegisterWeapon         3007b6b0 f   cg_weaponinit.obj
 0001:0007c740       _CG_AddPlayerWeapon        3007d740 f   cg_weapons.obj
 0001:0007da80       _CG_AddViewWeapon          3007ea80 f   cg_weapons.obj
 0001:0007e440       _CG_CalcMuzzlePoint        3007f440 f   cg_weapons.obj
 0001:0007e9b0       _CG_CheckPlayerG2Weapons   3007f9b0 f   cg_weapons.obj
 0001:0007ecd0       _CG_CopyG2WeaponInstance   3007fcd0 f   cg_weapons.obj
 0001:0007eea0       _CG_DrawIconBackground     3007fea0 f   cg_weapons.obj
 0001:0007eff0       _CG_DrawWeaponSelect       3007fff0 f   cg_weapons.obj
 0001:0007f4f0       _CG_FireWeapon             300804f0 f   cg_weapons.obj
 0001:0007f7c0       _CG_G2HolsterWeaponInstance 300807c0 f   cg_weapons.obj
 0001:0007f830       _CG_G2WeaponInstance       30080830 f   cg_weapons.obj
 0001:0007f8c0       _CG_G2WeaponInstance2      300808c0 f   cg_weapons.obj
 0001:0007f950       _CG_GetClientWeaponMuzzleBoltPoint 30080950 f   cg_weapons.obj
 0001:0007fa10       _CG_InitG2Weapons          30080a10 f   cg_weapons.obj
 0001:00080230       _CG_MissileHitPlayer       30081230 f   cg_weapons.obj
 0001:00080410       _CG_MissileHitPlayer2      30081410 f   cg_weapons.obj
 0001:000805f0       _CG_MissileHitPlayer3      300815f0 f   cg_weapons.obj
 0001:000807d0       _CG_MissileHitPlayer4      300817d0 f   cg_weapons.obj
 0001:000809b0       _CG_MissileHitWall         300819b0 f   cg_weapons.obj
 0001:00080bb0       _CG_MissileHitWall2        30081bb0 f   cg_weapons.obj
 0001:00080d90       _CG_MissileHitWall3        30081d90 f   cg_weapons.obj
 0001:00080f90       _CG_MissileHitWall4        30081f90 f   cg_weapons.obj
 0001:00081170       _CG_NextWeapon_f           30082170 f   cg_weapons.obj
 0001:00081280       _CG_PrevWeapon_f           30082280 f   cg_weapons.obj
 0001:00081340       _CG_RegisterItemVisuals    30082340 f   cg_weapons.obj
 0001:000814e0       _CG_ShutDownG2Weapons      300824e0 f   cg_weapons.obj
 0001:00081560       _CG_VehicleWeaponImpact    30082560 f   cg_weapons.obj
 0001:000815d0       _CG_WeaponClean_f          300825d0 f   cg_weapons.obj
 0001:00081780       _CG_Weapon_f               30082780 f   cg_weapons.obj
 0001:00081920       _BG_FighterUpdate          30082920 f   FighterNPC.obj
 0001:00081c70       _FighterIsLanding          30082c70 f   FighterNPC.obj
 0001:00081db0       _FighterOverValidLandingSurface 30082db0 f   FighterNPC.obj
 0001:00081df0       _FighterYawAdjust          30082df0 f   FighterNPC.obj
 0001:00081ec0       _G_SetFighterVehicleFunctions 30082ec0 f   FighterNPC.obj
 0001:00083550       _FX_BlasterProjectileThink 30084550 f   fx_blaster.obj
 0001:00083550       _FX_BowcasterAltProjectileThink2 30084550 f   fx_bowcaster.obj
 0001:00083550       _FX_BowcasterProjectileThink2 30084550 f   fx_bowcaster.obj
 0001:00083550       _FX_BryarOldProjectileThink4 30084550 f   fx_bryarpistol.obj
 0001:00083550       _FX_BryarProjectileThink2  30084550 f   fx_bryarpistol.obj
 0001:000835b0       _FX_BlasterProjectileThink2 300845b0 f   fx_blaster.obj
 0001:000835b0       _FX_BowcasterAltProjectileThink 300845b0 f   fx_bowcaster.obj
 0001:000835b0       _FX_BowcasterProjectileThink 300845b0 f   fx_bowcaster.obj
 0001:000835b0       _FX_BryarOldProjectileThink 300845b0 f   fx_bryarpistol.obj
 0001:00083610       _FX_BlasterProjectileThink3 30084610 f   fx_blaster.obj
 0001:00083610       _FX_BowcasterAltProjectileThink3 30084610 f   fx_bowcaster.obj
 0001:00083610       _FX_BowcasterProjectileThink3 30084610 f   fx_bowcaster.obj
 0001:00083610       _FX_BryarProjectileThink3  30084610 f   fx_bryarpistol.obj
 0001:00083670       _FX_BlasterProjectileThink4 30084670 f   fx_blaster.obj
 0001:00083670       _FX_BryarProjectileThink   30084670 f   fx_bryarpistol.obj
 0001:000836d0       _FX_BlasterWeaponHitPlayer 300846d0 f   fx_blaster.obj
 0001:000836f0       _FX_BlasterWeaponHitWall   300846f0 f   fx_blaster.obj
 0001:00083710       _FX_BowcasterAltProjectileThink4 30084710 f   fx_bowcaster.obj
 0001:00083710       _FX_BowcasterProjectileThink4 30084710 f   fx_bowcaster.obj
 0001:00083710       _FX_BryarOldProjectileThink3 30084710 f   fx_bryarpistol.obj
 0001:00083770       _FX_BowcasterHitPlayer     30084770 f   fx_bowcaster.obj
 0001:00083770       _FX_BowcasterHitWall       30084770 f   fx_bowcaster.obj
 0001:00083790       _FX_BryarAltHitPlayer      30084790 f   fx_bryarpistol.obj
 0001:00083790       _FX_BryarHitPlayer         30084790 f   fx_bryarpistol.obj
 0001:00083790       _FX_TurretHitPlayer        30084790 f   fx_bryarpistol.obj
 0001:000837b0       _FX_BryarAltHitWall        300847b0 f   fx_bryarpistol.obj
 0001:000837b0       _FX_BryarHitWall           300847b0 f   fx_bryarpistol.obj
 0001:000837b0       _FX_TurretHitWall          300847b0 f   fx_bryarpistol.obj
 0001:000837d0       _FX_BryarAltProjectileThink 300847d0 f   fx_bryarpistol.obj
 0001:00083860       _FX_BryarAltProjectileThink2 30084860 f   fx_bryarpistol.obj
 0001:00083860       _FX_BryarOldAltProjectileThink4 30084860 f   fx_bryarpistol.obj
 0001:000838f0       _FX_BryarAltProjectileThink3 300848f0 f   fx_bryarpistol.obj
 0001:00083980       _FX_BryarAltProjectileThink4 30084980 f   fx_bryarpistol.obj
 0001:00083a10       _FX_BryarOldAltHitPlayer   30084a10 f   fx_bryarpistol.obj
 0001:00083a10       _FX_BryarOldHitPlayer      30084a10 f   fx_bryarpistol.obj
 0001:00083a30       _FX_BryarOldAltHitWall     30084a30 f   fx_bryarpistol.obj
 0001:00083a30       _FX_BryarOldHitWall        30084a30 f   fx_bryarpistol.obj
 0001:00083a50       _FX_BryarOldAltProjectileThink 30084a50 f   fx_bryarpistol.obj
 0001:00083ae0       _FX_BryarOldAltProjectileThink2 30084ae0 f   fx_bryarpistol.obj
 0001:00083b70       _FX_BryarOldAltProjectileThink3 30084b70 f   fx_bryarpistol.obj
 0001:00083c00       _FX_BryarOldProjectileThink2 30084c00 f   fx_bryarpistol.obj
 0001:00083c60       _FX_BryarProjectileThink4  30084c60 f   fx_bryarpistol.obj
 0001:00083cc0       _FX_ConcAltShot            30084cc0 f   fx_bryarpistol.obj
 0001:00083da0       _FX_ConcussionHitPlayer    30084da0 f   fx_bryarpistol.obj
 0001:00083da0       _FX_ConcussionHitWall      30084da0 f   fx_bryarpistol.obj
 0001:00083dc0       _FX_ConcussionHitPlayer2   30084dc0 f   fx_bryarpistol.obj
 0001:00083dc0       _FX_ConcussionHitPlayer3   30084dc0 f   fx_bryarpistol.obj
 0001:00083dc0       _FX_ConcussionHitWall2     30084dc0 f   fx_bryarpistol.obj
 0001:00083dc0       _FX_ConcussionHitWall3     30084dc0 f   fx_bryarpistol.obj
 0001:00083dc0       _FX_RepeaterAltHitWall2    30084dc0 f   fx_heavyrepeater.obj
 0001:00083dc0       _FX_RepeaterAltHitWall4    30084dc0 f   fx_heavyrepeater.obj
 0001:00083dc0       _FX_RepeaterHitWall        30084dc0 f   fx_heavyrepeater.obj
 0001:00083de0       _FX_ConcussionHitPlayer4   30084de0 f   fx_bryarpistol.obj
 0001:00083de0       _FX_ConcussionHitWall4     30084de0 f   fx_bryarpistol.obj
 0001:00083e00       _FX_ConcussionProjectileThink 30084e00 f   fx_bryarpistol.obj
 0001:00083e60       _FX_ConcussionProjectileThink2 30084e60 f   fx_bryarpistol.obj
 0001:00083ec0       _FX_ConcussionProjectileThink3 30084ec0 f   fx_bryarpistol.obj
 0001:00083f20       _FX_ConcussionProjectileThink4 30084f20 f   fx_bryarpistol.obj
 0001:00083f80       _FX_DestructionHitPlayer   30084f80 f   fx_bryarpistol.obj
 0001:00083f80       _FX_DestructionHitWall     30084f80 f   fx_bryarpistol.obj
 0001:00083fa0       _FX_DestructionProjectileThink 30084fa0 f   fx_bryarpistol.obj
 0001:00084000       _FX_TurretProjectileThink  30085000 f   fx_bryarpistol.obj
 0001:00084060       _FX_DEMP2_AltDetonate      30085060 f   fx_demp2.obj
 0001:00084110       _FX_DEMP2_HitPlayer        30085110 f   fx_demp2.obj
 0001:00084110       _FX_DEMP2_HitPlayer3       30085110 f   fx_demp2.obj
 0001:00084130       _FX_DEMP2_HitPlayer2       30085130 f   fx_demp2.obj
 0001:00084150       _FX_DEMP2_HitPlayer4       30085150 f   fx_demp2.obj
 0001:00084170       _FX_DEMP2_HitWall          30085170 f   fx_demp2.obj
 0001:00084170       _FX_DEMP2_HitWall3         30085170 f   fx_demp2.obj
 0001:00084190       _FX_DEMP2_HitWall2         30085190 f   fx_demp2.obj
 0001:000841b0       _FX_DEMP2_HitWall4         300851b0 f   fx_demp2.obj
 0001:000841d0       _FX_DEMP2_ProjectileThink  300851d0 f   fx_demp2.obj
 0001:000841d0       _FX_DEMP2_ProjectileThink3 300851d0 f   fx_demp2.obj
 0001:00084230       _FX_DEMP2_ProjectileThink2 30085230 f   fx_demp2.obj
 0001:00084290       _FX_DEMP2_ProjectileThink4 30085290 f   fx_demp2.obj
 0001:000842f0       _FX_DisruptorAltHit        300852f0 f   fx_disruptor.obj
 0001:00084310       _FX_DisruptorAltMiss       30085310 f   fx_disruptor.obj
 0001:000844d0       _FX_DisruptorAltShot       300854d0 f   fx_disruptor.obj
 0001:000845d0       _FX_DisruptorAltShot2      300855d0 f   fx_disruptor.obj
 0001:000846d0       _FX_DisruptorAltShot3      300856d0 f   fx_disruptor.obj
 0001:000847d0       _FX_DisruptorAltShot4      300857d0 f   fx_disruptor.obj
 0001:000848d0       _FX_DisruptorHitPlayer     300858d0 f   fx_disruptor.obj
 0001:000848f0       _FX_DisruptorHitWall       300858f0 f   fx_disruptor.obj
 0001:00084910       _FX_DisruptorMainShot      30085910 f   fx_disruptor.obj
 0001:00084980       _FX_DisruptorMainShot2     30085980 f   fx_disruptor.obj
 0001:000849f0       _FX_DisruptorMainShot3     300859f0 f   fx_disruptor.obj
 0001:00084a60       _FX_DisruptorMainShot4     30085a60 f   fx_disruptor.obj
 0001:00084ad0       _FX_FlechetteAltProjectileThink 30085ad0 f   fx_flechette.obj
 0001:00084b30       _FX_FlechetteAltProjectileThink2 30085b30 f   fx_flechette.obj
 0001:00084b30       _FX_FlechetteProjectileThink2 30085b30 f   fx_flechette.obj
 0001:00084b90       _FX_FlechetteAltProjectileThink3 30085b90 f   fx_flechette.obj
 0001:00084b90       _FX_FlechetteProjectileThink3 30085b90 f   fx_flechette.obj
 0001:00084bf0       _FX_FlechetteAltProjectileThink4 30085bf0 f   fx_flechette.obj
 0001:00084c50       _FX_FlechetteProjectileThink 30085c50 f   fx_flechette.obj
 0001:00084d10       _FX_FlechetteProjectileThink4 30085d10 f   fx_flechette.obj
 0001:00084d70       _FX_FlechetteWeaponHitPlayer 30085d70 f   fx_flechette.obj
 0001:00084d90       _FX_FlechetteWeaponHitWall 30085d90 f   fx_flechette.obj
 0001:00084db0       _FX_Burned                 30085db0 f   fx_force.obj
 0001:00084e20       _FX_ForceDrained           30085e20 f   fx_force.obj
 0001:00084e90       _FX_ForceHealed            30085e90 f   fx_force.obj
 0001:00084f00       _FX_ForceMidichlorian      30085f00 f   fx_force.obj
 0001:00084f70       _FX_ForceSevered           30085f70 f   fx_force.obj
 0001:00084fe0       _FX_Frozen                 30085fe0 f   fx_force.obj
 0001:00085260       _FX_RepeaterAltHitPlayer   30086260 f   fx_heavyrepeater.obj
 0001:00085260       _FX_RepeaterAltHitWall     30086260 f   fx_heavyrepeater.obj
 0001:00085280       _FX_RepeaterAltHitWall3    30086280 f   fx_heavyrepeater.obj
 0001:000852a0       _FX_RepeaterAltProjectileThink 300862a0 f   fx_heavyrepeater.obj
 0001:00085310       _FX_RepeaterAltProjectileThink2 30086310 f   fx_heavyrepeater.obj
 0001:00085380       _FX_RepeaterAltProjectileThink3 30086380 f   fx_heavyrepeater.obj
 0001:000853f0       _FX_RepeaterAltProjectileThink4 300863f0 f   fx_heavyrepeater.obj
 0001:00085460       _FX_RepeaterHitPlayer      30086460 f   fx_heavyrepeater.obj
 0001:00085480       _FX_RepeaterProjectileThink 30086480 f   fx_heavyrepeater.obj
 0001:000854e0       _FX_RepeaterProjectileThink2 300864e0 f   fx_heavyrepeater.obj
 0001:00085540       _FX_RepeaterProjectileThink3 30086540 f   fx_heavyrepeater.obj
 0001:000855a0       _FX_RepeaterProjectileThink4 300865a0 f   fx_heavyrepeater.obj
 0001:00085600       _FX_RocketAltProjectileThink 30086600 f   fx_rocketlauncher.obj
 0001:00085600       _FX_RocketProjectileThink  30086600 f   fx_rocketlauncher.obj
 0001:00085660       _AngleDelta                30086660 f   q_math.obj
 0001:000856c0       _AngleMod                  300866c0 f   q_math.obj
 0001:000856c0       _AngleNormalize360         300866c0 f   q_math.obj
 0001:00085700       _AngleNormalize180         30086700 f   q_math.obj
 0001:00085760       _AngleSubtract             30086760 f   q_math.obj
 0001:000857e0       _AngleVectors              300867e0 f   q_math.obj
 0001:000859c0       _AnglesSubtract            300869c0 f   q_math.obj
 0001:00085b10       _AnglesToAxis              30086b10 f   q_math.obj
 0001:00085d20       _AxisClear                 30086d20 f   q_math.obj
 0001:00085d70       _AxisCopy                  30086d70 f   q_math.obj
 0001:00085db0       _ByteToDir                 30086db0 f   q_math.obj
 0001:00085e10       _G_FindClosestPointOnLineSegment 30086e10 f   q_math.obj
 0001:00086340       _JKA_powf                  30087340 f   q_math.obj
 0001:000863b0       _LerpAngle                 300873b0 f   q_math.obj
 0001:00086410       _MatrixMultiply            30087410 f   q_math.obj
 0001:000865a0       _PerpendicularVector       300875a0 f   q_math.obj
 0001:00086770       _Q_fabs                    30087770 f   q_math.obj
 0001:00086780       _Q_irand                   30087780 f   q_math.obj
 0001:000867b0       _Q_random                  300877b0 f   q_math.obj
 0001:000867e0       _RotateAroundDirection     300877e0 f   q_math.obj
 0001:000868a0       _RotatePointAroundVector   300878a0 f   q_math.obj
 0001:00086c40       _ShortestLineSegBewteen2LineSegs 30087c40 f   q_math.obj
 0001:00087490       _VectorNormalize           30088490 f   q_math.obj
 0001:00087550       _VectorNormalize2          30088550 f   q_math.obj
 0001:00087610       _flrand                    30088610 f   q_math.obj
 0001:00087670       _vectoangles               30088670 f   q_math.obj
 0001:00087800       _COM_BeginParseSession     30088800 f   q_shared.obj
 0001:00087830       _COM_BitCheck              30088830 f   q_shared.obj
 0001:00087860       _COM_Compress              30088860 f   q_shared.obj
 0001:00087970       _COM_Parse                 30088970 f   q_shared.obj
 0001:00087990       _COM_ParseExt              30088990 f   q_shared.obj
 0001:00087b10       _COM_ParseFloat            30088b10 f   q_shared.obj
 0001:00087b50       _COM_ParseInt              30088b50 f   q_shared.obj
 0001:00087b90       _COM_ParseString           30088b90 f   q_shared.obj
 0001:00087bd0       _COM_StripExtension        30088bd0 f   q_shared.obj
 0001:00087c00       _Com_sprintf               30088c00 f   q_shared.obj
 0001:00087c60       _GetIDForString            30088c60 f   q_shared.obj
 0001:00087d20       _GetStringForID            30088d20 f   q_shared.obj
 0001:00087d50       _Info_ValueForKey          30088d50 f   q_shared.obj
 0001:00087ea0       _Q_CleanStr                30088ea0 f   q_shared.obj
 0001:00087ef0       _Q_strcat                  30088ef0 f   q_shared.obj
 0001:00087f80       _Q_stricmp                 30088f80 f   q_shared.obj
 0001:00088000       _Q_stricmpn                30089000 f   q_shared.obj
 0001:00088090       _Q_strncmp                 30089090 f   q_shared.obj
 0001:000880e0       _Q_strncpyz                300890e0 f   q_shared.obj
 0001:00088140       _Q_strrchr                 30089140 f   q_shared.obj
 0001:00088170       _Q_strupr                  30089170 f   q_shared.obj
 0001:000881a0       _SkipBracedSection         300891a0 f   q_shared.obj
 0001:000882f0       _SkipRestOfLine            300892f0 f   q_shared.obj
 0001:00088320       _va                        30089320 f   q_shared.obj
 0001:000883c0       _G_SetSpeederVehicleFunctions 300893c0 f   SpeederNPC.obj
 0001:000886c0       _ProcessOrientCommands     300896c0 f   SpeederNPC.obj
 0001:00088800       _ItemParse_name            30089800 f   ui_shared.obj
 0001:00088820       _ItemParse_focusSound      30089820 f   ui_shared.obj
 0001:00088870       _ItemParse_text            30089870 f   ui_shared.obj
 0001:00088890       _ItemParse_descText        30089890 f   ui_shared.obj
 0001:000888b0       _ItemParse_text2           300898b0 f   ui_shared.obj
 0001:000888b0       _MenuParse_soundLoop       300898b0 f   ui_shared.obj
 0001:000888d0       _ItemParse_text2alignx     300898d0 f   ui_shared.obj
 0001:000888f0       _ItemParse_text2aligny     300898f0 f   ui_shared.obj
 0001:00088910       _ItemParse_group           30089910 f   ui_shared.obj
 0001:00088930       _ItemParse_asset_model     30089930 f   ui_shared.obj
 0001:00088960       _ItemParse_asset_shader    30089960 f   ui_shared.obj
 0001:000889b0       _ItemParse_model_origin    300899b0 f   ui_shared.obj
 0001:00088a10       _ItemParse_elementwidth    30089a10 f   ui_shared.obj
 0001:00088a10       _ItemParse_model_fovx      30089a10 f   ui_shared.obj
 0001:00088a40       _ItemParse_elementheight   30089a40 f   ui_shared.obj
 0001:00088a40       _ItemParse_model_fovy      30089a40 f   ui_shared.obj
 0001:00088a70       _ItemParse_model_rotation  30089a70 f   ui_shared.obj
 0001:00088aa0       _ItemParse_model_angle     30089aa0 f   ui_shared.obj
 0001:00088ad0       _ItemParse_model_g2mins    30089ad0 f   ui_shared.obj
 0001:00088b30       _ItemParse_model_g2maxs    30089b30 f   ui_shared.obj
 0001:00088b90       _ItemParse_model_g2scale   30089b90 f   ui_shared.obj
 0001:00088bf0       _ItemParse_model_g2skin    30089bf0 f   ui_shared.obj
 0001:00088c50       _ItemParse_model_g2anim    30089c50 f   ui_shared.obj
 0001:00088cf0       _ItemParse_rectcvar        30089cf0 f   ui_shared.obj
 0001:00088e20       _ItemParse_rect            30089e20 f   ui_shared.obj
 0001:00088e80       _ItemParse_flag            30089e80 f   ui_shared.obj
 0001:00088f20       _ItemParse_style           30089f20 f   ui_shared.obj
 0001:00088f60       _ItemParse_decoration      30089f60 f   ui_shared.obj
 0001:00088f80       _ItemParse_notselectable   30089f80 f   ui_shared.obj
 0001:00088fc0       _ItemParse_scrollhidden    30089fc0 f   ui_shared.obj
 0001:00089000       _ItemParse_wrapped         3008a000 f   ui_shared.obj
 0001:00089020       _ItemParse_autowrapped     3008a020 f   ui_shared.obj
 0001:00089040       _ItemParse_horizontalscroll 3008a040 f   ui_shared.obj
 0001:00089060       _ItemParse_type            3008a060 f   ui_shared.obj
 0001:000890a0       _ItemParse_feeder          3008a0a0 f   ui_shared.obj
 0001:000890a0       _ItemParse_special         3008a0a0 f   ui_shared.obj
 0001:000890c0       _ItemParse_elementtype     3008a0c0 f   ui_shared.obj
 0001:00089100       _ItemParse_columns         3008a100 f   ui_shared.obj
 0001:000891c0       _ItemParse_border          3008a1c0 f   ui_shared.obj
 0001:000891c0       _MenuParse_border          3008a1c0 f   ui_shared.obj
 0001:000891e0       _ItemParse_bordersize      3008a1e0 f   ui_shared.obj
 0001:000891e0       _MenuParse_borderSize      3008a1e0 f   ui_shared.obj
 0001:00089200       _ItemParse_visible         3008a200 f   ui_shared.obj
 0001:00089200       _MenuParse_visible         3008a200 f   ui_shared.obj
 0001:00089240       _ItemParse_ownerdraw       3008a240 f   ui_shared.obj
 0001:00089270       _ItemParse_align           3008a270 f   ui_shared.obj
 0001:00089270       _MenuParse_fadeCycle       3008a270 f   ui_shared.obj
 0001:00089290       _ItemParse_isCharacter     3008a290 f   ui_shared.obj
 0001:000892e0       _ItemParse_textalign       3008a2e0 f   ui_shared.obj
 0001:00089320       _ItemParse_textalignx      3008a320 f   ui_shared.obj
 0001:00089320       _MenuParse_fadeAmount      3008a320 f   ui_shared.obj
 0001:00089340       _ItemParse_textaligny      3008a340 f   ui_shared.obj
 0001:00089360       _ItemParse_textscale       3008a360 f   ui_shared.obj
 0001:00089380       _ItemParse_textstyle       3008a380 f   ui_shared.obj
 0001:000893a0       _ItemParse_invertyesno     3008a3a0 f   ui_shared.obj
 0001:000893c0       _ItemParse_xoffset         3008a3c0 f   ui_shared.obj
 0001:000893e0       _ItemParse_backcolor       3008a3e0 f   ui_shared.obj
 0001:00089490       _ItemParse_forecolor       3008a490 f   ui_shared.obj
 0001:00089490       _MenuParse_forecolor       3008a490 f   ui_shared.obj
 0001:00089580       _ItemParse_bordercolor     3008a580 f   ui_shared.obj
 0001:00089640       _ItemParse_outlinecolor    3008a640 f   ui_shared.obj
 0001:00089640       _MenuParse_outlinecolor    3008a640 f   ui_shared.obj
 0001:00089660       _ItemParse_background      3008a660 f   ui_shared.obj
 0001:00089660       _MenuParse_background      3008a660 f   ui_shared.obj
 0001:000896b0       _ItemParse_cinematic       3008a6b0 f   ui_shared.obj
 0001:000896b0       _MenuParse_cinematic       3008a6b0 f   ui_shared.obj
 0001:000896d0       _ItemParse_doubleClick     3008a6d0 f   ui_shared.obj
 0001:00089710       _ItemParse_onFocus         3008a710 f   ui_shared.obj
 0001:00089730       _ItemParse_leaveFocus      3008a730 f   ui_shared.obj
 0001:00089750       _ItemParse_mouseEnter      3008a750 f   ui_shared.obj
 0001:00089770       _ItemParse_mouseExit       3008a770 f   ui_shared.obj
 0001:00089790       _ItemParse_mouseEnterText  3008a790 f   ui_shared.obj
 0001:000897b0       _ItemParse_mouseExitText   3008a7b0 f   ui_shared.obj
 0001:000897d0       _ItemParse_action          3008a7d0 f   ui_shared.obj
 0001:000897f0       _ItemParse_cvarTest        3008a7f0 f   ui_shared.obj
 0001:00089810       _ItemParse_cvar            3008a810 f   ui_shared.obj
 0001:00089890       _ItemParse_font            3008a890 f   ui_shared.obj
 0001:000898c0       _ItemParse_maxChars        3008a8c0 f   ui_shared.obj
 0001:00089910       _ItemParse_maxPaintChars   3008a910 f   ui_shared.obj
 0001:00089960       _ItemParse_maxLineChars    3008a960 f   ui_shared.obj
 0001:000899b0       _ItemParse_lineHeight      3008a9b0 f   ui_shared.obj
 0001:00089a00       _ItemParse_cvarInt         3008aa00 f   ui_shared.obj
[...]
 0002:00025378       __sehtable$??$?RV<lambda_2866be3712abc81a800a822484c830d8>@@AAV<lambda_39ca0ed439415581b5b15c265174cece>@@V<lambda_2b24c74d71094a6cd0cb82e44167d71b>@@@?$__crt_seh_guarded_call@X@@QAEX$$QAV<lambda_2866be3712abc81a800a822484c830d8>@@AAV<lambda_39ca0ed439415581b5b15c265174cece>@@$$QAV<lambda_2b24c74d71094a6cd0cb82e44167d71b>@@@Z 300cf378     libucrt:fflush.obj
 0002:00025398       __sehtable$??$?RV<lambda_2cc53f568c5a2bb6f192f930a45d44ea>@@AAV<lambda_ab61a845afdef5b7c387490eaf3616ee>@@V<lambda_c2ffc0b7726aa6be21d5f0026187e748>@@@?$__crt_seh_guarded_call@X@@QAEX$$QAV<lambda_2cc53f568c5a2bb6f192f930a45d44ea>@@AAV<lambda_ab61a845afdef5b7c387490eaf3616ee>@@$$QAV<lambda_c2ffc0b7726aa6be21d5f0026187e748>@@@Z 300cf398     libucrt:fflush.obj
 0002:000253b8       __sehtable$___acrt_update_thread_locale_data 300cf3b8     libucrt:locale_refcounting.obj
 0002:000253d8       __sehtable$__fcloseall     300cf3d8     libucrt:closeall.obj
 0002:000253f8       __sehtable$___acrt_lowio_ensure_fh_exists 300cf3f8     libucrt:osfinfo.obj
 0002:00025418       __sehtable$___set_fpsr_sse2 300cf418     libucrt:fpctrl.obj
 0002:00025438       __sehtable$??$?RV<lambda_9e9de3de5fa147e2223d7db92bc10aa6>@@AAV<lambda_38ce7e780aa69e748d6df282ebc68efe>@@V<lambda_8ca6da459f0f6780f1cff60fdc3d00e5>@@@?$__crt_seh_guarded_call@H@@QAEH$$QAV<lambda_9e9de3de5fa147e2223d7db92bc10aa6>@@AAV<lambda_38ce7e780aa69e748d6df282ebc68efe>@@$$QAV<lambda_8ca6da459f0f6780f1cff60fdc3d00e5>@@@Z 300cf438     libucrt:commit.obj
 0002:00025458       __sehtable$__write         300cf458     libucrt:write.obj
 0002:00025478       __sehtable$_fclose         300cf478     libucrt:fclose.obj
 0002:00025498       __sehtable$??$?RV<lambda_218ce3db14220d0be481dae8ef3383b6>@@AAV<lambda_628dfdc04ba53c8bfc02c9951375f3f5>@@V<lambda_57dc472bd5c9d5f3b2cbca59b8a843ae>@@@?$__crt_seh_guarded_call@H@@QAEH$$QAV<lambda_218ce3db14220d0be481dae8ef3383b6>@@AAV<lambda_628dfdc04ba53c8bfc02c9951375f3f5>@@$$QAV<lambda_57dc472bd5c9d5f3b2cbca59b8a843ae>@@@Z 300cf498     libucrt:close.obj
 0002:000254b8       __sehtable$__IsNonwritableInCurrentImage 300cf4b8     LIBCMT:pesect.obj
 0002:000254e0       .edata                     300cf4e0     cgamex86.exp
 0002:00025508       rgpv                       300cf508     cgamex86.exp
 0002:00025510       rgszName                   300cf510     cgamex86.exp
 0002:00025518       rgwOrd                     300cf518     cgamex86.exp
 0002:0002551c       szName                     300cf51c     cgamex86.exp
 0002:00025529       $N00001                    300cf529     cgamex86.exp
 0002:00025532       $N00002                    300cf532     cgamex86.exp
 0002:00025b0e       .idata$6                   300cfb0e     kernel32:KERNEL32.dll
 0003:00001df8       _bg_poolTail               300d1df8     bg_misc.obj
 0003:00005040       ?headClampMinAngles@?1??BG_G2PlayerAngles@@9@9 300d5040     bg_pmove.obj
 0003:0000504c       ?headClampMaxAngles@?1??BG_G2PlayerAngles@@9@9 300d504c     bg_pmove.obj
 0003:00008670       _commands                  300d8670     cg_consolecmds.obj
 0003:000088c0       ?flip@?1??CG_DrawZoomMask@@9@9 300d88c0     cg_draw.obj
 0003:000088c4       ?seed@?1??CG_SmokePuff@@9@9 300d88c4     cg_effects.obj
 0003:00009208       _cvarTable                 300d9208     cg_main.obj
 0003:00009b48       _cvarTableSize             300d9b48     cg_main.obj
 0003:00009b4c       ?drawTeamOverlayModificationCount@?1??CG_UpdateCvars@@9@9 300d9b4c     cg_main.obj
 0003:00009b50       ?sb_nums@?1??CG_RegisterGraphics@@9@9 300d9b50     cg_main.obj
 0003:00009b7c       ?sb_t_nums@?1??CG_RegisterGraphics@@9@9 300d9b7c     cg_main.obj
 0003:00009ba8       ?sb_c_nums@?1??CG_RegisterGraphics@@9@9 300d9ba8     cg_main.obj
 0003:00009be0       _shaderAnimNames           300d9be0     cg_marks.obj
 0003:00009c60       _shaderAnimCounts          300d9c60     cg_marks.obj
 0003:00009ce0       _shaderAnimSTRatio         300d9ce0     cg_marks.obj
 0003:00009d60       ?s@?1??CG_GetKillerText@@9@9 300d9d60     cg_newDraw.obj
 0003:00009d64       ?s@?1??CG_GetGameStatusText@@9@9 300d9d64     cg_newDraw.obj
 0003:0000aa1c       _cg_effectorStringTable    300daa1c     cg_players.obj
 0003:0000aa40       _cg_vehThirdPersonAlpha    300daa40     cg_players.obj
 0003:0000aa44       _syscall                   300daa44     cg_syscalls.obj
 0003:0000aa58       _cameramins                300daa58     cg_view.obj
 0003:0000aa64       _cameramaxs                300daa64     cg_view.obj
 0003:0000aa70       _cg_siegeClassIndex        300daa70     cg_view.obj
 0003:0000aa74       _WHITE                     300daa74     fx_bryarpistol.obj
 0003:0000aa80       _BRIGHT                    300daa80     fx_bryarpistol.obj
 0003:0000aa8c       _WHITE                     300daa8c     fx_disruptor.obj
 0003:0000b3a4       _holdrand                  300db3a4     q_math.obj
 0003:0000bae0       ?staticNULL@?1??String_Alloc@@9@9 300dbae0     ui_shared.obj
 0003:0000bae4       ?squiggy@?1??PC_String_Parse@@9@9 300dbae4     ui_shared.obj
 0003:0000bae8       _g_bindings                300dbae8     ui_shared.obj
 0003:0000c460       ?__vcrt_flsindex@@3KA      300dc460     libvcruntime:per_thread_data.obj
 0003:0000c490       ?errno_no_memory@@3HA      300dc490     libucrt:errno.obj
 0003:0000c494       ?doserrno_no_memory@@3KA   300dc494     libucrt:errno.obj
 0003:0000c498       ?__acrt_flsindex@@3KA      300dc498     libucrt:per_thread_data.obj
 0003:0000c830       __mbctypes                 300dc830     libucrt:mbctype.obj
 0003:0000c938       __mbcasemaps               300dc938     libucrt:mbctype.obj
 0003:0000ca38       ?__rgctypeflag@@3PADA      300dca38     libucrt:mbctype.obj
 0003:0000ca40       ?__rgcode_page_info@@3PAUcode_page_info@@A 300dca40     libucrt:mbctype.obj
 0003:0000cb90       ?__DAZ_ENABLED@?1??__set_fpsr_sse2@@9@9 300dcb90     libucrt:fpctrl.obj
 0003:0000cca0       ?__dcrt_lowio_console_output_handle@@3PAXA 300dcca0     libucrt:initcon.obj
 0003:0000ccc0       _bg_pool                   300dccc0     bg_misc.obj
 0003:00faccc0       _bg_poolSize               3107ccc0     bg_misc.obj
 0003:00faccdc       _pm_flying                 3107ccdc     bg_pmove.obj
 0003:00facce0       ?oldLookAngles@?1??BG_UpdateLookAngles@@9@9 3107cce0     bg_pmove.obj
 0003:00faccec       ?lookAnglesDiff@?1??BG_UpdateLookAngles@@9@9 3107ccec     bg_pmove.obj
 0003:00faccf8       ?ang@?1??BG_UpdateLookAngles@@9@9 3107ccf8     bg_pmove.obj
 0003:00faccfc       ?dir@?1??BG_G2PlayerAngles@@9@9 3107ccfc     bg_pmove.obj
 0003:00facd00       ?i@?1??BG_G2PlayerAngles@@9@9 3107cd00     bg_pmove.obj
 0003:00facd04       ?dif@?1??BG_G2PlayerAngles@@9@9 3107cd04     bg_pmove.obj
 0003:00facd08       ?dest@?1??BG_G2PlayerAngles@@9@9 3107cd08     bg_pmove.obj
 0003:00facd0c       ?speed@?1??BG_G2PlayerAngles@@9@9 3107cd0c     bg_pmove.obj
 0003:00facd10       ?eyeAngles@?1??BG_G2PlayerAngles@@9@9 3107cd10     bg_pmove.obj
 0003:00facd1c       ?neckAngles@?1??BG_G2PlayerAngles@@9@9 3107cd1c     bg_pmove.obj
 0003:00facd28       ?velocity@?1??BG_G2PlayerAngles@@9@9 3107cd28     bg_pmove.obj
 0003:00facd34       ?torsoAngles@?1??BG_G2PlayerAngles@@9@9 3107cd34     bg_pmove.obj
 0003:00facd40       ?headAngles@?1??BG_G2PlayerAngles@@9@9 3107cd40     bg_pmove.obj
 0003:00facd4c       ?velPos@?1??BG_G2PlayerAngles@@9@9 3107cd4c     bg_pmove.obj
 0003:00facd58       ?velAng@?1??BG_G2PlayerAngles@@9@9 3107cd58     bg_pmove.obj
 0003:00facd64       ?ulAngles@?1??BG_G2PlayerAngles@@9@9 3107cd64     bg_pmove.obj
 0003:00facd70       ?llAngles@?1??BG_G2PlayerAngles@@9@9 3107cd70     bg_pmove.obj
 0003:00facd7c       ?viewAngles@?1??BG_G2PlayerAngles@@9@9 3107cd7c     bg_pmove.obj
 0003:00facd88       ?angles@?1??BG_G2PlayerAngles@@9@9 3107cd88     bg_pmove.obj
 0003:00facd94       ?thoracicAngles@?1??BG_G2PlayerAngles@@9@9 3107cd94     bg_pmove.obj
 0003:00facda0       _SaberParms                3107cda0     bg_saberLoad.obj
 0003:012ccda0       _bgSaberParseTBuffer       3139cda0     bg_saberLoad.obj
 0003:015ed048       ?previousTimes@?1??CG_DrawFPS@@9@9 316bd048     cg_draw.obj
 0003:015ed068       ?index@?1??CG_DrawFPS@@9@9 316bd068     cg_draw.obj
 0003:015ed06c       ?previous@?1??CG_DrawFPS@@9@9 316bd06c     cg_draw.obj
 0003:015ed070       ?lastupdate@?1??CG_DrawFPS@@9@9 316bd070     cg_draw.obj
 0003:015ed074       _radarLockSoundDebounceTime 316bd074     cg_draw.obj
 0003:015ed078       _impactSoundDebounceTime   316bd078     cg_draw.obj
 0003:015ed07c       ?oldDif@?1??CG_DrawRocketLocking@@9@9 316bd07c     cg_draw.obj
 0003:015ed080       ?color@?1??CG_FadeColor@@9@9 316bd080     cg_drawtools.obj
 0003:015ed090       _offX                      316bd090     cg_effects.obj
 0003:015ed6d0       _offZ                      316bd6d0     cg_effects.obj
 0003:015edd10       ?lastPos@?1??CG_ScorePlum@@9@9 316bdd10     cg_effects.obj
 0003:015edd20       ?str@?1??CG_PlaceString@@9@9 316bdd20     cg_event.obj
 0003:015edd60       _cl_lightstyle             316bdd60     cg_light.obj
 0003:015f1f60       _lastofs                   316c1f60     cg_light.obj
 0003:015f1f7c       _NumMiscEnts               316c1f7c     cg_main.obj
 0003:015f1f80       _MiscEnts                  316c1f80     cg_main.obj
 0003:016c1000       _Radius                    31791000     cg_main.obj
 0003:016c4e80       _zOffset                   31794e80     cg_main.obj
 0003:016c8d00       ?buffer@?1??CG_Argv@@9@9   31798d00     cg_main.obj
 0003:016c9100       ?intext@?1??CG_GetStringEdString@@9@9 31799100     cg_main.obj
 0003:016d0e00       ?translation@?1??CG_GetStringEdString@@9@9 317a0e00     cg_main.obj
 0003:016d8b00       ?string@?1??CG_GetStringEdString@@9@9 317a8b00     cg_main.obj
 0003:016e0800       ?index@?1??CG_GetStringEdString@@9@9 317b0800     cg_main.obj
 0003:016e0804       _cg_strPoolSize            317b0804     cg_main.obj
 0003:016e0808       ?buf@?1??CG_GetMenuBuffer@@9@9 317b0808     cg_main.obj
 0003:016f0808       ?buf@?1??CG_LoadMenus@@9@9 317c0808     cg_main.obj
 0003:016f2808       _cg_strPool                317c2808     cg_main.obj
 0003:016fa808       _cg_numSpawnVars           317ca808     cg_main.obj
 0003:016fa80c       _cg_numSpawnVarChars       317ca80c     cg_main.obj
 0003:016fa810       _cg_spawnVars              317ca810     cg_main.obj
 0003:016faa10       _cg_spawnVarChars          317caa10     cg_main.obj
 0003:016fba10       ?item@?1??CG_Init@@9@9     317cba10     cg_main.obj
 0003:016fba18       ?text@?1??CG_GetLocationString@@9@9 317cba18     cg_main.obj
 0003:016fbe1c       _markTotal                 317cbe1c     cg_marks.obj
 0003:016fbe20       _shaderAnims               317cbe20     cg_marks.obj
 0003:016fde20       _numShaderAnims            317cde20     cg_marks.obj
 0003:016fde24       _roll                      317cde24     cg_marks.obj
 0003:016fde4c       _cg_animParseIncluding     317cde4c     cg_players.obj
 0003:016fde50       _lastFlyBySound            317cde50     cg_players.obj
 0003:016fee5c       _cg_numSolidEntities       317cee5c     cg_predict.obj
 0003:016fee60       _cg_pmove                  317cee60     cg_predict.obj
 0003:016ff00c       _cg_numTriggerEntities     317cf00c     cg_predict.obj
 0003:016ff010       _cg_solidEntities          317cf010     cg_predict.obj
 0003:016ff410       _cg_triggerEntities        317cf410     cg_predict.obj
 0003:016ff828       _team1                     317cf828     cg_saga.obj
 0003:016ffa28       _team2                     317cfa28     cg_saga.obj
 0003:016ffc28       _cgParseObjectives         317cfc28     cg_saga.obj
 0003:01703c28       ?cur@?1??siege_Str@@9@9    317d3c28     cg_saga.obj
 0003:01703c30       ?strings@?1??siege_Str@@9@9 317d3c30     cg_saga.obj
 0003:01743c30       ?buf@?1??CG_SiegeObjectiveBuffer@@9@9 31813c30     cg_saga.obj
 0003:01745c34       _localClient               31815c34     cg_scoreboard.obj
 0003:01745c98       ?zoomSoundTime@?BG@??CG_CalcFov@@9@9 31815c98     cg_view.obj
 0003:01745c9c       ?lastfov@?1??CG_DrawSkyBoxPortal@@9@9 31815c9c     cg_view.obj
 0003:01745ca0       _cg_rangedFogging          31815ca0     cg_view.obj
 0003:01745ca4       ?veh@?1??CG_DrawActiveFrame@@9@9 31815ca4     cg_view.obj
 0003:01745ca8       _cgWeapFrame               31815ca8     cg_weapons.obj
 0003:01745cac       _cgWeapFrameTime           31815cac     cg_weapons.obj
 0003:01745cb0       _g2WeaponInstances         31815cb0     cg_weapons.obj
 0003:01745d00       _g2WeaponInstances2        31815d00     cg_weapons.obj
 0003:01745d50       _g2WeaponInstances3        31815d50     cg_weapons.obj
 0003:01745da0       _g2WeaponInstances4        31815da0     cg_weapons.obj
 0003:01745df0       _g2WeaponInstances5        31815df0     cg_weapons.obj
 0003:01745e40       _g2WeaponInstances6        31815e40     cg_weapons.obj
 0003:01745e90       _g2WeaponInstances7        31815e90     cg_weapons.obj
 0003:01745ee0       _g2WeaponInstances8        31815ee0     cg_weapons.obj
 0003:01745f48       ?bops_initialized@?1??BoxOnPlaneSide@@9@9 31815f48     q_math.obj
 0003:01745f4c       ?Ljmptab@?1??BoxOnPlaneSide@@9@9 31815f4c     q_math.obj
 0003:01745f6c       ?sr@?1??AngleVectors@@9@9  31815f6c     q_math.obj
 0003:01745f70       ?sp@?1??AngleVectors@@9@9  31815f70     q_math.obj
 0003:01745f74       ?sy@?1??AngleVectors@@9@9  31815f74     q_math.obj
 0003:01745f78       ?cr@?1??AngleVectors@@9@9  31815f78     q_math.obj
 0003:01745f7c       ?cp@?1??AngleVectors@@9@9  31815f7c     q_math.obj
 0003:01745f80       ?cy@?1??AngleVectors@@9@9  31815f80     q_math.obj
 0003:01745f88       _com_token                 31815f88     q_shared.obj
 0003:01746388       _com_parsename             31816388     q_shared.obj
 0003:01746788       _com_lines                 31816788     q_shared.obj
 0003:0174678c       ?index@?1??va@@9@9         3181678c     q_shared.obj
 0003:01746790       ?string@?1??COM_ParseError@@9@9 31816790     q_shared.obj
 0003:01747790       ?string@?1??COM_ParseWarning@@9@9 31817790     q_shared.obj
 0003:01748790       ?final@?1??Q_StrReplace@@9@9 31818790     q_shared.obj
 0003:01748b90       ?temp_buffer@?1??va@@9@9   31818b90     q_shared.obj
 0003:01750890       ?string@?1??va@@9@9        31820890     q_shared.obj
 0003:01758590       ?value@?1??Info_ValueForKey@@9@9 31828590     q_shared.obj
 0003:0175c590       ?valueindex@?1??Info_ValueForKey@@9@9 3182c590     q_shared.obj
 0003:0175c5ac       _scrollInfo                3182c5ac     ui_shared.obj
 0003:0175c5cc       _captureFunc               3182c5cc     ui_shared.obj
 0003:0175c5d0       _captureData               3182c5d0     ui_shared.obj
 0003:0175c5d4       _itemCapture               3182c5d4     ui_shared.obj
 0003:0175c5d8       _g_waitingForKey           3182c5d8     ui_shared.obj
 0003:0175c5dc       _g_editingField            3182c5dc     ui_shared.obj
 0003:0175c5e0       _g_bindItem                3182c5e0     ui_shared.obj
 0003:0175c5e4       _g_editItem                3182c5e4     ui_shared.obj
 0003:0175c5e8       _debugMode                 3182c5e8     ui_shared.obj
 0003:0175c5ec       _lastListBoxClickTime      3182c5ec     ui_shared.obj
 0003:0175c5f0       _memoryPool                3182c5f0     ui_shared.obj
 0003:0195c5f0       _allocPoint                31a2c5f0     ui_shared.obj
 0003:0195c5f4       _outOfMemory               31a2c5f4     ui_shared.obj
 0003:0195c5f8       _strPoolIndex              31a2c5f8     ui_shared.obj
 0003:0195c5fc       _strHandleCount            31a2c5fc     ui_shared.obj
 0003:0195c600       _strPool                   31a2c600     ui_shared.obj
 0003:0197c600       _strHandle                 31a4c600     ui_shared.obj
 0003:0197e600       ?string@?1??PC_SourceWarning@@9@9 31a4e600     ui_shared.obj
 0003:0197f600       ?string@?1??PC_SourceError@@9@9 31a4f600     ui_shared.obj
 0003:01980600       ?inHandleKey@?9??Menu_HandleKey@@9@9 31a50600     ui_shared.obj
 0003:01980604       ?__proc_attached@@3HA      31a50604     LIBCMT:dll_dllmain.obj
 0003:01980620       ?is_initialized_as_dll@@3_NA 31a50620     LIBCMT:utility.obj
 0003:01980621       ?module_local_atexit_table_initialized@@3_NA 31a50621     LIBCMT:utility.obj
 0003:01980624       ?module_local_atexit_table@@3U_onexit_table_t@@A 31a50624     LIBCMT:utility.obj
 0003:01980630       ?module_local_at_quick_exit_table@@3U_onexit_table_t@@A 31a50630     LIBCMT:utility.obj
 0003:01980640       _GS_ExceptionRecord        31a50640     LIBCMT:gs_report.obj
 0003:01980690       _GS_ContextRecord          31a50690     LIBCMT:gs_report.obj
 0003:01980988       ?heap@@3V_HeapManager@@A   31a50988     libvcruntime:undname.obj
 0003:0198099c       ?__vcrt_startup_thread_ptd@@3U__vcrt_ptd@@A 31a5099c     libvcruntime:per_thread_data.obj
 0003:019809c4       ___vcrt_lock_table         31a509c4     libvcruntime:locks.obj
 0003:019809dc       ___vcrt_locks_initialized  31a509dc     libvcruntime:locks.obj
 0003:019809e0       ?module_handles@@3PAPAUHINSTANCE__@@A 31a509e0     libvcruntime:winapi_downlevel.obj
 0003:019809ec       ?function_pointers@@3PAPAXA 31a509ec     libvcruntime:winapi_downlevel.obj
 0003:01980a04       ?c_termination_complete@@3JA 31a50a04     libucrt:exit.obj
 0003:01980a08       ?thread_local_exit_callback_func@@3P6GXPAXK0@ZA 31a50a08     libucrt:exit.obj
 0003:01980a10       ?program_name@?1???$common_configure_argv@D@@YAHW4_crt_argv_mode@@@Z@4PADA 31a50a10     libucrt:argv_parsing.obj
 0003:01980b40       ?__acrt_invalid_parameter_handler@@3V?$dual_state_global@P6AXPB_W00II@Z@__crt_state_management@@A 31a50b40     libucrt:invalid_parameter.obj
 0003:01980b4c       ?internal_state@?1??_mbtowc_l@@9@4U_Mbstatet@@A 31a50b4c     libucrt:mbtowc.obj
 0003:01980d64       __pmatherr_set             31a50d64     libucrt:libm_error.obj
 0003:01980d68       ?enable_percent_n@@3IA     31a50d68     libucrt:printf_count_output.obj
 0003:01980d78       ?__acrt_lock_table@@3PAU_RTL_CRITICAL_SECTION@@A 31a50d78     libucrt:locks.obj
 0003:01980ec8       ?__acrt_locks_initialized@@3IA 31a50ec8     libucrt:locks.obj
 0003:01980ed8       ?fSystemSet@@3HA           31a50ed8     libucrt:mbctype.obj
 0003:01980edc       ?initialized@?1??__acrt_initialize_multibyte@@9@4_NA 31a50edc     libucrt:mbctype.obj
 0003:01980ef8       ?module_handles@@3PAPAUHINSTANCE__@@A 31a50ef8     libucrt:winapi_thunks.obj
 0003:01980f48       ?encoded_function_pointers@@3PAPAXA 31a50f48     libucrt:winapi_thunks.obj
 0003:01980fd4       ?__acrt_new_handler@@3V?$dual_state_global@P6AHI@Z@__crt_state_management@@A 31a50fd4     libucrt:new_handler.obj
 0003:01980fd8       ?ctrlc_action@@3V?$dual_state_global@P6AXH@Z@__crt_state_management@@A 31a50fd8     libucrt:signal.obj
 0003:01980fdc       ?ctrlbreak_action@@3V?$dual_state_global@P6AXH@Z@__crt_state_management@@A 31a50fdc     libucrt:signal.obj
 0003:01980fe0       ?abort_action@@3V?$dual_state_global@P6AXH@Z@__crt_state_management@@A 31a50fe0     libucrt:signal.obj
 0003:01980fe4       ?term_action@@3V?$dual_state_global@P6AXH@Z@__crt_state_management@@A 31a50fe4     libucrt:signal.obj
 0003:01980fe8       ?user_matherr@@3V?$dual_state_global@P6AHPAU_exception@@@Z@__crt_state_management@@A 31a50fe8     libucrt:matherr.obj
 0003:01980ff4       ?__acrt_global_new_mode@@3V?$dual_state_global@J@__crt_state_management@@A 31a50ff4     libucrt:new_mode.obj
 0003:01980ffc       ?internal_pst@?1??__mbrtoc32_utf8@__crt_mbstring@@YAIPA_UPBDIPAU_Mbstatet@@@Z@4U3@A 31a50ffc     libucrt:mbrtoc32.obj
 0003:01981004       ?__acrt_app_type@@3W4_crt_app_type@@A 31a51004     libucrt:report_runtime_error.obj
 0004:00000060       $R000000                   3221e060     * linker generated manifest res *
