 uix86

 Timestamp is 670ec2da (Tue Oct 15 21:30:34 2024)

 Preferred load address is 40000000

 Start         Length     Name                   Class
 0001:00000000 000421a4H .text$mn                CODE
 0001:000421a4 00000000H .text$x                 CODE
 0002:00000000 00000104H .idata$5                DATA
 0002:00000104 00000008H .00cfg                  DATA
 0002:0000010c 00000004H .CRT$XCA                DATA
 0002:00000110 00000004H .CRT$XCZ                DATA
 0002:00000114 00000004H .CRT$XIA                DATA
 0002:00000118 0000000cH .CRT$XIC                DATA
 0002:00000124 00000004H .CRT$XIZ                DATA
 0002:00000128 00000004H .CRT$XPA                DATA
 0002:0000012c 00000008H .CRT$XPX                DATA
 0002:00000134 00000004H .CRT$XPXA               DATA
 0002:00000138 00000004H .CRT$XPZ                DATA
 0002:0000013c 00000004H .CRT$XTA                DATA
 0002:00000140 00000010H .CRT$XTZ                DATA
 0002:00000144 00000000H .gfids$y                DATA
 0002:00000150 00019ff0H .rdata                  DATA
 0002:0001a140 00000000H .rdata$CastGuardVftablesA DATA
 0002:0001a140 00000000H .rdata$CastGuardVftablesC DATA
 0002:0001a140 00000000H .rdata$r                DATA
 0002:0001a140 00000008H .rdata$sxdata           DATA
 0002:0001a148 00000098H .rdata$voltmd           DATA
 0002:0001a1e0 0000027cH .rdata$zzzdbg           DATA
 0002:0001a45c 00000004H .rtc$IAA                DATA
 0002:0001a460 00000004H .rtc$IZZ                DATA
 0002:0001a464 00000004H .rtc$TAA                DATA
 0002:0001a468 00000008H .rtc$TZZ                DATA
 0002:0001a470 000003f0H .xdata$x                DATA
 0002:0001a860 00000058H .edata                  DATA
 0002:0001a8b8 00000014H .idata$2                DATA
 0002:0001a8cc 00000014H .idata$3                DATA
 0002:0001a8e0 00000104H .idata$4                DATA
 0002:0001a9e4 000004b4H .idata$6                DATA
 0003:00000000 00009960H .data                   DATA
 0003:00009950 00000000H .data$r                 DATA
 0003:00009950 00000000H .data$rs                DATA
 0003:00009960 023433d0H .bss                    DATA
 0004:00000000 00000060H .rsrc$01                DATA
 0004:00000060 00000180H .rsrc$02                DATA

  Address         Publics by Value              Rva+Base       Lib:Object

 0000:00000000       ___AbsoluteZero            00000000     <absolute>
 0000:00000000       ___arm64x_extra_rfe_table  00000000     <absolute>
 0000:00000000       ___arm64x_extra_rfe_table_size 00000000     <absolute>
 0000:00000000       ___arm64x_native_entrypoint 00000000     <absolute>
 0000:00000000       ___arm64x_redirection_metadata 00000000     <absolute>
 0000:00000000       ___arm64x_redirection_metadata_count 00000000     <absolute>
 0000:00000000       ___dynamic_value_reloc_table 00000000     <absolute>
 0000:00000000       ___enclave_config          00000000     <absolute>
 0000:00000000       ___guard_check_icall_a64n_fptr 00000000     <absolute>
 0000:00000000       ___guard_eh_cont_count     00000000     <absolute>
 0000:00000000       ___guard_eh_cont_table     00000000     <absolute>
 0000:00000000       ___guard_fids_count        00000000     <absolute>
 0000:00000000       ___guard_fids_table        00000000     <absolute>
 0000:00000000       ___guard_iat_count         00000000     <absolute>
 0000:00000000       ___guard_iat_table         00000000     <absolute>
 0000:00000000       ___guard_longjmp_count     00000000     <absolute>
 0000:00000000       ___guard_longjmp_table     00000000     <absolute>
 0000:00000000       ___hybrid_auxiliary_iat    00000000     <absolute>
 0000:00000000       ___hybrid_auxiliary_iat_copy 00000000     <absolute>
 0000:00000000       ___hybrid_code_map         00000000     <absolute>
 0000:00000000       ___hybrid_code_map_count   00000000     <absolute>
 0000:00000000       ___x64_code_ranges_to_entry_points 00000000     <absolute>
 0000:00000000       ___x64_code_ranges_to_entry_points_count 00000000     <absolute>
 0000:00000000       __except_list              00000000     <absolute>
 0000:00000002       ___safe_se_handler_count   00000002     <absolute>
 0000:00000100       ___guard_flags             00000100     <absolute>
 0000:00000000       ___ImageBase               40000000     <linker-defined>
 0001:00000000       _BG_Alloc                  40001000 f   bg_misc.obj
 0001:00000050       _BG_FindItemForHoldable    40001050 f   bg_misc.obj
 0001:000000b0       _BG_FindItemForWeapon      400010b0 f   bg_misc.obj
 0001:000000f0       _BG_LegalizedForcePowers   400010f0 f   bg_misc.obj
 0001:00000810       _BG_GetClassOnBaseClass    40001810 f   bg_saga.obj
 0001:00000880       _BG_GetUIPortrait          40001880 f   bg_saga.obj
 0001:00000900       _BG_GetUIPortraitFile      40001900 f   bg_saga.obj
 0001:00000980       _BG_SiegeCountBaseClass    40001980 f   bg_saga.obj
 0001:000009f0       _BG_SiegeFindThemeForTeam  400019f0 f   bg_saga.obj
 0001:00000a10       _BG_SiegeGetPairedValue    40001a10 f   bg_saga.obj
 0001:00000c60       _BG_SiegeGetValueGroup     40001c60 f   bg_saga.obj
 0001:00000f70       _BG_SiegeLoadClasses       40001f70 f   bg_saga.obj
 0001:000010c0       _BG_SiegeLoadTeams         400020c0 f   bg_saga.obj
 0001:000013a0       _BG_SiegeParseClassFile    400023a0 f   bg_saga.obj
 0001:00001cd0       _BG_SiegeSetTeamTheme      40002cd0 f   bg_saga.obj
 0001:00001d40       _BG_SiegeStripTabs         40002d40 f   bg_saga.obj
 0001:00001d80       _BG_SiegeTranslateForcePowers 40002d80 f   bg_saga.obj
 0001:00001f50       _BG_SiegeTranslateGenericTable 40002f50 f   bg_saga.obj
 0001:00002020       _BG_SiegeTranslateSkills   40003020 f   bg_saga.obj
 0001:00002180       _AnglesToAxis              40003180 f   q_math.obj
 0001:00002390       _AxisClear                 40003390 f   q_math.obj
 0001:000023e0       _Q_irand                   400033e0 f   q_math.obj
 0001:00002410       _VectorNormalize           40003410 f   q_math.obj
 0001:000024d0       _COM_BeginParseSession     400034d0 f   q_shared.obj
 0001:00002500       _COM_Compress              40003500 f   q_shared.obj
 0001:00002610       _COM_Parse                 40003610 f   q_shared.obj
 0001:00002630       _COM_ParseExt              40003630 f   q_shared.obj
 0001:000027b0       _COM_ParseFloat            400037b0 f   q_shared.obj
 0001:000027f0       _COM_ParseString           400037f0 f   q_shared.obj
 0001:00002830       _COM_StripExtension        40003830 f   q_shared.obj
 0001:00002860       _Com_Clamp                 40003860 f   q_shared.obj
 0001:00002890       _Com_sprintf               40003890 f   q_shared.obj
 0001:000028f0       _GetIDForString            400038f0 f   q_shared.obj
 0001:000029b0       _Info_SetValueForKey       400039b0 f   q_shared.obj
 0001:00002c30       _Info_ValueForKey          40003c30 f   q_shared.obj
 0001:00002d80       _Q_CleanStr                40003d80 f   q_shared.obj
 0001:00002dd0       _Q_strcat                  40003dd0 f   q_shared.obj
 0001:00002e60       _Q_stricmp                 40003e60 f   q_shared.obj
 0001:00002ee0       _Q_stricmpn                40003ee0 f   q_shared.obj
 0001:00002f70       _Q_strncpyz                40003f70 f   q_shared.obj
 0001:00002fd0       _Q_strrchr                 40003fd0 f   q_shared.obj
 0001:00003000       _Q_strupr                  40004000 f   q_shared.obj
 0001:00003030       _SkipBracedSection         40004030 f   q_shared.obj
 0001:00003180       _SkipRestOfLine            40004180 f   q_shared.obj
 0001:000031b0       ___local_stdio_printf_options 400041b0 f i q_shared.obj
 0001:000031c0       _va                        400041c0 f   q_shared.obj
 0001:00003260       _Com_Error                 40004260 f   ui_atoms.obj
 0001:000032b0       _Com_Printf                400042b0 f   ui_atoms.obj
 0001:000037b0       _UI_ClearScores            400047b0 f   ui_atoms.obj
 0001:00003a00       _UI_ConsoleCommand         40004a00 f   ui_atoms.obj
 0001:00003bd0       _UI_Cvar_VariableString    40004bd0 f   ui_atoms.obj
 0001:00003bf0       _UI_DrawHandlePic          40004bf0 f   ui_atoms.obj
 0001:00003c90       _UI_FillRect               40004c90 f   ui_atoms.obj
 0001:00003d10       _UI_LoadBestScores         40004d10 f   ui_atoms.obj
 0001:00003e10       _UI_SetBestScores          40004e10 f   ui_atoms.obj
 0001:00004160       _UI_SetColor               40005160 f   ui_atoms.obj
 0001:00004170       _IsForceRank               40005170 f   ui_force.obj
 0001:000041a0       _UI_DrawForceStars         400051a0 f   ui_force.obj
 0001:000042f0       _UI_ForceConfigHandle      400052f0 f   ui_force.obj
 0001:00004750       _UI_ForceMaxRank_HandleKey 40005750 f   ui_force.obj
 0001:000047d0       _UI_ForcePowerRank_HandleKey 400057d0 f   ui_force.obj
 0001:00004970       _UI_ForceSide_HandleKey    40005970 f   ui_force.obj
 0001:00004a50       _UI_InitForceShaders       40005a50 f   ui_force.obj
 0001:00004c10       _UI_JediNonJedi_HandleKey  40005c10 f   ui_force.obj
 0001:00004d60       _UI_ReadLegalForce         40005d60 f   ui_force.obj
 0001:000050a0       _UI_SaveForceTemplate      400060a0 f   ui_force.obj
 0001:00005270       _UI_SkinColor_HandleKey    40006270 f   ui_force.obj
 0001:000052f0       _UI_UpdateClientForcePowers 400062f0 f   ui_force.obj
 0001:000053d0       _UI_UpdateForcePowers      400063d0 f   ui_force.obj
 0001:00005610       _UpdateForceUsed           40006610 f   ui_force.obj
 0001:00007d60       _UI_GetBotNameByNumber     40008d60 f   ui_gameinfo.obj
 0001:00007db0       _UI_GetNumBots             40008db0 f   ui_gameinfo.obj
 0001:00007dd0       _UI_LoadArenas             40008dd0 f   ui_gameinfo.obj
 0001:00008220       _UI_LoadBots               40009220 f   ui_gameinfo.obj
 0001:00008420       _UI_ParseInfos             40009420 f   ui_gameinfo.obj
 0001:00008610       _Asset_Parse               40009610 f   ui_main.obj
 0001:000091e0       _Text_Height               4000a1e0 f   ui_main.obj
 0001:00009240       _Text_Paint                4000a240 f   ui_main.obj
 0001:00009300       _Text_PaintCenter          4000a300 f   ui_main.obj
 0001:00009440       _Text_PaintWithCursor      4000a440 f   ui_main.obj
 0001:000097d0       _Text_Width                4000a7d0 f   ui_main.obj
 0001:000098b0       _UI_AllocMem               4000a8b0 f   ui_main.obj
 0001:0000ad10       _UI_ClampMaxPlayers        4000bd10 f   ui_main.obj
 0001:0000b720       _UI_DrawConnectScreen      4000c720 f   ui_main.obj
 0001:0000dcd0       _UI_FeederSelection        4000ecd0 f   ui_main.obj
 0001:0000e610       _UI_FindCurrentSiegeTeamClass 4000f610 f   ui_main.obj
 0001:0000e6f0       _UI_FreeMem                4000f6f0 f   ui_main.obj
 0001:0000f240       _UI_GetStringEdString      40010240 f   ui_main.obj
 0001:0000f270       @_guard_check_icall_nop@4  40010270 f   LIBCMT:guard_support.obj
 0001:0000f290       _UI_GetVideoSetup          40010290 f   ui_main.obj
 0001:0000f640       _UI_Load                   40010640 f   ui_main.obj
 0001:0000f6e0       _UI_LoadForceConfig_List   400106e0 f   ui_main.obj
 0001:0000f810       _UI_LoadMenus              40010810 f   ui_main.obj
 0001:000123d0       _UI_ParseAnimationFile     400133d0 f   ui_main.obj
 0001:00012820       _UI_ParseMenu              40013820 f   ui_main.obj
 0001:00012970       _UI_ReaAllocMem            40013970 f   ui_main.obj
 0001:00012ac0       _UI_Report                 40013ac0 f   ui_main.obj
 0001:00015410       _UI_SetSiegeTeams          40016410 f   ui_main.obj
 0001:000156f0       _UI_ShowPostGame           400166f0 f   ui_main.obj
 0001:00015830       _UI_SiegeClassNum          40016830 f   ui_main.obj
 0001:00015860       _UI_SiegeSetCvarsForClass  40016860 f   ui_main.obj
 0001:00016990       _UI_TeamName               40017990 f   ui_main.obj
 0001:00016aa0       _UI_TrueJediEnabled        40017aa0 f   ui_main.obj
 0001:00017420       _UI_UpdateCharacterSkin    40018420 f   ui_main.obj
 0001:000174f0       _UI_UpdateCvarsForClass    400184f0 f   ui_main.obj
 0001:00017840       _UI_UpdateSiegeObjectiveGraphics 40018840 f   ui_main.obj
 0001:00017a60       _UI_UpdateSiegeStatusIcons 40018a60 f   ui_main.obj
 0001:00017b50       _UI_UpdateVideoSetup       40018b50 f   ui_main.obj
 0001:00017cb0       _UpdateBotButtons          40018cb0 f   ui_main.obj
 0001:00017d10       _UpdateForceStatus         40018d10 f   ui_main.obj
 0001:000180c0       __UI_DrawRect              400190c0 f   ui_main.obj
 0001:00018150       __UI_DrawSides             40019150 f   ui_main.obj
 0001:00018230       __UI_DrawTopBottom         40019230 f   ui_main.obj
 0001:00018310       __UI_Init                  40019310 f   ui_main.obj
 0001:00018b40       __UI_Refresh               40019b40 f   ui_main.obj
 0001:00018e80       __UI_SetActiveMenu         40019e80 f   ui_main.obj
 0001:00019140       ___local_stdio_scanf_options 4001a140 f i ui_main.obj
 0001:00019150       _siege_Cvar_Set            4001a150 f   ui_main.obj
 0001:00019230       _siege_Cvar_VariableStringBuffer 4001a230 f   ui_main.obj
 0001:000192f0       _siege_Cvar_VariableValue  4001a2f0 f   ui_main.obj
 0001:00019370       _sprintf                   4001a370 f i ui_main.obj
 0001:000193b0       _sscanf                    4001a3b0 f i ui_main.obj
 0001:000193e0       _vmMain                    4001a3e0 f   ui_main.obj
 0001:000195a0       _ParseRGBSaber             4001a5a0 f   ui_saber.obj
 0001:000195f0       _RGB_AdjustSciptedSaberColor 4001a5f0 f   ui_saber.obj
 0001:00019760       _RGB_RandomRGB             4001a760 f   ui_saber.obj
 0001:000197c0       _SaberColorToString        4001a7c0 f   ui_saber.obj
 0001:00019860       _TranslateSaberColor       4001a860 f   ui_saber.obj
 0001:000199c0       _TranslateSaberType        4001a9c0 f   ui_saber.obj
 0001:00019b10       _UI_CacheSaberGlowGraphics 4001ab10 f   ui_saber.obj
 0001:00019c30       _UI_DoSaber                4001ac30 f   ui_saber.obj
 0001:0001a2c0       _UI_FreeSabers             4001b2c0 f   ui_saber.obj
 0001:0001a2e0       _UI_GetSaberCount          4001b2e0 f   ui_saber.obj
 0001:0001a300       _UI_GetSaberForMenu        4001b300 f   ui_saber.obj
 0001:0001a480       _UI_GetSaberHiltInfo       4001b480 f   ui_saber.obj
 0001:0001a4b0       _UI_ParseScriptedSaber     4001b4b0 f   ui_saber.obj
 0001:0001a5c0       _UI_SaberAttachToChar      4001b5c0 f   ui_saber.obj
 0001:0001a6e0       _UI_SaberDrawBlade         4001b6e0 f   ui_saber.obj
 0001:0001b400       _UI_SaberDrawBlades        4001c400 f   ui_saber.obj
 0001:0001b690       _UI_SaberGetHiltInfo       4001c690 f   ui_saber.obj
 0001:0001b7f0       _UI_SaberLoadParms         4001c7f0 f   ui_saber.obj
 0001:0001bb40       _UI_SaberModelForSaber     4001cb40 f   ui_saber.obj
 0001:0001bb60       _UI_SaberParseParm         4001cb60 f   ui_saber.obj
 0001:0001bcf0       _UI_SaberProperNameForSaber 4001ccf0 f   ui_saber.obj
 0001:0001bd70       _UI_SaberSkinForSaber      4001cd70 f   ui_saber.obj
 0001:0001bd90       _UI_SaberTypeForSaber      4001cd90 f   ui_saber.obj
 0001:0001bdb0       _Script_Play               4001cdb0 f   ui_shared.obj
 0001:0001be10       _Script_PlayVoice          4001ce10 f   ui_shared.obj
 0001:0001be70       _Script_playLooped         4001ce70 f   ui_shared.obj
 0001:0001bee0       _ItemParse_name            4001cee0 f   ui_shared.obj
 0001:0001bf00       _ItemParse_focusSound      4001cf00 f   ui_shared.obj
 0001:0001bf50       _ItemParse_text            4001cf50 f   ui_shared.obj
 0001:0001bf70       _ItemParse_descText        4001cf70 f   ui_shared.obj
 0001:0001bf90       _ItemParse_text2           4001cf90 f   ui_shared.obj
 0001:0001bf90       _MenuParse_soundLoop       4001cf90 f   ui_shared.obj
 0001:0001bfb0       _ItemParse_text2alignx     4001cfb0 f   ui_shared.obj
 0001:0001bfd0       _ItemParse_text2aligny     4001cfd0 f   ui_shared.obj
 0001:0001bff0       _ItemParse_group           4001cff0 f   ui_shared.obj
 0001:0001c010       _ItemParse_asset_model     4001d010 f   ui_shared.obj
 0001:0001c0a0       _ItemParse_asset_shader    4001d0a0 f   ui_shared.obj
 0001:0001c0f0       _ItemParse_model_origin    4001d0f0 f   ui_shared.obj
 0001:0001c150       _ItemParse_elementwidth    4001d150 f   ui_shared.obj
 0001:0001c150       _ItemParse_model_fovx      4001d150 f   ui_shared.obj
 0001:0001c180       _ItemParse_elementheight   4001d180 f   ui_shared.obj
 0001:0001c180       _ItemParse_model_fovy      4001d180 f   ui_shared.obj
 0001:0001c1b0       _ItemParse_model_rotation  4001d1b0 f   ui_shared.obj
 0001:0001c1e0       _ItemParse_model_angle     4001d1e0 f   ui_shared.obj
 0001:0001c210       _ItemParse_model_g2mins    4001d210 f   ui_shared.obj
 0001:0001c270       _ItemParse_model_g2maxs    4001d270 f   ui_shared.obj
 0001:0001c2d0       _ItemParse_model_g2scale   4001d2d0 f   ui_shared.obj
 0001:0001c330       _ItemParse_model_g2skin    4001d330 f   ui_shared.obj
 0001:0001c390       _ItemParse_model_g2anim    4001d390 f   ui_shared.obj
 0001:0001c430       _ItemParse_rectcvar        4001d430 f   ui_shared.obj
 0001:0001c560       _ItemParse_rect            4001d560 f   ui_shared.obj
 0001:0001c5c0       _ItemParse_flag            4001d5c0 f   ui_shared.obj
 0001:0001c660       _ItemParse_style           4001d660 f   ui_shared.obj
 0001:0001c6a0       _ItemParse_decoration      4001d6a0 f   ui_shared.obj
 0001:0001c6c0       _ItemParse_notselectable   4001d6c0 f   ui_shared.obj
 0001:0001c700       _ItemParse_scrollhidden    4001d700 f   ui_shared.obj
 0001:0001c740       _ItemParse_wrapped         4001d740 f   ui_shared.obj
 0001:0001c760       _ItemParse_autowrapped     4001d760 f   ui_shared.obj
 0001:0001c780       _ItemParse_horizontalscroll 4001d780 f   ui_shared.obj
 0001:0001c7a0       _ItemParse_type            4001d7a0 f   ui_shared.obj
 0001:0001c7e0       _ItemParse_feeder          4001d7e0 f   ui_shared.obj
 0001:0001c7e0       _ItemParse_special         4001d7e0 f   ui_shared.obj
 0001:0001c800       _ItemParse_elementtype     4001d800 f   ui_shared.obj
 0001:0001c840       _ItemParse_columns         4001d840 f   ui_shared.obj
 0001:0001c900       _ItemParse_border          4001d900 f   ui_shared.obj
 0001:0001c900       _MenuParse_border          4001d900 f   ui_shared.obj
 0001:0001c920       _ItemParse_bordersize      4001d920 f   ui_shared.obj
 0001:0001c920       _MenuParse_borderSize      4001d920 f   ui_shared.obj
 0001:0001c940       _ItemParse_visible         4001d940 f   ui_shared.obj
 0001:0001c940       _MenuParse_visible         4001d940 f   ui_shared.obj
 0001:0001c980       _ItemParse_ownerdraw       4001d980 f   ui_shared.obj
 0001:0001c9b0       _ItemParse_align           4001d9b0 f   ui_shared.obj
 0001:0001c9b0       _MenuParse_fadeCycle       4001d9b0 f   ui_shared.obj
 0001:0001c9d0       _ItemParse_isCharacter     4001d9d0 f   ui_shared.obj
 0001:0001ca20       _ItemParse_textalign       4001da20 f   ui_shared.obj
 0001:0001ca60       _ItemParse_textalignx      4001da60 f   ui_shared.obj
 0001:0001ca60       _MenuParse_fadeAmount      4001da60 f   ui_shared.obj
 0001:0001ca80       _ItemParse_textaligny      4001da80 f   ui_shared.obj
 0001:0001caa0       _ItemParse_textscale       4001daa0 f   ui_shared.obj
 0001:0001cac0       _ItemParse_textstyle       4001dac0 f   ui_shared.obj
 0001:0001cae0       _ItemParse_invertyesno     4001dae0 f   ui_shared.obj
 0001:0001cb00       _ItemParse_xoffset         4001db00 f   ui_shared.obj
 0001:0001cb20       _ItemParse_backcolor       4001db20 f   ui_shared.obj
 0001:0001cbd0       _ItemParse_forecolor       4001dbd0 f   ui_shared.obj
 0001:0001cbd0       _MenuParse_forecolor       4001dbd0 f   ui_shared.obj
 0001:0001ccc0       _ItemParse_bordercolor     4001dcc0 f   ui_shared.obj
 0001:0001cd80       _ItemParse_outlinecolor    4001dd80 f   ui_shared.obj
 0001:0001cd80       _MenuParse_outlinecolor    4001dd80 f   ui_shared.obj
 0001:0001cda0       _ItemParse_background      4001dda0 f   ui_shared.obj
 0001:0001cda0       _MenuParse_background      4001dda0 f   ui_shared.obj
 0001:0001cdf0       _ItemParse_cinematic       4001ddf0 f   ui_shared.obj
 0001:0001cdf0       _MenuParse_cinematic       4001ddf0 f   ui_shared.obj
 0001:0001ce10       _ItemParse_doubleClick     4001de10 f   ui_shared.obj
 0001:0001ce50       _ItemParse_onFocus         4001de50 f   ui_shared.obj
 0001:0001ce70       _ItemParse_leaveFocus      4001de70 f   ui_shared.obj
 0001:0001ce90       _ItemParse_mouseEnter      4001de90 f   ui_shared.obj
 0001:0001ceb0       _ItemParse_mouseExit       4001deb0 f   ui_shared.obj
 0001:0001ced0       _ItemParse_mouseEnterText  4001ded0 f   ui_shared.obj
 0001:0001cef0       _ItemParse_mouseExitText   4001def0 f   ui_shared.obj
 0001:0001cf10       _ItemParse_action          4001df10 f   ui_shared.obj
 0001:0001cf30       _ItemParse_cvarTest        4001df30 f   ui_shared.obj
 0001:0001cf50       _ItemParse_cvar            4001df50 f   ui_shared.obj
 0001:0001cfd0       _ItemParse_font            4001dfd0 f   ui_shared.obj
 0001:0001d000       _ItemParse_maxChars        4001e000 f   ui_shared.obj
 0001:0001d050       _ItemParse_maxPaintChars   4001e050 f   ui_shared.obj
 0001:0001d0a0       _ItemParse_maxLineChars    4001e0a0 f   ui_shared.obj
 0001:0001d0f0       _ItemParse_lineHeight      4001e0f0 f   ui_shared.obj
 0001:0001d140       _ItemParse_cvarInt         4001e140 f   ui_shared.obj
 0001:0001d1d0       _ItemParse_cvarFloat       4001e1d0 f   ui_shared.obj
 0001:0001d240       _ItemParse_cvarStrList     4001e240 f   ui_shared.obj
 0001:0001d480       _ItemParse_cvarFloatList   4001e480 f   ui_shared.obj
 0001:0001d570       _ItemParse_addColorRange   4001e570 f   ui_shared.obj
 0001:0001d5f0       _ItemParse_ownerdrawFlag   4001e5f0 f   ui_shared.obj
 0001:0001d5f0       _MenuParse_ownerdrawFlag   4001e5f0 f   ui_shared.obj
 0001:0001d620       _ItemParse_enableCvar      4001e620 f   ui_shared.obj
 0001:0001d660       _ItemParse_disableCvar     4001e660 f   ui_shared.obj
 0001:0001d6a0       _ItemParse_showCvar        4001e6a0 f   ui_shared.obj
 0001:0001d6e0       _ItemParse_hideCvar        4001e6e0 f   ui_shared.obj
 0001:0001d720       _ItemParse_cvarSubString   4001e720 f   ui_shared.obj
 0001:0001d740       _ItemParse_Appearance_slot 4001e740 f   ui_shared.obj
 0001:0001d760       _ItemParse_isSaber         4001e760 f   ui_shared.obj
 0001:0001d7d0       _ItemParse_isSaber2        4001e7d0 f   ui_shared.obj
 0001:0001d840       _MenuParse_font            4001e840 f   ui_shared.obj
 0001:0001d8a0       _MenuParse_name            4001e8a0 f   ui_shared.obj
 0001:0001d8e0       _MenuParse_fullscreen      4001e8e0 f   ui_shared.obj
 0001:0001d900       _MenuParse_rect            4001e900 f   ui_shared.obj
 0001:0001d960       _MenuParse_style           4001e960 f   ui_shared.obj
 0001:0001d9a0       _MenuParse_onOpen          4001e9a0 f   ui_shared.obj
 0001:0001d9c0       _MenuParse_onClose         4001e9c0 f   ui_shared.obj
 0001:0001d9e0       _MenuParse_onAccept        4001e9e0 f   ui_shared.obj
 0001:0001da00       _MenuParse_onESC           4001ea00 f   ui_shared.obj
 0001:0001da20       _MenuParse_backcolor       4001ea20 f   ui_shared.obj
 0001:0001dad0       _MenuParse_descAlignment   4001ead0 f   ui_shared.obj
 0001:0001db10       _MenuParse_descX           4001eb10 f   ui_shared.obj
 0001:0001db30       _MenuParse_descY           4001eb30 f   ui_shared.obj
 0001:0001db50       _MenuParse_descScale       4001eb50 f   ui_shared.obj
 0001:0001db70       _MenuParse_descColor       4001eb70 f   ui_shared.obj
 0001:0001dc30       _MenuParse_bordercolor     4001ec30 f   ui_shared.obj
 0001:0001dcf0       _MenuParse_focuscolor      4001ecf0 f   ui_shared.obj
 0001:0001ddb0       _MenuParse_disablecolor    4001edb0 f   ui_shared.obj
 0001:0001de70       _MenuParse_ownerdraw       4001ee70 f   ui_shared.obj
 0001:0001de90       _MenuParse_popup           4001ee90 f   ui_shared.obj
 0001:0001deb0       _MenuParse_outOfBounds     4001eeb0 f   ui_shared.obj
 0001:0001ded0       _MenuParse_fadeClamp       4001eed0 f   ui_shared.obj
 0001:0001def0       _MenuParse_itemDef         4001eef0 f   ui_shared.obj
 0001:0001e110       _MenuParse_appearanceIncrement 4001f110 f   ui_shared.obj
 0001:0001e130       _Script_SetColor           4001f130 f   ui_shared.obj
 0001:0001e220       _Script_SetAsset           4001f220 f   ui_shared.obj
 0001:0001e250       _Script_SetBackground      4001f250 f   ui_shared.obj
 0001:0001e2a0       _Script_SetItemRectCvar    4001f2a0 f   ui_shared.obj
 0001:0001e4e0       _Script_SetItemBackground  4001f4e0 f   ui_shared.obj
 0001:0001e5b0       _Script_SetItemText        4001f5b0 f   ui_shared.obj
 0001:0001e630       _Script_SetTeamColor       4001f630 f   ui_shared.obj
 0001:0001e670       _Script_SetItemColor       4001f670 f   ui_shared.obj
 0001:0001e800       _Script_SetItemColorCvar   4001f800 f   ui_shared.obj
 0001:0001ea70       _Script_SetItemRect        4001fa70 f   ui_shared.obj
 0001:0001eb50       _Script_Show               4001fb50 f   ui_shared.obj
 0001:0001eba0       _Script_Hide               4001fba0 f   ui_shared.obj
 0001:0001ebf0       _Script_FadeIn             4001fbf0 f   ui_shared.obj
 0001:0001ec90       _Script_FadeOut            4001fc90 f   ui_shared.obj
 0001:0001ed30       _Script_Open               4001fd30 f   ui_shared.obj
 0001:0001eec0       _Script_Close              4001fec0 f   ui_shared.obj
 0001:0001f000       _Script_Defer              40020000 f   ui_shared.obj
 0001:0001f050       _Script_RunDeferred        40020050 f   ui_shared.obj
 0001:0001f080       _Script_Transition         40020080 f   ui_shared.obj
 0001:0001f140       _Script_Disable            40020140 f   ui_shared.obj
 0001:0001f230       _Script_Scale              40020230 f   ui_shared.obj
 0001:0001f390       _Script_Orbit              40020390 f   ui_shared.obj
 0001:0001f530       _Script_SetFocus           40020530 f   ui_shared.obj
 0001:0001f630       _Script_SetPlayerModel     40020630 f   ui_shared.obj
 0001:0001f680       _Script_Transition2        40020680 f   ui_shared.obj
 0001:0001f780       _Script_SetCvar            40020780 f   ui_shared.obj
 0001:0001f800       _Script_SetCvarToCvar      40020800 f   ui_shared.obj
 0001:0001f8b0       _Script_Exec               400208b0 f   ui_shared.obj
 0001:0001f9a0       _BindingIDFromName         400209a0 f   ui_shared.obj
 0001:0001f9e0       _Controls_GetConfig        400209e0 f   ui_shared.obj
 0001:0001fa90       _Controls_SetConfig        40020a90 f   ui_shared.obj
 0001:0001fae0       _Display_CacheAll          40020ae0 f   ui_shared.obj
 0001:0001fce0       _Display_KeyBindPending    40020ce0 f   ui_shared.obj
 0001:0001fcf0       _Display_MouseMove         40020cf0 f   ui_shared.obj
 0001:0001fdf0       _Display_VisibleMenuCount  40020df0 f   ui_shared.obj
 0001:0001ff50       _Float_Parse               40020f50 f   ui_shared.obj
 0001:0001ff90       _GradientBar_Paint         40020f90 f   ui_shared.obj
 0001:0001ffe0       _Init_Display              40020fe0 f   ui_shared.obj
 0001:0001fff0       _Int_Parse                 40020ff0 f   ui_shared.obj
 0001:00020030       _ItemParse_asset_model_go  40021030 f   ui_shared.obj
 0001:000202a0       _ItemParse_model_g2anim_go 400212a0 f   ui_shared.obj
 0001:00020320       _ItemParse_model_g2skin_go 40021320 f   ui_shared.obj
 0001:00020390       _Item_Bind_HandleKey       40021390 f   ui_shared.obj
 0001:00020650       _Item_Bind_Paint           40021650 f   ui_shared.obj
 0001:00020a60       _Item_EnableShowViaCvar    40021a60 f   ui_shared.obj
 0001:00020bc0       _Item_HandleKey            40021bc0 f   ui_shared.obj
 0001:00021020       _Item_ListBox_HandleKey    40022020 f   ui_shared.obj
 0001:000214c0       _Item_ListBox_MaxScroll    400224c0 f   ui_shared.obj
 0001:00021530       _Item_ListBox_MouseEnter   40022530 f   ui_shared.obj
 0001:00021700       _Item_ListBox_OverLB       40022700 f   ui_shared.obj
 0001:00021b10       _Item_ListBox_Paint        40022b10 f   ui_shared.obj
 0001:000229a0       _Item_ListBox_ThumbDrawPosition 400239a0 f   ui_shared.obj
 0001:00022a80       _Item_ListBox_ThumbPosition 40023a80 f   ui_shared.obj
 0001:00022bd0       _Item_Model_Paint          40023bd0 f   ui_shared.obj
 0001:00023360       _Item_MouseEnter           40024360 f   ui_shared.obj
 0001:00023510       _Item_Multi_HandleKey      40024510 f   ui_shared.obj
 0001:00023790       _Item_Multi_Paint          40024790 f   ui_shared.obj
 0001:00023a50       _Item_OwnerDraw_Paint      40024a50 f   ui_shared.obj
 0001:00023ed0       _Item_Paint                40024ed0 f   ui_shared.obj
 0001:000248d0       _Item_RunScript            400258d0 f   ui_shared.obj
 0001:000249c0       _Item_SetFocus             400259c0 f   ui_shared.obj
 0001:00024ae0       _Item_SetScreenCoords      40025ae0 f   ui_shared.obj
 0001:00024b70       _Item_SetTextExtents       40025b70 f   ui_shared.obj
 0001:00024dc0       _Item_Slider_ThumbPosition 40025dc0 f   ui_shared.obj
 0001:00024e80       _Item_StartCapture         40025e80 f   ui_shared.obj
 0001:00025130       _Item_TextColor            40026130 f   ui_shared.obj
 0001:00025370       _Item_TextField_HandleKey  40026370 f   ui_shared.obj
 0001:000257e0       _Item_TextField_Paint      400267e0 f   ui_shared.obj
 0001:00026060       _Item_TextScroll_HandleKey 40027060 f   ui_shared.obj
 0001:000261e0       _Item_TextScroll_OverLB    400271e0 f   ui_shared.obj
 0001:000263c0       _Item_TextScroll_Paint     400273c0 f   ui_shared.obj
 0001:000266d0       _Item_TextScroll_ThumbDrawPosition 400276d0 f   ui_shared.obj
 0001:00026880       _Item_Text_AutoWrapped_Paint 40027880 f   ui_shared.obj
 0001:00026b20       _Item_Text_Paint           40027b20 f   ui_shared.obj
 0001:00026e90       _Item_ValidateTypeData     40027e90 f   ui_shared.obj
 0001:00026fa0       _Item_YesNo_Paint          40027fa0 f   ui_shared.obj
 0001:000271d0       _KeywordHash_Key           400281d0 f   ui_shared.obj
 0001:00027220       _Leaving_EditField         40028220 f   ui_shared.obj
 0001:00027250       _LerpColor                 40028250 f   ui_shared.obj
 0001:00027330       _Menu_ClearFocus           40028330 f   ui_shared.obj
 0001:00027480       _Menu_Count                40028480 f   ui_shared.obj
 0001:00027490       _Menu_FindItemByName       40028490 f   ui_shared.obj
 0001:000274f0       _Menu_GetFocused           400284f0 f   ui_shared.obj
 0001:00027530       _Menu_GetMatchingItemByNumber 40028530 f   ui_shared.obj
 0001:000275b0       _Menu_HandleKey            400285b0 f   ui_shared.obj
 0001:00027bd0       _Menu_HandleMouseMove      40028bd0 f   ui_shared.obj
 0001:00027df0       _Menu_ItemDisable          40028df0 f   ui_shared.obj
 0001:00027e40       _Menu_ItemsMatchingGroup   40028e40 f   ui_shared.obj
 0001:00027ec0       _Menu_New                  40028ec0 f   ui_shared.obj
 0001:000280a0       _Menu_Paint                400290a0 f   ui_shared.obj
 0001:00028240       _Menu_PaintAll             40029240 f   ui_shared.obj
 0001:000284d0       _Menu_Reset                400294d0 f   ui_shared.obj
 0001:000284e0       _Menu_SetFeederSelection   400294e0 f   ui_shared.obj
 0001:000285b0       _Menu_SetItemBackground    400295b0 f   ui_shared.obj
 0001:00028610       _Menu_SetItemText          40029610 f   ui_shared.obj
 0001:00028ca0       _Menu_SetNextCursorItem    40029ca0 f   ui_shared.obj
 0001:00028d90       _Menu_SetPrevCursorItem    40029d90 f   ui_shared.obj
 0001:00028e80       _Menu_ShowGroup            40029e80 f   ui_shared.obj
 0001:00028ef0       _Menu_ShowItemByName       40029ef0 f   ui_shared.obj
 0001:00028f70       _Menu_TransitionItemByName 40029f70 f   ui_shared.obj
 0001:00029080       _Menu_UpdatePosition       4002a080 f   ui_shared.obj
 0001:00029180       _Menus_Activate            4002a180 f   ui_shared.obj
 0001:000291f0       _Menus_ActivateByName      4002a1f0 f   ui_shared.obj
 0001:00029340       _Menus_AnyFullScreenVisible 4002a340 f   ui_shared.obj
 0001:00029370       _Menus_CloseAll            4002a370 f   ui_shared.obj
 0001:000293f0       _Menus_CloseByName         4002a3f0 f   ui_shared.obj
 0001:00029470       _Menus_FindByName          4002a470 f   ui_shared.obj
 0001:000294c0       _Menus_HandleOOBClick      4002a4c0 f   ui_shared.obj
 0001:000296f0       _Menus_OpenByName          4002a6f0 f   ui_shared.obj
 0001:00029840       _PC_Color_Parse            4002a840 f   ui_shared.obj
 0001:000298e0       _PC_Float_Parse            4002a8e0 f   ui_shared.obj
 0001:00029980       _PC_Int_Parse              4002a980 f   ui_shared.obj
 0001:00029a10       _PC_Script_Parse           4002aa10 f   ui_shared.obj
 0001:00029c50       _PC_SourceError            4002ac50 f   ui_shared.obj
 0001:00029cc0       _PC_String_Parse           4002acc0 f   ui_shared.obj
 0001:00029d30       _Rect_Parse                4002ad30 f   ui_shared.obj
 0001:0002a360       _String_Alloc              4002b360 f   ui_shared.obj
 0001:0002a4b0       _String_Init               4002b4b0 f   ui_shared.obj
 0001:0002a650       _String_Parse              4002b650 f   ui_shared.obj
 0001:0002a690       _String_Report             4002b690 f   ui_shared.obj
 0001:0002a720       _UI_Alloc                  4002b720 f   ui_shared.obj
 0001:0002a780       _UI_CleanupGhoul2          4002b780 f   ui_shared.obj
 0001:0002a7c0       _UI_InitMemory             4002b7c0 f   ui_shared.obj
 0001:0002a7e0       _UI_OutOfMemory            4002b7e0 f   ui_shared.obj
 0001:0002a7f0       _Window_Paint              4002b7f0 f   ui_shared.obj
 0001:0002ad20       _dllEntry                  4002bd20 f   ui_syscalls.obj
 0001:0002ad30       _trap_AnyLanguage_ReadCharFromString 4002bd30 f   ui_syscalls.obj
 0001:0002ad50       _trap_Argc                 4002bd50 f   ui_syscalls.obj
 0001:0002ad60       _trap_Argv                 4002bd60 f   ui_syscalls.obj
 0001:0002ad80       _trap_CIN_DrawCinematic    4002bd80 f   ui_syscalls.obj
 0001:0002ada0       _trap_CIN_PlayCinematic    4002bda0 f   ui_syscalls.obj
 0001:0002add0       _trap_CIN_RunCinematic     4002bdd0 f   ui_syscalls.obj
 0001:0002adf0       _trap_CIN_SetExtents       4002bdf0 f   ui_syscalls.obj
 0001:0002ae10       _trap_CIN_StopCinematic    4002be10 f   ui_syscalls.obj
 0001:0002ae30       _trap_Cmd_ExecuteText      4002be30 f   ui_syscalls.obj
 0001:0002ae50       _trap_Cvar_Register        4002be50 f   ui_syscalls.obj
 0001:0002ae70       _trap_Cvar_Set             4002be70 f   ui_syscalls.obj
 0001:0002ae90       _trap_Cvar_SetValue        4002be90 f   ui_syscalls.obj
 0001:0002aeb0       _trap_Cvar_Update          4002beb0 f   ui_syscalls.obj
 0001:0002aed0       _trap_Cvar_VariableStringBuffer 4002bed0 f   ui_syscalls.obj
 0001:0002aef0       _trap_Cvar_VariableValue   4002bef0 f   ui_syscalls.obj
 0001:0002af10       _trap_Error                4002bf10 f   ui_syscalls.obj
 0001:0002af30       _trap_FS_FCloseFile        4002bf30 f   ui_syscalls.obj
 0001:0002af50       _trap_FS_FOpenFile         4002bf50 f   ui_syscalls.obj
 0001:0002af70       _trap_FS_GetFileList       4002bf70 f   ui_syscalls.obj
 0001:0002af90       _trap_FS_Read              4002bf90 f   ui_syscalls.obj
 0001:0002afb0       _trap_FS_Write             4002bfb0 f   ui_syscalls.obj
 0001:0002afd0       _trap_G2API_AddBolt        4002bfd0 f   ui_syscalls.obj
 0001:0002aff0       _trap_G2API_AttachG2Model  4002bff0 f   ui_syscalls.obj
 0001:0002b020       _trap_G2API_CleanGhoul2Models 4002c020 f   ui_syscalls.obj
 0001:0002b040       _trap_G2API_GetBoltMatrix  4002c040 f   ui_syscalls.obj
 0001:0002b070       _trap_G2API_GetGLAName     4002c070 f   ui_syscalls.obj
 0001:0002b090       _trap_G2API_HasGhoul2ModelOnIndex 4002c090 f   ui_syscalls.obj
 0001:0002b0b0       _trap_G2API_InitGhoul2Model 4002c0b0 f   ui_syscalls.obj
 0001:0002b0e0       _trap_G2API_RemoveGhoul2Model 4002c0e0 f   ui_syscalls.obj
 0001:0002b100       _trap_G2API_SetBoneAnim    4002c100 f   ui_syscalls.obj
 0001:0002b150       _trap_G2API_SetSkin        4002c150 f   ui_syscalls.obj
 0001:0002b170       _trap_G2API_SetTime        4002c170 f   ui_syscalls.obj
 0001:0002b190       _trap_G2_HaveWeGhoul2Models 4002c190 f   ui_syscalls.obj
 0001:0002b1b0       _trap_GetClientState       4002c1b0 f   ui_syscalls.obj
 0001:0002b1d0       _trap_GetConfigString      4002c1d0 f   ui_syscalls.obj
 0001:0002b1f0       _trap_GetGlconfig          4002c1f0 f   ui_syscalls.obj
 0001:0002b210       _trap_GetLanguageName      4002c210 f   ui_syscalls.obj
 0001:0002b230       _trap_Key_ClearStates      4002c230 f   ui_syscalls.obj
 0001:0002b240       _trap_Key_GetBindingBuf    4002c240 f   ui_syscalls.obj
 0001:0002b260       _trap_Key_GetCatcher       4002c260 f   ui_syscalls.obj
 0001:0002b270       _trap_Key_GetOverstrikeMode 4002c270 f   ui_syscalls.obj
 0001:0002b280       _trap_Key_KeynumToStringBuf 4002c280 f   ui_syscalls.obj
 0001:0002b2a0       _trap_Key_SetBinding       4002c2a0 f   ui_syscalls.obj
 0001:0002b2c0       _trap_Key_SetCatcher       4002c2c0 f   ui_syscalls.obj
 0001:0002b2e0       _trap_Key_SetOverstrikeMode 4002c2e0 f   ui_syscalls.obj
 0001:0002b300       _trap_LAN_AddServer        4002c300 f   ui_syscalls.obj
 0001:0002b320       _trap_LAN_CompareServers   4002c320 f   ui_syscalls.obj
 0001:0002b340       _trap_LAN_GetServerAddressString 4002c340 f   ui_syscalls.obj
 0001:0002b360       _trap_LAN_GetServerCount   4002c360 f   ui_syscalls.obj
 0001:0002b380       _trap_LAN_GetServerInfo    4002c380 f   ui_syscalls.obj
 0001:0002b3a0       _trap_LAN_GetServerPing    4002c3a0 f   ui_syscalls.obj
 0001:0002b3c0       _trap_LAN_LoadCachedServers 4002c3c0 f   ui_syscalls.obj
 0001:0002b3d0       _trap_LAN_MarkServerVisible 4002c3d0 f   ui_syscalls.obj
 0001:0002b3f0       _trap_LAN_RemoveServer     4002c3f0 f   ui_syscalls.obj
 0001:0002b410       _trap_LAN_ResetPings       4002c410 f   ui_syscalls.obj
 0001:0002b430       _trap_LAN_SaveCachedServers 4002c430 f   ui_syscalls.obj
 0001:0002b440       _trap_LAN_ServerIsVisible  4002c440 f   ui_syscalls.obj
 0001:0002b460       _trap_LAN_ServerStatus     4002c460 f   ui_syscalls.obj
 0001:0002b480       _trap_LAN_UpdateVisiblePings 4002c480 f   ui_syscalls.obj
 0001:0002b4a0       _trap_Language_IsAsian     4002c4a0 f   ui_syscalls.obj
 0001:0002b4b0       _trap_Language_UsesSpaces  4002c4b0 f   ui_syscalls.obj
 0001:0002b4c0       _trap_Milliseconds         4002c4c0 f   ui_syscalls.obj
 0001:0002b4d0       _trap_PC_FreeSource        4002c4d0 f   ui_syscalls.obj
 0001:0002b4f0       _trap_PC_LoadGlobalDefines 4002c4f0 f   ui_syscalls.obj
 0001:0002b510       _trap_PC_LoadSource        4002c510 f   ui_syscalls.obj
 0001:0002b530       _trap_PC_ReadToken         4002c530 f   ui_syscalls.obj
 0001:0002b550       _trap_PC_RemoveAllGlobalDefines 4002c550 f   ui_syscalls.obj
 0001:0002b560       _trap_PC_SourceFileAndLine 4002c560 f   ui_syscalls.obj
 0001:0002b580       _trap_Print                4002c580 f   ui_syscalls.obj
 0001:0002b5a0       _trap_R_AddRefEntityToScene 4002c5a0 f   ui_syscalls.obj
 0001:0002b5c0       _trap_R_ClearScene         4002c5c0 f   ui_syscalls.obj
 0001:0002b5d0       _trap_R_DrawStretchPic     4002c5d0 f   ui_syscalls.obj
 0001:0002b650       _trap_R_Font_DrawString    4002c650 f   ui_syscalls.obj
 0001:0002b680       _trap_R_Font_HeightPixels  4002c680 f   ui_syscalls.obj
 0001:0002b6a0       _trap_R_Font_StrLenChars   4002c6a0 f   ui_syscalls.obj
 0001:0002b6c0       _trap_R_Font_StrLenPixels  4002c6c0 f   ui_syscalls.obj
 0001:0002b6f0       _trap_R_ModelBounds        4002c6f0 f   ui_syscalls.obj
 0001:0002b710       _trap_R_RegisterFont       4002c710 f   ui_syscalls.obj
 0001:0002b730       _trap_R_RegisterModel      4002c730 f   ui_syscalls.obj
 0001:0002b750       _trap_R_RegisterShaderNoMip 4002c750 f   ui_syscalls.obj
 0001:0002b7b0       _trap_R_RegisterSkin       4002c7b0 f   ui_syscalls.obj
 0001:0002b7d0       _trap_R_RenderScene        4002c7d0 f   ui_syscalls.obj
 0001:0002b7f0       _trap_R_SetColor           4002c7f0 f   ui_syscalls.obj
 0001:0002b810       _trap_R_ShaderNameFromIndex 4002c810 f   ui_syscalls.obj
 0001:0002b830       _trap_RealTime             4002c830 f   ui_syscalls.obj
 0001:0002b850       _trap_SP_GetNumLanguages   4002c850 f   ui_syscalls.obj
 0001:0002b860       _trap_SP_GetStringTextString 4002c860 f   ui_syscalls.obj
 0001:0002b880       _trap_S_RegisterSound      4002c880 f   ui_syscalls.obj
 0001:0002b8a0       _trap_S_StartBackgroundTrack 4002c8a0 f   ui_syscalls.obj
 0001:0002b8c0       _trap_S_StartLocalSound    4002c8c0 f   ui_syscalls.obj
 0001:0002b8e0       _trap_S_StopBackgroundTrack 4002c8e0 f   ui_syscalls.obj
 0001:0002b8f0       __alloca_probe             4002c8f0 f   LIBCMT:chkstk.obj
 0001:0002b8f0       __chkstk                   4002c8f0 f   LIBCMT:chkstk.obj
 0001:0002b920       __ftol2_sse                4002c920 f   LIBCMT:ftol2.obj
 0001:0002b930       __ftoi2                    4002c930 f   LIBCMT:ftol2.obj
 0001:0002bcec       __DllMainCRTStartup@12     4002ccec f   LIBCMT:dll_dllmain.obj
 0001:0002bd0f       ___isa_available_init      4002cd0f f   LIBCMT:cpu_disp.obj
 0001:0002bf30       ___security_init_cookie    4002cf30 f   LIBCMT:gs_support.obj
 0001:0002bf7b       _DllMain@12                4002cf7b f   LIBCMT:dll_dllmain_stub.obj
 0001:0002bf81       ?__scrt_initialize_type_info@@YAXXZ 4002cf81 f   LIBCMT:tncleanup.obj
 0001:0002bf8d       ?__scrt_uninitialize_type_info@@YAXXZ 4002cf8d f   LIBCMT:tncleanup.obj
 0001:0002bf99       ___scrt_initialize_default_local_stdio_options 4002cf99 f   LIBCMT:default_local_stdio_options.obj
 0001:0002bffa       ___scrt_acquire_startup_lock 4002cffa f   LIBCMT:utility.obj
 0001:0002c02c       ___scrt_dllmain_after_initialize_c 4002d02c f   LIBCMT:utility.obj
 0001:0002c057       ___scrt_dllmain_before_initialize_c 4002d057 f   LIBCMT:utility.obj
 0001:0002c065       ___scrt_dllmain_crt_thread_attach 4002d065 f   LIBCMT:utility.obj
 0001:0002c084       ___scrt_dllmain_crt_thread_detach 4002d084 f   LIBCMT:utility.obj
 0001:0002c091       ___scrt_dllmain_exception_filter 4002d091 f   LIBCMT:utility.obj
 0001:0002c0c5       ___scrt_dllmain_uninitialize_c 4002d0c5 f   LIBCMT:utility.obj
 0001:0002c0e8       ___scrt_dllmain_uninitialize_critical 4002d0e8 f   LIBCMT:utility.obj
 0001:0002c0f5       ___scrt_initialize_crt     4002d0f5 f   LIBCMT:utility.obj
 0001:0002c12e       ___scrt_initialize_onexit_tables 4002d12e f   LIBCMT:utility.obj
 0001:0002c1b5       ___scrt_is_nonwritable_in_current_image 4002d1b5 f   LIBCMT:utility.obj
 0001:0002c249       ___scrt_release_startup_lock 4002d249 f   LIBCMT:utility.obj
 0001:0002c266       ___scrt_uninitialize_crt   4002d266 f   LIBCMT:utility.obj
 0001:0002c28e       ___scrt_get_dyn_tls_init_callback 4002d28e f   LIBCMT:dyn_tls_init.obj
 0001:0002c294       ___scrt_fastfail           4002d294 f   LIBCMT:utility_desktop.obj
 0001:0002c3af       __crt_debugger_hook        4002d3af f   LIBCMT:utility_desktop.obj
 0001:0002c3b7       __RTC_Initialize           4002d3b7 f   LIBCMT:initsect.obj
 0001:0002c3e3       __RTC_Terminate            4002d3e3 f   LIBCMT:initsect.obj
 0001:0002c410       __SEH_prolog4              4002d410 f   LIBCMT:sehprolg4.obj
 0001:0002c455       __get_startup_argv_mode    4002d455 f   LIBCMT:argv_mode.obj
 0001:0002c459       ___scrt_is_ucrt_dll_in_use 4002d459 f   LIBCMT:ucrt_detection.obj
 0001:0002c465       @__security_check_cookie@4 4002d465 f   LIBCMT:secchk.obj
 0001:0002c473       ___raise_securityfailure   4002d473 f   LIBCMT:gs_report.obj
 0001:0002c49b       ___report_gsfailure        4002d49b f   LIBCMT:gs_report.obj
 0001:0002c5a0       _memset                    4002d5a0 f   libvcruntime:memset.obj
 0001:0002c700       _strchr                    4002d700 f   libvcruntime:strchr.obj
 0001:0002c76e       ___from_strstr_to_strchr   4002d76e     libvcruntime:strchr.obj
 0001:0002c830       _memcpy                    4002d830 f   libvcruntime:memcpy.obj
 0001:0002c830       _memmove                   4002d830 f   libvcruntime:memmove.obj
 0001:0002cdb0       _strstr                    4002ddb0 f   libvcruntime:strstr.obj
 0001:0002d020       _strrchr                   4002e020 f   libvcruntime:strrchr.obj
 0001:0002d1a0       __except_handler4          4002e1a0 f   libvcruntime:chandler4.obj
 0001:0002d2fe       ___std_type_info_destroy_list 4002e2fe f   libvcruntime:std_type_info.obj
 0001:0002d321       ___vcrt_initialize         4002e321 f   libvcruntime:initialization.obj
 0001:0002d340       ___vcrt_thread_attach      4002e340 f   libvcruntime:initialization.obj
 0001:0002d34b       ___vcrt_thread_detach      4002e34b f   libvcruntime:initialization.obj
 0001:0002d356       ___vcrt_uninitialize       4002e356 f   libvcruntime:initialization.obj
 0001:0002d36d       ___vcrt_uninitialize_critical 4002e36d f   libvcruntime:initialization.obj
 0001:0002d375       ___DestructExceptionObject 4002e375 f   libvcruntime:ehhelpers.obj
 0001:0002d416       ?_CallMemberFunction0@@YGXQAX0@Z 4002e416 f i libvcruntime:ehhelpers.obj
 0001:0002d480       __local_unwind4            4002e480 f   libvcruntime:exsup4.obj
 0001:0002d570       @_EH4_CallFilterFunc@8     4002e570 f   libvcruntime:exsup4.obj
 0001:0002d590       @_EH4_TransferToHandler@8  4002e590 f   libvcruntime:exsup4.obj
 0001:0002d5b0       @_EH4_GlobalUnwind2@8      4002e5b0 f   libvcruntime:exsup4.obj
 0001:0002d5d0       @_EH4_LocalUnwind@16       4002e5d0 f   libvcruntime:exsup4.obj
 0001:0002d5e7       ___except_validate_context_record 4002e5e7 f   libvcruntime:jbcxrval.obj
 0001:0002d617       ___vcrt_freefls@4          4002e617 f   libvcruntime:per_thread_data.obj
 0001:0002d633       ___vcrt_freeptd            4002e633 f   libvcruntime:per_thread_data.obj
 0001:0002d669       ___vcrt_getptd             4002e669 f   libvcruntime:per_thread_data.obj
 0001:0002d677       ___vcrt_getptd_noexit      4002e677 f   libvcruntime:per_thread_data.obj
 0001:0002d709       ___vcrt_initialize_ptd     4002e709 f   libvcruntime:per_thread_data.obj
 0001:0002d73c       ___vcrt_uninitialize_ptd   4002e73c f   libvcruntime:per_thread_data.obj
 0001:0002d757       ___vcrt_initialize_locks   4002e757 f   libvcruntime:locks.obj
 0001:0002d793       ___vcrt_uninitialize_locks 4002e793 f   libvcruntime:locks.obj
 0001:0002d7d0       __NLG_Notify               4002e7d0 f   libvcruntime:exsup.obj
 0001:0002d7e7       __NLG_Dispatch             4002e7e7     libvcruntime:exsup.obj
 0001:0002d7e7       __NLG_Dispatch2            4002e7e7     libvcruntime:exsup.obj
 0001:0002d7f0       __NLG_Call                 4002e7f0 f   libvcruntime:exsup.obj
 0001:0002d7f2       __NLG_Return2              4002e7f2     libvcruntime:exsup.obj
 0001:0002d8d8       ___vcrt_FlsAlloc           4002e8d8 f   libvcruntime:winapi_downlevel.obj
 0001:0002d913       ___vcrt_FlsFree            4002e913 f   libvcruntime:winapi_downlevel.obj
 0001:0002d94e       ___vcrt_FlsGetValue        4002e94e f   libvcruntime:winapi_downlevel.obj
 0001:0002d989       ___vcrt_FlsSetValue        4002e989 f   libvcruntime:winapi_downlevel.obj
 0001:0002d9c7       ___vcrt_InitializeCriticalSectionEx 4002e9c7 f   libvcruntime:winapi_downlevel.obj
 0001:0002da10       ??$is_overflow_condition@K@__crt_strtox@@YA_NIK@Z 4002ea10 f i libucrt:atox.obj
 0001:0002da41       ??$is_overflow_condition@_K@__crt_strtox@@YA_NI_K@Z 4002ea41 f i libucrt:atox.obj
 0001:0002da82       ??$parse_integer@KV?$c_string_character_source@D@__crt_strtox@@@__crt_strtox@@YAKQAU__crt_locale_pointers@@V?$c_string_character_source@D@0@H_N@Z 4002ea82 f i libucrt:atox.obj
 0001:0002dca5       ??$parse_integer@_KV?$c_string_character_source@D@__crt_strtox@@@__crt_strtox@@YA_KQAU__crt_locale_pointers@@V?$c_string_character_source@D@0@H_N@Z 4002eca5 f i libucrt:atox.obj
 0001:0002df4b       ??0_LocaleUpdate@@QAE@QAU__crt_locale_pointers@@@Z 4002ef4b f i libucrt:atox.obj
 0001:0002dfce       ?unget@?$c_string_character_source@D@__crt_strtox@@QAEXD@Z 4002efce f i libucrt:atox.obj
 0001:0002dff7       ?validate@?$c_string_character_source@D@__crt_strtox@@QBE_NXZ 4002eff7 f i libucrt:atox.obj
 0001:0002dff7       ?validate@?$string_output_adapter@D@__crt_stdio_output@@QBE_NXZ 4002eff7 f i libucrt:output.obj
 0001:0002e012       ___acrt_locale_get_ctype_array_value 4002f012 f i libucrt:atox.obj
 0001:0002e034       __ischartype_l             4002f034 f i libucrt:atox.obj
 0001:0002e088       _atoi                      4002f088 f   libucrt:atox.obj
 0001:0002e0b0       __CIatan2                  4002f0b0 f   libucrt:87ctriga.obj
 0001:0002e0c0       __libm_sse2_cos_precise    4002f0c0 f   libucrt:cos_sse2_precise.obj
 0001:0002e280       __libm_sse2_sin_precise    4002f280 f   libucrt:sin_sse2_precise.obj
 0001:0002e448       ??$assemble_floating_point_snan@N@__crt_strtox@@YAX_NAAN@Z 4002f448 f i libucrt:atof.obj
 0001:0002e469       ??$assemble_floating_point_value_t@M@__crt_strtox@@YA?AW4SLD_STATUS@@_NH_KAAM@Z 4002f469 f i libucrt:atof.obj
 0001:0002e499       ??$assemble_floating_point_value_t@N@__crt_strtox@@YA?AW4SLD_STATUS@@_NH_KAAN@Z 4002f499 f i libucrt:atof.obj
 0001:0002e53f       ??$convert_decimal_string_to_floating_type@M@__crt_strtox@@YA?AW4SLD_STATUS@@ABUfloating_point_string@0@AAM@Z 4002f53f f i libucrt:atof.obj
 0001:0002e560       ??$convert_decimal_string_to_floating_type@N@__crt_strtox@@YA?AW4SLD_STATUS@@ABUfloating_point_string@0@AAN@Z 4002f560 f i libucrt:atof.obj
 0001:0002e581       ??$convert_hexadecimal_string_to_floating_type@M@__crt_strtox@@YA?AW4SLD_STATUS@@ABUfloating_point_string@0@AAM@Z 4002f581 f i libucrt:atof.obj
 0001:0002e5a2       ??$convert_hexadecimal_string_to_floating_type@N@__crt_strtox@@YA?AW4SLD_STATUS@@ABUfloating_point_string@0@AAN@Z 4002f5a2 f i libucrt:atof.obj
 0001:0002e5c3       ??$parse_floating_point@V?$c_string_character_source@D@__crt_strtox@@N@__crt_strtox@@YA?AW4SLD_STATUS@@QAU__crt_locale_pointers@@V?$c_string_character_source@D@0@QAN@Z 4002f5c3 f i libucrt:atof.obj
 0001:0002e637       ??$parse_floating_point_from_source@V?$c_string_character_source@D@__crt_strtox@@@__crt_strtox@@YA?AW4floating_point_parse_result@0@QAU__crt_locale_pointers@@AAV?$c_string_character_source@D@0@AAUfloating_point_string@0@@Z 4002f637 f i libucrt:atof.obj
 0001:0002ea20       ??$parse_floating_point_possible_infinity@DV?$c_string_character_source@D@__crt_strtox@@PBD@__crt_strtox@@YA?AW4floating_point_parse_result@0@AADAAV?$c_string_character_source@D@0@PBD@Z 4002fa20 f i libucrt:atof.obj
 0001:0002eac2       ??$parse_floating_point_possible_nan@DV?$c_string_character_source@D@__crt_strtox@@PBD@__crt_strtox@@YA?AW4floating_point_parse_result@0@AADAAV?$c_string_character_source@D@0@PBD@Z 4002fac2 f i libucrt:atof.obj
 0001:0002ebd1       ??$parse_floating_point_possible_nan_is_ind@DV?$c_string_character_source@D@__crt_strtox@@@__crt_strtox@@YA_NAADAAV?$c_string_character_source@D@0@@Z 4002fbd1 f i libucrt:atof.obj
 0001:0002ec0d       ??$parse_floating_point_possible_nan_is_snan@DV?$c_string_character_source@D@__crt_strtox@@@__crt_strtox@@YA_NAADAAV?$c_string_character_source@D@0@@Z 4002fc0d f i libucrt:atof.obj
 0001:0002ec49       ??$parse_floating_point_write_result@M@__crt_strtox@@YA?AW4SLD_STATUS@@W4floating_point_parse_result@0@ABUfloating_point_string@0@QAM@Z 4002fc49 f i libucrt:atof.obj
 0001:0002edb5       ??$parse_floating_point_write_result@N@__crt_strtox@@YA?AW4SLD_STATUS@@W4floating_point_parse_result@0@ABUfloating_point_string@0@QAN@Z 4002fdb5 f i libucrt:atof.obj
 0001:0002eeff       ?as_double@floating_point_value@__crt_strtox@@QBEAANXZ 4002feff f i libucrt:atof.obj
 0001:0002ef24       ?as_float@floating_point_value@__crt_strtox@@QBEAAMXZ 4002ff24 f i libucrt:atof.obj
 0001:0002ef49       ?assemble_floating_point_infinity@__crt_strtox@@YAX_NABVfloating_point_value@1@@Z 4002ff49 f i libucrt:atof.obj
 0001:0002ef89       ?assemble_floating_point_value@__crt_strtox@@YA?AW4SLD_STATUS@@_KH_N1ABVfloating_point_value@1@@Z 4002ff89 f i libucrt:atof.obj
 0001:0002f2de       ?assemble_floating_point_value_from_big_integer@__crt_strtox@@YA?AW4SLD_STATUS@@ABUbig_integer@1@I_N1ABVfloating_point_value@1@@Z 400302de f i libucrt:atof.obj
 0001:0002f472       ?assemble_floating_point_zero@__crt_strtox@@YAX_NABVfloating_point_value@1@@Z 40030472 f i libucrt:atof.obj
 0001:0002f4a7       ?convert_decimal_string_to_floating_type_common@__crt_strtox@@YA?AW4SLD_STATUS@@ABUfloating_point_string@1@ABVfloating_point_value@1@@Z 400304a7 f i libucrt:atof.obj
 0001:0003117b       ?convert_hexadecimal_string_to_floating_type_common@__crt_strtox@@YA?AW4SLD_STATUS@@ABUfloating_point_string@1@ABVfloating_point_value@1@@Z 4003217b f i libucrt:atof.obj
 0001:00031221       ?denormal_mantissa_mask@floating_point_value@__crt_strtox@@QBE_KXZ 40032221 f i libucrt:atof.obj
 0001:00031240       ?divide@__crt_strtox@@YA_KAAUbig_integer@1@ABU21@@Z 40032240 f i libucrt:atof.obj
 0001:000316d8       ?normal_mantissa_mask@floating_point_value@__crt_strtox@@QBE_KXZ 400326d8 f i libucrt:atof.obj
 0001:000316ef       _atof                      400326ef f   libucrt:atof.obj
 0001:00031790       __CIfmod                   40032790 f   libucrt:87fmod_impl.obj
 0001:000317a0       __fFMOD                    400327a0 f   libucrt:87fmod_impl.obj
 0001:000317b0       __libm_sse2_acos_precise   400327b0 f   libucrt:acos_sse2_precise.obj
 0001:00031cd0       __libm_sse2_sqrt_precise   40032cd0 f   libucrt:sqrt_sse2_precise.obj
 0001:00031f4e       ??$count@D@formatting_buffer@__crt_stdio_output@@QBEIXZ 40032f4e f i libucrt:output.obj
 0001:00031f66       ??$ensure_buffer_is_big_enough@D@formatting_buffer@__crt_stdio_output@@QAE_NI@Z 40032f66 f i libucrt:output.obj
 0001:00031fe3       ??$is_wide_character_specifier@D@__crt_stdio_output@@YA_N_KDW4length_modifier@0@@Z 40032fe3 f i libucrt:output.obj
 0001:00032014       ??$scratch_data@D@formatting_buffer@__crt_stdio_output@@QAEPADXZ 40033014 f i libucrt:output.obj
 0001:00032032       ??$type_case_integer_parse_into_buffer@I@?$output_processor@DV?$string_output_adapter@D@__crt_stdio_output@@V?$standard_base@DV?$string_output_adapter@D@__crt_stdio_output@@@2@@__crt_stdio_output@@AAEXII_N@Z 40033032 f i libucrt:output.obj
 0001:000320a5       ??$type_case_integer_parse_into_buffer@_K@?$output_processor@DV?$string_output_adapter@D@__crt_stdio_output@@V?$standard_base@DV?$string_output_adapter@D@__crt_stdio_output@@@2@@__crt_stdio_output@@AAEX_KI_N@Z 400330a5 f i libucrt:output.obj
 0001:00032133       ??$write_multiple_characters@V?$string_output_adapter@D@__crt_stdio_output@@D@__crt_stdio_output@@YAXABV?$string_output_adapter@D@0@DHQAH@Z 40033133 f i libucrt:output.obj
 0001:0003215f       ??0?$common_data@D@__crt_stdio_output@@IAE@XZ 4003315f f i libucrt:output.obj
 0001:000321a4       ??0?$output_adapter_data@DV?$string_output_adapter@D@__crt_stdio_output@@@__crt_stdio_output@@IAE@ABV?$string_output_adapter@D@1@_KQBDQAU__crt_locale_pointers@@QAD@Z 400331a4 f i libucrt:output.obj
 0001:000321e0       ??1formatting_buffer@__crt_stdio_output@@QAE@XZ 400331e0 f i libucrt:output.obj
 0001:000321fa       ??4?$__crt_unique_heap_ptr@DU__crt_internal_free_policy@@@@QAEAAV0@$$QAV0@@Z 400331fa f i libucrt:output.obj
 0001:00032220       ?crop_zeroes@__crt_stdio_output@@YAXPADQAU__crt_locale_pointers@@@Z 40033220 f i libucrt:output.obj
 0001:000322a1       ?find_next_state@?$output_processor@DV?$string_output_adapter@D@__crt_stdio_output@@V?$standard_base@DV?$string_output_adapter@D@__crt_stdio_output@@@2@@__crt_stdio_output@@ABE?AW4state@2@DW432@@Z 400332a1 f i libucrt:output.obj
 0001:000322e0       ?force_decimal_point@__crt_stdio_output@@YAXPADQAU__crt_locale_pointers@@@Z 400332e0 f i libucrt:output.obj
 0001:00032345       ?parse_int_from_format_string@?$output_processor@DV?$string_output_adapter@D@__crt_stdio_output@@V?$standard_base@DV?$string_output_adapter@D@__crt_stdio_output@@@2@@__crt_stdio_output@@AAE_NQAH@Z 40033345 f i libucrt:output.obj
 0001:000323b9       ?process@?$output_processor@DV?$string_output_adapter@D@__crt_stdio_output@@V?$standard_base@DV?$string_output_adapter@D@__crt_stdio_output@@@2@@__crt_stdio_output@@QAEHXZ 400333b9 f i libucrt:output.obj
 0001:000324cd       ?state_case_flag@?$output_processor@DV?$string_output_adapter@D@__crt_stdio_output@@V?$standard_base@DV?$string_output_adapter@D@__crt_stdio_output@@@2@@__crt_stdio_output@@AAE_NXZ 400334cd f i libucrt:output.obj
 0001:0003250a       ?state_case_normal@?$output_processor@DV?$string_output_adapter@D@__crt_stdio_output@@V?$standard_base@DV?$string_output_adapter@D@__crt_stdio_output@@@2@@__crt_stdio_output@@AAE_NXZ 4003350a f i libucrt:output.obj
 0001:00032529       ?state_case_normal_common@?$output_processor@DV?$string_output_adapter@D@__crt_stdio_output@@V?$standard_base@DV?$string_output_adapter@D@__crt_stdio_output@@@2@@__crt_stdio_output@@AAE_NXZ 40033529 f i libucrt:output.obj
 0001:00032553       ?state_case_normal_tchar@?$output_processor@DV?$string_output_adapter@D@__crt_stdio_output@@V?$standard_base@DV?$string_output_adapter@D@__crt_stdio_output@@@2@@__crt_stdio_output@@AAE_ND@Z 40033553 f i libucrt:output.obj
 0001:000325b7       ?state_case_precision@?$output_processor@DV?$string_output_adapter@D@__crt_stdio_output@@V?$standard_base@DV?$string_output_adapter@D@__crt_stdio_output@@@2@@__crt_stdio_output@@AAE_NXZ 400335b7 f i libucrt:output.obj
 0001:000325dd       ?state_case_size@?$output_processor@DV?$string_output_adapter@D@__crt_stdio_output@@V?$standard_base@DV?$string_output_adapter@D@__crt_stdio_output@@@2@@__crt_stdio_output@@AAE_NXZ 400335dd f i libucrt:output.obj
 0001:0003272b       ?state_case_type@?$output_processor@DV?$string_output_adapter@D@__crt_stdio_output@@V?$standard_base@DV?$string_output_adapter@D@__crt_stdio_output@@@2@@__crt_stdio_output@@AAE_NXZ 4003372b f i libucrt:output.obj
 0001:0003295d       ?state_case_width@?$output_processor@DV?$string_output_adapter@D@__crt_stdio_output@@V?$standard_base@DV?$string_output_adapter@D@__crt_stdio_output@@@2@@__crt_stdio_output@@AAE_NXZ 4003395d f i libucrt:output.obj
 0001:00032990       ?to_integer_size@__crt_stdio_output@@YAIW4length_modifier@1@@Z 40033990 f i libucrt:output.obj
 0001:000329ec       ?type_case_Z@?$output_processor@DV?$string_output_adapter@D@__crt_stdio_output@@V?$standard_base@DV?$string_output_adapter@D@__crt_stdio_output@@@2@@__crt_stdio_output@@AAE_NXZ 400339ec f i libucrt:output.obj
 0001:00032a46       ?type_case_a@?$output_processor@DV?$string_output_adapter@D@__crt_stdio_output@@V?$standard_base@DV?$string_output_adapter@D@__crt_stdio_output@@@2@@__crt_stdio_output@@AAE_NXZ 40033a46 f i libucrt:output.obj
 0001:00032b97       ?type_case_c_tchar@?$output_processor@DV?$string_output_adapter@D@__crt_stdio_output@@V?$standard_base@DV?$string_output_adapter@D@__crt_stdio_output@@@2@@__crt_stdio_output@@AAE_ND@Z 40033b97 f i libucrt:output.obj
 0001:00032c2a       ?type_case_integer@?$output_processor@DV?$string_output_adapter@D@__crt_stdio_output@@V?$standard_base@DV?$string_output_adapter@D@__crt_stdio_output@@@2@@__crt_stdio_output@@AAE_NI_N@Z 40033c2a f i libucrt:output.obj
 0001:00032d7b       ?type_case_n@?$output_processor@DV?$string_output_adapter@D@__crt_stdio_output@@V?$standard_base@DV?$string_output_adapter@D@__crt_stdio_output@@@2@@__crt_stdio_output@@AAE_NXZ 40033d7b f i libucrt:output.obj
 0001:00032def       ?type_case_o@?$output_processor@DV?$string_output_adapter@D@__crt_stdio_output@@V?$standard_base@DV?$string_output_adapter@D@__crt_stdio_output@@@2@@__crt_stdio_output@@AAE_NXZ 40033def f i libucrt:output.obj
 0001:00032e0e       ?type_case_p@?$output_processor@DV?$string_output_adapter@D@__crt_stdio_output@@V?$standard_base@DV?$string_output_adapter@D@__crt_stdio_output@@@2@@__crt_stdio_output@@AAE_NXZ 40033e0e f i libucrt:output.obj
 0001:00032e26       ?type_case_s@?$output_processor@DV?$string_output_adapter@D@__crt_stdio_output@@V?$standard_base@DV?$string_output_adapter@D@__crt_stdio_output@@@2@@__crt_stdio_output@@AAE_NXZ 40033e26 f i libucrt:output.obj
 0001:00032e97       ?write_character@?$string_output_adapter@D@__crt_stdio_output@@QBE_NDQAH@Z 40033e97 f i libucrt:output.obj
 0001:00032ed9       ?write_stored_string_tchar@?$output_processor@DV?$string_output_adapter@D@__crt_stdio_output@@V?$standard_base@DV?$string_output_adapter@D@__crt_stdio_output@@@2@@__crt_stdio_output@@AAE_ND@Z 40033ed9 f i libucrt:output.obj
 0001:00032f7e       ?write_string@?$string_output_adapter@D@__crt_stdio_output@@QBEXQBDHQAHAAV__crt_deferred_errno_cache@@@Z 40033f7e f i libucrt:output.obj
 0001:00032fe5       ___stdio_common_vsprintf   40033fe5 f   libucrt:output.obj
 0001:00033010       _strncpy                   40034010 f   libucrt:strncpy.obj
 0001:00033134       __tolower_l                40034134 f   libucrt:tolower_toupper.obj
 0001:00033238       __toupper_l                40034238 f   libucrt:tolower_toupper.obj
 0001:0003333d       _tolower                   4003433d f   libucrt:tolower_toupper.obj
 0001:0003336d       _toupper                   4003436d f   libucrt:tolower_toupper.obj
 0001:00033451       ??$make_input_adapter_character_source@V?$string_input_adapter@D@__crt_stdio_input@@@__crt_strtox@@YA?AV?$input_adapter_character_source@V?$string_input_adapter@D@__crt_stdio_input@@@0@QAV?$string_input_adapter@D@__crt_stdio_input@@_KQA_N@Z 40034451 f i libucrt:input.obj
 0001:0003346f       ??$parse_floating_point@V?$input_adapter_character_source@V?$string_input_adapter@D@__crt_stdio_input@@@__crt_strtox@@M@__crt_strtox@@YA?AW4SLD_STATUS@@QAU__crt_locale_pointers@@V?$input_adapter_character_source@V?$string_input_adapter@D@__crt_stdio_input@@@0@QAM@Z 4003446f f i libucrt:input.obj
 0001:000334e8       ??$parse_floating_point@V?$input_adapter_character_source@V?$string_input_adapter@D@__crt_stdio_input@@@__crt_strtox@@N@__crt_strtox@@YA?AW4SLD_STATUS@@QAU__crt_locale_pointers@@V?$input_adapter_character_source@V?$string_input_adapter@D@__crt_stdio_input@@@0@QAN@Z 400344e8 f i libucrt:input.obj
 0001:00033561       ??$parse_floating_point_from_source@V?$input_adapter_character_source@V?$string_input_adapter@D@__crt_stdio_input@@@__crt_strtox@@@__crt_strtox@@YA?AW4floating_point_parse_result@0@QAU__crt_locale_pointers@@AAV?$input_adapter_character_source@V?$string_input_adapter@D@__crt_stdio_input@@@0@AAUfloating_point_string@0@@Z 40034561 f i libucrt:input.obj
 0001:000339be       ??$parse_floating_point_possible_infinity@DV?$input_adapter_character_source@V?$string_input_adapter@D@__crt_stdio_input@@@__crt_strtox@@_K@__crt_strtox@@YA?AW4floating_point_parse_result@0@AADAAV?$input_adapter_character_source@V?$string_input_adapter@D@__crt_stdio_input@@@0@_K@Z 400349be f i libucrt:input.obj
 0001:00033a7d       ??$parse_floating_point_possible_nan@DV?$input_adapter_character_source@V?$string_input_adapter@D@__crt_stdio_input@@@__crt_strtox@@_K@__crt_strtox@@YA?AW4floating_point_parse_result@0@AADAAV?$input_adapter_character_source@V?$string_input_adapter@D@__crt_stdio_input@@@0@_K@Z 40034a7d f i libucrt:input.obj
 0001:00033b98       ??$parse_floating_point_possible_nan_is_ind@DV?$input_adapter_character_source@V?$string_input_adapter@D@__crt_stdio_input@@@__crt_strtox@@@__crt_strtox@@YA_NAADAAV?$input_adapter_character_source@V?$string_input_adapter@D@__crt_stdio_input@@@0@@Z 40034b98 f i libucrt:input.obj
 0001:00033bd2       ??$parse_floating_point_possible_nan_is_snan@DV?$input_adapter_character_source@V?$string_input_adapter@D@__crt_stdio_input@@@__crt_strtox@@@__crt_strtox@@YA_NAADAAV?$input_adapter_character_source@V?$string_input_adapter@D@__crt_stdio_input@@@0@@Z 40034bd2 f i libucrt:input.obj
 0001:00033c0c       ??$parse_integer@_KV?$input_adapter_character_source@V?$string_input_adapter@D@__crt_stdio_input@@@__crt_strtox@@@__crt_strtox@@YA_KQAU__crt_locale_pointers@@V?$input_adapter_character_source@V?$string_input_adapter@D@__crt_stdio_input@@@0@H_N@Z 40034c0c f i libucrt:input.obj
 0001:00033eca       ??$process_floating_point_specifier_t@M@?$input_processor@DV?$string_input_adapter@D@__crt_stdio_input@@@__crt_stdio_input@@AAE_NXZ 40034eca f i libucrt:input.obj
 0001:00033f30       ??$process_floating_point_specifier_t@N@?$input_processor@DV?$string_input_adapter@D@__crt_stdio_input@@@__crt_stdio_input@@AAE_NXZ 40034f30 f i libucrt:input.obj
 0001:00033f96       ??$process_string_specifier_tchar@D@?$input_processor@DV?$string_input_adapter@D@__crt_stdio_input@@@__crt_stdio_input@@AAE_NW4conversion_mode@1@D@Z 40034f96 f i libucrt:input.obj
 0001:000340f3       ??$process_string_specifier_tchar@_W@?$input_processor@DV?$string_input_adapter@D@__crt_stdio_input@@@__crt_stdio_input@@AAE_NW4conversion_mode@1@_W@Z 400350f3 f i libucrt:input.obj
 0001:0003425a       ??$skip_whitespace@Vstring_input_adapter@__crt_stdio_input@@D@__crt_stdio_input@@YAHAAV?$string_input_adapter@D@0@QAU__crt_locale_pointers@@@Z 4003525a f i libucrt:input.obj
 0001:00034289       ??$write_floating_point@M@?$input_processor@DV?$string_input_adapter@D@__crt_stdio_input@@@__crt_stdio_input@@AAE_NABM@Z 40035289 f i libucrt:input.obj
 0001:000342bd       ??$write_floating_point@N@?$input_processor@DV?$string_input_adapter@D@__crt_stdio_input@@@__crt_stdio_input@@AAE_NABN@Z 400352bd f i libucrt:input.obj
 0001:000342f7       ??0?$format_string_parser@D@__crt_stdio_input@@QAE@_KQBE@Z 400352f7 f i libucrt:input.obj
 0001:00034341       ??0?$input_adapter_character_source@V?$string_input_adapter@D@__crt_stdio_input@@@__crt_strtox@@QAE@QAV?$string_input_adapter@D@__crt_stdio_input@@_KQA_N@Z 40035341 f i libucrt:input.obj
 0001:00034372       ??0?$input_processor@DV?$string_input_adapter@D@__crt_stdio_input@@@__crt_stdio_input@@QAE@ABV?$string_input_adapter@D@1@_KQBDQAU__crt_locale_pointers@@QAD@Z 40035372 f i libucrt:input.obj
 0001:000343e0       ?advance@?$format_string_parser@D@__crt_stdio_input@@QAE_NXZ 400353e0 f i libucrt:input.obj
 0001:000344f8       ?get@?$input_adapter_character_source@V?$string_input_adapter@D@__crt_stdio_input@@@__crt_strtox@@QAEDXZ 400354f8 f i libucrt:input.obj
 0001:0003452f       ?get@?$string_input_adapter@D@__crt_stdio_input@@QAEHXZ 4003552f f i libucrt:input.obj
 0001:00034545       ?invert@?$scanset_buffer@E@__crt_stdio_input@@QAEXXZ 40035545 f i libucrt:input.obj
 0001:00034563       ?is_character_allowed_in_string@?$input_processor@DV?$string_input_adapter@D@__crt_stdio_input@@@__crt_stdio_input@@ABE_NW4conversion_mode@2@H@Z 40035563 f i libucrt:input.obj
 0001:000345b3       ?length@?$format_string_parser@D@__crt_stdio_input@@QBEIXZ 400355b3 f i libucrt:input.obj
 0001:000345f4       ?process@?$input_processor@DV?$string_input_adapter@D@__crt_stdio_input@@@__crt_stdio_input@@QAEHXZ 400355f4 f i libucrt:input.obj
 0001:00034678       ?process_character_count_specifier@?$input_processor@DV?$string_input_adapter@D@__crt_stdio_input@@@__crt_stdio_input@@AAE_NXZ 40035678 f i libucrt:input.obj
 0001:00034690       ?process_conversion_specifier@?$input_processor@DV?$string_input_adapter@D@__crt_stdio_input@@@__crt_stdio_input@@AAE_NXZ 40035690 f i libucrt:input.obj
 0001:00034704       ?process_floating_point_specifier@?$input_processor@DV?$string_input_adapter@D@__crt_stdio_input@@@__crt_stdio_input@@AAE_NXZ 40035704 f i libucrt:input.obj
 0001:00034734       ?process_integer_specifier@?$input_processor@DV?$string_input_adapter@D@__crt_stdio_input@@@__crt_stdio_input@@AAE_NI_N@Z 40035734 f i libucrt:input.obj
 0001:00034796       ?process_literal_character@?$input_processor@DV?$string_input_adapter@D@__crt_stdio_input@@@__crt_stdio_input@@AAE_NXZ 40035796 f i libucrt:input.obj
 0001:000347cc       ?process_literal_character_tchar@?$input_processor@DV?$string_input_adapter@D@__crt_stdio_input@@@__crt_stdio_input@@AAE_ND@Z 400357cc f i libucrt:input.obj
 0001:0003481a       ?process_state@?$input_processor@DV?$string_input_adapter@D@__crt_stdio_input@@@__crt_stdio_input@@AAE_NXZ 4003581a f i libucrt:input.obj
 0001:0003485c       ?process_string_specifier@?$input_processor@DV?$string_input_adapter@D@__crt_stdio_input@@@__crt_stdio_input@@AAE_NW4conversion_mode@2@@Z 4003585c f i libucrt:input.obj
 0001:000348a4       ?process_whitespace@?$input_processor@DV?$string_input_adapter@D@__crt_stdio_input@@@__crt_stdio_input@@AAE_NXZ 400358a4 f i libucrt:input.obj
 0001:000348c1       ?restore_state@?$input_adapter_character_source@V?$string_input_adapter@D@__crt_stdio_input@@@__crt_strtox@@QAE_N_K@Z 400358c1 f i libucrt:input.obj
 0001:000348e6       ?scan_conversion_specifier@?$format_string_parser@D@__crt_stdio_input@@AAE_NXZ 400358e6 f i libucrt:input.obj
 0001:00034a51       ?scan_optional_field_width@?$format_string_parser@D@__crt_stdio_input@@AAE_NXZ 40035a51 f i libucrt:input.obj
 0001:00034aee       ?scan_optional_length_modifier@?$format_string_parser@D@__crt_stdio_input@@AAEXXZ 40035aee f i libucrt:input.obj
 0001:00034bfd       ?scan_optional_literal_character_trail_bytes_tchar@?$format_string_parser@D@__crt_stdio_input@@AAE_ND@Z 40035bfd f i libucrt:input.obj
 0001:00034c4f       ?scan_optional_wide_modifier@?$format_string_parser@D@__crt_stdio_input@@AAEXXZ 40035c4f f i libucrt:input.obj
 0001:00034c6d       ?scan_scanset_range@?$format_string_parser@D@__crt_stdio_input@@AAE_NXZ 40035c6d f i libucrt:input.obj
 0001:00034da5       ?set_wide_for_c_s_or_scanset@?$format_string_parser@D@__crt_stdio_input@@AAEXXZ 40035da5 f i libucrt:input.obj
 0001:00034dc5       ?to_floating_point_length@__crt_stdio_input@@YAIW4length_modifier@1@@Z 40035dc5 f i libucrt:input.obj
 0001:00034de8       ?to_integer_length@__crt_stdio_input@@YAIW4length_modifier@1@@Z 40035de8 f i libucrt:input.obj
 0001:00034e3b       ?unget@?$input_adapter_character_source@V?$string_input_adapter@D@__crt_stdio_input@@@__crt_strtox@@QAEXD@Z 40035e3b f i libucrt:input.obj
 0001:00034e82       ?unget@?$string_input_adapter@D@__crt_stdio_input@@QAEXH@Z 40035e82 f i libucrt:input.obj
 0001:00034ea1       ?validate@?$format_string_parser@D@__crt_stdio_input@@QBE_NXZ 40035ea1 f i libucrt:input.obj
 0001:00034ebd       ?validate@?$input_adapter_character_source@V?$string_input_adapter@D@__crt_stdio_input@@@__crt_strtox@@QBE_NXZ 40035ebd f i libucrt:input.obj
 0001:00034ede       ?validate@?$string_input_adapter@D@__crt_stdio_input@@QAE_NXZ 40035ede f i libucrt:input.obj
 0001:00034f00       ?write_character@?$input_processor@DV?$string_input_adapter@D@__crt_stdio_input@@@__crt_stdio_input@@AAE_NQA_WIAAPA_WAAID@Z 40035f00 f i libucrt:input.obj
 0001:00034f6d       ?write_integer@?$input_processor@DV?$string_input_adapter@D@__crt_stdio_input@@@__crt_stdio_input@@AAE_N_K@Z 40035f6d f i libucrt:input.obj
 0001:00034fdb       ___stdio_common_vsscanf    40035fdb f   libucrt:input.obj
 0001:00034fff       _free                      40035fff f   libucrt:free.obj
 0001:0003501a       _malloc                    4003601a f   libucrt:malloc.obj
 0001:00035025       _realloc                   40036025 f   libucrt:realloc.obj
 0001:00035030       _qsort                     40036030 f   libucrt:qsort.obj
 0001:00035520       _ceil                      40036520 f   libucrt:ceil_pentium4.obj
 0001:00035560       __ceil_pentium4            40036560 f   libucrt:ceil_pentium4.obj
 0001:00035640       _floor                     40036640 f   libucrt:floor_pentium4.obj
 0001:00035680       __floor_pentium4           40036680 f   libucrt:floor_pentium4.obj
 0001:0003573d       _rand                      4003673d f   libucrt:rand.obj
 0001:000357e7       ??$make_c_string_character_source@DPAPAD@__crt_strtox@@YA?AV?$c_string_character_source@D@0@QBDQAPAD@Z 400367e7 f i libucrt:strtod.obj
 0001:00035802       _strtod                    40036802 f   libucrt:strtod.obj
 0001:00035820       __libm_sse2_tan_precise    40036820 f   libucrt:tan_sse2_precise.obj
 0001:00035a90       __initterm                 40036a90 f   libucrt:initterm.obj
 0001:00035ad5       __initterm_e               40036ad5 f   libucrt:initterm.obj
 0001:00035b03       __seh_filter_dll           40036b03 f   libucrt:exception_filter.obj
 0001:00035b23       __seh_filter_exe           40036b23 f   libucrt:exception_filter.obj
 0001:00035ef1       ___acrt_initialize_thread_local_exit_callback 40036ef1 f   libucrt:exit.obj
 0001:00035f00       __cexit                    40036f00 f   libucrt:exit.obj
 0001:00035f0f       __exit                     40036f0f f   libucrt:exit.obj
 0001:00035f25       __is_c_termination_complete 40036f25 f   libucrt:exit.obj
 0001:000361d6       ___acrt_allocate_buffer_for_argv 400371d6 f   libucrt:argv_parsing.obj
 0001:00036225       __configure_narrow_argv    40037225 f   libucrt:argv_parsing.obj
 0001:00036382       ??$uninitialize@A6AXAAPAPAD@Z@?$dual_state_global@PAPAD@__crt_state_management@@QAEXA6AXAAPAPAD@Z@Z 40037382 f i libucrt:environment_initialization.obj
 0001:00036382       ??$uninitialize@A6AXAAPAPA_W@Z@?$dual_state_global@PAPA_W@__crt_state_management@@QAEXA6AXAAPAPA_W@Z@Z 40037382 f i libucrt:environment_initialization.obj
 0001:000363e1       ___dcrt_uninitialize_environments_nolock 400373e1 f   libucrt:environment_initialization.obj
 0001:00036418       __initialize_narrow_environment 40037418 f   libucrt:environment_initialization.obj
 0001:00036552       __execute_onexit_table     40037552 f   libucrt:onexit.obj
 0001:0003657f       __initialize_onexit_table  4003757f f   libucrt:onexit.obj
 0001:000365cf       ___acrt_uninitialize_command_line 400375cf f   libucrt:argv_data.obj
 0001:00036678       ??$__crt_fast_encode_pointer@PAX@@YAPAXQAX@Z 40037678 f i libucrt:initialization.obj
 0001:000366c5       ___acrt_initialize         400376c5 f   libucrt:initialization.obj
 0001:000366d7       ___acrt_thread_attach      400376d7 f   libucrt:initialization.obj
 0001:000366e2       ___acrt_thread_detach      400376e2 f   libucrt:initialization.obj
 0001:000366ea       ___acrt_uninitialize       400376ea f   libucrt:initialization.obj
 0001:0003671a       ___acrt_uninitialize_critical 4003771a f   libucrt:initialization.obj
 0001:0003672c       _terminate                 4003772c f   libucrt:terminate.obj
 0001:00036768       _strcpy_s                  40037768 f   libucrt:strcpy_s.obj
 0001:000367c2       _abort                     400377c2 f   libucrt:abort.obj
 0001:00036810       _strncmp                   40037810 f   libucrt:strncmp.obj
 0001:00036888       _calloc                    40037888 f   libucrt:calloc.obj
 0001:00036893       _wcsncmp                   40037893 f   libucrt:wcsncmp.obj
 0001:000368cd       ___acrt_call_reportfault   400378cd f   libucrt:invalid_parameter.obj
 0001:00036a06       ___acrt_initialize_invalid_parameter_handler 40037a06 f   libucrt:invalid_parameter.obj
 0001:00036a15       __invalid_parameter        40037a15 f   libucrt:invalid_parameter.obj
 0001:00036a79       __invalid_parameter_noinfo 40037a79 f   libucrt:invalid_parameter.obj
 0001:00036a89       __invoke_watson            40037a89 f   libucrt:invalid_parameter.obj
 0001:00036abd       ___pctype_func             40037abd f   libucrt:ctype.obj
 0001:00036ae1       __isctype_l                40037ae1 f   libucrt:isctype.obj
 0001:00036bac       ___acrt_errno_from_os_error 40037bac f   libucrt:errno.obj
 0001:00036bef       ___acrt_errno_map_os_error 40037bef f   libucrt:errno.obj
 0001:00036c12       ___doserrno                40037c12 f   libucrt:errno.obj
 0001:00036c25       __errno                    40037c25 f   libucrt:errno.obj
 0001:00036f76       ___acrt_freeptd            40037f76 f   libucrt:per_thread_data.obj
 0001:00036fa2       ___acrt_getptd             40037fa2 f   libucrt:per_thread_data.obj
 0001:0003705f       ___acrt_getptd_head        4003805f f   libucrt:per_thread_data.obj
 0001:000370f9       ___acrt_getptd_noexit      400380f9 f   libucrt:per_thread_data.obj
 0001:000371ae       ___acrt_initialize_ptd     400381ae f   libucrt:per_thread_data.obj
 0001:000371da       ___acrt_uninitialize_ptd   400381da f   libucrt:per_thread_data.obj
 0001:000371f4       ___acrt_update_locale_info 400381f4 f   libucrt:locale_update.obj
 0001:00037221       ___acrt_update_multibyte_info 40038221 f   libucrt:locale_update.obj
 0001:000372bc       ___acrt_set_locale_changed 400382bc f   libucrt:wsetlocale.obj
 0001:000372c7       ___acrt_uninitialize_locale 400382c7 f   libucrt:wsetlocale.obj
 0001:00037310       __fFATN2                   40038310 f   libucrt:87triga.obj
 0001:00037360       __rtpiby2                  40038360     libucrt:87triga.obj
 0001:00037370       __rtforatn20               40038370 f   libucrt:87triga.obj
 0001:000373a0       __rtforatnby0              400383a0 f   libucrt:87triga.obj
 0001:000373b0       __cintrindisp2             400383b0 f   libucrt:87cdisp.obj
 0001:00037400       __cintrindisp1             40038400 f   libucrt:87cdisp.obj
 0001:00037449       __ctrandisp2               40038449 f   libucrt:87cdisp.obj
 0001:000375d8       __ctrandisp1               400385d8 f   libucrt:87cdisp.obj
 0001:0003760b       __fload                    4003860b f   libucrt:87cdisp.obj
 0001:00037650       __CIcos                    40038650 f   libucrt:cos_impl.obj
 0001:0003768b       __CIcos_default            4003868b f   libucrt:cos_impl.obj
 0001:0003769f       __cos_default              4003869f     libucrt:cos_impl.obj
 0001:00037740       __CIsin                    40038740 f   libucrt:sin_impl.obj
 0001:0003777b       __CIsin_default            4003877b f   libucrt:sin_impl.obj
 0001:0003778f       __sin_default              4003878f     libucrt:sin_impl.obj
 0001:00037822       _fegetround                40038822 f   libucrt:fegetround.obj
 0001:00037830       __trandisp1                40038830 f   libucrt:87disp.obj
 0001:000378a5       __trandisp2                400388a5 f   libucrt:87disp.obj
 0001:0003793f       __rttospopde               4003893f     libucrt:87disp.obj
 0001:00037944       __rttospop                 40038944     libucrt:87disp.obj
 0001:00037950       __rtnospop                 40038950 f   libucrt:87disp.obj
 0001:00037960       __rttosnpop                40038960 f   libucrt:87disp.obj
 0001:00037961       __rtnospopde               40038961     libucrt:87disp.obj
 0001:00037968       __rtzeropop                40038968     libucrt:87disp.obj
 0001:0003796a       __rtzeronpop               4003896a     libucrt:87disp.obj
 0001:00037970       __rtzerospop               40038970 f   libucrt:87disp.obj
 0001:0003797d       __rtonepop                 4003897d     libucrt:87disp.obj
 0001:00037980       __rtonenpop                40038980 f   libucrt:87disp.obj
 0001:00037990       __tosnan1                  40038990 f   libucrt:87disp.obj
 0001:000379c0       __nosnan2                  400389c0 f   libucrt:87disp.obj
 0001:000379d0       __tosnan2                  400389d0 f   libucrt:87disp.obj
 0001:00037a00       __nan2                     40038a00 f   libucrt:87disp.obj
 0001:00037a40       __rtindfpop                40038a40 f   libucrt:87disp.obj
 0001:00037a42       __rtindfnpop               40038a42     libucrt:87disp.obj
 0001:00037a53       __rttosnpopde              40038a53     libucrt:87disp.obj
 0001:00037a60       __rtatan2inf               40038a60 f   libucrt:87disp.obj
 0001:00037a7d       __rtchsifneg               40038a7d     libucrt:87disp.obj
 0001:00037a84       ___libm_error_support      40038a84 f   libucrt:libm_error.obj
 0001:00037c80       __CIacos                   40038c80 f   libucrt:acos_impl.obj
 0001:00037cbb       __CIacos_default           40038cbb f   libucrt:acos_impl.obj
 0001:00037ccf       __acos_default             40038ccf     libucrt:acos_impl.obj
[...]
 0002:000197de       _log2max                   4005d7de     libucrt:87tran.obj
 0002:000197e8       _smallarg                  4005d7e8     libucrt:87tran.obj
 0002:000197f2       _half                      4005d7f2     libucrt:87tran.obj
 0002:0001a470       __sehtable$?dllmain_crt_process_attach@@YAHQAUHINSTANCE__@@QAX@Z 4005e470     LIBCMT:dll_dllmain.obj
 0002:0001a490       __sehtable$?dllmain_crt_process_detach@@YAH_N@Z 4005e490     LIBCMT:dll_dllmain.obj
 0002:0001a4b8       __sehtable$?dllmain_dispatch@@YAHQAUHINSTANCE__@@KQAX@Z 4005e4b8     LIBCMT:dll_dllmain.obj
 0002:0001a4d8       __sehtable$___scrt_is_nonwritable_in_current_image 4005e4d8     LIBCMT:utility.obj
 0002:0001a4f8       __sehtable$___DestructExceptionObject 4005e4f8     libvcruntime:ehhelpers.obj
 0002:0001a518       __sehtable$??R<lambda_6e4b09c48022b2350581041d5f6b0c4c>@@QBE@XZ 4005e518     libucrt:exit.obj
 0002:0001a538       __sehtable$??$?RV<lambda_03b1d95aef87969028cfba75ccab2455>@@AAV<lambda_6e4b09c48022b2350581041d5f6b0c4c>@@V<lambda_22bdf7517842c4b3e53723af5aa32b9e>@@@?$__crt_seh_guarded_call@X@@QAEX$$QAV<lambda_03b1d95aef87969028cfba75ccab2455>@@AAV<lambda_6e4b09c48022b2350581041d5f6b0c4c>@@$$QAV<lambda_22bdf7517842c4b3e53723af5aa32b9e>@@@Z 4005e538     libucrt:exit.obj
 0002:0001a558       __sehtable$??$?RV<lambda_69a2805e680e0e292e8ba93315fe43a8>@@AAV<lambda_f03950bc5685219e0bcd2087efbe011e>@@V<lambda_03fcd07e894ec930e3f35da366ca99d6>@@@?$__crt_seh_guarded_call@H@@QAEH$$QAV<lambda_69a2805e680e0e292e8ba93315fe43a8>@@AAV<lambda_f03950bc5685219e0bcd2087efbe011e>@@$$QAV<lambda_03fcd07e894ec930e3f35da366ca99d6>@@@Z 4005e558     libucrt:onexit.obj
 0002:0001a578       __sehtable$_terminate      4005e578     libucrt:terminate.obj
 0002:0001a598       __sehtable$??$?RV<lambda_15ade71b0218206bbe3333a0c9b79046>@@AAV<lambda_da44e0f8b0f19ba52fefafb335991732>@@V<lambda_207f2d024fc103971653565357d6cd41>@@@?$__crt_seh_guarded_call@X@@QAEX$$QAV<lambda_15ade71b0218206bbe3333a0c9b79046>@@AAV<lambda_da44e0f8b0f19ba52fefafb335991732>@@$$QAV<lambda_207f2d024fc103971653565357d6cd41>@@@Z 4005e598     libucrt:per_thread_data.obj
 0002:0001a5b8       __sehtable$??$?RV<lambda_a7e850c220f1c8d1e6efeecdedd162c6>@@AAV<lambda_46720907175c18b6c9d2717bc0d2d362>@@V<lambda_9048902d66e8d99359bc9897bbb930a8>@@@?$__crt_seh_guarded_call@X@@QAEX$$QAV<lambda_a7e850c220f1c8d1e6efeecdedd162c6>@@AAV<lambda_46720907175c18b6c9d2717bc0d2d362>@@$$QAV<lambda_9048902d66e8d99359bc9897bbb930a8>@@@Z 4005e5b8     libucrt:per_thread_data.obj
 0002:0001a5d8       __sehtable$??$?RV<lambda_38edbb1296d33220d7e4dd0ed76b244a>@@AAV<lambda_5ce1d447e08cb34b2473517608e21441>@@V<lambda_fb385d3da700c9147fc39e65dd577a8c>@@@?$__crt_seh_guarded_call@X@@QAEX$$QAV<lambda_38edbb1296d33220d7e4dd0ed76b244a>@@AAV<lambda_5ce1d447e08cb34b2473517608e21441>@@$$QAV<lambda_fb385d3da700c9147fc39e65dd577a8c>@@@Z 4005e5d8     libucrt:per_thread_data.obj
 0002:0001a5f8       __sehtable$??$?RV<lambda_6affb1475c98b40b75cdec977db92e3c>@@AAV<lambda_b8d4b9c228a6ecc3f80208dbb4b4a104>@@V<lambda_608742c3c92a14382c1684fc64f96c88>@@@?$__crt_seh_guarded_call@X@@QAEX$$QAV<lambda_6affb1475c98b40b75cdec977db92e3c>@@AAV<lambda_b8d4b9c228a6ecc3f80208dbb4b4a104>@@$$QAV<lambda_608742c3c92a14382c1684fc64f96c88>@@@Z 4005e5f8     libucrt:per_thread_data.obj
 0002:0001a618       __sehtable$??$?RV<lambda_e5124f882df8998aaf41531e079ba474>@@AAV<lambda_3e16ef9562a7dcce91392c22ab16ea36>@@V<lambda_e25ca0880e6ef98be67edffd8c599615>@@@?$__crt_seh_guarded_call@X@@QAEX$$QAV<lambda_e5124f882df8998aaf41531e079ba474>@@AAV<lambda_3e16ef9562a7dcce91392c22ab16ea36>@@$$QAV<lambda_e25ca0880e6ef98be67edffd8c599615>@@@Z 4005e618     libucrt:wsetlocale.obj
 0002:0001a638       __sehtable$___acrt_initialize_lowio 4005e638     libucrt:ioinit.obj
 0002:0001a658       __sehtable$?update_thread_multibyte_data_internal@@YAPAU__crt_multibyte_data@@QAU__acrt_ptd@@QAPAU1@@Z 4005e658     libucrt:mbctype.obj
 0002:0001a678       __sehtable$??$?RV<lambda_ceb1ee4838e85a9d631eb091e2fbe199>@@AAV<lambda_ae742caa10f662c28703da3d2ea5e57e>@@V<lambda_cd08b5d6af4937fe54fc07d0c9bf6b37>@@@?$__crt_seh_guarded_call@X@@QAEX$$QAV<lambda_ceb1ee4838e85a9d631eb091e2fbe199>@@AAV<lambda_ae742caa10f662c28703da3d2ea5e57e>@@$$QAV<lambda_cd08b5d6af4937fe54fc07d0c9bf6b37>@@@Z 4005e678     libucrt:mbctype.obj
 0002:0001a698       __sehtable$__query_new_handler 4005e698     libucrt:new_handler.obj
 0002:0001a6b8       __sehtable$_raise          4005e6b8     libucrt:signal.obj
 0002:0001a6d8       __sehtable$??$?RV<lambda_cbab9ec6f41b0180b23cc171c22676b0>@@AAV<lambda_44731a7d0e6d81c3e6aa82d741081786>@@V<lambda_4b292cb8dd18144e164572427af410ab>@@@?$__crt_seh_guarded_call@P6AXH@Z@@QAEP6AXH@Z$$QAV<lambda_cbab9ec6f41b0180b23cc171c22676b0>@@AAV<lambda_44731a7d0e6d81c3e6aa82d741081786>@@$$QAV<lambda_4b292cb8dd18144e164572427af410ab>@@@Z 4005e6d8     libucrt:signal.obj
 0002:0001a6f8       __sehtable$??$?RV<lambda_2866be3712abc81a800a822484c830d8>@@AAV<lambda_39ca0ed439415581b5b15c265174cece>@@V<lambda_2b24c74d71094a6cd0cb82e44167d71b>@@@?$__crt_seh_guarded_call@X@@QAEX$$QAV<lambda_2866be3712abc81a800a822484c830d8>@@AAV<lambda_39ca0ed439415581b5b15c265174cece>@@$$QAV<lambda_2b24c74d71094a6cd0cb82e44167d71b>@@@Z 4005e6f8     libucrt:fflush.obj
 0002:0001a718       __sehtable$??$?RV<lambda_2cc53f568c5a2bb6f192f930a45d44ea>@@AAV<lambda_ab61a845afdef5b7c387490eaf3616ee>@@V<lambda_c2ffc0b7726aa6be21d5f0026187e748>@@@?$__crt_seh_guarded_call@X@@QAEX$$QAV<lambda_2cc53f568c5a2bb6f192f930a45d44ea>@@AAV<lambda_ab61a845afdef5b7c387490eaf3616ee>@@$$QAV<lambda_c2ffc0b7726aa6be21d5f0026187e748>@@@Z 4005e718     libucrt:fflush.obj
 0002:0001a738       __sehtable$___acrt_update_thread_locale_data 4005e738     libucrt:locale_refcounting.obj
 0002:0001a758       __sehtable$__fcloseall     4005e758     libucrt:closeall.obj
 0002:0001a778       __sehtable$___acrt_lowio_ensure_fh_exists 4005e778     libucrt:osfinfo.obj
 0002:0001a798       __sehtable$___set_fpsr_sse2 4005e798     libucrt:fpctrl.obj
 0002:0001a7b8       __sehtable$??$?RV<lambda_9e9de3de5fa147e2223d7db92bc10aa6>@@AAV<lambda_38ce7e780aa69e748d6df282ebc68efe>@@V<lambda_8ca6da459f0f6780f1cff60fdc3d00e5>@@@?$__crt_seh_guarded_call@H@@QAEH$$QAV<lambda_9e9de3de5fa147e2223d7db92bc10aa6>@@AAV<lambda_38ce7e780aa69e748d6df282ebc68efe>@@$$QAV<lambda_8ca6da459f0f6780f1cff60fdc3d00e5>@@@Z 4005e7b8     libucrt:commit.obj
 0002:0001a7d8       __sehtable$__write         4005e7d8     libucrt:write.obj
 0002:0001a7f8       __sehtable$_fclose         4005e7f8     libucrt:fclose.obj
 0002:0001a818       __sehtable$??$?RV<lambda_218ce3db14220d0be481dae8ef3383b6>@@AAV<lambda_628dfdc04ba53c8bfc02c9951375f3f5>@@V<lambda_57dc472bd5c9d5f3b2cbca59b8a843ae>@@@?$__crt_seh_guarded_call@H@@QAEH$$QAV<lambda_218ce3db14220d0be481dae8ef3383b6>@@AAV<lambda_628dfdc04ba53c8bfc02c9951375f3f5>@@$$QAV<lambda_57dc472bd5c9d5f3b2cbca59b8a843ae>@@@Z 4005e818     libucrt:close.obj
 0002:0001a838       __sehtable$__IsNonwritableInCurrentImage 4005e838     LIBCMT:pesect.obj
 0002:0001a860       .edata                     4005e860     uix86.exp
 0002:0001a888       rgpv                       4005e888     uix86.exp
 0002:0001a890       rgszName                   4005e890     uix86.exp
 0002:0001a898       rgwOrd                     4005e898     uix86.exp
 0002:0001a89c       szName                     4005e89c     uix86.exp
 0002:0001a8a6       $N00001                    4005e8a6     uix86.exp
 0002:0001a8af       $N00002                    4005e8af     uix86.exp
 0002:0001ae8a       .idata$6                   4005ee8a     kernel32:KERNEL32.dll
 0003:00001df8       _bg_poolTail               40060df8     bg_misc.obj
 0003:00003544       _holdrand                  40062544     q_math.obj
 0003:000072f0       _datapadMoveData           400662f0     ui_main.obj
 0003:000078f0       _skillLevels               400668f0     ui_main.obj
 0003:00007904       _teamArenaGameTypes        40066904     ui_main.obj
 0003:00007930       _netnames                  40066930     ui_main.obj
 0003:00007940       _handicapValues            40066940     ui_main.obj
 0003:00007994       ?lastColumn@?1??UI_FeederItemText@@9@9 40066994     ui_main.obj
 0003:00007998       _cvarTable                 40066998     ui_main.obj
 0003:00008038       _cvarTableSize             40067038     ui_main.obj
 0003:00008774       ?staticNULL@?1??String_Alloc@@9@9 40067774     ui_shared.obj
 0003:00008778       ?squiggy@?1??PC_String_Parse@@9@9 40067778     ui_shared.obj
 0003:00008780       _g_bindings                40067780     ui_shared.obj
 0003:000090c8       _syscall                   400680c8     ui_syscalls.obj
 0003:000090f0       ?__vcrt_flsindex@@3KA      400680f0     libvcruntime:per_thread_data.obj
 0003:00009120       ?errno_no_memory@@3HA      40068120     libucrt:errno.obj
 0003:00009124       ?doserrno_no_memory@@3KA   40068124     libucrt:errno.obj
 0003:00009128       ?__acrt_flsindex@@3KA      40068128     libucrt:per_thread_data.obj
 0003:000094d0       __mbctypes                 400684d0     libucrt:mbctype.obj
 0003:000095d8       __mbcasemaps               400685d8     libucrt:mbctype.obj
 0003:000096d8       ?__rgctypeflag@@3PADA      400686d8     libucrt:mbctype.obj
 0003:000096e0       ?__rgcode_page_info@@3PAUcode_page_info@@A 400686e0     libucrt:mbctype.obj
 0003:00009830       ?__DAZ_ENABLED@?1??__set_fpsr_sse2@@9@9 40068830     libucrt:fpctrl.obj
 0003:00009940       ?__dcrt_lowio_console_output_handle@@3PAXA 40068940     libucrt:initcon.obj
 0003:00009960       _bg_pool                   40068960     bg_misc.obj
 0003:00fa9960       _bg_poolSize               41008960     bg_misc.obj
 0003:00fa9994       ?bops_initialized@?1??BoxOnPlaneSide@@9@9 41008994     q_math.obj
 0003:00fa9998       ?Ljmptab@?1??BoxOnPlaneSide@@9@9 41008998     q_math.obj
 0003:00fa99b8       ?sr@?1??AngleVectors@@9@9  410089b8     q_math.obj
 0003:00fa99bc       ?sp@?1??AngleVectors@@9@9  410089bc     q_math.obj
 0003:00fa99c0       ?sy@?1??AngleVectors@@9@9  410089c0     q_math.obj
 0003:00fa99c4       ?cr@?1??AngleVectors@@9@9  410089c4     q_math.obj
 0003:00fa99c8       ?cp@?1??AngleVectors@@9@9  410089c8     q_math.obj
 0003:00fa99cc       ?cy@?1??AngleVectors@@9@9  410089cc     q_math.obj
 0003:00fa99d0       _com_token                 410089d0     q_shared.obj
 0003:00fa9dd0       _com_parsename             41008dd0     q_shared.obj
 0003:00faa1d0       _com_lines                 410091d0     q_shared.obj
 0003:00faa1d4       ?index@?1??va@@9@9         410091d4     q_shared.obj
 0003:00faa1d8       ?string@?1??COM_ParseError@@9@9 410091d8     q_shared.obj
 0003:00fab1d8       ?string@?1??COM_ParseWarning@@9@9 4100a1d8     q_shared.obj
 0003:00fac1d8       ?final@?1??Q_StrReplace@@9@9 4100b1d8     q_shared.obj
 0003:00fac5d8       ?temp_buffer@?1??va@@9@9   4100b5d8     q_shared.obj
 0003:00fb42d8       ?string@?1??va@@9@9        410132d8     q_shared.obj
 0003:00fbbfd8       ?value@?1??Info_ValueForKey@@9@9 4101afd8     q_shared.obj
 0003:00fbffd8       ?valueindex@?1??Info_ValueForKey@@9@9 4101efd8     q_shared.obj
 0003:00fbffe8       ?buffer@?1??UI_Argv@@9@9   4101efe8     ui_atoms.obj
 0003:00fc03e8       ?buffer@?1??UI_Cvar_VariableString@@9@9 4101f3e8     ui_atoms.obj
 0003:00fc0800       _ui_botInfos               4101f800     ui_gameinfo.obj
 0003:00fc2800       _ui_numArenas              41021800     ui_gameinfo.obj
 0003:00fc2808       _ui_arenaInfos             41021808     ui_gameinfo.obj
 0003:00fc502c       ?cur@?1??siege_Str@@9@9    4102402c     ui_main.obj
 0003:00fc5030       ?strings@?1??siege_Str@@9@9 41024030     ui_main.obj
 0003:01005030       _UIPAFtext                 41064030     ui_main.obj
 0003:01013a90       ?sTemp@?1??GetCRDelineatedString@@9@9 41072a90     ui_main.obj
 0003:01013b90       ?text@?1??UI_GetStringEdString@@9@9 41072b90     ui_main.obj
 0003:01013f90       ?index@?1??_UI_Refresh@@9@9 41072f90     ui_main.obj
 0003:01013f94       ?previousTimes@?1??_UI_Refresh@@9@9 41072f94     ui_main.obj
 0003:01013fa4       ?numinvisible@?1??UI_BuildServerDisplayList@@9@9 41072fa4     ui_main.obj
 0003:01013fa8       ?buf@?1??GetMenuBuffer@@9@9 41072fa8     ui_main.obj
 0003:01023fa8       ?info@?1??UI_CheckPassword@@9@9 41082fa8     ui_main.obj
 0003:010243a8       ?numFound@?1??UI_BuildFindPlayerList@@9@9 410833a8     ui_main.obj
 0003:010243ac       ?numTimeOuts@?1??UI_BuildFindPlayerList@@9@9 410833ac     ui_main.obj
 0003:010243b0       ?info@?1??UI_FeederCount@@9@9 410833b0     ui_main.obj
 0003:010247b0       ?info@?1??UI_FeederItemText@@9@9 410837b0     ui_main.obj
 0003:01024bb0       ?hostname@?1??UI_FeederItemText@@9@9 41083bb0     ui_main.obj
 0003:01024fb0       ?clientBuff@?1??UI_FeederItemText@@9@9 41083fb0     ui_main.obj
 0003:01024fd0       ?needPass@?1??UI_FeederItemText@@9@9 41083fd0     ui_main.obj
 0003:01024ff0       ?lastTime@?1??UI_FeederItemText@@9@9 41083ff0     ui_main.obj
 0003:01024ff4       _lastConnState             41083ff4     ui_main.obj
 0003:01024ff8       ?info@?1??UI_FeederItemImage@@9@9 41083ff8     ui_main.obj
 0003:010253f8       ?info2@?CO@??UI_FeederItemImage@@9@9 410843f8     ui_main.obj
 0003:010257f8       ?info@?1??UI_FeederSelection@@9@9 410847f8     ui_main.obj
 0003:01025bf8       _lastLoadingText           41084bf8     ui_main.obj
 0003:01026160       _redSaberGlowShader        41085160     ui_saber.obj
 0003:01026164       _redSaberCoreShader        41085164     ui_saber.obj
 0003:01026168       _orangeSaberGlowShader     41085168     ui_saber.obj
 0003:0102616c       _orangeSaberCoreShader     4108516c     ui_saber.obj
 0003:01026170       _yellowSaberGlowShader     41085170     ui_saber.obj
 0003:01026174       _yellowSaberCoreShader     41085174     ui_saber.obj
 0003:01026178       _greenSaberGlowShader      41085178     ui_saber.obj
 0003:0102617c       _greenSaberCoreShader      4108517c     ui_saber.obj
 0003:01026180       _blueSaberGlowShader       41085180     ui_saber.obj
 0003:01026184       _blueSaberCoreShader       41085184     ui_saber.obj
 0003:01026188       _purpleSaberGlowShader     41085188     ui_saber.obj
 0003:0102618c       _purpleSaberCoreShader     4108518c     ui_saber.obj
 0003:01026190       _cyanSaberGlowShader       41085190     ui_saber.obj
 0003:01026194       _cyanSaberCoreShader       41085194     ui_saber.obj
 0003:01026198       _rgbSaberCoreShader        41085198     ui_saber.obj
 0003:0102619c       _rgbSaberGlowShader        4108519c     ui_saber.obj
 0003:010261a0       _rgbSaberCore2Shader       410851a0     ui_saber.obj
 0003:010261a4       _blackSaberGlowShader      410851a4     ui_saber.obj
 0003:010261bc       _scrollInfo                410851bc     ui_shared.obj
 0003:010261dc       _captureFunc               410851dc     ui_shared.obj
 0003:010261e0       _captureData               410851e0     ui_shared.obj
 0003:010261e4       _itemCapture               410851e4     ui_shared.obj
 0003:010261e8       _g_waitingForKey           410851e8     ui_shared.obj
 0003:010261ec       _g_editingField            410851ec     ui_shared.obj
 0003:010261f0       _g_bindItem                410851f0     ui_shared.obj
 0003:010261f4       _g_editItem                410851f4     ui_shared.obj
 0003:010261f8       _debugMode                 410851f8     ui_shared.obj
 0003:010261fc       _lastListBoxClickTime      410851fc     ui_shared.obj
 0003:01026200       _memoryPool                41085200     ui_shared.obj
 0003:02026200       _allocPoint                42085200     ui_shared.obj
 0003:02026204       _outOfMemory               42085204     ui_shared.obj
 0003:02026208       _strPoolIndex              42085208     ui_shared.obj
 0003:0202620c       _strHandleCount            4208520c     ui_shared.obj
 0003:02026210       _strPool                   42085210     ui_shared.obj
 0003:02086210       _strHandle                 420e5210     ui_shared.obj
 0003:02088210       ?string@?1??PC_SourceWarning@@9@9 420e7210     ui_shared.obj
 0003:02089210       ?string@?1??PC_SourceError@@9@9 420e8210     ui_shared.obj
 0003:0208a210       ?inHandleKey@?9??Menu_HandleKey@@9@9 420e9210     ui_shared.obj
 0003:0208a214       ?__proc_attached@@3HA      420e9214     LIBCMT:dll_dllmain.obj
 0003:0208a230       ?is_initialized_as_dll@@3_NA 420e9230     LIBCMT:utility.obj
 0003:0208a231       ?module_local_atexit_table_initialized@@3_NA 420e9231     LIBCMT:utility.obj
 0003:0208a234       ?module_local_atexit_table@@3U_onexit_table_t@@A 420e9234     LIBCMT:utility.obj
 0003:0208a240       ?module_local_at_quick_exit_table@@3U_onexit_table_t@@A 420e9240     LIBCMT:utility.obj
 0003:0208a250       _GS_ExceptionRecord        420e9250     LIBCMT:gs_report.obj
 0003:0208a2a0       _GS_ContextRecord          420e92a0     LIBCMT:gs_report.obj
 0003:0208a598       ?heap@@3V_HeapManager@@A   420e9598     libvcruntime:undname.obj
 0003:0208a5ac       ?__vcrt_startup_thread_ptd@@3U__vcrt_ptd@@A 420e95ac     libvcruntime:per_thread_data.obj
 0003:0208a5d4       ___vcrt_lock_table         420e95d4     libvcruntime:locks.obj
 0003:0208a5ec       ___vcrt_locks_initialized  420e95ec     libvcruntime:locks.obj
 0003:0208a5f0       ?module_handles@@3PAPAUHINSTANCE__@@A 420e95f0     libvcruntime:winapi_downlevel.obj
 0003:0208a5fc       ?function_pointers@@3PAPAXA 420e95fc     libvcruntime:winapi_downlevel.obj
 0003:0208a614       ?c_termination_complete@@3JA 420e9614     libucrt:exit.obj
 0003:0208a618       ?thread_local_exit_callback_func@@3P6GXPAXK0@ZA 420e9618     libucrt:exit.obj
 0003:0208a620       ?program_name@?1???$common_configure_argv@D@@YAHW4_crt_argv_mode@@@Z@4PADA 420e9620     libucrt:argv_parsing.obj
 0003:0208a750       ?__acrt_invalid_parameter_handler@@3V?$dual_state_global@P6AXPB_W00II@Z@__crt_state_management@@A 420e9750     libucrt:invalid_parameter.obj
 0003:0208a75c       __pmatherr_set             420e975c     libucrt:libm_error.obj
 0003:0208a760       ?internal_state@?1??_mbtowc_l@@9@4U_Mbstatet@@A 420e9760     libucrt:mbtowc.obj
 0003:0208a770       ?enable_percent_n@@3IA     420e9770     libucrt:printf_count_output.obj
 0003:0208a988       ?__acrt_lock_table@@3PAU_RTL_CRITICAL_SECTION@@A 420e9988     libucrt:locks.obj
 0003:0208aad8       ?__acrt_locks_initialized@@3IA 420e9ad8     libucrt:locks.obj
 0003:0208aae8       ?fSystemSet@@3HA           420e9ae8     libucrt:mbctype.obj
 0003:0208aaec       ?initialized@?1??__acrt_initialize_multibyte@@9@4_NA 420e9aec     libucrt:mbctype.obj
 0003:0208ab08       ?module_handles@@3PAPAUHINSTANCE__@@A 420e9b08     libucrt:winapi_thunks.obj
 0003:0208ab58       ?encoded_function_pointers@@3PAPAXA 420e9b58     libucrt:winapi_thunks.obj
 0003:0208abe4       ?__acrt_new_handler@@3V?$dual_state_global@P6AHI@Z@__crt_state_management@@A 420e9be4     libucrt:new_handler.obj
 0003:0208abe8       ?ctrlc_action@@3V?$dual_state_global@P6AXH@Z@__crt_state_management@@A 420e9be8     libucrt:signal.obj
 0003:0208abec       ?ctrlbreak_action@@3V?$dual_state_global@P6AXH@Z@__crt_state_management@@A 420e9bec     libucrt:signal.obj
 0003:0208abf0       ?abort_action@@3V?$dual_state_global@P6AXH@Z@__crt_state_management@@A 420e9bf0     libucrt:signal.obj
 0003:0208abf4       ?term_action@@3V?$dual_state_global@P6AXH@Z@__crt_state_management@@A 420e9bf4     libucrt:signal.obj
 0003:0208abf8       ?user_matherr@@3V?$dual_state_global@P6AHPAU_exception@@@Z@__crt_state_management@@A 420e9bf8     libucrt:matherr.obj
 0003:0208ac08       ?__acrt_global_new_mode@@3V?$dual_state_global@J@__crt_state_management@@A 420e9c08     libucrt:new_mode.obj
 0003:0208ac0c       ?internal_pst@?1??__mbrtoc32_utf8@__crt_mbstring@@YAIPA_UPBDIPAU_Mbstatet@@@Z@4U3@A 420e9c0c     libucrt:mbrtoc32.obj
 0003:0208ac14       ?__acrt_app_type@@3W4_crt_app_type@@A 420e9c14     libucrt:report_runtime_error.obj
 0004:00000060       $R000000                   423ac060     * linker generated manifest res *
