 uix86

 Timestamp is 688bf404 (Fri Aug  1 00:53:56 2025)

 Preferred load address is 40000000

 Start         Length     Name                   Class
 0001:00000000 00045eb3H .text$mn                CODE
 0001:00045eb3 000000fcH .text$x                 CODE
 0002:00000000 00000120H .idata$5                DATA
 0002:00000120 00000008H .00cfg                  DATA
 0002:00000128 00000004H .CRT$XCA                DATA
 0002:0000012c 00000004H .CRT$XCZ                DATA
 0002:00000130 00000004H .CRT$XIA                DATA
 0002:00000134 0000000cH .CRT$XIC                DATA
 0002:00000140 00000004H .CRT$XIZ                DATA
 0002:00000144 00000004H .CRT$XPA                DATA
 0002:00000148 00000008H .CRT$XPX                DATA
 0002:00000150 00000004H .CRT$XPXA               DATA
 0002:00000154 00000004H .CRT$XPZ                DATA
 0002:00000158 00000004H .CRT$XTA                DATA
 0002:0000015c 00000004H .CRT$XTZ                DATA
 0002:00000160 00000000H .gfids$y                DATA
 0002:00000160 0001a160H .rdata                  DATA
 0002:0001a2c0 00000000H .rdata$CastGuardVftablesA DATA
 0002:0001a2c0 00000000H .rdata$CastGuardVftablesC DATA
 0002:0001a2c0 000000dcH .rdata$r                DATA
 0002:0001a39c 00000030H .rdata$sxdata           DATA
 0002:0001a3cc 000000b8H .rdata$voltmd           DATA
 0002:0001a484 000002d8H .rdata$zzzdbg           DATA
 0002:0001a75c 00000004H .rtc$IAA                DATA
 0002:0001a760 00000004H .rtc$IZZ                DATA
 0002:0001a764 00000004H .rtc$TAA                DATA
 0002:0001a768 00000008H .rtc$TZZ                DATA
 0002:0001a770 000005f0H .xdata$x                DATA
 0002:0001ad60 00000058H .edata                  DATA
 0002:0001adb8 00000014H .idata$2                DATA
 0002:0001adcc 00000014H .idata$3                DATA
 0002:0001ade0 00000120H .idata$4                DATA
 0002:0001af00 00000526H .idata$6                DATA
 0003:00000000 00009cf0H .data                   DATA
 0003:00009cf0 0000003cH .data$r                 DATA
 0003:00009d2c 00000034H .data$rs                DATA
 0003:00009d60 02343370H .bss                    DATA
 0004:00000000 00000080H .fptable                DATA
 0005:00000000 00000060H .rsrc$01                DATA
 0005:00000060 00000180H .rsrc$02                DATA

  Address         Publics by Value              Rva+Base       Lib:Object

 0000:00000000       ___AbsoluteZero            00000000     <absolute>
 0000:00000000       ___arm64x_extra_rfe_table  00000000     <absolute>
 0000:00000000       ___arm64x_extra_rfe_table_size 00000000     <absolute>
 0000:00000000       ___arm64x_native_entrypoint 00000000     <absolute>
 0000:00000000       ___arm64x_redirection_metadata 00000000     <absolute>
 0000:00000000       ___arm64x_redirection_metadata_count 00000000     <absolute>
 0000:00000000       ___dynamic_value_reloc_table 00000000     <absolute>
 0000:00000000       ___enclave_config          00000000     <absolute>
 0000:00000000       ___guard_check_icall_a64n_fptr 00000000     <absolute>
 0000:00000000       ___guard_eh_cont_count     00000000     <absolute>
 0000:00000000       ___guard_eh_cont_table     00000000     <absolute>
 0000:00000000       ___guard_fids_count        00000000     <absolute>
 0000:00000000       ___guard_fids_table        00000000     <absolute>
 0000:00000000       ___guard_iat_count         00000000     <absolute>
 0000:00000000       ___guard_iat_table         00000000     <absolute>
 0000:00000000       ___guard_longjmp_count     00000000     <absolute>
 0000:00000000       ___guard_longjmp_table     00000000     <absolute>
 0000:00000000       ___hybrid_auxiliary_delayload_iat 00000000     <absolute>
 0000:00000000       ___hybrid_auxiliary_delayload_iat_copy 00000000     <absolute>
 0000:00000000       ___hybrid_auxiliary_iat    00000000     <absolute>
 0000:00000000       ___hybrid_auxiliary_iat_copy 00000000     <absolute>
 0000:00000000       ___hybrid_code_map         00000000     <absolute>
 0000:00000000       ___hybrid_code_map_count   00000000     <absolute>
 0000:00000000       ___hybrid_image_info_bitfield 00000000     <absolute>
 0000:00000000       ___x64_code_ranges_to_entry_points 00000000     <absolute>
 0000:00000000       ___x64_code_ranges_to_entry_points_count 00000000     <absolute>
 0000:00000000       __except_list              00000000     <absolute>
 0000:0000000c       ___safe_se_handler_count   0000000c     <absolute>
 0000:00000100       ___guard_flags             00000100     <absolute>
 0000:00000000       ___ImageBase               40000000     <linker-defined>
 0001:00000000       _BG_Alloc                  40001000 f   bg_misc.obj
 0001:00000050       _BG_FindItemForHoldable    40001050 f   bg_misc.obj
 0001:000000b0       _BG_FindItemForWeapon      400010b0 f   bg_misc.obj
 0001:000000f0       _BG_LegalizedForcePowers   400010f0 f   bg_misc.obj
 0001:00000810       _BG_GetClassOnBaseClass    40001810 f   bg_saga.obj
 0001:00000880       _BG_GetUIPortrait          40001880 f   bg_saga.obj
 0001:00000900       _BG_GetUIPortraitFile      40001900 f   bg_saga.obj
 0001:00000980       _BG_SiegeCountBaseClass    40001980 f   bg_saga.obj
 0001:000009f0       _BG_SiegeFindThemeForTeam  400019f0 f   bg_saga.obj
 0001:00000a10       _BG_SiegeGetPairedValue    40001a10 f   bg_saga.obj
 0001:00000c50       _BG_SiegeGetValueGroup     40001c50 f   bg_saga.obj
 0001:00000f60       _BG_SiegeLoadClasses       40001f60 f   bg_saga.obj
 0001:000010b0       _BG_SiegeLoadTeams         400020b0 f   bg_saga.obj
 0001:00001390       _BG_SiegeParseClassFile    40002390 f   bg_saga.obj
 0001:00001cc0       _BG_SiegeSetTeamTheme      40002cc0 f   bg_saga.obj
 0001:00001d30       _BG_SiegeStripTabs         40002d30 f   bg_saga.obj
 0001:00001d70       _BG_SiegeTranslateForcePowers 40002d70 f   bg_saga.obj
 0001:00001f90       _BG_SiegeTranslateGenericTable 40002f90 f   bg_saga.obj
 0001:00002060       _BG_SiegeTranslateSkills   40003060 f   bg_saga.obj
 0001:000021c0       _AnglesToAxis              400031c0 f   q_math.obj
 0001:000023d0       _AxisClear                 400033d0 f   q_math.obj
 0001:00002420       _Q_irand                   40003420 f   q_math.obj
 0001:00002450       _VectorNormalize           40003450 f   q_math.obj
 0001:00002510       _COM_BeginParseSession     40003510 f   q_shared.obj
 0001:00002540       _COM_Compress              40003540 f   q_shared.obj
 0001:00002640       _COM_Parse                 40003640 f   q_shared.obj
 0001:00002660       _COM_ParseExt              40003660 f   q_shared.obj
 0001:000027f0       _COM_ParseFloat            400037f0 f   q_shared.obj
 0001:00002830       _COM_ParseString           40003830 f   q_shared.obj
 0001:00002870       _COM_StripExtension        40003870 f   q_shared.obj
 0001:000028b0       _Com_Clamp                 400038b0 f   q_shared.obj
 0001:000028e0       _Com_Clampi                400038e0 f   q_shared.obj
 0001:00002900       _Com_sprintf               40003900 f   q_shared.obj
 0001:00002960       _GetIDForString            40003960 f   q_shared.obj
 0001:00002a20       _Info_SetValueForKey       40003a20 f   q_shared.obj
 0001:00002cb0       _Info_ValueForKey          40003cb0 f   q_shared.obj
 0001:00002df0       _Q_CleanStr                40003df0 f   q_shared.obj
 0001:00002e50       _Q_strcat                  40003e50 f   q_shared.obj
 0001:00002ef0       _Q_stricmp                 40003ef0 f   q_shared.obj
 0001:00002f80       _Q_stricmpn                40003f80 f   q_shared.obj
 0001:00003010       _Q_strncpyz                40004010 f   q_shared.obj
 0001:00003080       _Q_strrchr                 40004080 f   q_shared.obj
 0001:000030b0       _Q_strupr                  400040b0 f   q_shared.obj
 0001:000030e0       _SkipBracedSection         400040e0 f   q_shared.obj
 0001:00003250       _SkipRestOfLine            40004250 f   q_shared.obj
 0001:00003280       ___local_stdio_printf_options 40004280 f i q_shared.obj
 0001:00003290       _va                        40004290 f   q_shared.obj
 0001:00003320       _Com_Error                 40004320 f   ui_atoms.obj
 0001:00003370       _Com_Printf                40004370 f   ui_atoms.obj
 0001:00003870       _UI_ClearScores            40004870 f   ui_atoms.obj
 0001:00003ac0       _UI_ConsoleCommand         40004ac0 f   ui_atoms.obj
 0001:00003c90       _UI_Cvar_VariableString    40004c90 f   ui_atoms.obj
 0001:00003cb0       _UI_DrawHandlePic          40004cb0 f   ui_atoms.obj
 0001:00003d50       _UI_FillRect               40004d50 f   ui_atoms.obj
 0001:00003dd0       _UI_LoadBestScores         40004dd0 f   ui_atoms.obj
 0001:00003ec0       _UI_SetBestScores          40004ec0 f   ui_atoms.obj
 0001:000041e0       _UI_SetColor               400051e0 f   ui_atoms.obj
 0001:000041f0       _IsForceRank               400051f0 f   ui_force.obj
 0001:00004220       _UI_DrawForceStars         40005220 f   ui_force.obj
 0001:00004370       _UI_ForceConfigHandle      40005370 f   ui_force.obj
 0001:000047d0       _UI_ForceMaxRank_HandleKey 400057d0 f   ui_force.obj
 0001:00004850       _UI_ForcePowerRank_HandleKey 40005850 f   ui_force.obj
 0001:000049f0       _UI_ForceSide_HandleKey    400059f0 f   ui_force.obj
 0001:00004ad0       _UI_InitForceShaders       40005ad0 f   ui_force.obj
 0001:00004c90       _UI_JediNonJedi_HandleKey  40005c90 f   ui_force.obj
 0001:00004db0       _UI_ReadLegalForce         40005db0 f   ui_force.obj
 0001:000050f0       _UI_SaveForceTemplate      400060f0 f   ui_force.obj
 0001:000052c0       _UI_SkinColor_HandleKey    400062c0 f   ui_force.obj
 0001:00005340       _UI_UpdateClientForcePowers 40006340 f   ui_force.obj
 0001:00005420       _UI_UpdateForcePowers      40006420 f   ui_force.obj
 0001:00005640       _UpdateForceUsed           40006640 f   ui_force.obj
 0001:00007d00       _UI_GetBotNameByNumber     40008d00 f   ui_gameinfo.obj
 0001:00007d50       _UI_GetNumBots             40008d50 f   ui_gameinfo.obj
 0001:00007d60       _UI_LoadArenas             40008d60 f   ui_gameinfo.obj
 0001:000081b0       _UI_LoadBots               400091b0 f   ui_gameinfo.obj
 0001:000084e0       _UI_ParseInfos             400094e0 f   ui_gameinfo.obj
 0001:000086d0       _Asset_Parse               400096d0 f   ui_main.obj
 0001:000092a0       _Text_Height               4000a2a0 f   ui_main.obj
 0001:00009300       _Text_Paint                4000a300 f   ui_main.obj
 0001:000093c0       _Text_PaintCenter          4000a3c0 f   ui_main.obj
 0001:00009500       _Text_PaintWithCursor      4000a500 f   ui_main.obj
 0001:00009890       _Text_Width                4000a890 f   ui_main.obj
 0001:00009970       _UI_AllocMem               4000a970 f   ui_main.obj
 0001:0000aee0       _UI_ClampMaxPlayers        4000bee0 f   ui_main.obj
 0001:0000b8f0       _UI_DrawConnectScreen      4000c8f0 f   ui_main.obj
 0001:0000df70       _UI_FeederSelection        4000ef70 f   ui_main.obj
 0001:0000e8d0       _UI_FindCurrentSiegeTeamClass 4000f8d0 f   ui_main.obj
 0001:0000e9b0       ??3@YAXPAX@Z               4000f9b0 f   LIBCMT:delete_scalar.obj
 0001:0000e9b0       _UI_FreeMem                4000f9b0 f   ui_main.obj
 0001:0000f4b0       _UI_GetStringEdString      400104b0 f   ui_main.obj
 0001:0000f4e0       @_guard_check_icall_nop@4  400104e0 f   LIBCMT:guard_support.obj
 0001:0000f500       _UI_GetVideoSetup          40010500 f   ui_main.obj
 0001:0000f8b0       _UI_Load                   400108b0 f   ui_main.obj
 0001:0000f950       _UI_LoadForceConfig_List   40010950 f   ui_main.obj
 0001:0000fa80       _UI_LoadMenus              40010a80 f   ui_main.obj
 0001:00012820       _UI_ParseAnimationFile     40013820 f   ui_main.obj
 0001:00012c70       _UI_ParseMenu              40013c70 f   ui_main.obj
 0001:00012dc0       _UI_ReaAllocMem            40013dc0 f   ui_main.obj
 0001:00012f20       _UI_Report                 40013f20 f   ui_main.obj
 0001:00015970       _UI_SetSiegeTeams          40016970 f   ui_main.obj
 0001:00015c80       _UI_ShowPostGame           40016c80 f   ui_main.obj
 0001:00015dc0       _UI_SiegeClassNum          40016dc0 f   ui_main.obj
 0001:00015df0       _UI_SiegeSetCvarsForClass  40016df0 f   ui_main.obj
 0001:00016fa0       _UI_TeamName               40017fa0 f   ui_main.obj
 0001:000170c0       _UI_TrueJediEnabled        400180c0 f   ui_main.obj
 0001:00017a40       _UI_UpdateCharacterSkin    40018a40 f   ui_main.obj
 0001:00017b10       _UI_UpdateCvarsForClass    40018b10 f   ui_main.obj
 0001:00017e70       _UI_UpdateSiegeObjectiveGraphics 40018e70 f   ui_main.obj
 0001:00018070       _UI_UpdateSiegeStatusIcons 40019070 f   ui_main.obj
 0001:00018160       _UI_UpdateVideoSetup       40019160 f   ui_main.obj
 0001:000182c0       _UpdateBotButtons          400192c0 f   ui_main.obj
 0001:00018320       _UpdateForceStatus         40019320 f   ui_main.obj
 0001:00018710       __UI_DrawRect              40019710 f   ui_main.obj
 0001:000187a0       __UI_DrawSides             400197a0 f   ui_main.obj
 0001:00018880       __UI_DrawTopBottom         40019880 f   ui_main.obj
 0001:00018960       __UI_Init                  40019960 f   ui_main.obj
 0001:00019190       __UI_Refresh               4001a190 f   ui_main.obj
 0001:000194b0       __UI_SetActiveMenu         4001a4b0 f   ui_main.obj
 0001:00019770       ___local_stdio_scanf_options 4001a770 f i ui_main.obj
 0001:00019780       _siege_Cvar_Set            4001a780 f   ui_main.obj
 0001:00019860       _siege_Cvar_VariableStringBuffer 4001a860 f   ui_main.obj
 0001:00019930       _siege_Cvar_VariableValue  4001a930 f   ui_main.obj
 0001:000199b0       _sprintf                   4001a9b0 f i ui_main.obj
 0001:000199f0       _sscanf                    4001a9f0 f i ui_main.obj
 0001:00019a20       _vmMain                    4001aa20 f   ui_main.obj
 0001:00019bf0       _ParseRGBSaber             4001abf0 f   ui_saber.obj
 0001:00019c40       _RGB_AdjustSciptedSaberColor 4001ac40 f   ui_saber.obj
 0001:00019da0       _RGB_RandomRGB             4001ada0 f   ui_saber.obj
 0001:00019e00       _SaberColorToString        4001ae00 f   ui_saber.obj
 0001:00019ea0       _TranslateSaberColor       4001aea0 f   ui_saber.obj
 0001:0001a000       _TranslateSaberType        4001b000 f   ui_saber.obj
 0001:0001a150       _UI_CacheSaberGlowGraphics 4001b150 f   ui_saber.obj
 0001:0001a270       _UI_DoSaber                4001b270 f   ui_saber.obj
 0001:0001a900       _UI_FreeSabers             4001b900 f   ui_saber.obj
 0001:0001a920       _UI_GetSaberCount          4001b920 f   ui_saber.obj
 0001:0001a940       _UI_GetSaberForMenu        4001b940 f   ui_saber.obj
 0001:0001aac0       _UI_GetSaberHiltInfo       4001bac0 f   ui_saber.obj
 0001:0001aaf0       _UI_ParseScriptedSaber     4001baf0 f   ui_saber.obj
 0001:0001ac00       _UI_SaberAttachToChar      4001bc00 f   ui_saber.obj
 0001:0001ad20       _UI_SaberDrawBlade         4001bd20 f   ui_saber.obj
 0001:0001baa0       _UI_SaberDrawBlades        4001caa0 f   ui_saber.obj
 0001:0001bd30       _UI_SaberGetHiltInfo       4001cd30 f   ui_saber.obj
 0001:0001be80       _UI_SaberLoadParms         4001ce80 f   ui_saber.obj
 0001:0001c2b0       _UI_SaberModelForSaber     4001d2b0 f   ui_saber.obj
 0001:0001c2d0       _UI_SaberParseParm         4001d2d0 f   ui_saber.obj
 0001:0001c460       _UI_SaberProperNameForSaber 4001d460 f   ui_saber.obj
 0001:0001c4e0       _UI_SaberSkinForSaber      4001d4e0 f   ui_saber.obj
 0001:0001c500       _UI_SaberTypeForSaber      4001d500 f   ui_saber.obj
 0001:0001c520       _MenuParse_descX           4001d520 f   ui_shared.obj
 0001:0001c540       _MenuParse_descY           4001d540 f   ui_shared.obj
 0001:0001c560       _MenuParse_descScale       4001d560 f   ui_shared.obj
 0001:0001c580       _MenuParse_descColor       4001d580 f   ui_shared.obj
 0001:0001c640       _ItemParse_forecolor       4001d640 f   ui_shared.obj
 0001:0001c640       _MenuParse_forecolor       4001d640 f   ui_shared.obj
 0001:0001c730       _MenuParse_bordercolor     4001d730 f   ui_shared.obj
 0001:0001c7f0       _MenuParse_focuscolor      4001d7f0 f   ui_shared.obj
 0001:0001c8b0       _MenuParse_disablecolor    4001d8b0 f   ui_shared.obj
 0001:0001c970       _ItemParse_outlinecolor    4001d970 f   ui_shared.obj
 0001:0001c970       _MenuParse_outlinecolor    4001d970 f   ui_shared.obj
 0001:0001c990       _ItemParse_background      4001d990 f   ui_shared.obj
 0001:0001c990       _MenuParse_background      4001d990 f   ui_shared.obj
 0001:0001c9e0       _ItemParse_cinematic       4001d9e0 f   ui_shared.obj
 0001:0001c9e0       _MenuParse_cinematic       4001d9e0 f   ui_shared.obj
 0001:0001ca00       _ItemParse_ownerdrawFlag   4001da00 f   ui_shared.obj
 0001:0001ca00       _MenuParse_ownerdrawFlag   4001da00 f   ui_shared.obj
 0001:0001ca30       _MenuParse_ownerdraw       4001da30 f   ui_shared.obj
 0001:0001ca50       _MenuParse_popup           4001da50 f   ui_shared.obj
 0001:0001ca70       _MenuParse_outOfBounds     4001da70 f   ui_shared.obj
 0001:0001ca90       _ItemParse_text2           4001da90 f   ui_shared.obj
 0001:0001ca90       _MenuParse_soundLoop       4001da90 f   ui_shared.obj
 0001:0001cab0       _MenuParse_fadeClamp       4001dab0 f   ui_shared.obj
 0001:0001cad0       _ItemParse_textalignx      4001dad0 f   ui_shared.obj
 0001:0001cad0       _MenuParse_fadeAmount      4001dad0 f   ui_shared.obj
 0001:0001caf0       _ItemParse_align           4001daf0 f   ui_shared.obj
 0001:0001caf0       _MenuParse_fadeCycle       4001daf0 f   ui_shared.obj
 0001:0001cb10       _MenuParse_itemDef         4001db10 f   ui_shared.obj
 0001:0001cd30       _MenuParse_appearanceIncrement 4001dd30 f   ui_shared.obj
 0001:0001cd50       _Script_SetColor           4001dd50 f   ui_shared.obj
 0001:0001ce40       _Script_SetAsset           4001de40 f   ui_shared.obj
 0001:0001ce70       _Script_SetBackground      4001de70 f   ui_shared.obj
 0001:0001cec0       _Script_SetItemRectCvar    4001dec0 f   ui_shared.obj
 0001:0001d0d0       _Script_SetItemBackground  4001e0d0 f   ui_shared.obj
 0001:0001d190       _Script_SetItemText        4001e190 f   ui_shared.obj
 0001:0001d200       _Script_SetTeamColor       4001e200 f   ui_shared.obj
 0001:0001d240       _Script_SetItemColor       4001e240 f   ui_shared.obj
 0001:0001d3e0       _Script_SetItemColorCvar   4001e3e0 f   ui_shared.obj
 0001:0001d6a0       _Script_SetItemRect        4001e6a0 f   ui_shared.obj
 0001:0001d780       _Script_Show               4001e780 f   ui_shared.obj
 0001:0001d7d0       _Script_Hide               4001e7d0 f   ui_shared.obj
 0001:0001d820       _Script_FadeIn             4001e820 f   ui_shared.obj
 0001:0001d8c0       _Script_FadeOut            4001e8c0 f   ui_shared.obj
 0001:0001d960       _Script_Open               4001e960 f   ui_shared.obj
 0001:0001dab0       _Script_Close              4001eab0 f   ui_shared.obj
 0001:0001dbf0       _Script_Defer              4001ebf0 f   ui_shared.obj
 0001:0001dc40       _Script_RunDeferred        4001ec40 f   ui_shared.obj
 0001:0001dc70       _Script_Transition         4001ec70 f   ui_shared.obj
 0001:0001dd30       _Script_Disable            4001ed30 f   ui_shared.obj
 0001:0001de10       _Script_Scale              4001ee10 f   ui_shared.obj
 0001:0001df70       _Script_Orbit              4001ef70 f   ui_shared.obj
 0001:0001e100       _Script_SetFocus           4001f100 f   ui_shared.obj
 0001:0001e1f0       _Script_SetPlayerModel     4001f1f0 f   ui_shared.obj
 0001:0001e240       _Script_Transition2        4001f240 f   ui_shared.obj
 0001:0001e340       _Script_SetCvar            4001f340 f   ui_shared.obj
 0001:0001e3b0       _Script_SetCvarToCvar      4001f3b0 f   ui_shared.obj
 0001:0001e460       _Script_Exec               4001f460 f   ui_shared.obj
 0001:0001e540       _Script_Play               4001f540 f   ui_shared.obj
 0001:0001e590       _Script_PlayVoice          4001f590 f   ui_shared.obj
 0001:0001e5e0       _Script_playLooped         4001f5e0 f   ui_shared.obj
 0001:0001e640       _ItemParse_name            4001f640 f   ui_shared.obj
 0001:0001e660       _ItemParse_focusSound      4001f660 f   ui_shared.obj
 0001:0001e6b0       _ItemParse_text            4001f6b0 f   ui_shared.obj
 0001:0001e6d0       _ItemParse_descText        4001f6d0 f   ui_shared.obj
 0001:0001e6f0       _ItemParse_text2alignx     4001f6f0 f   ui_shared.obj
 0001:0001e710       _ItemParse_text2aligny     4001f710 f   ui_shared.obj
 0001:0001e730       _ItemParse_group           4001f730 f   ui_shared.obj
 0001:0001e750       _ItemParse_asset_model     4001f750 f   ui_shared.obj
 0001:0001e7e0       _ItemParse_asset_shader    4001f7e0 f   ui_shared.obj
 0001:0001e830       _ItemParse_model_origin    4001f830 f   ui_shared.obj
 0001:0001e890       _ItemParse_elementwidth    4001f890 f   ui_shared.obj
 0001:0001e890       _ItemParse_model_fovx      4001f890 f   ui_shared.obj
 0001:0001e8c0       _ItemParse_elementheight   4001f8c0 f   ui_shared.obj
 0001:0001e8c0       _ItemParse_model_fovy      4001f8c0 f   ui_shared.obj
 0001:0001e8f0       _ItemParse_model_rotation  4001f8f0 f   ui_shared.obj
 0001:0001e920       _ItemParse_model_angle     4001f920 f   ui_shared.obj
 0001:0001e950       _ItemParse_model_g2mins    4001f950 f   ui_shared.obj
 0001:0001e9b0       _ItemParse_model_g2maxs    4001f9b0 f   ui_shared.obj
 0001:0001ea10       _ItemParse_model_g2scale   4001fa10 f   ui_shared.obj
 0001:0001ea70       _ItemParse_model_g2skin    4001fa70 f   ui_shared.obj
 0001:0001ead0       _ItemParse_model_g2anim    4001fad0 f   ui_shared.obj
 0001:0001eb70       _ItemParse_rectcvar        4001fb70 f   ui_shared.obj
 0001:0001ec80       _ItemParse_rect            4001fc80 f   ui_shared.obj
 0001:0001ece0       _ItemParse_flag            4001fce0 f   ui_shared.obj
 0001:0001ed80       _ItemParse_style           4001fd80 f   ui_shared.obj
 0001:0001edc0       _ItemParse_decoration      4001fdc0 f   ui_shared.obj
 0001:0001ede0       _ItemParse_notselectable   4001fde0 f   ui_shared.obj
 0001:0001ee20       _ItemParse_scrollhidden    4001fe20 f   ui_shared.obj
 0001:0001ee60       _ItemParse_wrapped         4001fe60 f   ui_shared.obj
 0001:0001ee80       _ItemParse_autowrapped     4001fe80 f   ui_shared.obj
 0001:0001eea0       _ItemParse_horizontalscroll 4001fea0 f   ui_shared.obj
 0001:0001eec0       _ItemParse_type            4001fec0 f   ui_shared.obj
 0001:0001ef00       _ItemParse_feeder          4001ff00 f   ui_shared.obj
 0001:0001ef00       _ItemParse_special         4001ff00 f   ui_shared.obj
 0001:0001ef20       _ItemParse_elementtype     4001ff20 f   ui_shared.obj
 0001:0001ef60       _ItemParse_columns         4001ff60 f   ui_shared.obj
 0001:0001f020       _ItemParse_border          40020020 f   ui_shared.obj
 0001:0001f020       _MenuParse_border          40020020 f   ui_shared.obj
 0001:0001f040       _ItemParse_bordersize      40020040 f   ui_shared.obj
 0001:0001f040       _MenuParse_borderSize      40020040 f   ui_shared.obj
 0001:0001f060       _ItemParse_visible         40020060 f   ui_shared.obj
 0001:0001f060       _MenuParse_visible         40020060 f   ui_shared.obj
 0001:0001f0a0       _ItemParse_ownerdraw       400200a0 f   ui_shared.obj
 0001:0001f0d0       _ItemParse_isCharacter     400200d0 f   ui_shared.obj
 0001:0001f120       _ItemParse_textalign       40020120 f   ui_shared.obj
 0001:0001f160       _ItemParse_textaligny      40020160 f   ui_shared.obj
 0001:0001f180       _ItemParse_textscale       40020180 f   ui_shared.obj
 0001:0001f1a0       _ItemParse_textstyle       400201a0 f   ui_shared.obj
 0001:0001f1c0       _ItemParse_invertyesno     400201c0 f   ui_shared.obj
 0001:0001f1e0       _ItemParse_xoffset         400201e0 f   ui_shared.obj
 0001:0001f200       _ItemParse_backcolor       40020200 f   ui_shared.obj
 0001:0001f2b0       _ItemParse_bordercolor     400202b0 f   ui_shared.obj
 0001:0001f370       _ItemParse_doubleClick     40020370 f   ui_shared.obj
 0001:0001f3b0       _ItemParse_onFocus         400203b0 f   ui_shared.obj
 0001:0001f3d0       _ItemParse_leaveFocus      400203d0 f   ui_shared.obj
 0001:0001f3f0       _ItemParse_mouseEnter      400203f0 f   ui_shared.obj
 0001:0001f410       _ItemParse_mouseExit       40020410 f   ui_shared.obj
 0001:0001f430       _ItemParse_mouseEnterText  40020430 f   ui_shared.obj
 0001:0001f450       _ItemParse_mouseExitText   40020450 f   ui_shared.obj
 0001:0001f470       _ItemParse_action          40020470 f   ui_shared.obj
 0001:0001f490       _ItemParse_cvarTest        40020490 f   ui_shared.obj
 0001:0001f4b0       _ItemParse_cvar            400204b0 f   ui_shared.obj
 0001:0001f530       _ItemParse_font            40020530 f   ui_shared.obj
 0001:0001f560       _ItemParse_maxChars        40020560 f   ui_shared.obj
 0001:0001f5b0       _ItemParse_maxPaintChars   400205b0 f   ui_shared.obj
 0001:0001f600       _ItemParse_maxLineChars    40020600 f   ui_shared.obj
 0001:0001f650       _ItemParse_lineHeight      40020650 f   ui_shared.obj
 0001:0001f6a0       _ItemParse_cvarInt         400206a0 f   ui_shared.obj
 0001:0001f730       _ItemParse_cvarFloat       40020730 f   ui_shared.obj
 0001:0001f7a0       _ItemParse_cvarStrList     400207a0 f   ui_shared.obj
 0001:0001f9e0       _ItemParse_cvarFloatList   400209e0 f   ui_shared.obj
 0001:0001fad0       _ItemParse_addColorRange   40020ad0 f   ui_shared.obj
 0001:0001fb50       _ItemParse_enableCvar      40020b50 f   ui_shared.obj
 0001:0001fb90       _ItemParse_disableCvar     40020b90 f   ui_shared.obj
 0001:0001fbd0       _ItemParse_showCvar        40020bd0 f   ui_shared.obj
 0001:0001fc10       _ItemParse_hideCvar        40020c10 f   ui_shared.obj
 0001:0001fc50       _ItemParse_cvarSubString   40020c50 f   ui_shared.obj
 0001:0001fc70       _ItemParse_Appearance_slot 40020c70 f   ui_shared.obj
 0001:0001fc90       _ItemParse_isSaber         40020c90 f   ui_shared.obj
 0001:0001fd00       _ItemParse_isSaber2        40020d00 f   ui_shared.obj
 0001:0001fd70       _MenuParse_font            40020d70 f   ui_shared.obj
 0001:0001fdd0       _MenuParse_name            40020dd0 f   ui_shared.obj
 0001:0001fe10       _MenuParse_fullscreen      40020e10 f   ui_shared.obj
 0001:0001fe30       _MenuParse_rect            40020e30 f   ui_shared.obj
 0001:0001fe90       _MenuParse_style           40020e90 f   ui_shared.obj
 0001:0001fed0       _MenuParse_onOpen          40020ed0 f   ui_shared.obj
 0001:0001fef0       _MenuParse_onClose         40020ef0 f   ui_shared.obj
 0001:0001ff10       _MenuParse_onAccept        40020f10 f   ui_shared.obj
 0001:0001ff30       _MenuParse_onESC           40020f30 f   ui_shared.obj
 0001:0001ff50       _MenuParse_backcolor       40020f50 f   ui_shared.obj
 0001:00020000       _MenuParse_descAlignment   40021000 f   ui_shared.obj
 0001:00020040       _BindingIDFromName         40021040 f   ui_shared.obj
 0001:00020080       _Controls_GetConfig        40021080 f   ui_shared.obj
 0001:00020130       _Controls_SetConfig        40021130 f   ui_shared.obj
 0001:00020180       _Display_CacheAll          40021180 f   ui_shared.obj
 0001:00020390       _Display_KeyBindPending    40021390 f   ui_shared.obj
 0001:000203a0       _Display_MouseMove         400213a0 f   ui_shared.obj
 0001:000204a0       _Float_Parse               400214a0 f   ui_shared.obj
 0001:000204e0       _GradientBar_Paint         400214e0 f   ui_shared.obj
 0001:00020530       _Init_Display              40021530 f   ui_shared.obj
 0001:00020540       _Int_Parse                 40021540 f   ui_shared.obj
 0001:00020580       _ItemParse_asset_model_go  40021580 f   ui_shared.obj
 0001:000207f0       _ItemParse_model_g2anim_go 400217f0 f   ui_shared.obj
 0001:00020870       _ItemParse_model_g2skin_go 40021870 f   ui_shared.obj
 0001:000208e0       _Item_Bind_HandleKey       400218e0 f   ui_shared.obj
 0001:00020ba0       _Item_Bind_Paint           40021ba0 f   ui_shared.obj
 0001:00020f70       _Item_EnableShowViaCvar    40021f70 f   ui_shared.obj
 0001:000210d0       _Item_HandleKey            400220d0 f   ui_shared.obj
 0001:00021540       _Item_ListBox_HandleKey    40022540 f   ui_shared.obj
 0001:000219d0       _Item_ListBox_MaxScroll    400229d0 f   ui_shared.obj
 0001:00021a40       _Item_ListBox_MouseEnter   40022a40 f   ui_shared.obj
 0001:00021c30       _Item_ListBox_OverLB       40022c30 f   ui_shared.obj
 0001:00022040       _Item_ListBox_Paint        40023040 f   ui_shared.obj
 0001:00022ed0       _Item_ListBox_ThumbDrawPosition 40023ed0 f   ui_shared.obj
 0001:00022fb0       _Item_ListBox_ThumbPosition 40023fb0 f   ui_shared.obj
 0001:000230f0       _Item_Model_Paint          400240f0 f   ui_shared.obj
 0001:00023880       _Item_MouseEnter           40024880 f   ui_shared.obj
 0001:00023a40       _Item_Multi_HandleKey      40024a40 f   ui_shared.obj
 0001:00023cb0       _Item_Multi_Paint          40024cb0 f   ui_shared.obj
 0001:00023f70       _Item_OwnerDraw_Paint      40024f70 f   ui_shared.obj
 0001:000243f0       _Item_Paint                400253f0 f   ui_shared.obj
 0001:00024df0       _Item_RunScript            40025df0 f   ui_shared.obj
 0001:00024ed0       _Item_SetFocus             40025ed0 f   ui_shared.obj
 0001:00025000       _Item_SetScreenCoords      40026000 f   ui_shared.obj
 0001:00025090       _Item_SetTextExtents       40026090 f   ui_shared.obj
 0001:000252d0       _Item_Slider_ThumbPosition 400262d0 f   ui_shared.obj
 0001:00025380       _Item_StartCapture         40026380 f   ui_shared.obj
 0001:00025630       _Item_TextColor            40026630 f   ui_shared.obj
 0001:00025870       _Item_TextField_HandleKey  40026870 f   ui_shared.obj
 0001:00025d00       _Item_TextField_Paint      40026d00 f   ui_shared.obj
 0001:00026560       _Item_TextScroll_HandleKey 40027560 f   ui_shared.obj
 0001:000266f0       _Item_TextScroll_OverLB    400276f0 f   ui_shared.obj
 0001:000268d0       _Item_TextScroll_Paint     400278d0 f   ui_shared.obj
 0001:00026be0       _Item_TextScroll_ThumbDrawPosition 40027be0 f   ui_shared.obj
 0001:00026d90       _Item_Text_AutoWrapped_Paint 40027d90 f   ui_shared.obj
 0001:00027020       _Item_Text_Paint           40028020 f   ui_shared.obj
 0001:00027390       _Item_ValidateTypeData     40028390 f   ui_shared.obj
 0001:000274a0       _Item_YesNo_Paint          400284a0 f   ui_shared.obj
 0001:000276d0       _KeywordHash_Key           400286d0 f   ui_shared.obj
 0001:00027720       _Leaving_EditField         40028720 f   ui_shared.obj
 0001:00027750       _LerpColor                 40028750 f   ui_shared.obj
 0001:00027830       _Menu_ClearFocus           40028830 f   ui_shared.obj
 0001:00027980       _Menu_Count                40028980 f   ui_shared.obj
 0001:00027990       _Menu_FindItemByName       40028990 f   ui_shared.obj
 0001:000279f0       _Menu_GetFocused           400289f0 f   ui_shared.obj
 0001:00027a30       _Menu_GetMatchingItemByNumber 40028a30 f   ui_shared.obj
 0001:00027ab0       _Menu_HandleKey            40028ab0 f   ui_shared.obj
 0001:000280d0       _Menu_HandleMouseMove      400290d0 f   ui_shared.obj
 0001:000282f0       _Menu_ItemDisable          400292f0 f   ui_shared.obj
 0001:00028340       _Menu_ItemsMatchingGroup   40029340 f   ui_shared.obj
 0001:000283c0       _Menu_New                  400293c0 f   ui_shared.obj
 0001:000285b0       _Menu_Paint                400295b0 f   ui_shared.obj
 0001:00028760       _Menu_PaintAll             40029760 f   ui_shared.obj
 0001:00028a00       _Menu_Reset                40029a00 f   ui_shared.obj
 0001:00028a10       _Menu_SetFeederSelection   40029a10 f   ui_shared.obj
 0001:00028ae0       _Menu_SetItemBackground    40029ae0 f   ui_shared.obj
 0001:00028b40       _Menu_SetItemText          40029b40 f   ui_shared.obj
 0001:000291d0       _Menu_SetNextCursorItem    4002a1d0 f   ui_shared.obj
 0001:000292c0       _Menu_SetPrevCursorItem    4002a2c0 f   ui_shared.obj
 0001:000293b0       _Menu_ShowGroup            4002a3b0 f   ui_shared.obj
 0001:00029420       _Menu_ShowItemByName       4002a420 f   ui_shared.obj
 0001:000294a0       _Menu_TransitionItemByName 4002a4a0 f   ui_shared.obj
 0001:000295b0       _Menu_UpdatePosition       4002a5b0 f   ui_shared.obj
 0001:000296b0       _Menus_Activate            4002a6b0 f   ui_shared.obj
 0001:00029720       _Menus_ActivateByName      4002a720 f   ui_shared.obj
 0001:00029840       _Menus_AnyFullScreenVisible 4002a840 f   ui_shared.obj
 0001:00029870       _Menus_CloseAll            4002a870 f   ui_shared.obj
 0001:000298f0       _Menus_CloseByName         4002a8f0 f   ui_shared.obj
 0001:00029970       _Menus_FindByName          4002a970 f   ui_shared.obj
 0001:000299c0       _Menus_HandleOOBClick      4002a9c0 f   ui_shared.obj
 0001:00029d10       _Menus_OpenByName          4002ad10 f   ui_shared.obj
 0001:00029e30       _PC_Color_Parse            4002ae30 f   ui_shared.obj
 0001:00029ed0       _PC_Float_Parse            4002aed0 f   ui_shared.obj
 0001:00029f70       _PC_Int_Parse              4002af70 f   ui_shared.obj
 0001:0002a000       _PC_Script_Parse           4002b000 f   ui_shared.obj
 0001:0002a240       _PC_SourceError            4002b240 f   ui_shared.obj
 0001:0002a2b0       _PC_String_Parse           4002b2b0 f   ui_shared.obj
 0001:0002a320       _Rect_Parse                4002b320 f   ui_shared.obj
 0001:0002a940       _String_Alloc              4002b940 f   ui_shared.obj
 0001:0002aa90       _String_Init               4002ba90 f   ui_shared.obj
 0001:0002ac30       _String_Parse              4002bc30 f   ui_shared.obj
 0001:0002ac70       _String_Report             4002bc70 f   ui_shared.obj
 0001:0002ad00       _UI_Alloc                  4002bd00 f   ui_shared.obj
 0001:0002ad60       _UI_CleanupGhoul2          4002bd60 f   ui_shared.obj
 0001:0002ada0       _UI_InitMemory             4002bda0 f   ui_shared.obj
 0001:0002adc0       _UI_OutOfMemory            4002bdc0 f   ui_shared.obj
 0001:0002add0       _Window_Paint              4002bdd0 f   ui_shared.obj
 0001:0002b2c0       _dllEntry                  4002c2c0 f   ui_syscalls.obj
 0001:0002b2d0       _trap_AnyLanguage_ReadCharFromString 4002c2d0 f   ui_syscalls.obj
 0001:0002b2f0       _trap_Argc                 4002c2f0 f   ui_syscalls.obj
 0001:0002b300       _trap_Argv                 4002c300 f   ui_syscalls.obj
 0001:0002b320       _trap_CIN_DrawCinematic    4002c320 f   ui_syscalls.obj
 0001:0002b340       _trap_CIN_PlayCinematic    4002c340 f   ui_syscalls.obj
 0001:0002b370       _trap_CIN_RunCinematic     4002c370 f   ui_syscalls.obj
 0001:0002b390       _trap_CIN_SetExtents       4002c390 f   ui_syscalls.obj
 0001:0002b3b0       _trap_CIN_StopCinematic    4002c3b0 f   ui_syscalls.obj
 0001:0002b3d0       _trap_Cmd_ExecuteText      4002c3d0 f   ui_syscalls.obj
 0001:0002b3f0       _trap_Cvar_Register        4002c3f0 f   ui_syscalls.obj
 0001:0002b410       _trap_Cvar_Set             4002c410 f   ui_syscalls.obj
 0001:0002b430       _trap_Cvar_SetValue        4002c430 f   ui_syscalls.obj
 0001:0002b450       _trap_Cvar_Update          4002c450 f   ui_syscalls.obj
 0001:0002b470       _trap_Cvar_VariableStringBuffer 4002c470 f   ui_syscalls.obj
 0001:0002b490       _trap_Cvar_VariableValue   4002c490 f   ui_syscalls.obj
 0001:0002b4b0       _trap_Error                4002c4b0 f   ui_syscalls.obj
 0001:0002b4d0       _trap_FS_FCloseFile        4002c4d0 f   ui_syscalls.obj
 0001:0002b4f0       _trap_FS_FOpenFile         4002c4f0 f   ui_syscalls.obj
 0001:0002b510       _trap_FS_GetFileList       4002c510 f   ui_syscalls.obj
 0001:0002b530       _trap_FS_Read              4002c530 f   ui_syscalls.obj
 0001:0002b550       _trap_FS_Write             4002c550 f   ui_syscalls.obj
 0001:0002b570       _trap_G2API_AddBolt        4002c570 f   ui_syscalls.obj
 0001:0002b590       _trap_G2API_AttachG2Model  4002c590 f   ui_syscalls.obj
 0001:0002b5c0       _trap_G2API_CleanGhoul2Models 4002c5c0 f   ui_syscalls.obj
 0001:0002b5e0       _trap_G2API_GetBoltMatrix  4002c5e0 f   ui_syscalls.obj
 0001:0002b610       _trap_G2API_GetGLAName     4002c610 f   ui_syscalls.obj
 0001:0002b630       _trap_G2API_HasGhoul2ModelOnIndex 4002c630 f   ui_syscalls.obj
 0001:0002b650       _trap_G2API_InitGhoul2Model 4002c650 f   ui_syscalls.obj
 0001:0002b680       _trap_G2API_RemoveGhoul2Model 4002c680 f   ui_syscalls.obj
 0001:0002b6a0       _trap_G2API_SetBoneAnim    4002c6a0 f   ui_syscalls.obj
 0001:0002b6f0       _trap_G2API_SetSkin        4002c6f0 f   ui_syscalls.obj
 0001:0002b710       _trap_G2API_SetTime        4002c710 f   ui_syscalls.obj
 0001:0002b730       _trap_G2_HaveWeGhoul2Models 4002c730 f   ui_syscalls.obj
 0001:0002b750       _trap_GetClientState       4002c750 f   ui_syscalls.obj
 0001:0002b770       _trap_GetConfigString      4002c770 f   ui_syscalls.obj
 0001:0002b790       _trap_GetGlconfig          4002c790 f   ui_syscalls.obj
 0001:0002b7b0       _trap_GetLanguageName      4002c7b0 f   ui_syscalls.obj
 0001:0002b7d0       _trap_Key_ClearStates      4002c7d0 f   ui_syscalls.obj
 0001:0002b7e0       _trap_Key_GetBindingBuf    4002c7e0 f   ui_syscalls.obj
 0001:0002b800       _trap_Key_GetCatcher       4002c800 f   ui_syscalls.obj
 0001:0002b810       _trap_Key_GetOverstrikeMode 4002c810 f   ui_syscalls.obj
 0001:0002b820       _trap_Key_KeynumToStringBuf 4002c820 f   ui_syscalls.obj
 0001:0002b840       _trap_Key_SetBinding       4002c840 f   ui_syscalls.obj
 0001:0002b860       _trap_Key_SetCatcher       4002c860 f   ui_syscalls.obj
 0001:0002b880       _trap_Key_SetOverstrikeMode 4002c880 f   ui_syscalls.obj
 0001:0002b8a0       _trap_LAN_AddServer        4002c8a0 f   ui_syscalls.obj
 0001:0002b8c0       _trap_LAN_CompareServers   4002c8c0 f   ui_syscalls.obj
 0001:0002b8e0       _trap_LAN_GetServerAddressString 4002c8e0 f   ui_syscalls.obj
 0001:0002b900       _trap_LAN_GetServerCount   4002c900 f   ui_syscalls.obj
 0001:0002b920       _trap_LAN_GetServerInfo    4002c920 f   ui_syscalls.obj
 0001:0002b940       _trap_LAN_GetServerPing    4002c940 f   ui_syscalls.obj
 0001:0002b960       _trap_LAN_LoadCachedServers 4002c960 f   ui_syscalls.obj
 0001:0002b970       _trap_LAN_MarkServerVisible 4002c970 f   ui_syscalls.obj
 0001:0002b990       _trap_LAN_RemoveServer     4002c990 f   ui_syscalls.obj
 0001:0002b9b0       _trap_LAN_ResetPings       4002c9b0 f   ui_syscalls.obj
 0001:0002b9d0       _trap_LAN_SaveCachedServers 4002c9d0 f   ui_syscalls.obj
 0001:0002b9e0       _trap_LAN_ServerIsVisible  4002c9e0 f   ui_syscalls.obj
 0001:0002ba00       _trap_LAN_ServerStatus     4002ca00 f   ui_syscalls.obj
 0001:0002ba20       _trap_LAN_UpdateVisiblePings 4002ca20 f   ui_syscalls.obj
 0001:0002ba40       _trap_Language_IsAsian     4002ca40 f   ui_syscalls.obj
 0001:0002ba50       _trap_Language_UsesSpaces  4002ca50 f   ui_syscalls.obj
 0001:0002ba60       _trap_Milliseconds         4002ca60 f   ui_syscalls.obj
 0001:0002ba70       _trap_PC_FreeSource        4002ca70 f   ui_syscalls.obj
 0001:0002ba90       _trap_PC_LoadGlobalDefines 4002ca90 f   ui_syscalls.obj
 0001:0002bab0       _trap_PC_LoadSource        4002cab0 f   ui_syscalls.obj
 0001:0002bad0       _trap_PC_ReadToken         4002cad0 f   ui_syscalls.obj
 0001:0002baf0       _trap_PC_RemoveAllGlobalDefines 4002caf0 f   ui_syscalls.obj
 0001:0002bb00       _trap_PC_SourceFileAndLine 4002cb00 f   ui_syscalls.obj
 0001:0002bb20       _trap_Print                4002cb20 f   ui_syscalls.obj
 0001:0002bb40       _trap_R_AddRefEntityToScene 4002cb40 f   ui_syscalls.obj
 0001:0002bb60       _trap_R_ClearScene         4002cb60 f   ui_syscalls.obj
 0001:0002bb70       _trap_R_DrawStretchPic     4002cb70 f   ui_syscalls.obj
 0001:0002bbf0       _trap_R_Font_DrawString    4002cbf0 f   ui_syscalls.obj
 0001:0002bc20       _trap_R_Font_HeightPixels  4002cc20 f   ui_syscalls.obj
 0001:0002bc40       _trap_R_Font_StrLenChars   4002cc40 f   ui_syscalls.obj
 0001:0002bc60       _trap_R_Font_StrLenPixels  4002cc60 f   ui_syscalls.obj
 0001:0002bc90       _trap_R_ModelBounds        4002cc90 f   ui_syscalls.obj
 0001:0002bcb0       _trap_R_RegisterFont       4002ccb0 f   ui_syscalls.obj
 0001:0002bcd0       _trap_R_RegisterModel      4002ccd0 f   ui_syscalls.obj
 0001:0002bcf0       _trap_R_RegisterShaderNoMip 4002ccf0 f   ui_syscalls.obj
 0001:0002bd50       _trap_R_RegisterSkin       4002cd50 f   ui_syscalls.obj
 0001:0002bd70       _trap_R_RenderScene        4002cd70 f   ui_syscalls.obj
 0001:0002bd90       _trap_R_SetColor           4002cd90 f   ui_syscalls.obj
 0001:0002bdb0       _trap_R_ShaderNameFromIndex 4002cdb0 f   ui_syscalls.obj
 0001:0002bdd0       _trap_RealTime             4002cdd0 f   ui_syscalls.obj
 0001:0002bdf0       _trap_SP_GetNumLanguages   4002cdf0 f   ui_syscalls.obj
 0001:0002be00       _trap_SP_GetStringTextString 4002ce00 f   ui_syscalls.obj
 0001:0002be20       _trap_S_RegisterSound      4002ce20 f   ui_syscalls.obj
 0001:0002be40       _trap_S_StartBackgroundTrack 4002ce40 f   ui_syscalls.obj
 0001:0002be60       _trap_S_StartLocalSound    4002ce60 f   ui_syscalls.obj
 0001:0002be80       _trap_S_StopBackgroundTrack 4002ce80 f   ui_syscalls.obj
 0001:0002be90       __alloca_probe             4002ce90 f   LIBCMT:chkstk.obj
 0001:0002be90       __chkstk                   4002ce90 f   LIBCMT:chkstk.obj
 0001:0002bec0       __ftol2_sse                4002cec0 f   LIBCMT:ftol2.obj
 0001:0002bed0       __ftoi2                    4002ced0 f   LIBCMT:ftol2.obj
 0001:0002c29a       __DllMainCRTStartup@12     4002d29a f   LIBCMT:dll_dllmain.obj
 0001:0002c2bd       ___isa_available_init      4002d2bd f   LIBCMT:cpu_disp.obj
 0001:0002c624       ___security_init_cookie    4002d624 f   LIBCMT:gs_support.obj
 0001:0002c66f       _DllMain@12                4002d66f f   LIBCMT:dll_dllmain_stub.obj
 0001:0002c675       ?__scrt_initialize_type_info@@YAXXZ 4002d675 f   LIBCMT:tncleanup.obj
 0001:0002c681       ?__scrt_uninitialize_type_info@@YAXXZ 4002d681 f   LIBCMT:tncleanup.obj
 0001:0002c68d       ___scrt_initialize_default_local_stdio_options 4002d68d f   LIBCMT:default_local_stdio_options.obj
 0001:0002c6ec       ___scrt_acquire_startup_lock 4002d6ec f   LIBCMT:utility.obj
 0001:0002c71e       ___scrt_dllmain_after_initialize_c 4002d71e f   LIBCMT:utility.obj
 0001:0002c749       ___scrt_dllmain_before_initialize_c 4002d749 f   LIBCMT:utility.obj
 0001:0002c757       ___scrt_dllmain_crt_thread_attach 4002d757 f   LIBCMT:utility.obj
 0001:0002c776       ___scrt_dllmain_crt_thread_detach 4002d776 f   LIBCMT:utility.obj
 0001:0002c783       ___scrt_dllmain_exception_filter 4002d783 f   LIBCMT:utility.obj
 0001:0002c7b7       ___scrt_dllmain_uninitialize_c 4002d7b7 f   LIBCMT:utility.obj
 0001:0002c7da       ___scrt_dllmain_uninitialize_critical 4002d7da f   LIBCMT:utility.obj
 0001:0002c7e7       ___scrt_initialize_crt     4002d7e7 f   LIBCMT:utility.obj
 0001:0002c820       ___scrt_initialize_onexit_tables 4002d820 f   LIBCMT:utility.obj
 0001:0002c8a7       ___scrt_is_nonwritable_in_current_image 4002d8a7 f   LIBCMT:utility.obj
 0001:0002c93e       ___scrt_release_startup_lock 4002d93e f   LIBCMT:utility.obj
 0001:0002c95b       ___scrt_uninitialize_crt   4002d95b f   LIBCMT:utility.obj
 0001:0002c983       ___scrt_get_dyn_tls_init_callback 4002d983 f   LIBCMT:dyn_tls_init.obj
 0001:0002c989       ___scrt_fastfail           4002d989 f   LIBCMT:utility_desktop.obj
 0001:0002ca9e       __crt_debugger_hook        4002da9e f   LIBCMT:utility_desktop.obj
 0001:0002caa9       __RTC_Initialize           4002daa9 f   LIBCMT:initsect.obj
 0001:0002cad5       __RTC_Terminate            4002dad5 f   LIBCMT:initsect.obj
 0001:0002cb10       __SEH_prolog4              4002db10 f   LIBCMT:sehprolg4.obj
 0001:0002cb55       __get_startup_argv_mode    4002db55 f   LIBCMT:argv_mode.obj
 0001:0002cb59       ___scrt_is_ucrt_dll_in_use 4002db59 f   LIBCMT:ucrt_detection.obj
 0001:0002cb65       @__security_check_cookie@4 4002db65 f   LIBCMT:secchk.obj
 0001:0002cb73       ___raise_securityfailure   4002db73 f   LIBCMT:gs_report.obj
 0001:0002cb9b       ___report_gsfailure        4002db9b f   LIBCMT:gs_report.obj
 0001:0002cca0       _memset                    4002dca0 f   libvcruntime:memset.obj
 0001:0002ce00       _strchr                    4002de00 f   libvcruntime:strchr.obj
 0001:0002ce6e       ___from_strstr_to_strchr   4002de6e     libvcruntime:strchr.obj
 0001:0002cf30       _memcpy                    4002df30 f   libvcruntime:memcpy.obj
 0001:0002cf30       _memmove                   4002df30 f   libvcruntime:memmove.obj
 0001:0002d4b0       _strstr                    4002e4b0 f   libvcruntime:strstr.obj
 0001:0002d720       _strrchr                   4002e720 f   libvcruntime:strrchr.obj
 0001:0002d8a0       __except_handler4          4002e8a0 f   libvcruntime:chandler4.obj
 0001:0002d9fe       ___std_type_info_compare   4002e9fe f   libvcruntime:std_type_info.obj
 0001:0002da3a       ___std_type_info_destroy_list 4002ea3a f   libvcruntime:std_type_info.obj
 0001:0002da5d       ___vcrt_initialize         4002ea5d f   libvcruntime:initialization.obj
 0001:0002da7c       ___vcrt_thread_attach      4002ea7c f   libvcruntime:initialization.obj
 0001:0002da87       ___vcrt_thread_detach      4002ea87 f   libvcruntime:initialization.obj
 0001:0002da8f       ___vcrt_uninitialize       4002ea8f f   libvcruntime:initialization.obj
 0001:0002daa6       ___vcrt_uninitialize_critical 4002eaa6 f   libvcruntime:initialization.obj
 0001:0002daae       ___DestructExceptionObject 4002eaae f   libvcruntime:ehhelpers.obj
 0001:0002db56       ?_CallMemberFunction0@@YGXQAX0@Z 4002eb56 f i libvcruntime:ehhelpers.obj
 0001:0002dbbb       __IsExceptionObjectToBeDestroyed 4002ebbb f   libvcruntime:ehhelpers.obj
 0001:0002dbe1       ___AdjustPointer           4002ebe1 f   libvcruntime:ehhelpers.obj
 0001:0002dc06       ___FrameUnwindFilter       4002ec06 f   libvcruntime:ehhelpers.obj
 0001:0002dc5c       ___std_terminate           4002ec5c f   libvcruntime:ehhelpers.obj
 0001:0002dc70       __local_unwind4            4002ec70 f   libvcruntime:exsup4.obj
 0001:0002dd60       @_EH4_CallFilterFunc@8     4002ed60 f   libvcruntime:exsup4.obj
 0001:0002dd80       @_EH4_TransferToHandler@8  4002ed80 f   libvcruntime:exsup4.obj
 0001:0002dda0       @_EH4_GlobalUnwind2@8      4002eda0 f   libvcruntime:exsup4.obj
 0001:0002ddc0       @_EH4_LocalUnwind@16       4002edc0 f   libvcruntime:exsup4.obj
 0001:0002ddd7       ___except_validate_context_record 4002edd7 f   libvcruntime:jbcxrval.obj
 0001:0002de07       ___vcrt_freefls@4          4002ee07 f   libvcruntime:per_thread_data.obj
 0001:0002de23       ___vcrt_freeptd_for_this_thread 4002ee23 f   libvcruntime:per_thread_data.obj
 0001:0002de4e       ___vcrt_getptd             4002ee4e f   libvcruntime:per_thread_data.obj
 0001:0002de5c       ___vcrt_getptd_noexit      4002ee5c f   libvcruntime:per_thread_data.obj
 0001:0002deee       ___vcrt_initialize_ptd     4002eeee f   libvcruntime:per_thread_data.obj
 0001:0002df21       ___vcrt_uninitialize_ptd   4002ef21 f   libvcruntime:per_thread_data.obj
 0001:0002df3f       ___vcrt_initialize_locks   4002ef3f f   libvcruntime:locks.obj
 0001:0002df7b       ___vcrt_uninitialize_locks 4002ef7b f   libvcruntime:locks.obj
 0001:0002dfb0       __NLG_Notify1              4002efb0 f   libvcruntime:exsup.obj
 0001:0002dfc0       __NLG_Notify               4002efc0 f   libvcruntime:exsup.obj
 0001:0002dfd7       __NLG_Dispatch             4002efd7     libvcruntime:exsup.obj
 0001:0002dfd7       __NLG_Dispatch2            4002efd7     libvcruntime:exsup.obj
 0001:0002dfe0       __NLG_Call                 4002efe0 f   libvcruntime:exsup.obj
 0001:0002dfe2       __NLG_Return2              4002efe2     libvcruntime:exsup.obj
 0001:0002dfe3       ?GetRangeOfTrysToCheck@__FrameHandler3@@SA?AU?$pair@Viterator@TryBlockMap@__FrameHandler3@@V123@@std@@AAVTryBlockMap@1@HPAXPBU_s_FuncInfo@@H@Z 4002efe3 f   libvcruntime:trnsctrl.obj
 0001:0002e052       ?_CallCatchBlock2@@YAPAXPAUEHRegistrationNode@@PBU_s_FuncInfo@@PAXHK@Z 4002f052 f   libvcruntime:trnsctrl.obj
 0001:0002e0b2       ?_CallSETranslator@@YAHPAUEHExceptionRecord@@PAUEHRegistrationNode@@PAX2PBU_s_FuncInfo@@H1@Z 4002f0b2 f   libvcruntime:trnsctrl.obj
 0001:0002e1b1       ?_JumpToContinuation@@YGXPAXPAUEHRegistrationNode@@@Z 4002f1b1 f   libvcruntime:trnsctrl.obj
 0001:0002e1e1       ?_UnwindNestedFrames@@YGXPAUEHRegistrationNode@@PAUEHExceptionRecord@@@Z 4002f1e1 f   libvcruntime:trnsctrl.obj
 0001:0002e235       __CatchGuardHandler        4002f235 f   libvcruntime:trnsctrl.obj
 0001:0002e266       __CreateFrameInfo          4002f266 f   libvcruntime:trnsctrl.obj
 0001:0002e28a       __FindAndUnlinkFrame       4002f28a f   libvcruntime:trnsctrl.obj
 0001:0002e2d2       __TranslatorGuardHandler   4002f2d2 f   libvcruntime:trnsctrl.obj
 0001:0002e371       ___CxxFrameHandler3        4002f371 f   libvcruntime:trnsctrl.obj
 0001:0002e492       ___vcrt_FlsAlloc           4002f492 f   libvcruntime:winapi_downlevel.obj
 0001:0002e4cd       ___vcrt_FlsFree            4002f4cd f   libvcruntime:winapi_downlevel.obj
 0001:0002e508       ___vcrt_FlsGetValue        4002f508 f   libvcruntime:winapi_downlevel.obj
 0001:0002e543       ___vcrt_FlsSetValue        4002f543 f   libvcruntime:winapi_downlevel.obj
 0001:0002e581       ___vcrt_InitializeCriticalSectionEx 4002f581 f   libvcruntime:winapi_downlevel.obj
 0001:0002ecfc       ??$TypeMatchHelper@V__FrameHandler3@@@@YAHPBU_s_HandlerType@@PBU_s_CatchableType@@PBU_s_ThrowInfo@@@Z 4002fcfc f i libvcruntime:frame.obj
 0001:0002ed8a       ??$__InternalCxxFrameHandler@V__FrameHandler3@@@@YA?AW4_EXCEPTION_DISPOSITION@@PAUEHExceptionRecord@@PAUEHRegistrationNode@@PAU_CONTEXT@@PAXPBU_s_FuncInfo@@H1E@Z 4002fd8a f i libvcruntime:frame.obj
 0001:0002ee8c       ??$__InternalCxxFrameHandlerWrapper@V__FrameHandler3@@@@YA?AW4_EXCEPTION_DISPOSITION@@PAUEHExceptionRecord@@PAUEHRegistrationNode@@PAU_CONTEXT@@PAXPBU_s_FuncInfo@@H1E@Z 4002fe8c f i libvcruntime:frame.obj
 0001:0002ee95       ??0bad_exception@std@@QAE@ABV01@@Z 4002fe95 f i libvcruntime:frame.obj
 0001:0002eeb0       ??0bad_exception@std@@QAE@XZ 4002feb0 f i libvcruntime:frame.obj
 0001:0002eece       ??0exception@std@@QAE@ABV01@@Z 4002fece f i libvcruntime:frame.obj
 0001:0002ef00       ??1bad_exception@std@@UAE@XZ 4002ff00 f i libvcruntime:frame.obj
 0001:0002ef11       ??8type_info@@QBE_NABV0@@Z 4002ff11 f i libvcruntime:frame.obj
 0001:0002ef30       ??_Ebad_exception@std@@UAEPAXI@Z 4002ff30 f i libvcruntime:frame.obj
 0001:0002ef30       ??_Eexception@std@@UAEPAXI@Z 4002ff30 f i libvcruntime:frame.obj
 0001:0002ef30       ??_Gbad_exception@std@@UAEPAXI@Z 4002ff30 f i libvcruntime:frame.obj
 0001:0002ef30       ??_Gexception@std@@UAEPAXI@Z 4002ff30 f i libvcruntime:frame.obj
 0001:0002f1b8       ?FrameUnwindToEmptyState@__FrameHandler3@@SAXPAUEHRegistrationNode@@PAXPBU_s_FuncInfo@@@Z 400301b8 f   libvcruntime:frame.obj
 0001:0002f1d0       ?FrameUnwindToState@__FrameHandler3@@SAXPAUEHRegistrationNode@@PAXPBU_s_FuncInfo@@H@Z 400301d0 f   libvcruntime:frame.obj
 0001:0002f358       ?_CallMemberFunction1@@YGXQAX00@Z 40030358 f i libvcruntime:frame.obj
 0001:0002f368       ?_CallMemberFunction2@@YGXQAX00H@Z 40030368 f i libvcruntime:frame.obj
 0001:0002f37b       ?getESTypes@__FrameHandler3@@SAPBU_s_ESTypeList@@PBU_s_FuncInfo@@@Z 4003037b f i libvcruntime:frame.obj
 0001:0002f386       ?what@exception@std@@UBEPBDXZ 40030386 f i libvcruntime:frame.obj
 0001:0002f3a0       __CallSettingFrame@12      400303a0 f   libvcruntime:lowhelpr.obj
 0001:0002f3c7       __NLG_Return               400303c7     libvcruntime:lowhelpr.obj
 0001:0002f3ec       _unexpected                400303ec f   libvcruntime:unexpected.obj
 0001:0002f409       ?GetCurrentState@__FrameHandler3@@SAHPAUEHRegistrationNode@@PAXPBU_s_FuncInfo@@@Z 40030409 f   libvcruntime:ehstate.obj
 0001:0002f426       ?SetState@__FrameHandler3@@SAXPAUEHRegistrationNode@@PBU_s_FuncInfo@@H@Z 40030426 f   libvcruntime:ehstate.obj
 0001:0002f434       ___std_exception_copy      40030434 f   libvcruntime:std_exception.obj
 0001:0002f497       ___std_exception_destroy   40030497 f   libvcruntime:std_exception.obj
 0001:0002f4b9       __CxxThrowException@8      400304b9 f   libvcruntime:throw.obj
 0001:0002f526       ??$is_overflow_condition@K@__crt_strtox@@YA_NIK@Z 40030526 f i libucrt:atox.obj
 0001:0002f55a       ??$is_overflow_condition@_K@__crt_strtox@@YA_NI_K@Z 4003055a f i libucrt:atox.obj
 0001:0002f59b       ??$parse_integer@KV?$c_string_character_source@D@__crt_strtox@@$00@__crt_strtox@@YAKAAV__crt_cached_ptd_host@@V?$c_string_character_source@D@0@H_N@Z 4003059b f i libucrt:atox.obj
 0001:0002f7e6       ??$parse_integer@_KV?$c_string_character_source@D@__crt_strtox@@$00@__crt_strtox@@YA_KAAV__crt_cached_ptd_host@@V?$c_string_character_source@D@0@H_N@Z 400307e6 f i libucrt:atox.obj
 0001:0002faa0       ??0__crt_cached_ptd_host@@QAE@QAU__crt_locale_pointers@@@Z 40030aa0 f i libucrt:atox.obj
 0001:0002fb00       ??1__crt_cached_ptd_host@@QAE@XZ 40030b00 f i libucrt:atox.obj
 0001:0002fb40       ?force_synchronize_per_thread_data@__crt_cached_ptd_host@@AAEPAU__acrt_ptd@@XZ 40030b40 f i libucrt:atox.obj
 0001:0002fb90       ?get_raw_ptd@__crt_cached_ptd_host@@QAEPAU__acrt_ptd@@XZ 40030b90 f i libucrt:atox.obj
 0001:0002fbec       ?unget@?$c_string_character_source@D@__crt_strtox@@QAEXD@Z 40030bec f i libucrt:atox.obj
 0001:0002fc20       ?update_locale_slow@__crt_cached_ptd_host@@AAEXXZ 40030c20 f i libucrt:atox.obj
 0001:0002fc7b       ?validate@?$c_string_character_source@D@__crt_strtox@@QBE_NXZ 40030c7b f i libucrt:atox.obj
 0001:0002fc96       ___acrt_locale_get_ctype_array_value 40030c96 f i libucrt:atox.obj
 0001:0002fcb8       __ischartype_l             40030cb8 f i libucrt:atox.obj
 0001:0002fd0f       _atoi                      40030d0f f   libucrt:atox.obj
 0001:0002fd50       __CIatan2                  40030d50 f   libucrt:87ctriga.obj
 0001:0002fd60       __libm_sse2_cos_precise    40030d60 f   libucrt:cos_sse2_precise.obj
 0001:0002ff20       __libm_sse2_sin_precise    40030f20 f   libucrt:sin_sse2_precise.obj
 0001:000300e8       ??$assemble_floating_point_snan@N@__crt_strtox@@YAX_NAAN@Z 400310e8 f i libucrt:atof.obj
 0001:00030109       ??$assemble_floating_point_value_t@M@__crt_strtox@@YA?AW4SLD_STATUS@@_NH_KAAM@Z 40031109 f i libucrt:atof.obj
 0001:00030148       ??$assemble_floating_point_value_t@N@__crt_strtox@@YA?AW4SLD_STATUS@@_NH_KAAN@Z 40031148 f i libucrt:atof.obj
 0001:000301fb       ??$convert_decimal_string_to_floating_type@M@__crt_strtox@@YA?AW4SLD_STATUS@@ABUfloating_point_string@0@AAM@Z 400311fb f i libucrt:atof.obj
 0001:0003021c       ??$convert_decimal_string_to_floating_type@N@__crt_strtox@@YA?AW4SLD_STATUS@@ABUfloating_point_string@0@AAN@Z 4003121c f i libucrt:atof.obj
 0001:0003023d       ??$convert_hexadecimal_string_to_floating_type@M@__crt_strtox@@YA?AW4SLD_STATUS@@ABUfloating_point_string@0@AAM@Z 4003123d f i libucrt:atof.obj
 0001:0003025e       ??$convert_hexadecimal_string_to_floating_type@N@__crt_strtox@@YA?AW4SLD_STATUS@@ABUfloating_point_string@0@AAN@Z 4003125e f i libucrt:atof.obj
 0001:0003027f       ??$parse_floating_point@V?$c_string_character_source@D@__crt_strtox@@N@__crt_strtox@@YA?AW4SLD_STATUS@@QAU__crt_locale_pointers@@V?$c_string_character_source@D@0@QAN@Z 4003127f f i libucrt:atof.obj
 0001:000302ff       ??$parse_floating_point_from_source@V?$c_string_character_source@D@__crt_strtox@@@__crt_strtox@@YA?AW4floating_point_parse_result@0@QAU__crt_locale_pointers@@AAV?$c_string_character_source@D@0@AAUfloating_point_string@0@@Z 400312ff f i libucrt:atof.obj
 0001:00030727       ??$parse_floating_point_possible_infinity@DV?$c_string_character_source@D@__crt_strtox@@PBD@__crt_strtox@@YA?AW4floating_point_parse_result@0@AADAAV?$c_string_character_source@D@0@PBD@Z 40031727 f i libucrt:atof.obj
 0001:000307d9       ??$parse_floating_point_possible_nan@DV?$c_string_character_source@D@__crt_strtox@@PBD@__crt_strtox@@YA?AW4floating_point_parse_result@0@AADAAV?$c_string_character_source@D@0@PBD@Z 400317d9 f i libucrt:atof.obj
 0001:000308dd       ??$parse_floating_point_possible_nan_is_ind@DV?$c_string_character_source@D@__crt_strtox@@@__crt_strtox@@YA_NAADAAV?$c_string_character_source@D@0@@Z 400318dd f i libucrt:atof.obj
 0001:00030919       ??$parse_floating_point_possible_nan_is_snan@DV?$c_string_character_source@D@__crt_strtox@@@__crt_strtox@@YA_NAADAAV?$c_string_character_source@D@0@@Z 40031919 f i libucrt:atof.obj
 0001:00030955       ??$parse_floating_point_write_result@M@__crt_strtox@@YA?AW4SLD_STATUS@@W4floating_point_parse_result@0@ABUfloating_point_string@0@QAM@Z 40031955 f i libucrt:atof.obj
 0001:00030a9d       ??$parse_floating_point_write_result@N@__crt_strtox@@YA?AW4SLD_STATUS@@W4floating_point_parse_result@0@ABUfloating_point_string@0@QAN@Z 40031a9d f i libucrt:atof.obj
 0001:00030bc1       ??0_LocaleUpdate@@QAE@QAU__crt_locale_pointers@@@Z 40031bc1 f i libucrt:atof.obj
 0001:00030c43       ??R<lambda_32aa245da1b5b882fa96db788295c8b2>@@QBE@XZ 40031c43 f i libucrt:atof.obj
 0001:00030c43       ??R<lambda_690cf26ff5d754c94c32cf642e9f01bc>@@QBE@XZ 40031c43 f i libucrt:atof.obj
 0001:00030c43       ??R<lambda_e51f7abad2595a5950d3223319845217>@@QBE@XZ 40031c43 f i libucrt:atof.obj
 0001:00030c69       ?as_double@floating_point_value@__crt_strtox@@QBEAANXZ 40031c69 f i libucrt:atof.obj
 0001:00030c8e       ?as_float@floating_point_value@__crt_strtox@@QBEAAMXZ 40031c8e f i libucrt:atof.obj
 0001:00030cb3       ?assemble_floating_point_infinity@__crt_strtox@@YAX_NABVfloating_point_value@1@@Z 40031cb3 f i libucrt:atof.obj
 0001:00030cf3       ?assemble_floating_point_value@__crt_strtox@@YA?AW4SLD_STATUS@@_KH_N1ABVfloating_point_value@1@@Z 40031cf3 f i libucrt:atof.obj
 0001:0003108c       ?assemble_floating_point_value_from_big_integer@__crt_strtox@@YA?AW4SLD_STATUS@@ABUbig_integer@1@I_N1ABVfloating_point_value@1@@Z 4003208c f i libucrt:atof.obj
 0001:00031229       ?assemble_floating_point_zero@__crt_strtox@@YAX_NABVfloating_point_value@1@@Z 40032229 f i libucrt:atof.obj
 0001:0003125e       ?convert_decimal_string_to_floating_type_common@__crt_strtox@@YA?AW4SLD_STATUS@@ABUfloating_point_string@1@ABVfloating_point_value@1@@Z 4003225e f i libucrt:atof.obj
 0001:00032f5d       ?convert_hexadecimal_string_to_floating_type_common@__crt_strtox@@YA?AW4SLD_STATUS@@ABUfloating_point_string@1@ABVfloating_point_value@1@@Z 40033f5d f i libucrt:atof.obj
 0001:0003300e       ?denormal_mantissa_mask@floating_point_value@__crt_strtox@@QBE_KXZ 4003400e f i libucrt:atof.obj
 0001:00033030       ?divide@__crt_strtox@@YA_KAAUbig_integer@1@ABU21@@Z 40034030 f i libucrt:atof.obj
 0001:00033507       ?normal_mantissa_mask@floating_point_value@__crt_strtox@@QBE_KXZ 40034507 f i libucrt:atof.obj
 0001:0003351e       _atof                      4003451e f   libucrt:atof.obj
 0001:000335c0       __CIfmod                   400345c0 f   libucrt:87fmod_impl.obj
 0001:000335d0       __fFMOD                    400345d0 f   libucrt:87fmod_impl.obj
 0001:000335e0       __libm_sse2_acos_precise   400345e0 f   libucrt:acos_sse2_precise.obj
 0001:00033b00       __libm_sse2_sqrt_precise   40034b00 f   libucrt:sqrt_sse2_precise.obj
 0001:00033d74       ??$count@D@formatting_buffer@__crt_stdio_output@@QBEIXZ 40034d74 f i libucrt:output.obj
 0001:00033d8c       ??$ensure_buffer_is_big_enough@D@formatting_buffer@__crt_stdio_output@@QAE_NIAAV__crt_cached_ptd_host@@@Z 40034d8c f i libucrt:output.obj
 0001:00033e0c       ??$is_wide_character_specifier@D@__crt_stdio_output@@YA_N_KDW4length_modifier@0@@Z 40034e0c f i libucrt:output.obj
 0001:00033e3d       ??$make_c_string_character_source@DPAPAD@__crt_strtox@@YA?AV?$c_string_character_source@D@0@QBDQAPAD@Z 40034e3d f i libucrt:output.obj
 0001:00033e58       ??$parse_integer@KV?$c_string_character_source@D@__crt_strtox@@$0A@@__crt_strtox@@YAKAAV__crt_cached_ptd_host@@V?$c_string_character_source@D@0@H_N@Z 40034e58 f i libucrt:output.obj
 0001:0003406b       ??$scratch_data@D@formatting_buffer@__crt_stdio_output@@QAEPADXZ 4003506b f i libucrt:output.obj
 0001:00034089       ??$type_case_integer@$07@?$output_processor@DV?$string_output_adapter@D@__crt_stdio_output@@V?$standard_base@DV?$string_output_adapter@D@__crt_stdio_output@@@2@@__crt_stdio_output@@AAE_N_N@Z 40035089 f i libucrt:output.obj
 0001:00034216       ??$type_case_integer@$09@?$output_processor@DV?$string_output_adapter@D@__crt_stdio_output@@V?$standard_base@DV?$string_output_adapter@D@__crt_stdio_output@@@2@@__crt_stdio_output@@AAE_N_N@Z 40035216 f i libucrt:output.obj
 0001:000343a3       ??$type_case_integer@$0BA@@?$output_processor@DV?$string_output_adapter@D@__crt_stdio_output@@V?$standard_base@DV?$string_output_adapter@D@__crt_stdio_output@@@2@@__crt_stdio_output@@AAE_N_N@Z 400353a3 f i libucrt:output.obj
 0001:00034530       ??$type_case_integer_parse_into_buffer@I$07@?$output_processor@DV?$string_output_adapter@D@__crt_stdio_output@@V?$standard_base@DV?$string_output_adapter@D@__crt_stdio_output@@@2@@__crt_stdio_output@@AAEXI_N@Z 40035530 f i libucrt:output.obj
 0001:00034592       ??$type_case_integer_parse_into_buffer@I$09@?$output_processor@DV?$string_output_adapter@D@__crt_stdio_output@@V?$standard_base@DV?$string_output_adapter@D@__crt_stdio_output@@@2@@__crt_stdio_output@@AAEXI_N@Z 40035592 f i libucrt:output.obj
 0001:00034611       ??$type_case_integer_parse_into_buffer@I$0BA@@?$output_processor@DV?$string_output_adapter@D@__crt_stdio_output@@V?$standard_base@DV?$string_output_adapter@D@__crt_stdio_output@@@2@@__crt_stdio_output@@AAEXI_N@Z 40035611 f i libucrt:output.obj
 0001:0003468d       ??$type_case_integer_parse_into_buffer@_K$07@?$output_processor@DV?$string_output_adapter@D@__crt_stdio_output@@V?$standard_base@DV?$string_output_adapter@D@__crt_stdio_output@@@2@@__crt_stdio_output@@AAEX_K_N@Z 4003568d f i libucrt:output.obj
 0001:00034701       ??$type_case_integer_parse_into_buffer@_K$09@?$output_processor@DV?$string_output_adapter@D@__crt_stdio_output@@V?$standard_base@DV?$string_output_adapter@D@__crt_stdio_output@@@2@@__crt_stdio_output@@AAEX_K_N@Z 40035701 f i libucrt:output.obj
 0001:00034793       ??$type_case_integer_parse_into_buffer@_K$0BA@@?$output_processor@DV?$string_output_adapter@D@__crt_stdio_output@@V?$standard_base@DV?$string_output_adapter@D@__crt_stdio_output@@@2@@__crt_stdio_output@@AAEX_K_N@Z 40035793 f i libucrt:output.obj
 0001:00034819       ??0?$output_adapter_data@DV?$string_output_adapter@D@__crt_stdio_output@@@__crt_stdio_output@@IAE@ABV?$string_output_adapter@D@1@_KQBDAAV__crt_cached_ptd_host@@QAD@Z 40035819 f i libucrt:output.obj
 0001:00034880       ??1formatting_buffer@__crt_stdio_output@@QAE@XZ 40035880 f i libucrt:output.obj
 0001:0003489a       ??4?$__crt_unique_heap_ptr@DU__crt_internal_free_policy@@@@QAEAAV0@$$QAV0@@Z 4003589a f i libucrt:output.obj
 0001:000348be       ?crop_zeroes@__crt_stdio_output@@YAXPADQAU__crt_locale_pointers@@@Z 400358be f i libucrt:output.obj
 0001:00034928       ?find_next_state@?$output_processor@DV?$string_output_adapter@D@__crt_stdio_output@@V?$standard_base@DV?$string_output_adapter@D@__crt_stdio_output@@@2@@__crt_stdio_output@@ABE?AW4state@2@DW432@@Z 40035928 f i libucrt:output.obj
 0001:00034963       ?force_decimal_point@__crt_stdio_output@@YAXPADQAU__crt_locale_pointers@@@Z 40035963 f i libucrt:output.obj
 0001:000349c5       ?parse_int_from_format_string@?$output_processor@DV?$string_output_adapter@D@__crt_stdio_output@@V?$standard_base@DV?$string_output_adapter@D@__crt_stdio_output@@@2@@__crt_stdio_output@@AAE_NQAH@Z 400359c5 f i libucrt:output.obj
 0001:00034a3d       ?process@?$output_processor@DV?$string_output_adapter@D@__crt_stdio_output@@V?$standard_base@DV?$string_output_adapter@D@__crt_stdio_output@@@2@@__crt_stdio_output@@QAEHXZ 40035a3d f i libucrt:output.obj
 0001:00034d11       ?state_case_size@?$output_processor@DV?$string_output_adapter@D@__crt_stdio_output@@V?$standard_base@DV?$string_output_adapter@D@__crt_stdio_output@@@2@@__crt_stdio_output@@AAE_NXZ 40035d11 f i libucrt:output.obj
 0001:00034e6a       ?state_case_type@?$output_processor@DV?$string_output_adapter@D@__crt_stdio_output@@V?$standard_base@DV?$string_output_adapter@D@__crt_stdio_output@@@2@@__crt_stdio_output@@AAE_NXZ 40035e6a f i libucrt:output.obj
 0001:000352a9       ?to_integer_size@__crt_stdio_output@@YAIW4length_modifier@1@@Z 400362a9 f i libucrt:output.obj
 0001:000352fd       ?type_case_Z@?$output_processor@DV?$string_output_adapter@D@__crt_stdio_output@@V?$standard_base@DV?$string_output_adapter@D@__crt_stdio_output@@@2@@__crt_stdio_output@@AAE_NXZ 400362fd f i libucrt:output.obj
 0001:00035370       ?type_case_a@?$output_processor@DV?$string_output_adapter@D@__crt_stdio_output@@V?$standard_base@DV?$string_output_adapter@D@__crt_stdio_output@@@2@@__crt_stdio_output@@AAE_NXZ 40036370 f i libucrt:output.obj
 0001:00035527       ?type_case_c_tchar@?$output_processor@DV?$string_output_adapter@D@__crt_stdio_output@@V?$standard_base@DV?$string_output_adapter@D@__crt_stdio_output@@@2@@__crt_stdio_output@@AAE_ND@Z 40036527 f i libucrt:output.obj
 0001:000355b3       ?type_case_n@?$output_processor@DV?$string_output_adapter@D@__crt_stdio_output@@V?$standard_base@DV?$string_output_adapter@D@__crt_stdio_output@@@2@@__crt_stdio_output@@AAE_NXZ 400365b3 f i libucrt:output.obj
 0001:00035638       ?type_case_o@?$output_processor@DV?$string_output_adapter@D@__crt_stdio_output@@V?$standard_base@DV?$string_output_adapter@D@__crt_stdio_output@@@2@@__crt_stdio_output@@AAE_NXZ 40036638 f i libucrt:output.obj
 0001:00035655       ?type_case_p@?$output_processor@DV?$string_output_adapter@D@__crt_stdio_output@@V?$standard_base@DV?$string_output_adapter@D@__crt_stdio_output@@@2@@__crt_stdio_output@@AAE_NXZ 40036655 f i libucrt:output.obj
 0001:0003566b       ?type_case_s@?$output_processor@DV?$string_output_adapter@D@__crt_stdio_output@@V?$standard_base@DV?$string_output_adapter@D@__crt_stdio_output@@@2@@__crt_stdio_output@@AAE_NXZ 4003666b f i libucrt:output.obj
 0001:000356de       ?validate@?$string_output_adapter@D@__crt_stdio_output@@QBE_NAAV__crt_cached_ptd_host@@@Z 400366de f i libucrt:output.obj
 0001:0003570f       ?write_string@?$string_output_adapter@D@__crt_stdio_output@@QBEXQBDHQAHAAV__crt_cached_ptd_host@@@Z 4003670f f i libucrt:output.obj
 0001:0003577e       ___stdio_common_vsprintf   4003677e f   libucrt:output.obj
 0001:000357c0       _strncpy                   400367c0 f   libucrt:strncpy.obj
 0001:000358f0       _free                      400368f0 f   libucrt:free.obj
 0001:00035900       _malloc                    40036900 f   libucrt:malloc.obj
 0001:0003590b       __tolower_l                4003690b f   libucrt:tolower_toupper.obj
 0001:00035a09       __toupper_l                40036a09 f   libucrt:tolower_toupper.obj
 0001:00035b07       _tolower                   40036b07 f   libucrt:tolower_toupper.obj
 0001:00035b37       _toupper                   40036b37 f   libucrt:tolower_toupper.obj
 0001:00035c1b       ??$make_input_adapter_character_source@V?$string_input_adapter@D@__crt_stdio_input@@@__crt_strtox@@YA?AV?$input_adapter_character_source@V?$string_input_adapter@D@__crt_stdio_input@@@0@QAV?$string_input_adapter@D@__crt_stdio_input@@_KQA_N@Z 40036c1b f i libucrt:input.obj
 0001:00035c39       ??$parse_floating_point@V?$input_adapter_character_source@V?$string_input_adapter@D@__crt_stdio_input@@@__crt_strtox@@M@__crt_strtox@@YA?AW4SLD_STATUS@@QAU__crt_locale_pointers@@V?$input_adapter_character_source@V?$string_input_adapter@D@__crt_stdio_input@@@0@QAM@Z 40036c39 f i libucrt:input.obj
 0001:00035cc3       ??$parse_floating_point@V?$input_adapter_character_source@V?$string_input_adapter@D@__crt_stdio_input@@@__crt_strtox@@N@__crt_strtox@@YA?AW4SLD_STATUS@@QAU__crt_locale_pointers@@V?$input_adapter_character_source@V?$string_input_adapter@D@__crt_stdio_input@@@0@QAN@Z 40036cc3 f i libucrt:input.obj
 0001:00035d4d       ??$parse_floating_point_from_source@V?$input_adapter_character_source@V?$string_input_adapter@D@__crt_stdio_input@@@__crt_strtox@@@__crt_strtox@@YA?AW4floating_point_parse_result@0@QAU__crt_locale_pointers@@AAV?$input_adapter_character_source@V?$string_input_adapter@D@__crt_stdio_input@@@0@AAUfloating_point_string@0@@Z 40036d4d f i libucrt:input.obj
 0001:000361ba       ??$parse_floating_point_possible_infinity@DV?$input_adapter_character_source@V?$string_input_adapter@D@__crt_stdio_input@@@__crt_strtox@@_K@__crt_strtox@@YA?AW4floating_point_parse_result@0@AADAAV?$input_adapter_character_source@V?$string_input_adapter@D@__crt_stdio_input@@@0@_K@Z 400371ba f i libucrt:input.obj
 0001:00036275       ??$parse_floating_point_possible_nan@DV?$input_adapter_character_source@V?$string_input_adapter@D@__crt_stdio_input@@@__crt_strtox@@_K@__crt_strtox@@YA?AW4floating_point_parse_result@0@AADAAV?$input_adapter_character_source@V?$string_input_adapter@D@__crt_stdio_input@@@0@_K@Z 40037275 f i libucrt:input.obj
 0001:0003637d       ??$parse_floating_point_possible_nan_is_ind@DV?$input_adapter_character_source@V?$string_input_adapter@D@__crt_stdio_input@@@__crt_strtox@@@__crt_strtox@@YA_NAADAAV?$input_adapter_character_source@V?$string_input_adapter@D@__crt_stdio_input@@@0@@Z 4003737d f i libucrt:input.obj
 0001:000363b7       ??$parse_floating_point_possible_nan_is_snan@DV?$input_adapter_character_source@V?$string_input_adapter@D@__crt_stdio_input@@@__crt_strtox@@@__crt_strtox@@YA_NAADAAV?$input_adapter_character_source@V?$string_input_adapter@D@__crt_stdio_input@@@0@@Z 400373b7 f i libucrt:input.obj
 0001:000363f1       ??$parse_integer@_KV?$input_adapter_character_source@V?$string_input_adapter@D@__crt_stdio_input@@@__crt_strtox@@$00@__crt_strtox@@YA_KAAV__crt_cached_ptd_host@@V?$input_adapter_character_source@V?$string_input_adapter@D@__crt_stdio_input@@@0@H_N@Z 400373f1 f i libucrt:input.obj
 0001:000366e5       ??$parse_integer@_KV?$input_adapter_character_source@V?$string_input_adapter@D@__crt_stdio_input@@@__crt_strtox@@@__crt_strtox@@YA_KQAU__crt_locale_pointers@@V?$input_adapter_character_source@V?$string_input_adapter@D@__crt_stdio_input@@@0@H_N@Z 400376e5 f i libucrt:input.obj
 0001:00036741       ??$process_floating_point_specifier_t@M@?$input_processor@DV?$string_input_adapter@D@__crt_stdio_input@@@__crt_stdio_input@@AAE_NXZ 40037741 f i libucrt:input.obj
 0001:000367a9       ??$process_floating_point_specifier_t@N@?$input_processor@DV?$string_input_adapter@D@__crt_stdio_input@@@__crt_stdio_input@@AAE_NXZ 400377a9 f i libucrt:input.obj
 0001:00036815       ??$process_string_specifier_tchar@D@?$input_processor@DV?$string_input_adapter@D@__crt_stdio_input@@@__crt_stdio_input@@AAE_NW4conversion_mode@1@D@Z 40037815 f i libucrt:input.obj
 0001:00036981       ??$process_string_specifier_tchar@_W@?$input_processor@DV?$string_input_adapter@D@__crt_stdio_input@@@__crt_stdio_input@@AAE_NW4conversion_mode@1@_W@Z 40037981 f i libucrt:input.obj
 0001:00036af9       ??$skip_whitespace@Vstring_input_adapter@__crt_stdio_input@@D@__crt_stdio_input@@YAHAAV?$string_input_adapter@D@0@QAU__crt_locale_pointers@@@Z 40037af9 f i libucrt:input.obj
 0001:00036b28       ??$write_floating_point@M@?$input_processor@DV?$string_input_adapter@D@__crt_stdio_input@@@__crt_stdio_input@@AAE_NABM@Z 40037b28 f i libucrt:input.obj
 0001:00036b5d       ??$write_floating_point@N@?$input_processor@DV?$string_input_adapter@D@__crt_stdio_input@@@__crt_stdio_input@@AAE_NABN@Z 40037b5d f i libucrt:input.obj
 0001:00036b98       ??0?$format_string_parser@D@__crt_stdio_input@@QAE@_KQBE@Z 40037b98 f i libucrt:input.obj
 0001:00036be2       ??0?$input_adapter_character_source@V?$string_input_adapter@D@__crt_stdio_input@@@__crt_strtox@@QAE@$$QAV01@@Z 40037be2 f i libucrt:input.obj
 0001:00036c1f       ??0?$input_adapter_character_source@V?$string_input_adapter@D@__crt_stdio_input@@@__crt_strtox@@QAE@QAV?$string_input_adapter@D@__crt_stdio_input@@_KQA_N@Z 40037c1f f i libucrt:input.obj
 0001:00036c50       ??0?$input_processor@DV?$string_input_adapter@D@__crt_stdio_input@@@__crt_stdio_input@@QAE@ABV?$string_input_adapter@D@1@_KQBDQAU__crt_locale_pointers@@QAD@Z 40037c50 f i libucrt:input.obj
 0001:00036c94       ??R<lambda_644f8ab42ed3fd1d660977a2364b3a7d>@@QBE@XZ 40037c94 f i libucrt:input.obj
 0001:00036c94       ??R<lambda_f1fa4c266c18b246f3ed9c36247dab4f>@@QBE@XZ 40037c94 f i libucrt:input.obj
 0001:00036c94       ??R<lambda_f765c90ab33e8386abf09c0f079d37e9>@@QBE@XZ 40037c94 f i libucrt:input.obj
 0001:00036cbe       ?advance@?$format_string_parser@D@__crt_stdio_input@@QAE_NXZ 40037cbe f i libucrt:input.obj
 0001:00036dd6       ?get@?$input_adapter_character_source@V?$string_input_adapter@D@__crt_stdio_input@@@__crt_strtox@@QAEDXZ 40037dd6 f i libucrt:input.obj
 0001:00036e17       ?get@?$string_input_adapter@D@__crt_stdio_input@@QAEHXZ 40037e17 f i libucrt:input.obj
 0001:00036e2d       ?is_character_allowed_in_string@?$input_processor@DV?$string_input_adapter@D@__crt_stdio_input@@@__crt_stdio_input@@ABE_NW4conversion_mode@2@H@Z 40037e2d f i libucrt:input.obj
 0001:00036e7d       ?length@?$format_string_parser@D@__crt_stdio_input@@QBEIXZ 40037e7d f i libucrt:input.obj
 0001:00036ecb       ?process@?$input_processor@DV?$string_input_adapter@D@__crt_stdio_input@@@__crt_stdio_input@@QAEHXZ 40037ecb f i libucrt:input.obj
 0001:00036f50       ?process_character_count_specifier@?$input_processor@DV?$string_input_adapter@D@__crt_stdio_input@@@__crt_stdio_input@@AAE_NXZ 40037f50 f i libucrt:input.obj
 0001:00036f68       ?process_conversion_specifier@?$input_processor@DV?$string_input_adapter@D@__crt_stdio_input@@@__crt_stdio_input@@AAE_NXZ 40037f68 f i libucrt:input.obj
 0001:00036fdc       ?process_floating_point_specifier@?$input_processor@DV?$string_input_adapter@D@__crt_stdio_input@@@__crt_stdio_input@@AAE_NXZ 40037fdc f i libucrt:input.obj
 0001:0003700c       ?process_integer_specifier@?$input_processor@DV?$string_input_adapter@D@__crt_stdio_input@@@__crt_stdio_input@@AAE_NI_N@Z 4003800c f i libucrt:input.obj
 0001:00037071       ?process_literal_character@?$input_processor@DV?$string_input_adapter@D@__crt_stdio_input@@@__crt_stdio_input@@AAE_NXZ 40038071 f i libucrt:input.obj
 0001:000370a7       ?process_literal_character_tchar@?$input_processor@DV?$string_input_adapter@D@__crt_stdio_input@@@__crt_stdio_input@@AAE_ND@Z 400380a7 f i libucrt:input.obj
 0001:000370f5       ?process_state@?$input_processor@DV?$string_input_adapter@D@__crt_stdio_input@@@__crt_stdio_input@@AAE_NXZ 400380f5 f i libucrt:input.obj
 0001:00037137       ?process_string_specifier@?$input_processor@DV?$string_input_adapter@D@__crt_stdio_input@@@__crt_stdio_input@@AAE_NW4conversion_mode@2@@Z 40038137 f i libucrt:input.obj
 0001:0003717f       ?process_whitespace@?$input_processor@DV?$string_input_adapter@D@__crt_stdio_input@@@__crt_stdio_input@@AAE_NXZ 4003817f f i libucrt:input.obj
 0001:0003719c       ?restore_state@?$input_adapter_character_source@V?$string_input_adapter@D@__crt_stdio_input@@@__crt_strtox@@QAE_N_K@Z 4003819c f i libucrt:input.obj
 0001:000371c1       ?scan_conversion_specifier@?$format_string_parser@D@__crt_stdio_input@@AAE_NXZ 400381c1 f i libucrt:input.obj
 0001:0003733d       ?scan_optional_field_width@?$format_string_parser@D@__crt_stdio_input@@AAE_NXZ 4003833d f i libucrt:input.obj
 0001:000373d1       ?scan_optional_length_modifier@?$format_string_parser@D@__crt_stdio_input@@AAEXXZ 400383d1 f i libucrt:input.obj
 0001:000374e6       ?scan_optional_literal_character_trail_bytes_tchar@?$format_string_parser@D@__crt_stdio_input@@AAE_ND@Z 400384e6 f i libucrt:input.obj
 0001:00037538       ?scan_optional_wide_modifier@?$format_string_parser@D@__crt_stdio_input@@AAEXXZ 40038538 f i libucrt:input.obj
 0001:00037556       ?scan_scanset_range@?$format_string_parser@D@__crt_stdio_input@@AAE_NXZ 40038556 f i libucrt:input.obj
 0001:000376a6       ?set@?$scanset_buffer@E@__crt_stdio_input@@QAEXE@Z 400386a6 f i libucrt:input.obj
 0001:000376d1       ?set_wide_for_c_s_or_scanset@?$format_string_parser@D@__crt_stdio_input@@AAEXXZ 400386d1 f i libucrt:input.obj
 0001:000376f2       ?to_floating_point_length@__crt_stdio_input@@YAIW4length_modifier@1@@Z 400386f2 f i libucrt:input.obj
 0001:00037715       ?to_integer_length@__crt_stdio_input@@YAIW4length_modifier@1@@Z 40038715 f i libucrt:input.obj
 0001:00037768       ?unget@?$input_adapter_character_source@V?$string_input_adapter@D@__crt_stdio_input@@@__crt_strtox@@QAEXD@Z 40038768 f i libucrt:input.obj
 0001:000377af       ?unget@?$string_input_adapter@D@__crt_stdio_input@@QAEXH@Z 400387af f i libucrt:input.obj
 0001:000377ce       ?validate@?$format_string_parser@D@__crt_stdio_input@@QBE_NXZ 400387ce f i libucrt:input.obj
 0001:000377ea       ?validate@?$input_adapter_character_source@V?$string_input_adapter@D@__crt_stdio_input@@@__crt_strtox@@QBE_NXZ 400387ea f i libucrt:input.obj
 0001:0003780b       ?validate@?$string_input_adapter@D@__crt_stdio_input@@QAE_NXZ 4003880b f i libucrt:input.obj
 0001:0003782d       ?write_character@?$input_processor@DV?$string_input_adapter@D@__crt_stdio_input@@@__crt_stdio_input@@AAE_NQA_WIAAPA_WAAID@Z 4003882d f i libucrt:input.obj
 0001:0003789a       ?write_integer@?$input_processor@DV?$string_input_adapter@D@__crt_stdio_input@@@__crt_stdio_input@@AAE_N_K@Z 4003889a f i libucrt:input.obj
 0001:00037909       ___stdio_common_vsscanf    40038909 f   libucrt:input.obj
 0001:00037930       _realloc                   40038930 f   libucrt:realloc.obj
 0001:00037940       _qsort                     40038940 f   libucrt:qsort.obj
 0001:00037d80       __ceil_no_sse41            40038d80 f   libucrt:ceil_pentium4.obj
 0001:00037dc0       _ceil                      40038dc0 f   libucrt:ceil_pentium4.obj
 0001:00037de0       __ceil_pentium4            40038de0 f   libucrt:ceil_pentium4.obj
 0001:00037ec0       __floor_no_sse41           40038ec0 f   libucrt:floor_pentium4.obj
 0001:00037f00       _floor                     40038f00 f   libucrt:floor_pentium4.obj
 0001:00037f20       __floor_pentium4           40038f20 f   libucrt:floor_pentium4.obj
 0001:00037fdd       _rand                      40038fdd f   libucrt:rand.obj
 0001:00038094       _strtod                    40039094 f   libucrt:strtod.obj
 0001:000380b0       __libm_sse2_tan_precise    400390b0 f   libucrt:tan_sse2_precise.obj
 0001:00038320       __initterm                 40039320 f   libucrt:initterm.obj
 0001:0003834b       __initterm_e               4003934b f   libucrt:initterm.obj
 0001:00038379       __seh_filter_dll           40039379 f   libucrt:exception_filter.obj
 0001:00038399       __seh_filter_exe           40039399 f   libucrt:exception_filter.obj
 0001:0003852c       ??$__crt_fast_decode_pointer@P6AHI@Z@@YAP6AHI@ZQ6AHI@Z@Z 4003952c f i libucrt:new_handler.obj
 0001:0003852c       ??$__crt_fast_decode_pointer@P6AXH@Z@@YAP6AXH@ZQ6AXH@Z@Z 4003952c f i libucrt:signal.obj
 0001:0003852c       ??$__crt_fast_decode_pointer@P6GXPAXK0@Z@@YAP6GXPAXK0@ZQ6GX0K0@Z@Z 4003952c f i libucrt:exit.obj
 0001:000387df       ___acrt_initialize_thread_local_exit_callback 400397df f   libucrt:exit.obj
 0001:000387ee       __cexit                    400397ee f   libucrt:exit.obj
 0001:000387fd       __exit                     400397fd f   libucrt:exit.obj
 0001:00038813       __is_c_termination_complete 40039813 f   libucrt:exit.obj
 0001:00038ac9       ___acrt_allocate_buffer_for_argv 40039ac9 f   libucrt:argv_parsing.obj
 0001:00038b18       __configure_narrow_argv    40039b18 f   libucrt:argv_parsing.obj
 0001:00038cc7       ___dcrt_uninitialize_environments_nolock 40039cc7 f   libucrt:environment_initialization.obj
 0001:00038d18       __initialize_narrow_environment 40039d18 f   libucrt:environment_initialization.obj
[...]
 0002:0001a9ec       __ehfuncinfo$___acrt_getptd_noexit 400619ec     libucrt:per_thread_data.obj
 0002:0001aa10       __unwindtable$___acrt_freeptd 40061a10     libucrt:per_thread_data.obj
 0002:0001aa10       __unwindtable$___acrt_getptd_head 40061a10     libucrt:per_thread_data.obj
 0002:0001aa10       __unwindtable$___acrt_getptd_noexit_explicit 40061a10     libucrt:per_thread_data.obj
 0002:0001aa10       __unwindtable$__execute_onexit_table 40061a10     libucrt:onexit.obj
 0002:0001aa18       __ehfuncinfo$___acrt_freeptd 40061a18     libucrt:per_thread_data.obj
 0002:0001aa18       __ehfuncinfo$___acrt_getptd_head 40061a18     libucrt:per_thread_data.obj
 0002:0001aa18       __ehfuncinfo$___acrt_getptd_noexit_explicit 40061a18     libucrt:per_thread_data.obj
 0002:0001aa18       __ehfuncinfo$__execute_onexit_table 40061a18     libucrt:onexit.obj
 0002:0001aa40       __sehtable$??$?RV<lambda_69a2805e680e0e292e8ba93315fe43a8>@@AAV<lambda_f03950bc5685219e0bcd2087efbe011e>@@V<lambda_03fcd07e894ec930e3f35da366ca99d6>@@@?$__crt_seh_guarded_call@H@@QAEH$$QAV<lambda_69a2805e680e0e292e8ba93315fe43a8>@@AAV<lambda_f03950bc5685219e0bcd2087efbe011e>@@$$QAV<lambda_03fcd07e894ec930e3f35da366ca99d6>@@@Z 40061a40     libucrt:onexit.obj
 0002:0001aa60       __sehtable$_terminate      40061a60     libucrt:terminate.obj
 0002:0001aa80       __sehtable$??$?RV<lambda_15ade71b0218206bbe3333a0c9b79046>@@AAV<lambda_da44e0f8b0f19ba52fefafb335991732>@@V<lambda_207f2d024fc103971653565357d6cd41>@@@?$__crt_seh_guarded_call@X@@QAEX$$QAV<lambda_15ade71b0218206bbe3333a0c9b79046>@@AAV<lambda_da44e0f8b0f19ba52fefafb335991732>@@$$QAV<lambda_207f2d024fc103971653565357d6cd41>@@@Z 40061a80     libucrt:per_thread_data.obj
 0002:0001aaa0       __sehtable$??$?RV<lambda_a7e850c220f1c8d1e6efeecdedd162c6>@@AAV<lambda_46720907175c18b6c9d2717bc0d2d362>@@V<lambda_9048902d66e8d99359bc9897bbb930a8>@@@?$__crt_seh_guarded_call@X@@QAEX$$QAV<lambda_a7e850c220f1c8d1e6efeecdedd162c6>@@AAV<lambda_46720907175c18b6c9d2717bc0d2d362>@@$$QAV<lambda_9048902d66e8d99359bc9897bbb930a8>@@@Z 40061aa0     libucrt:per_thread_data.obj
 0002:0001aac0       __sehtable$??$?RV<lambda_38edbb1296d33220d7e4dd0ed76b244a>@@AAV<lambda_5ce1d447e08cb34b2473517608e21441>@@V<lambda_fb385d3da700c9147fc39e65dd577a8c>@@@?$__crt_seh_guarded_call@X@@QAEX$$QAV<lambda_38edbb1296d33220d7e4dd0ed76b244a>@@AAV<lambda_5ce1d447e08cb34b2473517608e21441>@@$$QAV<lambda_fb385d3da700c9147fc39e65dd577a8c>@@@Z 40061ac0     libucrt:per_thread_data.obj
 0002:0001aae0       __sehtable$??$?RV<lambda_6affb1475c98b40b75cdec977db92e3c>@@AAV<lambda_b8d4b9c228a6ecc3f80208dbb4b4a104>@@V<lambda_608742c3c92a14382c1684fc64f96c88>@@@?$__crt_seh_guarded_call@X@@QAEX$$QAV<lambda_6affb1475c98b40b75cdec977db92e3c>@@AAV<lambda_b8d4b9c228a6ecc3f80208dbb4b4a104>@@$$QAV<lambda_608742c3c92a14382c1684fc64f96c88>@@@Z 40061ae0     libucrt:per_thread_data.obj
 0002:0001ab00       __sehtable$??$?RV<lambda_e5124f882df8998aaf41531e079ba474>@@AAV<lambda_3e16ef9562a7dcce91392c22ab16ea36>@@V<lambda_e25ca0880e6ef98be67edffd8c599615>@@@?$__crt_seh_guarded_call@X@@QAEX$$QAV<lambda_e5124f882df8998aaf41531e079ba474>@@AAV<lambda_3e16ef9562a7dcce91392c22ab16ea36>@@$$QAV<lambda_e25ca0880e6ef98be67edffd8c599615>@@@Z 40061b00     libucrt:wsetlocale.obj
 0002:0001ab20       __sehtable$___acrt_initialize_lowio 40061b20     libucrt:ioinit.obj
 0002:0001ab40       __sehtable$?update_thread_multibyte_data_internal@@YAPAU__crt_multibyte_data@@QAU__acrt_ptd@@QAPAU1@@Z 40061b40     libucrt:mbctype.obj
 0002:0001ab60       __sehtable$??$?RV<lambda_ceb1ee4838e85a9d631eb091e2fbe199>@@AAV<lambda_ae742caa10f662c28703da3d2ea5e57e>@@V<lambda_cd08b5d6af4937fe54fc07d0c9bf6b37>@@@?$__crt_seh_guarded_call@X@@QAEX$$QAV<lambda_ceb1ee4838e85a9d631eb091e2fbe199>@@AAV<lambda_ae742caa10f662c28703da3d2ea5e57e>@@$$QAV<lambda_cd08b5d6af4937fe54fc07d0c9bf6b37>@@@Z 40061b60     libucrt:mbctype.obj
 0002:0001ab80       __sehtable$__set_new_handler 40061b80     libucrt:new_handler.obj
 0002:0001aba0       __sehtable$__query_new_handler 40061ba0     libucrt:new_handler.obj
 0002:0001abc0       __sehtable$_raise          40061bc0     libucrt:signal.obj
 0002:0001abe0       __sehtable$??$?RV<lambda_cbab9ec6f41b0180b23cc171c22676b0>@@AAV<lambda_44731a7d0e6d81c3e6aa82d741081786>@@V<lambda_4b292cb8dd18144e164572427af410ab>@@@?$__crt_seh_guarded_call@P6AXH@Z@@QAEP6AXH@Z$$QAV<lambda_cbab9ec6f41b0180b23cc171c22676b0>@@AAV<lambda_44731a7d0e6d81c3e6aa82d741081786>@@$$QAV<lambda_4b292cb8dd18144e164572427af410ab>@@@Z 40061be0     libucrt:signal.obj
 0002:0001ac00       __sehtable$??$?RV<lambda_2866be3712abc81a800a822484c830d8>@@AAV<lambda_39ca0ed439415581b5b15c265174cece>@@V<lambda_2b24c74d71094a6cd0cb82e44167d71b>@@@?$__crt_seh_guarded_call@X@@QAEX$$QAV<lambda_2866be3712abc81a800a822484c830d8>@@AAV<lambda_39ca0ed439415581b5b15c265174cece>@@$$QAV<lambda_2b24c74d71094a6cd0cb82e44167d71b>@@@Z 40061c00     libucrt:fflush.obj
 0002:0001ac20       __sehtable$??$?RV<lambda_2cc53f568c5a2bb6f192f930a45d44ea>@@AAV<lambda_ab61a845afdef5b7c387490eaf3616ee>@@V<lambda_c2ffc0b7726aa6be21d5f0026187e748>@@@?$__crt_seh_guarded_call@X@@QAEX$$QAV<lambda_2cc53f568c5a2bb6f192f930a45d44ea>@@AAV<lambda_ab61a845afdef5b7c387490eaf3616ee>@@$$QAV<lambda_c2ffc0b7726aa6be21d5f0026187e748>@@@Z 40061c20     libucrt:fflush.obj
 0002:0001ac40       __sehtable$___acrt_update_thread_locale_data 40061c40     libucrt:locale_refcounting.obj
 0002:0001ac60       __sehtable$__fcloseall     40061c60     libucrt:closeall.obj
 0002:0001ac80       __sehtable$___acrt_lowio_ensure_fh_exists 40061c80     libucrt:osfinfo.obj
 0002:0001aca0       __sehtable$___set_fpsr_sse2 40061ca0     libucrt:fpctrl.obj
 0002:0001acc0       __sehtable$??$?RV<lambda_9e9de3de5fa147e2223d7db92bc10aa6>@@AAV<lambda_38ce7e780aa69e748d6df282ebc68efe>@@V<lambda_8ca6da459f0f6780f1cff60fdc3d00e5>@@@?$__crt_seh_guarded_call@H@@QAEH$$QAV<lambda_9e9de3de5fa147e2223d7db92bc10aa6>@@AAV<lambda_38ce7e780aa69e748d6df282ebc68efe>@@$$QAV<lambda_8ca6da459f0f6780f1cff60fdc3d00e5>@@@Z 40061cc0     libucrt:commit.obj
 0002:0001ace0       __sehtable$__write_internal 40061ce0     libucrt:write.obj
 0002:0001ad00       __sehtable$?_fclose_internal@@YAHQAU_iobuf@@AAV__crt_cached_ptd_host@@@Z 40061d00     libucrt:fclose.obj
 0002:0001ad20       __sehtable$??$?RV<lambda_d422a76eb4c3bf3ad751449ab71a6ea4>@@AAV<lambda_c9ba49e555ba839a7b07aa3fbecb7617>@@V<lambda_9476263c8ee91a25d21c55370bdb50de>@@@?$__crt_seh_guarded_call@H@@QAEH$$QAV<lambda_d422a76eb4c3bf3ad751449ab71a6ea4>@@AAV<lambda_c9ba49e555ba839a7b07aa3fbecb7617>@@$$QAV<lambda_9476263c8ee91a25d21c55370bdb50de>@@@Z 40061d20     libucrt:close.obj
 0002:0001ad40       __sehtable$__IsNonwritableInCurrentImage 40061d40     LIBCMT:pesect.obj
 0002:0001ad60       .edata                     40061d60     uix86.exp
 0002:0001ad88       rgpv                       40061d88     uix86.exp
 0002:0001ad90       rgszName                   40061d90     uix86.exp
 0002:0001ad98       rgwOrd                     40061d98     uix86.exp
 0002:0001ad9c       szName                     40061d9c     uix86.exp
 0002:0001ada6       $N00001                    40061da6     uix86.exp
 0002:0001adaf       $N00002                    40061daf     uix86.exp
 0002:0001b418       .idata$6                   40062418     kernel32:KERNEL32.dll
 0003:00002140       _bg_poolTail               40065140     bg_misc.obj
 0003:0000388c       _holdrand                  4006688c     q_math.obj
 0003:00007638       _datapadMoveData           4006a638     ui_main.obj
 0003:00007c38       _skillLevels               4006ac38     ui_main.obj
 0003:00007c4c       _teamArenaGameTypes        4006ac4c     ui_main.obj
 0003:00007c78       _netnames                  4006ac78     ui_main.obj
 0003:00007c88       _handicapValues            4006ac88     ui_main.obj
 0003:00007cdc       ?lastColumn@?1??UI_FeederItemText@@9@9 4006acdc     ui_main.obj
 0003:00007ce0       _cvarTable                 4006ace0     ui_main.obj
 0003:00008380       _cvarTableSize             4006b380     ui_main.obj
 0003:00008ac0       ?staticNULL@?1??String_Alloc@@9@9 4006bac0     ui_shared.obj
 0003:00008ac4       ?squiggy@?1??PC_String_Parse@@9@9 4006bac4     ui_shared.obj
 0003:00008ac8       _g_bindings                4006bac8     ui_shared.obj
 0003:00009428       _syscall                   4006c428     ui_syscalls.obj
 0003:00009490       ?__vcrt_flsindex@@3KA      4006c490     libvcruntime:per_thread_data.obj
 0003:000094c0       ?errno_no_memory@@3HA      4006c4c0     libucrt:errno.obj
 0003:000094c4       ?doserrno_no_memory@@3KA   4006c4c4     libucrt:errno.obj
 0003:000094c8       ?__acrt_flsindex@@3KA      4006c4c8     libucrt:per_thread_data.obj
 0003:00009870       __mbctypes                 4006c870     libucrt:mbctype.obj
 0003:00009978       __mbcasemaps               4006c978     libucrt:mbctype.obj
 0003:00009a78       ?__rgctypeflag@@3PADA      4006ca78     libucrt:mbctype.obj
 0003:00009a80       ?__rgcode_page_info@@3PAUcode_page_info@@A 4006ca80     libucrt:mbctype.obj
 0003:00009bd0       ?__DAZ_ENABLED@?1??__set_fpsr_sse2@@9@9 4006cbd0     libucrt:fpctrl.obj
 0003:00009ce0       ?__dcrt_lowio_console_output_handle@@3PAXA 4006cce0     libucrt:initcon.obj
 0003:00009d60       _bg_pool                   4006cd60     bg_misc.obj
 0003:00fa9d60       _bg_poolSize               4100cd60     bg_misc.obj
 0003:00fa9d94       ?bops_initialized@?1??BoxOnPlaneSide@@9@9 4100cd94     q_math.obj
 0003:00fa9d98       ?Ljmptab@?1??BoxOnPlaneSide@@9@9 4100cd98     q_math.obj
 0003:00fa9db8       ?sr@?1??AngleVectors@@9@9  4100cdb8     q_math.obj
 0003:00fa9dbc       ?sp@?1??AngleVectors@@9@9  4100cdbc     q_math.obj
 0003:00fa9dc0       ?sy@?1??AngleVectors@@9@9  4100cdc0     q_math.obj
 0003:00fa9dc4       ?cr@?1??AngleVectors@@9@9  4100cdc4     q_math.obj
 0003:00fa9dc8       ?cp@?1??AngleVectors@@9@9  4100cdc8     q_math.obj
 0003:00fa9dcc       ?cy@?1??AngleVectors@@9@9  4100cdcc     q_math.obj
 0003:00fa9dd0       _com_token                 4100cdd0     q_shared.obj
 0003:00faa1d0       _com_parsename             4100d1d0     q_shared.obj
 0003:00faa5d0       _com_lines                 4100d5d0     q_shared.obj
 0003:00faa5d4       ?index@?1??va@@9@9         4100d5d4     q_shared.obj
 0003:00faa5d8       ?string@?1??COM_ParseError@@9@9 4100d5d8     q_shared.obj
 0003:00fab5d8       ?string@?1??COM_ParseWarning@@9@9 4100e5d8     q_shared.obj
 0003:00fac5d8       ?final@?1??Q_StrReplace@@9@9 4100f5d8     q_shared.obj
 0003:00fac9d8       ?temp_buffer@?1??va@@9@9   4100f9d8     q_shared.obj
 0003:00fb46d8       ?string@?1??va@@9@9        410176d8     q_shared.obj
 0003:00fbc3d8       ?value@?1??Info_ValueForKey@@9@9 4101f3d8     q_shared.obj
 0003:00fc03d8       ?valueindex@?1??Info_ValueForKey@@9@9 410233d8     q_shared.obj
 0003:00fc03e8       ?buffer@?1??UI_Argv@@9@9   410233e8     ui_atoms.obj
 0003:00fc07e8       ?buffer@?1??UI_Cvar_VariableString@@9@9 410237e8     ui_atoms.obj
 0003:00fc0c00       _ui_botInfos               41023c00     ui_gameinfo.obj
 0003:00fc2c00       _ui_numArenas              41025c00     ui_gameinfo.obj
 0003:00fc2c08       _ui_arenaInfos             41025c08     ui_gameinfo.obj
 0003:00fc542c       ?cur@?1??siege_Str@@9@9    4102842c     ui_main.obj
 0003:00fc5430       ?strings@?1??siege_Str@@9@9 41028430     ui_main.obj
 0003:01005430       _UIPAFtext                 41068430     ui_main.obj
 0003:01013e90       ?sTemp@?1??GetCRDelineatedString@@9@9 41076e90     ui_main.obj
 0003:01013f90       ?text@?1??UI_GetStringEdString@@9@9 41076f90     ui_main.obj
 0003:01014390       ?index@?1??_UI_Refresh@@9@9 41077390     ui_main.obj
 0003:01014394       ?previousTimes@?1??_UI_Refresh@@9@9 41077394     ui_main.obj
 0003:010143a4       ?numinvisible@?1??UI_BuildServerDisplayList@@9@9 410773a4     ui_main.obj
 0003:010143a8       ?buf@?1??GetMenuBuffer@@9@9 410773a8     ui_main.obj
 0003:010243a8       ?info@?1??UI_CheckPassword@@9@9 410873a8     ui_main.obj
 0003:010247a8       ?numFound@?1??UI_BuildFindPlayerList@@9@9 410877a8     ui_main.obj
 0003:010247ac       ?numTimeOuts@?1??UI_BuildFindPlayerList@@9@9 410877ac     ui_main.obj
 0003:010247b0       ?info@?1??UI_FeederCount@@9@9 410877b0     ui_main.obj
 0003:01024bb0       ?info@?1??UI_FeederItemText@@9@9 41087bb0     ui_main.obj
 0003:01024fb0       ?hostname@?1??UI_FeederItemText@@9@9 41087fb0     ui_main.obj
 0003:010253b0       ?clientBuff@?1??UI_FeederItemText@@9@9 410883b0     ui_main.obj
 0003:010253d0       ?needPass@?1??UI_FeederItemText@@9@9 410883d0     ui_main.obj
 0003:010253f0       ?lastTime@?1??UI_FeederItemText@@9@9 410883f0     ui_main.obj
 0003:010253f4       _lastConnState             410883f4     ui_main.obj
 0003:010253f8       ?info@?1??UI_FeederItemImage@@9@9 410883f8     ui_main.obj
 0003:010257f8       ?info2@?CO@??UI_FeederItemImage@@9@9 410887f8     ui_main.obj
 0003:01025bf8       ?info@?1??UI_FeederSelection@@9@9 41088bf8     ui_main.obj
 0003:01025ff8       _lastLoadingText           41088ff8     ui_main.obj
 0003:01026560       _redSaberGlowShader        41089560     ui_saber.obj
 0003:01026564       _redSaberCoreShader        41089564     ui_saber.obj
 0003:01026568       _orangeSaberGlowShader     41089568     ui_saber.obj
 0003:0102656c       _orangeSaberCoreShader     4108956c     ui_saber.obj
 0003:01026570       _yellowSaberGlowShader     41089570     ui_saber.obj
 0003:01026574       _yellowSaberCoreShader     41089574     ui_saber.obj
 0003:01026578       _greenSaberGlowShader      41089578     ui_saber.obj
 0003:0102657c       _greenSaberCoreShader      4108957c     ui_saber.obj
 0003:01026580       _blueSaberGlowShader       41089580     ui_saber.obj
 0003:01026584       _blueSaberCoreShader       41089584     ui_saber.obj
 0003:01026588       _purpleSaberGlowShader     41089588     ui_saber.obj
 0003:0102658c       _purpleSaberCoreShader     4108958c     ui_saber.obj
 0003:01026590       _cyanSaberGlowShader       41089590     ui_saber.obj
 0003:01026594       _cyanSaberCoreShader       41089594     ui_saber.obj
 0003:01026598       _rgbSaberCoreShader        41089598     ui_saber.obj
 0003:0102659c       _rgbSaberGlowShader        4108959c     ui_saber.obj
 0003:010265a0       _rgbSaberCore2Shader       410895a0     ui_saber.obj
 0003:010265a4       _blackSaberGlowShader      410895a4     ui_saber.obj
 0003:010265bc       _scrollInfo                410895bc     ui_shared.obj
 0003:010265dc       _captureFunc               410895dc     ui_shared.obj
 0003:010265e0       _captureData               410895e0     ui_shared.obj
 0003:010265e4       _itemCapture               410895e4     ui_shared.obj
 0003:010265e8       _g_waitingForKey           410895e8     ui_shared.obj
 0003:010265ec       _g_editingField            410895ec     ui_shared.obj
 0003:010265f0       _g_bindItem                410895f0     ui_shared.obj
 0003:010265f4       _g_editItem                410895f4     ui_shared.obj
 0003:010265f8       _debugMode                 410895f8     ui_shared.obj
 0003:010265fc       _lastListBoxClickTime      410895fc     ui_shared.obj
 0003:01026600       _memoryPool                41089600     ui_shared.obj
 0003:02026600       _allocPoint                42089600     ui_shared.obj
 0003:02026604       _outOfMemory               42089604     ui_shared.obj
 0003:02026608       _strPoolIndex              42089608     ui_shared.obj
 0003:0202660c       _strHandleCount            4208960c     ui_shared.obj
 0003:02026610       _strPool                   42089610     ui_shared.obj
 0003:02086610       _strHandle                 420e9610     ui_shared.obj
 0003:02088610       ?string@?1??PC_SourceWarning@@9@9 420eb610     ui_shared.obj
 0003:02089610       ?string@?1??PC_SourceError@@9@9 420ec610     ui_shared.obj
 0003:0208a610       ?inHandleKey@?9??Menu_HandleKey@@9@9 420ed610     ui_shared.obj
 0003:0208a614       ?__proc_attached@@3HA      420ed614     LIBCMT:dll_dllmain.obj
 0003:0208a638       ?is_initialized_as_dll@@3_NA 420ed638     LIBCMT:utility.obj
 0003:0208a639       ?module_local_atexit_table_initialized@@3_NA 420ed639     LIBCMT:utility.obj
 0003:0208a63c       ?module_local_atexit_table@@3U_onexit_table_t@@A 420ed63c     LIBCMT:utility.obj
 0003:0208a648       ?module_local_at_quick_exit_table@@3U_onexit_table_t@@A 420ed648     LIBCMT:utility.obj
 0003:0208a658       _GS_ExceptionRecord        420ed658     LIBCMT:gs_report.obj
 0003:0208a6a8       _GS_ContextRecord          420ed6a8     LIBCMT:gs_report.obj
 0003:0208a978       ?__vcrt_startup_thread_ptd@@3U__vcrt_ptd@@A 420ed978     libvcruntime:per_thread_data.obj
 0003:0208a9a0       ___vcrt_lock_table         420ed9a0     libvcruntime:locks.obj
 0003:0208a9b8       ___vcrt_locks_initialized  420ed9b8     libvcruntime:locks.obj
 0003:0208a9bc       ?module_handles@@3PAPAUHINSTANCE__@@A 420ed9bc     libvcruntime:winapi_downlevel.obj
 0003:0208a9c8       ?function_pointers@@3PAPAXA 420ed9c8     libvcruntime:winapi_downlevel.obj
 0003:0208a9e0       ?c_termination_complete@@3JA 420ed9e0     libucrt:exit.obj
 0003:0208a9e4       ?thread_local_exit_callback_func@@3P6GXPAXK0@ZA 420ed9e4     libucrt:exit.obj
 0003:0208a9e8       ?c_exit_complete@?1???R<lambda_6e4b09c48022b2350581041d5f6b0c4c>@@QBE@XZ@4_NA 420ed9e8     libucrt:exit.obj
 0003:0208a9f0       ?program_name@?1???$common_configure_argv@D@@YAHW4_crt_argv_mode@@@Z@4PADA 420ed9f0     libucrt:argv_parsing.obj
 0003:0208ab20       ?__acrt_invalid_parameter_handler@@3V?$dual_state_global@P6AXPB_W00II@Z@__crt_state_management@@A 420edb20     libucrt:invalid_parameter.obj
 0003:0208ab30       __pmatherr_set             420edb30     libucrt:libm_error.obj
 0003:0208ab34       ?internal_state@?1??_mbtowc_internal@@9@4U_Mbstatet@@A 420edb34     libucrt:mbtowc.obj
 0003:0208ab3c       ?internal_pst@?1??__mbrtoc32_utf8@__crt_mbstring@@YAIPA_UPBDIPAU_Mbstatet@@AAV__crt_cached_ptd_host@@@Z@4U3@A 420edb3c     libucrt:mbrtoc32.obj
 0003:0208ab44       ?internal_pst@?1??__c16rtomb_utf8@__crt_mbstring@@YAIPAD_SPAU_Mbstatet@@AAV__crt_cached_ptd_host@@@Z@4U3@A 420edb44     libucrt:c16rtomb.obj
 0003:0208ab54       ?enable_percent_n@@3IA     420edb54     libucrt:printf_count_output.obj
 0003:0208ad68       ?__acrt_lock_table@@3PAU_RTL_CRITICAL_SECTION@@A 420edd68     libucrt:locks.obj
 0003:0208aed0       ?__acrt_locks_initialized@@3IA 420eded0     libucrt:locks.obj
 0003:0208aee0       ?fSystemSet@@3HA           420edee0     libucrt:mbctype.obj
 0003:0208aee4       ?initialized@?1??__acrt_initialize_multibyte@@9@4_NA 420edee4     libucrt:mbctype.obj
 0003:0208af00       ?module_handles@@3PAPAUHINSTANCE__@@A 420edf00     libucrt:winapi_thunks.obj
 0003:0208af60       ?__acrt_new_handler@@3V?$dual_state_global@P6AHI@Z@__crt_state_management@@A 420edf60     libucrt:new_handler.obj
 0003:0208af64       ?ctrlc_action@@3V?$dual_state_global@P6AXH@Z@__crt_state_management@@A 420edf64     libucrt:signal.obj
 0003:0208af68       ?ctrlbreak_action@@3V?$dual_state_global@P6AXH@Z@__crt_state_management@@A 420edf68     libucrt:signal.obj
 0003:0208af6c       ?abort_action@@3V?$dual_state_global@P6AXH@Z@__crt_state_management@@A 420edf6c     libucrt:signal.obj
 0003:0208af70       ?term_action@@3V?$dual_state_global@P6AXH@Z@__crt_state_management@@A 420edf70     libucrt:signal.obj
 0003:0208af74       ?user_matherr@@3V?$dual_state_global@P6AHPAU_exception@@@Z@__crt_state_management@@A 420edf74     libucrt:matherr.obj
 0003:0208af84       ?__acrt_global_new_mode@@3V?$dual_state_global@J@__crt_state_management@@A 420edf84     libucrt:new_mode.obj
 0003:0208af88       ?__acrt_app_type@@3W4_crt_app_type@@A 420edf88     libucrt:report_runtime_error.obj
 0004:00000000       ?function_pointers@@3PAPAXA 423b1000     libucrt:winapi_thunks.obj
 0005:00000060       $R000000                   423b2060     * linker generated manifest res *
