 uix86

 Timestamp is 6659f4e6 (Fri May 31 17:03:50 2024)

 Preferred load address is 40000000

 Start         Length     Name                   Class
 0001:00000000 0003fe74H .text$mn                CODE
 0001:0003fe74 00000000H .text$x                 CODE
 0002:00000000 00000104H .idata$5                DATA
 0002:00000104 00000008H .00cfg                  DATA
 0002:0000010c 00000004H .CRT$XCA                DATA
 0002:00000110 00000004H .CRT$XCZ                DATA
 0002:00000114 00000004H .CRT$XIA                DATA
 0002:00000118 0000000cH .CRT$XIC                DATA
 0002:00000124 00000004H .CRT$XIZ                DATA
 0002:00000128 00000004H .CRT$XPA                DATA
 0002:0000012c 00000008H .CRT$XPX                DATA
 0002:00000134 00000004H .CRT$XPXA               DATA
 0002:00000138 00000004H .CRT$XPZ                DATA
 0002:0000013c 00000004H .CRT$XTA                DATA
 0002:00000140 00000010H .CRT$XTZ                DATA
 0002:00000144 00000000H .gfids$y                DATA
 0002:00000150 000191b0H .rdata                  DATA
 0002:00019300 00000000H .rdata$CastGuardVftablesA DATA
 0002:00019300 00000000H .rdata$CastGuardVftablesC DATA
 0002:00019300 00000000H .rdata$r                DATA
 0002:00019300 00000008H .rdata$sxdata           DATA
 0002:00019308 00000098H .rdata$voltmd           DATA
 0002:000193a0 0000027cH .rdata$zzzdbg           DATA
 0002:0001961c 00000004H .rtc$IAA                DATA
 0002:00019620 00000004H .rtc$IZZ                DATA
 0002:00019624 00000004H .rtc$TAA                DATA
 0002:00019628 00000008H .rtc$TZZ                DATA
 0002:00019630 000003f0H .xdata$x                DATA
 0002:00019a20 00000058H .edata                  DATA
 0002:00019a78 00000014H .idata$2                DATA
 0002:00019a8c 00000014H .idata$3                DATA
 0002:00019aa0 00000104H .idata$4                DATA
 0002:00019ba4 000004b4H .idata$6                DATA
 0003:00000000 00009620H .data                   DATA
 0003:00009610 00000000H .data$r                 DATA
 0003:00009610 00000000H .data$rs                DATA
 0003:00009620 005561d0H .bss                    DATA
 0004:00000000 00000060H .rsrc$01                DATA
 0004:00000060 00000180H .rsrc$02                DATA

  Address         Publics by Value              Rva+Base       Lib:Object

 0000:00000000       ___AbsoluteZero            00000000     <absolute>
 0000:00000000       ___arm64x_extra_rfe_table  00000000     <absolute>
 0000:00000000       ___arm64x_extra_rfe_table_size 00000000     <absolute>
 0000:00000000       ___arm64x_native_entrypoint 00000000     <absolute>
 0000:00000000       ___arm64x_redirection_metadata 00000000     <absolute>
 0000:00000000       ___arm64x_redirection_metadata_count 00000000     <absolute>
 0000:00000000       ___dynamic_value_reloc_table 00000000     <absolute>
 0000:00000000       ___enclave_config          00000000     <absolute>
 0000:00000000       ___guard_check_icall_a64n_fptr 00000000     <absolute>
 0000:00000000       ___guard_eh_cont_count     00000000     <absolute>
 0000:00000000       ___guard_eh_cont_table     00000000     <absolute>
 0000:00000000       ___guard_fids_count        00000000     <absolute>
 0000:00000000       ___guard_fids_table        00000000     <absolute>
 0000:00000000       ___guard_iat_count         00000000     <absolute>
 0000:00000000       ___guard_iat_table         00000000     <absolute>
 0000:00000000       ___guard_longjmp_count     00000000     <absolute>
 0000:00000000       ___guard_longjmp_table     00000000     <absolute>
 0000:00000000       ___hybrid_auxiliary_iat    00000000     <absolute>
 0000:00000000       ___hybrid_auxiliary_iat_copy 00000000     <absolute>
 0000:00000000       ___hybrid_code_map         00000000     <absolute>
 0000:00000000       ___hybrid_code_map_count   00000000     <absolute>
 0000:00000000       ___x64_code_ranges_to_entry_points 00000000     <absolute>
 0000:00000000       ___x64_code_ranges_to_entry_points_count 00000000     <absolute>
 0000:00000000       __except_list              00000000     <absolute>
 0000:00000002       ___safe_se_handler_count   00000002     <absolute>
 0000:00000100       ___guard_flags             00000100     <absolute>
 0000:00000000       ___ImageBase               40000000     <linker-defined>
 0001:00000000       _BG_Alloc                  40001000 f   bg_misc.obj
 0001:00000050       _BG_FindItemForHoldable    40001050 f   bg_misc.obj
 0001:000000b0       _BG_FindItemForWeapon      400010b0 f   bg_misc.obj
 0001:000000f0       _BG_LegalizedForcePowers   400010f0 f   bg_misc.obj
 0001:000007b0       _BG_GetClassOnBaseClass    400017b0 f   bg_saga.obj
 0001:00000820       _BG_GetUIPortrait          40001820 f   bg_saga.obj
 0001:000008a0       _BG_GetUIPortraitFile      400018a0 f   bg_saga.obj
 0001:00000920       _BG_SiegeCountBaseClass    40001920 f   bg_saga.obj
 0001:00000990       _BG_SiegeFindThemeForTeam  40001990 f   bg_saga.obj
 0001:000009b0       _BG_SiegeGetPairedValue    400019b0 f   bg_saga.obj
 0001:00000c00       _BG_SiegeGetValueGroup     40001c00 f   bg_saga.obj
 0001:00000f10       _BG_SiegeLoadClasses       40001f10 f   bg_saga.obj
 0001:00001060       _BG_SiegeLoadTeams         40002060 f   bg_saga.obj
 0001:00001340       _BG_SiegeParseClassFile    40002340 f   bg_saga.obj
 0001:00001c10       _BG_SiegeSetTeamTheme      40002c10 f   bg_saga.obj
 0001:00001c80       _BG_SiegeStripTabs         40002c80 f   bg_saga.obj
 0001:00001cc0       _BG_SiegeTranslateForcePowers 40002cc0 f   bg_saga.obj
 0001:00001e90       _BG_SiegeTranslateGenericTable 40002e90 f   bg_saga.obj
 0001:00001f60       _AnglesToAxis              40002f60 f   q_math.obj
 0001:00002170       _AxisClear                 40003170 f   q_math.obj
 0001:000021c0       _Q_irand                   400031c0 f   q_math.obj
 0001:000021f0       _VectorNormalize           400031f0 f   q_math.obj
 0001:000022b0       _COM_BeginParseSession     400032b0 f   q_shared.obj
 0001:000022e0       _COM_Compress              400032e0 f   q_shared.obj
 0001:000023f0       _COM_Parse                 400033f0 f   q_shared.obj
 0001:00002410       _COM_ParseExt              40003410 f   q_shared.obj
 0001:00002590       _COM_ParseFloat            40003590 f   q_shared.obj
 0001:000025d0       _COM_ParseString           400035d0 f   q_shared.obj
 0001:00002610       _COM_StripExtension        40003610 f   q_shared.obj
 0001:00002640       _Com_Clamp                 40003640 f   q_shared.obj
 0001:00002670       _Com_sprintf               40003670 f   q_shared.obj
 0001:000026d0       _GetIDForString            400036d0 f   q_shared.obj
 0001:00002790       _Info_SetValueForKey       40003790 f   q_shared.obj
 0001:00002a10       _Info_ValueForKey          40003a10 f   q_shared.obj
 0001:00002b60       _Q_CleanStr                40003b60 f   q_shared.obj
 0001:00002bb0       _Q_strcat                  40003bb0 f   q_shared.obj
 0001:00002c40       _Q_stricmp                 40003c40 f   q_shared.obj
 0001:00002cc0       _Q_stricmpn                40003cc0 f   q_shared.obj
 0001:00002d50       _Q_strncpyz                40003d50 f   q_shared.obj
 0001:00002db0       _Q_strrchr                 40003db0 f   q_shared.obj
 0001:00002de0       _Q_strupr                  40003de0 f   q_shared.obj
 0001:00002e10       _SkipBracedSection         40003e10 f   q_shared.obj
 0001:00002f60       _SkipRestOfLine            40003f60 f   q_shared.obj
 0001:00002f90       ___local_stdio_printf_options 40003f90 f i q_shared.obj
 0001:00002fa0       _va                        40003fa0 f   q_shared.obj
 0001:00003040       _Com_Error                 40004040 f   ui_atoms.obj
 0001:00003090       _Com_Printf                40004090 f   ui_atoms.obj
 0001:00003590       _UI_ClearScores            40004590 f   ui_atoms.obj
 0001:000037e0       _UI_ConsoleCommand         400047e0 f   ui_atoms.obj
 0001:000039b0       _UI_Cvar_VariableString    400049b0 f   ui_atoms.obj
 0001:000039d0       _UI_DrawHandlePic          400049d0 f   ui_atoms.obj
 0001:00003a70       _UI_FillRect               40004a70 f   ui_atoms.obj
 0001:00003af0       _UI_LoadBestScores         40004af0 f   ui_atoms.obj
 0001:00003be0       _UI_SetBestScores          40004be0 f   ui_atoms.obj
 0001:00003f30       _UI_SetColor               40004f30 f   ui_atoms.obj
 0001:00003f40       _IsForceRank               40004f40 f   ui_force.obj
 0001:00003f80       _UI_DrawForceStars         40004f80 f   ui_force.obj
 0001:000040d0       _UI_ForceConfigHandle      400050d0 f   ui_force.obj
 0001:00004510       _UI_ForceMaxRank_HandleKey 40005510 f   ui_force.obj
 0001:00004590       _UI_ForcePowerRank_HandleKey 40005590 f   ui_force.obj
 0001:00004730       _UI_ForceSide_HandleKey    40005730 f   ui_force.obj
 0001:00004810       _UI_InitForceShaders       40005810 f   ui_force.obj
 0001:000049c0       _UI_JediNonJedi_HandleKey  400059c0 f   ui_force.obj
 0001:00004b00       _UI_ReadLegalForce         40005b00 f   ui_force.obj
 0001:00004e10       _UI_SaveForceTemplate      40005e10 f   ui_force.obj
 0001:00004fe0       _UI_SkinColor_HandleKey    40005fe0 f   ui_force.obj
 0001:00005060       _UI_UpdateClientForcePowers 40006060 f   ui_force.obj
 0001:00005140       _UI_UpdateForcePowers      40006140 f   ui_force.obj
 0001:00005370       _UpdateForceUsed           40006370 f   ui_force.obj
 0001:00005ad0       _UI_GetBotNameByNumber     40006ad0 f   ui_gameinfo.obj
 0001:00005b20       _UI_GetNumBots             40006b20 f   ui_gameinfo.obj
 0001:00005b30       _UI_LoadArenas             40006b30 f   ui_gameinfo.obj
 0001:00005f80       _UI_LoadBots               40006f80 f   ui_gameinfo.obj
 0001:00006180       _UI_ParseInfos             40007180 f   ui_gameinfo.obj
 0001:00006370       _Asset_Parse               40007370 f   ui_main.obj
 0001:00006f40       _Text_Height               40007f40 f   ui_main.obj
 0001:00006fa0       _Text_Paint                40007fa0 f   ui_main.obj
 0001:00007060       _Text_PaintCenter          40008060 f   ui_main.obj
 0001:000071a0       _Text_PaintWithCursor      400081a0 f   ui_main.obj
 0001:00007530       _Text_Width                40008530 f   ui_main.obj
 0001:00007610       _UI_AllocMem               40008610 f   ui_main.obj
 0001:00008a70       _UI_ClampMaxPlayers        40009a70 f   ui_main.obj
 0001:00009480       _UI_DrawConnectScreen      4000a480 f   ui_main.obj
 0001:0000ba40       _UI_FeederSelection        4000ca40 f   ui_main.obj
 0001:0000c380       _UI_FindCurrentSiegeTeamClass 4000d380 f   ui_main.obj
 0001:0000c460       _UI_FreeMem                4000d460 f   ui_main.obj
 0001:0000cfb0       _UI_GetStringEdString      4000dfb0 f   ui_main.obj
 0001:0000cfe0       @_guard_check_icall_nop@4  4000dfe0 f   LIBCMT:guard_support.obj
 0001:0000d000       _UI_GetVideoSetup          4000e000 f   ui_main.obj
 0001:0000d3b0       _UI_Load                   4000e3b0 f   ui_main.obj
 0001:0000d450       _UI_LoadForceConfig_List   4000e450 f   ui_main.obj
 0001:0000d580       _UI_LoadMenus              4000e580 f   ui_main.obj
 0001:00010160       _UI_ParseAnimationFile     40011160 f   ui_main.obj
 0001:000105b0       _UI_ParseMenu              400115b0 f   ui_main.obj
 0001:00010700       _UI_ReaAllocMem            40011700 f   ui_main.obj
 0001:00010850       _UI_Report                 40011850 f   ui_main.obj
 0001:000131e0       _UI_SetSiegeTeams          400141e0 f   ui_main.obj
 0001:000134c0       _UI_ShowPostGame           400144c0 f   ui_main.obj
 0001:00013600       _UI_SiegeClassNum          40014600 f   ui_main.obj
 0001:00013630       _UI_SiegeSetCvarsForClass  40014630 f   ui_main.obj
 0001:00014750       _UI_TeamName               40015750 f   ui_main.obj
 0001:00014860       _UI_TrueJediEnabled        40015860 f   ui_main.obj
 0001:000151c0       _UI_UpdateCharacterSkin    400161c0 f   ui_main.obj
 0001:00015290       _UI_UpdateCvarsForClass    40016290 f   ui_main.obj
 0001:000155e0       _UI_UpdateSiegeObjectiveGraphics 400165e0 f   ui_main.obj
 0001:00015800       _UI_UpdateSiegeStatusIcons 40016800 f   ui_main.obj
 0001:000158f0       _UI_UpdateVideoSetup       400168f0 f   ui_main.obj
 0001:00015a50       _UpdateBotButtons          40016a50 f   ui_main.obj
 0001:00015ab0       _UpdateForceStatus         40016ab0 f   ui_main.obj
 0001:00015e60       __UI_DrawRect              40016e60 f   ui_main.obj
 0001:00015ef0       __UI_DrawSides             40016ef0 f   ui_main.obj
 0001:00015fd0       __UI_DrawTopBottom         40016fd0 f   ui_main.obj
 0001:000160b0       __UI_Init                  400170b0 f   ui_main.obj
 0001:000168e0       __UI_Refresh               400178e0 f   ui_main.obj
 0001:00016bc0       __UI_SetActiveMenu         40017bc0 f   ui_main.obj
 0001:00016ea0       ___local_stdio_scanf_options 40017ea0 f i ui_main.obj
 0001:00016eb0       _siege_Cvar_Set            40017eb0 f   ui_main.obj
 0001:00016f90       _siege_Cvar_VariableStringBuffer 40017f90 f   ui_main.obj
 0001:00017050       _siege_Cvar_VariableValue  40018050 f   ui_main.obj
 0001:000170d0       _sprintf                   400180d0 f i ui_main.obj
 0001:00017110       _sscanf                    40018110 f i ui_main.obj
 0001:00017140       _vmMain                    40018140 f   ui_main.obj
 0001:00017300       _ParseRGBSaber             40018300 f   ui_saber.obj
 0001:00017350       _RGB_AdjustSciptedSaberColor 40018350 f   ui_saber.obj
 0001:000174c0       _RGB_RandomRGB             400184c0 f   ui_saber.obj
 0001:00017520       _SaberColorToString        40018520 f   ui_saber.obj
 0001:000175b0       _TranslateSaberColor       400185b0 f   ui_saber.obj
 0001:00017700       _TranslateSaberType        40018700 f   ui_saber.obj
 0001:00017850       _UI_CacheSaberGlowGraphics 40018850 f   ui_saber.obj
 0001:00017950       _UI_DoSaber                40018950 f   ui_saber.obj
 0001:00017fd0       _UI_FreeSabers             40018fd0 f   ui_saber.obj
 0001:00018000       _UI_GetSaberCount          40019000 f   ui_saber.obj
 0001:00018020       _UI_GetSaberForMenu        40019020 f   ui_saber.obj
 0001:000181a0       _UI_GetSaberHiltInfo       400191a0 f   ui_saber.obj
 0001:000181d0       _UI_ParseScriptedSaber     400191d0 f   ui_saber.obj
 0001:000182e0       _UI_SaberAttachToChar      400192e0 f   ui_saber.obj
 0001:00018400       _UI_SaberDrawBlade         40019400 f   ui_saber.obj
 0001:00019100       _UI_SaberDrawBlades        4001a100 f   ui_saber.obj
 0001:00019390       _UI_SaberGetHiltInfo       4001a390 f   ui_saber.obj
 0001:000194f0       _UI_SaberLoadParms         4001a4f0 f   ui_saber.obj
 0001:00019820       _UI_SaberModelForSaber     4001a820 f   ui_saber.obj
 0001:00019840       _UI_SaberParseParm         4001a840 f   ui_saber.obj
 0001:000199d0       _UI_SaberProperNameForSaber 4001a9d0 f   ui_saber.obj
 0001:00019a50       _UI_SaberSkinForSaber      4001aa50 f   ui_saber.obj
 0001:00019a70       _UI_SaberTypeForSaber      4001aa70 f   ui_saber.obj
 0001:00019a90       _Script_Play               4001aa90 f   ui_shared.obj
 0001:00019af0       _Script_PlayVoice          4001aaf0 f   ui_shared.obj
 0001:00019b50       _Script_playLooped         4001ab50 f   ui_shared.obj
 0001:00019bc0       _ItemParse_name            4001abc0 f   ui_shared.obj
 0001:00019be0       _ItemParse_focusSound      4001abe0 f   ui_shared.obj
 0001:00019c30       _ItemParse_text            4001ac30 f   ui_shared.obj
 0001:00019c50       _ItemParse_descText        4001ac50 f   ui_shared.obj
 0001:00019c70       _ItemParse_text2           4001ac70 f   ui_shared.obj
 0001:00019c70       _MenuParse_soundLoop       4001ac70 f   ui_shared.obj
 0001:00019c90       _ItemParse_text2alignx     4001ac90 f   ui_shared.obj
 0001:00019cb0       _ItemParse_text2aligny     4001acb0 f   ui_shared.obj
 0001:00019cd0       _ItemParse_group           4001acd0 f   ui_shared.obj
 0001:00019cf0       _ItemParse_asset_model     4001acf0 f   ui_shared.obj
 0001:00019d80       _ItemParse_asset_shader    4001ad80 f   ui_shared.obj
 0001:00019dd0       _ItemParse_model_origin    4001add0 f   ui_shared.obj
 0001:00019e30       _ItemParse_elementwidth    4001ae30 f   ui_shared.obj
 0001:00019e30       _ItemParse_model_fovx      4001ae30 f   ui_shared.obj
 0001:00019e60       _ItemParse_elementheight   4001ae60 f   ui_shared.obj
 0001:00019e60       _ItemParse_model_fovy      4001ae60 f   ui_shared.obj
 0001:00019e90       _ItemParse_model_rotation  4001ae90 f   ui_shared.obj
 0001:00019ec0       _ItemParse_model_angle     4001aec0 f   ui_shared.obj
 0001:00019ef0       _ItemParse_model_g2mins    4001aef0 f   ui_shared.obj
 0001:00019f50       _ItemParse_model_g2maxs    4001af50 f   ui_shared.obj
 0001:00019fb0       _ItemParse_model_g2scale   4001afb0 f   ui_shared.obj
 0001:0001a010       _ItemParse_model_g2skin    4001b010 f   ui_shared.obj
 0001:0001a070       _ItemParse_model_g2anim    4001b070 f   ui_shared.obj
 0001:0001a110       _ItemParse_rectcvar        4001b110 f   ui_shared.obj
 0001:0001a240       _ItemParse_rect            4001b240 f   ui_shared.obj
 0001:0001a2a0       _ItemParse_flag            4001b2a0 f   ui_shared.obj
 0001:0001a340       _ItemParse_style           4001b340 f   ui_shared.obj
 0001:0001a380       _ItemParse_decoration      4001b380 f   ui_shared.obj
 0001:0001a3a0       _ItemParse_notselectable   4001b3a0 f   ui_shared.obj
 0001:0001a3e0       _ItemParse_scrollhidden    4001b3e0 f   ui_shared.obj
 0001:0001a420       _ItemParse_wrapped         4001b420 f   ui_shared.obj
 0001:0001a440       _ItemParse_autowrapped     4001b440 f   ui_shared.obj
 0001:0001a460       _ItemParse_horizontalscroll 4001b460 f   ui_shared.obj
 0001:0001a480       _ItemParse_type            4001b480 f   ui_shared.obj
 0001:0001a4c0       _ItemParse_feeder          4001b4c0 f   ui_shared.obj
 0001:0001a4c0       _ItemParse_special         4001b4c0 f   ui_shared.obj
 0001:0001a4e0       _ItemParse_elementtype     4001b4e0 f   ui_shared.obj
 0001:0001a520       _ItemParse_columns         4001b520 f   ui_shared.obj
 0001:0001a5e0       _ItemParse_border          4001b5e0 f   ui_shared.obj
 0001:0001a5e0       _MenuParse_border          4001b5e0 f   ui_shared.obj
 0001:0001a600       _ItemParse_bordersize      4001b600 f   ui_shared.obj
 0001:0001a600       _MenuParse_borderSize      4001b600 f   ui_shared.obj
 0001:0001a620       _ItemParse_visible         4001b620 f   ui_shared.obj
 0001:0001a620       _MenuParse_visible         4001b620 f   ui_shared.obj
 0001:0001a660       _ItemParse_ownerdraw       4001b660 f   ui_shared.obj
 0001:0001a690       _ItemParse_align           4001b690 f   ui_shared.obj
 0001:0001a690       _MenuParse_fadeCycle       4001b690 f   ui_shared.obj
 0001:0001a6b0       _ItemParse_isCharacter     4001b6b0 f   ui_shared.obj
 0001:0001a700       _ItemParse_textalign       4001b700 f   ui_shared.obj
 0001:0001a740       _ItemParse_textalignx      4001b740 f   ui_shared.obj
 0001:0001a740       _MenuParse_fadeAmount      4001b740 f   ui_shared.obj
 0001:0001a760       _ItemParse_textaligny      4001b760 f   ui_shared.obj
 0001:0001a780       _ItemParse_textscale       4001b780 f   ui_shared.obj
 0001:0001a7a0       _ItemParse_textstyle       4001b7a0 f   ui_shared.obj
 0001:0001a7c0       _ItemParse_invertyesno     4001b7c0 f   ui_shared.obj
 0001:0001a7e0       _ItemParse_xoffset         4001b7e0 f   ui_shared.obj
 0001:0001a800       _ItemParse_backcolor       4001b800 f   ui_shared.obj
 0001:0001a8b0       _ItemParse_forecolor       4001b8b0 f   ui_shared.obj
 0001:0001a8b0       _MenuParse_forecolor       4001b8b0 f   ui_shared.obj
 0001:0001a9a0       _ItemParse_bordercolor     4001b9a0 f   ui_shared.obj
 0001:0001aa60       _ItemParse_outlinecolor    4001ba60 f   ui_shared.obj
 0001:0001aa60       _MenuParse_outlinecolor    4001ba60 f   ui_shared.obj
 0001:0001aa80       _ItemParse_background      4001ba80 f   ui_shared.obj
 0001:0001aa80       _MenuParse_background      4001ba80 f   ui_shared.obj
 0001:0001aad0       _ItemParse_cinematic       4001bad0 f   ui_shared.obj
 0001:0001aad0       _MenuParse_cinematic       4001bad0 f   ui_shared.obj
 0001:0001aaf0       _ItemParse_doubleClick     4001baf0 f   ui_shared.obj
 0001:0001ab30       _ItemParse_onFocus         4001bb30 f   ui_shared.obj
 0001:0001ab50       _ItemParse_leaveFocus      4001bb50 f   ui_shared.obj
 0001:0001ab70       _ItemParse_mouseEnter      4001bb70 f   ui_shared.obj
 0001:0001ab90       _ItemParse_mouseExit       4001bb90 f   ui_shared.obj
 0001:0001abb0       _ItemParse_mouseEnterText  4001bbb0 f   ui_shared.obj
 0001:0001abd0       _ItemParse_mouseExitText   4001bbd0 f   ui_shared.obj
 0001:0001abf0       _ItemParse_action          4001bbf0 f   ui_shared.obj
 0001:0001ac10       _ItemParse_cvarTest        4001bc10 f   ui_shared.obj
 0001:0001ac30       _ItemParse_cvar            4001bc30 f   ui_shared.obj
 0001:0001acb0       _ItemParse_font            4001bcb0 f   ui_shared.obj
 0001:0001ace0       _ItemParse_maxChars        4001bce0 f   ui_shared.obj
 0001:0001ad30       _ItemParse_maxPaintChars   4001bd30 f   ui_shared.obj
 0001:0001ad80       _ItemParse_maxLineChars    4001bd80 f   ui_shared.obj
 0001:0001add0       _ItemParse_lineHeight      4001bdd0 f   ui_shared.obj
 0001:0001ae20       _ItemParse_cvarInt         4001be20 f   ui_shared.obj
 0001:0001aeb0       _ItemParse_cvarFloat       4001beb0 f   ui_shared.obj
 0001:0001af20       _ItemParse_cvarStrList     4001bf20 f   ui_shared.obj
 0001:0001b160       _ItemParse_cvarFloatList   4001c160 f   ui_shared.obj
 0001:0001b250       _ItemParse_addColorRange   4001c250 f   ui_shared.obj
 0001:0001b2d0       _ItemParse_ownerdrawFlag   4001c2d0 f   ui_shared.obj
 0001:0001b2d0       _MenuParse_ownerdrawFlag   4001c2d0 f   ui_shared.obj
 0001:0001b300       _ItemParse_enableCvar      4001c300 f   ui_shared.obj
 0001:0001b340       _ItemParse_disableCvar     4001c340 f   ui_shared.obj
 0001:0001b380       _ItemParse_showCvar        4001c380 f   ui_shared.obj
 0001:0001b3c0       _ItemParse_hideCvar        4001c3c0 f   ui_shared.obj
 0001:0001b400       _ItemParse_cvarSubString   4001c400 f   ui_shared.obj
 0001:0001b420       _ItemParse_Appearance_slot 4001c420 f   ui_shared.obj
 0001:0001b440       _ItemParse_isSaber         4001c440 f   ui_shared.obj
 0001:0001b4b0       _ItemParse_isSaber2        4001c4b0 f   ui_shared.obj
 0001:0001b520       _MenuParse_font            4001c520 f   ui_shared.obj
 0001:0001b580       _MenuParse_name            4001c580 f   ui_shared.obj
 0001:0001b5c0       _MenuParse_fullscreen      4001c5c0 f   ui_shared.obj
 0001:0001b5e0       _MenuParse_rect            4001c5e0 f   ui_shared.obj
 0001:0001b640       _MenuParse_style           4001c640 f   ui_shared.obj
 0001:0001b680       _MenuParse_onOpen          4001c680 f   ui_shared.obj
 0001:0001b6a0       _MenuParse_onClose         4001c6a0 f   ui_shared.obj
 0001:0001b6c0       _MenuParse_onAccept        4001c6c0 f   ui_shared.obj
 0001:0001b6e0       _MenuParse_onESC           4001c6e0 f   ui_shared.obj
 0001:0001b700       _MenuParse_backcolor       4001c700 f   ui_shared.obj
 0001:0001b7b0       _MenuParse_descAlignment   4001c7b0 f   ui_shared.obj
 0001:0001b7f0       _MenuParse_descX           4001c7f0 f   ui_shared.obj
 0001:0001b810       _MenuParse_descY           4001c810 f   ui_shared.obj
 0001:0001b830       _MenuParse_descScale       4001c830 f   ui_shared.obj
 0001:0001b850       _MenuParse_descColor       4001c850 f   ui_shared.obj
 0001:0001b910       _MenuParse_bordercolor     4001c910 f   ui_shared.obj
 0001:0001b9d0       _MenuParse_focuscolor      4001c9d0 f   ui_shared.obj
 0001:0001ba90       _MenuParse_disablecolor    4001ca90 f   ui_shared.obj
 0001:0001bb50       _MenuParse_ownerdraw       4001cb50 f   ui_shared.obj
 0001:0001bb70       _MenuParse_popup           4001cb70 f   ui_shared.obj
 0001:0001bb90       _MenuParse_outOfBounds     4001cb90 f   ui_shared.obj
 0001:0001bbb0       _MenuParse_fadeClamp       4001cbb0 f   ui_shared.obj
 0001:0001bbd0       _MenuParse_itemDef         4001cbd0 f   ui_shared.obj
 0001:0001bdf0       _MenuParse_appearanceIncrement 4001cdf0 f   ui_shared.obj
 0001:0001be10       _Script_SetColor           4001ce10 f   ui_shared.obj
 0001:0001bf00       _Script_SetAsset           4001cf00 f   ui_shared.obj
 0001:0001bf30       _Script_SetBackground      4001cf30 f   ui_shared.obj
 0001:0001bf80       _Script_SetItemRectCvar    4001cf80 f   ui_shared.obj
 0001:0001c1c0       _Script_SetItemBackground  4001d1c0 f   ui_shared.obj
 0001:0001c290       _Script_SetItemText        4001d290 f   ui_shared.obj
 0001:0001c310       _Script_SetTeamColor       4001d310 f   ui_shared.obj
 0001:0001c350       _Script_SetItemColor       4001d350 f   ui_shared.obj
 0001:0001c4e0       _Script_SetItemColorCvar   4001d4e0 f   ui_shared.obj
 0001:0001c750       _Script_SetItemRect        4001d750 f   ui_shared.obj
 0001:0001c830       _Script_Show               4001d830 f   ui_shared.obj
 0001:0001c880       _Script_Hide               4001d880 f   ui_shared.obj
 0001:0001c8d0       _Script_FadeIn             4001d8d0 f   ui_shared.obj
 0001:0001c970       _Script_FadeOut            4001d970 f   ui_shared.obj
 0001:0001ca10       _Script_Open               4001da10 f   ui_shared.obj
 0001:0001cba0       _Script_Close              4001dba0 f   ui_shared.obj
 0001:0001cce0       _Script_Defer              4001dce0 f   ui_shared.obj
 0001:0001cd30       _Script_RunDeferred        4001dd30 f   ui_shared.obj
 0001:0001cd60       _Script_Transition         4001dd60 f   ui_shared.obj
 0001:0001ce20       _Script_Disable            4001de20 f   ui_shared.obj
 0001:0001cf10       _Script_Scale              4001df10 f   ui_shared.obj
 0001:0001d070       _Script_Orbit              4001e070 f   ui_shared.obj
 0001:0001d210       _Script_SetFocus           4001e210 f   ui_shared.obj
 0001:0001d310       _Script_SetPlayerModel     4001e310 f   ui_shared.obj
 0001:0001d360       _Script_Transition2        4001e360 f   ui_shared.obj
 0001:0001d460       _Script_SetCvar            4001e460 f   ui_shared.obj
 0001:0001d4e0       _Script_SetCvarToCvar      4001e4e0 f   ui_shared.obj
 0001:0001d590       _Script_Exec               4001e590 f   ui_shared.obj
 0001:0001d680       _BindingIDFromName         4001e680 f   ui_shared.obj
 0001:0001d6c0       _Controls_GetConfig        4001e6c0 f   ui_shared.obj
 0001:0001d770       _Controls_SetConfig        4001e770 f   ui_shared.obj
 0001:0001d7c0       _Display_CacheAll          4001e7c0 f   ui_shared.obj
 0001:0001d9c0       _Display_KeyBindPending    4001e9c0 f   ui_shared.obj
 0001:0001d9d0       _Display_MouseMove         4001e9d0 f   ui_shared.obj
 0001:0001dad0       _Display_VisibleMenuCount  4001ead0 f   ui_shared.obj
 0001:0001dc30       _Float_Parse               4001ec30 f   ui_shared.obj
 0001:0001dc70       _GradientBar_Paint         4001ec70 f   ui_shared.obj
 0001:0001dcc0       _Init_Display              4001ecc0 f   ui_shared.obj
 0001:0001dcd0       _Int_Parse                 4001ecd0 f   ui_shared.obj
 0001:0001dd10       _ItemParse_asset_model_go  4001ed10 f   ui_shared.obj
 0001:0001df80       _ItemParse_model_g2anim_go 4001ef80 f   ui_shared.obj
 0001:0001e000       _ItemParse_model_g2skin_go 4001f000 f   ui_shared.obj
 0001:0001e070       _Item_Bind_HandleKey       4001f070 f   ui_shared.obj
 0001:0001e330       _Item_Bind_Paint           4001f330 f   ui_shared.obj
 0001:0001e740       _Item_EnableShowViaCvar    4001f740 f   ui_shared.obj
 0001:0001e8a0       _Item_HandleKey            4001f8a0 f   ui_shared.obj
 0001:0001ed00       _Item_ListBox_HandleKey    4001fd00 f   ui_shared.obj
 0001:0001f1a0       _Item_ListBox_MaxScroll    400201a0 f   ui_shared.obj
 0001:0001f210       _Item_ListBox_MouseEnter   40020210 f   ui_shared.obj
 0001:0001f3e0       _Item_ListBox_OverLB       400203e0 f   ui_shared.obj
 0001:0001f7f0       _Item_ListBox_Paint        400207f0 f   ui_shared.obj
 0001:00020680       _Item_ListBox_ThumbDrawPosition 40021680 f   ui_shared.obj
 0001:00020760       _Item_ListBox_ThumbPosition 40021760 f   ui_shared.obj
 0001:000208a0       _Item_Model_Paint          400218a0 f   ui_shared.obj
 0001:00021030       _Item_MouseEnter           40022030 f   ui_shared.obj
 0001:000211e0       _Item_Multi_HandleKey      400221e0 f   ui_shared.obj
 0001:00021460       _Item_Multi_Paint          40022460 f   ui_shared.obj
 0001:00021720       _Item_OwnerDraw_Paint      40022720 f   ui_shared.obj
 0001:00021ba0       _Item_Paint                40022ba0 f   ui_shared.obj
 0001:000225a0       _Item_RunScript            400235a0 f   ui_shared.obj
 0001:00022690       _Item_SetFocus             40023690 f   ui_shared.obj
 0001:000227b0       _Item_SetScreenCoords      400237b0 f   ui_shared.obj
 0001:00022840       _Item_SetTextExtents       40023840 f   ui_shared.obj
 0001:00022a90       _Item_Slider_ThumbPosition 40023a90 f   ui_shared.obj
 0001:00022b50       _Item_StartCapture         40023b50 f   ui_shared.obj
 0001:00022e00       _Item_TextColor            40023e00 f   ui_shared.obj
 0001:00023040       _Item_TextField_HandleKey  40024040 f   ui_shared.obj
 0001:000234b0       _Item_TextField_Paint      400244b0 f   ui_shared.obj
 0001:00023d20       _Item_TextScroll_HandleKey 40024d20 f   ui_shared.obj
 0001:00023ea0       _Item_TextScroll_OverLB    40024ea0 f   ui_shared.obj
 0001:00024080       _Item_TextScroll_Paint     40025080 f   ui_shared.obj
 0001:00024390       _Item_TextScroll_ThumbDrawPosition 40025390 f   ui_shared.obj
 0001:00024540       _Item_Text_AutoWrapped_Paint 40025540 f   ui_shared.obj
 0001:000247e0       _Item_Text_Paint           400257e0 f   ui_shared.obj
 0001:00024b50       _Item_ValidateTypeData     40025b50 f   ui_shared.obj
 0001:00024c60       _Item_YesNo_Paint          40025c60 f   ui_shared.obj
 0001:00024e90       _KeywordHash_Key           40025e90 f   ui_shared.obj
 0001:00024ee0       _Leaving_EditField         40025ee0 f   ui_shared.obj
 0001:00024f10       _LerpColor                 40025f10 f   ui_shared.obj
 0001:00024ff0       _Menu_ClearFocus           40025ff0 f   ui_shared.obj
 0001:00025140       _Menu_Count                40026140 f   ui_shared.obj
 0001:00025150       _Menu_FindItemByName       40026150 f   ui_shared.obj
 0001:000251b0       _Menu_GetFocused           400261b0 f   ui_shared.obj
 0001:000251f0       _Menu_GetMatchingItemByNumber 400261f0 f   ui_shared.obj
 0001:00025270       _Menu_HandleKey            40026270 f   ui_shared.obj
 0001:00025890       _Menu_HandleMouseMove      40026890 f   ui_shared.obj
 0001:00025ab0       _Menu_ItemDisable          40026ab0 f   ui_shared.obj
 0001:00025b00       _Menu_ItemsMatchingGroup   40026b00 f   ui_shared.obj
 0001:00025b80       _Menu_New                  40026b80 f   ui_shared.obj
 0001:00025d60       _Menu_Paint                40026d60 f   ui_shared.obj
 0001:00025f10       _Menu_PaintAll             40026f10 f   ui_shared.obj
 0001:000261a0       _Menu_Reset                400271a0 f   ui_shared.obj
 0001:000261b0       _Menu_SetFeederSelection   400271b0 f   ui_shared.obj
 0001:00026280       _Menu_SetItemBackground    40027280 f   ui_shared.obj
 0001:000262e0       _Menu_SetItemText          400272e0 f   ui_shared.obj
 0001:00026970       _Menu_SetNextCursorItem    40027970 f   ui_shared.obj
 0001:00026a60       _Menu_SetPrevCursorItem    40027a60 f   ui_shared.obj
 0001:00026b50       _Menu_ShowGroup            40027b50 f   ui_shared.obj
 0001:00026bc0       _Menu_ShowItemByName       40027bc0 f   ui_shared.obj
 0001:00026c40       _Menu_TransitionItemByName 40027c40 f   ui_shared.obj
 0001:00026d50       _Menu_UpdatePosition       40027d50 f   ui_shared.obj
 0001:00026e50       _Menus_Activate            40027e50 f   ui_shared.obj
 0001:00026ec0       _Menus_ActivateByName      40027ec0 f   ui_shared.obj
 0001:00027010       _Menus_AnyFullScreenVisible 40028010 f   ui_shared.obj
 0001:00027040       _Menus_CloseAll            40028040 f   ui_shared.obj
 0001:000270c0       _Menus_CloseByName         400280c0 f   ui_shared.obj
 0001:00027140       _Menus_FindByName          40028140 f   ui_shared.obj
 0001:00027190       _Menus_HandleOOBClick      40028190 f   ui_shared.obj
 0001:000273c0       _Menus_OpenByName          400283c0 f   ui_shared.obj
 0001:00027510       _PC_Color_Parse            40028510 f   ui_shared.obj
 0001:000275b0       _PC_Float_Parse            400285b0 f   ui_shared.obj
 0001:00027650       _PC_Int_Parse              40028650 f   ui_shared.obj
 0001:000276e0       _PC_Script_Parse           400286e0 f   ui_shared.obj
 0001:00027920       _PC_SourceError            40028920 f   ui_shared.obj
 0001:00027990       _PC_String_Parse           40028990 f   ui_shared.obj
 0001:00027a00       _Rect_Parse                40028a00 f   ui_shared.obj
 0001:00028030       _String_Alloc              40029030 f   ui_shared.obj
 0001:00028180       _String_Init               40029180 f   ui_shared.obj
 0001:00028320       _String_Parse              40029320 f   ui_shared.obj
 0001:00028360       _String_Report             40029360 f   ui_shared.obj
 0001:000283f0       _UI_Alloc                  400293f0 f   ui_shared.obj
 0001:00028450       _UI_CleanupGhoul2          40029450 f   ui_shared.obj
 0001:00028490       _UI_InitMemory             40029490 f   ui_shared.obj
 0001:000284b0       _UI_OutOfMemory            400294b0 f   ui_shared.obj
 0001:000284c0       _Window_Paint              400294c0 f   ui_shared.obj
 0001:000289f0       _dllEntry                  400299f0 f   ui_syscalls.obj
 0001:00028a00       _trap_AnyLanguage_ReadCharFromString 40029a00 f   ui_syscalls.obj
 0001:00028a20       _trap_Argc                 40029a20 f   ui_syscalls.obj
 0001:00028a30       _trap_Argv                 40029a30 f   ui_syscalls.obj
 0001:00028a50       _trap_CIN_DrawCinematic    40029a50 f   ui_syscalls.obj
 0001:00028a70       _trap_CIN_PlayCinematic    40029a70 f   ui_syscalls.obj
 0001:00028aa0       _trap_CIN_RunCinematic     40029aa0 f   ui_syscalls.obj
 0001:00028ac0       _trap_CIN_SetExtents       40029ac0 f   ui_syscalls.obj
 0001:00028ae0       _trap_CIN_StopCinematic    40029ae0 f   ui_syscalls.obj
 0001:00028b00       _trap_Cmd_ExecuteText      40029b00 f   ui_syscalls.obj
 0001:00028b20       _trap_Cvar_Register        40029b20 f   ui_syscalls.obj
 0001:00028b40       _trap_Cvar_Set             40029b40 f   ui_syscalls.obj
 0001:00028b60       _trap_Cvar_SetValue        40029b60 f   ui_syscalls.obj
 0001:00028b80       _trap_Cvar_Update          40029b80 f   ui_syscalls.obj
 0001:00028ba0       _trap_Cvar_VariableStringBuffer 40029ba0 f   ui_syscalls.obj
 0001:00028bc0       _trap_Cvar_VariableValue   40029bc0 f   ui_syscalls.obj
 0001:00028be0       _trap_Error                40029be0 f   ui_syscalls.obj
 0001:00028c00       _trap_FS_FCloseFile        40029c00 f   ui_syscalls.obj
 0001:00028c20       _trap_FS_FOpenFile         40029c20 f   ui_syscalls.obj
 0001:00028c40       _trap_FS_GetFileList       40029c40 f   ui_syscalls.obj
 0001:00028c60       _trap_FS_Read              40029c60 f   ui_syscalls.obj
 0001:00028c80       _trap_FS_Write             40029c80 f   ui_syscalls.obj
 0001:00028ca0       _trap_G2API_AddBolt        40029ca0 f   ui_syscalls.obj
 0001:00028cc0       _trap_G2API_AttachG2Model  40029cc0 f   ui_syscalls.obj
 0001:00028cf0       _trap_G2API_CleanGhoul2Models 40029cf0 f   ui_syscalls.obj
 0001:00028d10       _trap_G2API_GetBoltMatrix  40029d10 f   ui_syscalls.obj
 0001:00028d40       _trap_G2API_GetGLAName     40029d40 f   ui_syscalls.obj
 0001:00028d60       _trap_G2API_HasGhoul2ModelOnIndex 40029d60 f   ui_syscalls.obj
 0001:00028d80       _trap_G2API_InitGhoul2Model 40029d80 f   ui_syscalls.obj
 0001:00028db0       _trap_G2API_RemoveGhoul2Model 40029db0 f   ui_syscalls.obj
 0001:00028dd0       _trap_G2API_SetBoneAnim    40029dd0 f   ui_syscalls.obj
 0001:00028e20       _trap_G2API_SetSkin        40029e20 f   ui_syscalls.obj
 0001:00028e40       _trap_G2API_SetTime        40029e40 f   ui_syscalls.obj
 0001:00028e60       _trap_G2_HaveWeGhoul2Models 40029e60 f   ui_syscalls.obj
 0001:00028e80       _trap_GetClientState       40029e80 f   ui_syscalls.obj
 0001:00028ea0       _trap_GetConfigString      40029ea0 f   ui_syscalls.obj
 0001:00028ec0       _trap_GetGlconfig          40029ec0 f   ui_syscalls.obj
 0001:00028ee0       _trap_GetLanguageName      40029ee0 f   ui_syscalls.obj
 0001:00028f00       _trap_Key_ClearStates      40029f00 f   ui_syscalls.obj
 0001:00028f10       _trap_Key_GetBindingBuf    40029f10 f   ui_syscalls.obj
 0001:00028f30       _trap_Key_GetCatcher       40029f30 f   ui_syscalls.obj
 0001:00028f40       _trap_Key_GetOverstrikeMode 40029f40 f   ui_syscalls.obj
 0001:00028f50       _trap_Key_KeynumToStringBuf 40029f50 f   ui_syscalls.obj
 0001:00028f70       _trap_Key_SetBinding       40029f70 f   ui_syscalls.obj
 0001:00028f90       _trap_Key_SetCatcher       40029f90 f   ui_syscalls.obj
 0001:00028fb0       _trap_Key_SetOverstrikeMode 40029fb0 f   ui_syscalls.obj
 0001:00028fd0       _trap_LAN_AddServer        40029fd0 f   ui_syscalls.obj
 0001:00028ff0       _trap_LAN_CompareServers   40029ff0 f   ui_syscalls.obj
 0001:00029010       _trap_LAN_GetServerAddressString 4002a010 f   ui_syscalls.obj
 0001:00029030       _trap_LAN_GetServerCount   4002a030 f   ui_syscalls.obj
 0001:00029050       _trap_LAN_GetServerInfo    4002a050 f   ui_syscalls.obj
 0001:00029070       _trap_LAN_GetServerPing    4002a070 f   ui_syscalls.obj
 0001:00029090       _trap_LAN_LoadCachedServers 4002a090 f   ui_syscalls.obj
 0001:000290a0       _trap_LAN_MarkServerVisible 4002a0a0 f   ui_syscalls.obj
 0001:000290c0       _trap_LAN_RemoveServer     4002a0c0 f   ui_syscalls.obj
 0001:000290e0       _trap_LAN_ResetPings       4002a0e0 f   ui_syscalls.obj
 0001:00029100       _trap_LAN_SaveCachedServers 4002a100 f   ui_syscalls.obj
 0001:00029110       _trap_LAN_ServerIsVisible  4002a110 f   ui_syscalls.obj
 0001:00029130       _trap_LAN_ServerStatus     4002a130 f   ui_syscalls.obj
 0001:00029150       _trap_LAN_UpdateVisiblePings 4002a150 f   ui_syscalls.obj
 0001:00029170       _trap_Language_IsAsian     4002a170 f   ui_syscalls.obj
 0001:00029180       _trap_Language_UsesSpaces  4002a180 f   ui_syscalls.obj
 0001:00029190       _trap_Milliseconds         4002a190 f   ui_syscalls.obj
 0001:000291a0       _trap_PC_FreeSource        4002a1a0 f   ui_syscalls.obj
 0001:000291c0       _trap_PC_LoadGlobalDefines 4002a1c0 f   ui_syscalls.obj
 0001:000291e0       _trap_PC_LoadSource        4002a1e0 f   ui_syscalls.obj
 0001:00029200       _trap_PC_ReadToken         4002a200 f   ui_syscalls.obj
 0001:00029220       _trap_PC_RemoveAllGlobalDefines 4002a220 f   ui_syscalls.obj
 0001:00029230       _trap_PC_SourceFileAndLine 4002a230 f   ui_syscalls.obj
 0001:00029250       _trap_Print                4002a250 f   ui_syscalls.obj
 0001:00029270       _trap_R_AddRefEntityToScene 4002a270 f   ui_syscalls.obj
 0001:00029290       _trap_R_ClearScene         4002a290 f   ui_syscalls.obj
 0001:000292a0       _trap_R_DrawStretchPic     4002a2a0 f   ui_syscalls.obj
 0001:00029320       _trap_R_Font_DrawString    4002a320 f   ui_syscalls.obj
 0001:00029350       _trap_R_Font_HeightPixels  4002a350 f   ui_syscalls.obj
 0001:00029370       _trap_R_Font_StrLenChars   4002a370 f   ui_syscalls.obj
 0001:00029390       _trap_R_Font_StrLenPixels  4002a390 f   ui_syscalls.obj
 0001:000293c0       _trap_R_ModelBounds        4002a3c0 f   ui_syscalls.obj
 0001:000293e0       _trap_R_RegisterFont       4002a3e0 f   ui_syscalls.obj
 0001:00029400       _trap_R_RegisterModel      4002a400 f   ui_syscalls.obj
 0001:00029420       _trap_R_RegisterShaderNoMip 4002a420 f   ui_syscalls.obj
 0001:00029480       _trap_R_RegisterSkin       4002a480 f   ui_syscalls.obj
 0001:000294a0       _trap_R_RenderScene        4002a4a0 f   ui_syscalls.obj
 0001:000294c0       _trap_R_SetColor           4002a4c0 f   ui_syscalls.obj
 0001:000294e0       _trap_R_ShaderNameFromIndex 4002a4e0 f   ui_syscalls.obj
 0001:00029500       _trap_RealTime             4002a500 f   ui_syscalls.obj
 0001:00029520       _trap_SP_GetNumLanguages   4002a520 f   ui_syscalls.obj
 0001:00029530       _trap_SP_GetStringTextString 4002a530 f   ui_syscalls.obj
 0001:00029550       _trap_S_RegisterSound      4002a550 f   ui_syscalls.obj
 0001:00029570       _trap_S_StartBackgroundTrack 4002a570 f   ui_syscalls.obj
 0001:00029590       _trap_S_StartLocalSound    4002a590 f   ui_syscalls.obj
 0001:000295b0       _trap_S_StopBackgroundTrack 4002a5b0 f   ui_syscalls.obj
 0001:000295c0       __alloca_probe             4002a5c0 f   LIBCMT:chkstk.obj
 0001:000295c0       __chkstk                   4002a5c0 f   LIBCMT:chkstk.obj
 0001:000295f0       __ftol2_sse                4002a5f0 f   LIBCMT:ftol2.obj
 0001:00029600       __ftoi2                    4002a600 f   LIBCMT:ftol2.obj
 0001:000299bc       __DllMainCRTStartup@12     4002a9bc f   LIBCMT:dll_dllmain.obj
 0001:000299df       ___isa_available_init      4002a9df f   LIBCMT:cpu_disp.obj
 0001:00029c00       ___security_init_cookie    4002ac00 f   LIBCMT:gs_support.obj
 0001:00029c4b       _DllMain@12                4002ac4b f   LIBCMT:dll_dllmain_stub.obj
 0001:00029c51       ?__scrt_initialize_type_info@@YAXXZ 4002ac51 f   LIBCMT:tncleanup.obj
 0001:00029c5d       ?__scrt_uninitialize_type_info@@YAXXZ 4002ac5d f   LIBCMT:tncleanup.obj
 0001:00029c69       ___scrt_initialize_default_local_stdio_options 4002ac69 f   LIBCMT:default_local_stdio_options.obj
 0001:00029cca       ___scrt_acquire_startup_lock 4002acca f   LIBCMT:utility.obj
 0001:00029cfc       ___scrt_dllmain_after_initialize_c 4002acfc f   LIBCMT:utility.obj
 0001:00029d27       ___scrt_dllmain_before_initialize_c 4002ad27 f   LIBCMT:utility.obj
 0001:00029d35       ___scrt_dllmain_crt_thread_attach 4002ad35 f   LIBCMT:utility.obj
 0001:00029d54       ___scrt_dllmain_crt_thread_detach 4002ad54 f   LIBCMT:utility.obj
 0001:00029d61       ___scrt_dllmain_exception_filter 4002ad61 f   LIBCMT:utility.obj
 0001:00029d95       ___scrt_dllmain_uninitialize_c 4002ad95 f   LIBCMT:utility.obj
 0001:00029db8       ___scrt_dllmain_uninitialize_critical 4002adb8 f   LIBCMT:utility.obj
 0001:00029dc5       ___scrt_initialize_crt     4002adc5 f   LIBCMT:utility.obj
 0001:00029dfe       ___scrt_initialize_onexit_tables 4002adfe f   LIBCMT:utility.obj
 0001:00029e85       ___scrt_is_nonwritable_in_current_image 4002ae85 f   LIBCMT:utility.obj
 0001:00029f19       ___scrt_release_startup_lock 4002af19 f   LIBCMT:utility.obj
 0001:00029f36       ___scrt_uninitialize_crt   4002af36 f   LIBCMT:utility.obj
 0001:00029f5e       ___scrt_get_dyn_tls_init_callback 4002af5e f   LIBCMT:dyn_tls_init.obj
 0001:00029f64       ___scrt_fastfail           4002af64 f   LIBCMT:utility_desktop.obj
 0001:0002a07f       __crt_debugger_hook        4002b07f f   LIBCMT:utility_desktop.obj
 0001:0002a087       __RTC_Initialize           4002b087 f   LIBCMT:initsect.obj
 0001:0002a0b3       __RTC_Terminate            4002b0b3 f   LIBCMT:initsect.obj
 0001:0002a0e0       __SEH_prolog4              4002b0e0 f   LIBCMT:sehprolg4.obj
 0001:0002a125       __get_startup_argv_mode    4002b125 f   LIBCMT:argv_mode.obj
 0001:0002a129       ___scrt_is_ucrt_dll_in_use 4002b129 f   LIBCMT:ucrt_detection.obj
 0001:0002a135       @__security_check_cookie@4 4002b135 f   LIBCMT:secchk.obj
 0001:0002a143       ___raise_securityfailure   4002b143 f   LIBCMT:gs_report.obj
 0001:0002a16b       ___report_gsfailure        4002b16b f   LIBCMT:gs_report.obj
 0001:0002a270       _memset                    4002b270 f   libvcruntime:memset.obj
 0001:0002a3d0       _strchr                    4002b3d0 f   libvcruntime:strchr.obj
 0001:0002a43e       ___from_strstr_to_strchr   4002b43e     libvcruntime:strchr.obj
 0001:0002a500       _memcpy                    4002b500 f   libvcruntime:memcpy.obj
 0001:0002a500       _memmove                   4002b500 f   libvcruntime:memmove.obj
 0001:0002aa80       _strstr                    4002ba80 f   libvcruntime:strstr.obj
 0001:0002acf0       _strrchr                   4002bcf0 f   libvcruntime:strrchr.obj
 0001:0002ae70       __except_handler4          4002be70 f   libvcruntime:chandler4.obj
 0001:0002afce       ___std_type_info_destroy_list 4002bfce f   libvcruntime:std_type_info.obj
 0001:0002aff1       ___vcrt_initialize         4002bff1 f   libvcruntime:initialization.obj
 0001:0002b010       ___vcrt_thread_attach      4002c010 f   libvcruntime:initialization.obj
 0001:0002b01b       ___vcrt_thread_detach      4002c01b f   libvcruntime:initialization.obj
 0001:0002b026       ___vcrt_uninitialize       4002c026 f   libvcruntime:initialization.obj
 0001:0002b03d       ___vcrt_uninitialize_critical 4002c03d f   libvcruntime:initialization.obj
 0001:0002b045       ___DestructExceptionObject 4002c045 f   libvcruntime:ehhelpers.obj
 0001:0002b0e6       ?_CallMemberFunction0@@YGXQAX0@Z 4002c0e6 f i libvcruntime:ehhelpers.obj
 0001:0002b150       __local_unwind4            4002c150 f   libvcruntime:exsup4.obj
 0001:0002b240       @_EH4_CallFilterFunc@8     4002c240 f   libvcruntime:exsup4.obj
 0001:0002b260       @_EH4_TransferToHandler@8  4002c260 f   libvcruntime:exsup4.obj
 0001:0002b280       @_EH4_GlobalUnwind2@8      4002c280 f   libvcruntime:exsup4.obj
 0001:0002b2a0       @_EH4_LocalUnwind@16       4002c2a0 f   libvcruntime:exsup4.obj
 0001:0002b2b7       ___except_validate_context_record 4002c2b7 f   libvcruntime:jbcxrval.obj
 0001:0002b2e7       ___vcrt_freefls@4          4002c2e7 f   libvcruntime:per_thread_data.obj
 0001:0002b303       ___vcrt_freeptd            4002c303 f   libvcruntime:per_thread_data.obj
 0001:0002b339       ___vcrt_getptd             4002c339 f   libvcruntime:per_thread_data.obj
 0001:0002b347       ___vcrt_getptd_noexit      4002c347 f   libvcruntime:per_thread_data.obj
 0001:0002b3d9       ___vcrt_initialize_ptd     4002c3d9 f   libvcruntime:per_thread_data.obj
 0001:0002b40c       ___vcrt_uninitialize_ptd   4002c40c f   libvcruntime:per_thread_data.obj
 0001:0002b427       ___vcrt_initialize_locks   4002c427 f   libvcruntime:locks.obj
 0001:0002b463       ___vcrt_uninitialize_locks 4002c463 f   libvcruntime:locks.obj
 0001:0002b4a0       __NLG_Notify               4002c4a0 f   libvcruntime:exsup.obj
 0001:0002b4b7       __NLG_Dispatch             4002c4b7     libvcruntime:exsup.obj
 0001:0002b4b7       __NLG_Dispatch2            4002c4b7     libvcruntime:exsup.obj
 0001:0002b4c0       __NLG_Call                 4002c4c0 f   libvcruntime:exsup.obj
 0001:0002b4c2       __NLG_Return2              4002c4c2     libvcruntime:exsup.obj
 0001:0002b5a8       ___vcrt_FlsAlloc           4002c5a8 f   libvcruntime:winapi_downlevel.obj
 0001:0002b5e3       ___vcrt_FlsFree            4002c5e3 f   libvcruntime:winapi_downlevel.obj
 0001:0002b61e       ___vcrt_FlsGetValue        4002c61e f   libvcruntime:winapi_downlevel.obj
 0001:0002b659       ___vcrt_FlsSetValue        4002c659 f   libvcruntime:winapi_downlevel.obj
 0001:0002b697       ___vcrt_InitializeCriticalSectionEx 4002c697 f   libvcruntime:winapi_downlevel.obj
 0001:0002b6e0       ??$is_overflow_condition@K@__crt_strtox@@YA_NIK@Z 4002c6e0 f i libucrt:atox.obj
 0001:0002b711       ??$is_overflow_condition@_K@__crt_strtox@@YA_NI_K@Z 4002c711 f i libucrt:atox.obj
 0001:0002b752       ??$parse_integer@KV?$c_string_character_source@D@__crt_strtox@@@__crt_strtox@@YAKQAU__crt_locale_pointers@@V?$c_string_character_source@D@0@H_N@Z 4002c752 f i libucrt:atox.obj
 0001:0002b975       ??$parse_integer@_KV?$c_string_character_source@D@__crt_strtox@@@__crt_strtox@@YA_KQAU__crt_locale_pointers@@V?$c_string_character_source@D@0@H_N@Z 4002c975 f i libucrt:atox.obj
 0001:0002bc1b       ??0_LocaleUpdate@@QAE@QAU__crt_locale_pointers@@@Z 4002cc1b f i libucrt:atox.obj
 0001:0002bc9e       ?unget@?$c_string_character_source@D@__crt_strtox@@QAEXD@Z 4002cc9e f i libucrt:atox.obj
 0001:0002bcc7       ?validate@?$c_string_character_source@D@__crt_strtox@@QBE_NXZ 4002ccc7 f i libucrt:atox.obj
 0001:0002bcc7       ?validate@?$string_output_adapter@D@__crt_stdio_output@@QBE_NXZ 4002ccc7 f i libucrt:output.obj
 0001:0002bce2       ___acrt_locale_get_ctype_array_value 4002cce2 f i libucrt:atox.obj
 0001:0002bd04       __ischartype_l             4002cd04 f i libucrt:atox.obj
 0001:0002bd58       _atoi                      4002cd58 f   libucrt:atox.obj
 0001:0002bd80       __CIatan2                  4002cd80 f   libucrt:87ctriga.obj
 0001:0002bd90       __libm_sse2_cos_precise    4002cd90 f   libucrt:cos_sse2_precise.obj
 0001:0002bf50       __libm_sse2_sin_precise    4002cf50 f   libucrt:sin_sse2_precise.obj
 0001:0002c118       ??$assemble_floating_point_snan@N@__crt_strtox@@YAX_NAAN@Z 4002d118 f i libucrt:atof.obj
 0001:0002c139       ??$assemble_floating_point_value_t@M@__crt_strtox@@YA?AW4SLD_STATUS@@_NH_KAAM@Z 4002d139 f i libucrt:atof.obj
 0001:0002c169       ??$assemble_floating_point_value_t@N@__crt_strtox@@YA?AW4SLD_STATUS@@_NH_KAAN@Z 4002d169 f i libucrt:atof.obj
 0001:0002c20f       ??$convert_decimal_string_to_floating_type@M@__crt_strtox@@YA?AW4SLD_STATUS@@ABUfloating_point_string@0@AAM@Z 4002d20f f i libucrt:atof.obj
 0001:0002c230       ??$convert_decimal_string_to_floating_type@N@__crt_strtox@@YA?AW4SLD_STATUS@@ABUfloating_point_string@0@AAN@Z 4002d230 f i libucrt:atof.obj
 0001:0002c251       ??$convert_hexadecimal_string_to_floating_type@M@__crt_strtox@@YA?AW4SLD_STATUS@@ABUfloating_point_string@0@AAM@Z 4002d251 f i libucrt:atof.obj
 0001:0002c272       ??$convert_hexadecimal_string_to_floating_type@N@__crt_strtox@@YA?AW4SLD_STATUS@@ABUfloating_point_string@0@AAN@Z 4002d272 f i libucrt:atof.obj
 0001:0002c293       ??$parse_floating_point@V?$c_string_character_source@D@__crt_strtox@@N@__crt_strtox@@YA?AW4SLD_STATUS@@QAU__crt_locale_pointers@@V?$c_string_character_source@D@0@QAN@Z 4002d293 f i libucrt:atof.obj
 0001:0002c307       ??$parse_floating_point_from_source@V?$c_string_character_source@D@__crt_strtox@@@__crt_strtox@@YA?AW4floating_point_parse_result@0@QAU__crt_locale_pointers@@AAV?$c_string_character_source@D@0@AAUfloating_point_string@0@@Z 4002d307 f i libucrt:atof.obj
 0001:0002c6f0       ??$parse_floating_point_possible_infinity@DV?$c_string_character_source@D@__crt_strtox@@PBD@__crt_strtox@@YA?AW4floating_point_parse_result@0@AADAAV?$c_string_character_source@D@0@PBD@Z 4002d6f0 f i libucrt:atof.obj
 0001:0002c792       ??$parse_floating_point_possible_nan@DV?$c_string_character_source@D@__crt_strtox@@PBD@__crt_strtox@@YA?AW4floating_point_parse_result@0@AADAAV?$c_string_character_source@D@0@PBD@Z 4002d792 f i libucrt:atof.obj
 0001:0002c8a1       ??$parse_floating_point_possible_nan_is_ind@DV?$c_string_character_source@D@__crt_strtox@@@__crt_strtox@@YA_NAADAAV?$c_string_character_source@D@0@@Z 4002d8a1 f i libucrt:atof.obj
 0001:0002c8dd       ??$parse_floating_point_possible_nan_is_snan@DV?$c_string_character_source@D@__crt_strtox@@@__crt_strtox@@YA_NAADAAV?$c_string_character_source@D@0@@Z 4002d8dd f i libucrt:atof.obj
 0001:0002c919       ??$parse_floating_point_write_result@M@__crt_strtox@@YA?AW4SLD_STATUS@@W4floating_point_parse_result@0@ABUfloating_point_string@0@QAM@Z 4002d919 f i libucrt:atof.obj
 0001:0002ca85       ??$parse_floating_point_write_result@N@__crt_strtox@@YA?AW4SLD_STATUS@@W4floating_point_parse_result@0@ABUfloating_point_string@0@QAN@Z 4002da85 f i libucrt:atof.obj
 0001:0002cbcf       ?as_double@floating_point_value@__crt_strtox@@QBEAANXZ 4002dbcf f i libucrt:atof.obj
 0001:0002cbf4       ?as_float@floating_point_value@__crt_strtox@@QBEAAMXZ 4002dbf4 f i libucrt:atof.obj
 0001:0002cc19       ?assemble_floating_point_infinity@__crt_strtox@@YAX_NABVfloating_point_value@1@@Z 4002dc19 f i libucrt:atof.obj
 0001:0002cc59       ?assemble_floating_point_value@__crt_strtox@@YA?AW4SLD_STATUS@@_KH_N1ABVfloating_point_value@1@@Z 4002dc59 f i libucrt:atof.obj
 0001:0002cfae       ?assemble_floating_point_value_from_big_integer@__crt_strtox@@YA?AW4SLD_STATUS@@ABUbig_integer@1@I_N1ABVfloating_point_value@1@@Z 4002dfae f i libucrt:atof.obj
 0001:0002d142       ?assemble_floating_point_zero@__crt_strtox@@YAX_NABVfloating_point_value@1@@Z 4002e142 f i libucrt:atof.obj
 0001:0002d177       ?convert_decimal_string_to_floating_type_common@__crt_strtox@@YA?AW4SLD_STATUS@@ABUfloating_point_string@1@ABVfloating_point_value@1@@Z 4002e177 f i libucrt:atof.obj
 0001:0002ee4b       ?convert_hexadecimal_string_to_floating_type_common@__crt_strtox@@YA?AW4SLD_STATUS@@ABUfloating_point_string@1@ABVfloating_point_value@1@@Z 4002fe4b f i libucrt:atof.obj
 0001:0002eef1       ?denormal_mantissa_mask@floating_point_value@__crt_strtox@@QBE_KXZ 4002fef1 f i libucrt:atof.obj
 0001:0002ef10       ?divide@__crt_strtox@@YA_KAAUbig_integer@1@ABU21@@Z 4002ff10 f i libucrt:atof.obj
 0001:0002f3a8       ?normal_mantissa_mask@floating_point_value@__crt_strtox@@QBE_KXZ 400303a8 f i libucrt:atof.obj
 0001:0002f3bf       _atof                      400303bf f   libucrt:atof.obj
 0001:0002f460       __CIfmod                   40030460 f   libucrt:87fmod_impl.obj
 0001:0002f470       __fFMOD                    40030470 f   libucrt:87fmod_impl.obj
 0001:0002f480       __libm_sse2_acos_precise   40030480 f   libucrt:acos_sse2_precise.obj
 0001:0002f9a0       __libm_sse2_sqrt_precise   400309a0 f   libucrt:sqrt_sse2_precise.obj
 0001:0002fc1e       ??$count@D@formatting_buffer@__crt_stdio_output@@QBEIXZ 40030c1e f i libucrt:output.obj
 0001:0002fc36       ??$ensure_buffer_is_big_enough@D@formatting_buffer@__crt_stdio_output@@QAE_NI@Z 40030c36 f i libucrt:output.obj
 0001:0002fcb3       ??$is_wide_character_specifier@D@__crt_stdio_output@@YA_N_KDW4length_modifier@0@@Z 40030cb3 f i libucrt:output.obj
 0001:0002fce4       ??$scratch_data@D@formatting_buffer@__crt_stdio_output@@QAEPADXZ 40030ce4 f i libucrt:output.obj
 0001:0002fd02       ??$type_case_integer_parse_into_buffer@I@?$output_processor@DV?$string_output_adapter@D@__crt_stdio_output@@V?$standard_base@DV?$string_output_adapter@D@__crt_stdio_output@@@2@@__crt_stdio_output@@AAEXII_N@Z 40030d02 f i libucrt:output.obj
 0001:0002fd75       ??$type_case_integer_parse_into_buffer@_K@?$output_processor@DV?$string_output_adapter@D@__crt_stdio_output@@V?$standard_base@DV?$string_output_adapter@D@__crt_stdio_output@@@2@@__crt_stdio_output@@AAEX_KI_N@Z 40030d75 f i libucrt:output.obj
 0001:0002fe03       ??$write_multiple_characters@V?$string_output_adapter@D@__crt_stdio_output@@D@__crt_stdio_output@@YAXABV?$string_output_adapter@D@0@DHQAH@Z 40030e03 f i libucrt:output.obj
 0001:0002fe2f       ??0?$common_data@D@__crt_stdio_output@@IAE@XZ 40030e2f f i libucrt:output.obj
 0001:0002fe74       ??0?$output_adapter_data@DV?$string_output_adapter@D@__crt_stdio_output@@@__crt_stdio_output@@IAE@ABV?$string_output_adapter@D@1@_KQBDQAU__crt_locale_pointers@@QAD@Z 40030e74 f i libucrt:output.obj
 0001:0002feb0       ??1formatting_buffer@__crt_stdio_output@@QAE@XZ 40030eb0 f i libucrt:output.obj
 0001:0002feca       ??4?$__crt_unique_heap_ptr@DU__crt_internal_free_policy@@@@QAEAAV0@$$QAV0@@Z 40030eca f i libucrt:output.obj
 0001:0002fef0       ?crop_zeroes@__crt_stdio_output@@YAXPADQAU__crt_locale_pointers@@@Z 40030ef0 f i libucrt:output.obj
 0001:0002ff71       ?find_next_state@?$output_processor@DV?$string_output_adapter@D@__crt_stdio_output@@V?$standard_base@DV?$string_output_adapter@D@__crt_stdio_output@@@2@@__crt_stdio_output@@ABE?AW4state@2@DW432@@Z 40030f71 f i libucrt:output.obj
 0001:0002ffb0       ?force_decimal_point@__crt_stdio_output@@YAXPADQAU__crt_locale_pointers@@@Z 40030fb0 f i libucrt:output.obj
 0001:00030015       ?parse_int_from_format_string@?$output_processor@DV?$string_output_adapter@D@__crt_stdio_output@@V?$standard_base@DV?$string_output_adapter@D@__crt_stdio_output@@@2@@__crt_stdio_output@@AAE_NQAH@Z 40031015 f i libucrt:output.obj
 0001:00030089       ?process@?$output_processor@DV?$string_output_adapter@D@__crt_stdio_output@@V?$standard_base@DV?$string_output_adapter@D@__crt_stdio_output@@@2@@__crt_stdio_output@@QAEHXZ 40031089 f i libucrt:output.obj
 0001:0003019d       ?state_case_flag@?$output_processor@DV?$string_output_adapter@D@__crt_stdio_output@@V?$standard_base@DV?$string_output_adapter@D@__crt_stdio_output@@@2@@__crt_stdio_output@@AAE_NXZ 4003119d f i libucrt:output.obj
 0001:000301da       ?state_case_normal@?$output_processor@DV?$string_output_adapter@D@__crt_stdio_output@@V?$standard_base@DV?$string_output_adapter@D@__crt_stdio_output@@@2@@__crt_stdio_output@@AAE_NXZ 400311da f i libucrt:output.obj
 0001:000301f9       ?state_case_normal_common@?$output_processor@DV?$string_output_adapter@D@__crt_stdio_output@@V?$standard_base@DV?$string_output_adapter@D@__crt_stdio_output@@@2@@__crt_stdio_output@@AAE_NXZ 400311f9 f i libucrt:output.obj
 0001:00030223       ?state_case_normal_tchar@?$output_processor@DV?$string_output_adapter@D@__crt_stdio_output@@V?$standard_base@DV?$string_output_adapter@D@__crt_stdio_output@@@2@@__crt_stdio_output@@AAE_ND@Z 40031223 f i libucrt:output.obj
 0001:00030287       ?state_case_precision@?$output_processor@DV?$string_output_adapter@D@__crt_stdio_output@@V?$standard_base@DV?$string_output_adapter@D@__crt_stdio_output@@@2@@__crt_stdio_output@@AAE_NXZ 40031287 f i libucrt:output.obj
 0001:000302ad       ?state_case_size@?$output_processor@DV?$string_output_adapter@D@__crt_stdio_output@@V?$standard_base@DV?$string_output_adapter@D@__crt_stdio_output@@@2@@__crt_stdio_output@@AAE_NXZ 400312ad f i libucrt:output.obj
 0001:000303fb       ?state_case_type@?$output_processor@DV?$string_output_adapter@D@__crt_stdio_output@@V?$standard_base@DV?$string_output_adapter@D@__crt_stdio_output@@@2@@__crt_stdio_output@@AAE_NXZ 400313fb f i libucrt:output.obj
 0001:0003062d       ?state_case_width@?$output_processor@DV?$string_output_adapter@D@__crt_stdio_output@@V?$standard_base@DV?$string_output_adapter@D@__crt_stdio_output@@@2@@__crt_stdio_output@@AAE_NXZ 4003162d f i libucrt:output.obj
 0001:00030660       ?to_integer_size@__crt_stdio_output@@YAIW4length_modifier@1@@Z 40031660 f i libucrt:output.obj
 0001:000306bc       ?type_case_Z@?$output_processor@DV?$string_output_adapter@D@__crt_stdio_output@@V?$standard_base@DV?$string_output_adapter@D@__crt_stdio_output@@@2@@__crt_stdio_output@@AAE_NXZ 400316bc f i libucrt:output.obj
 0001:00030716       ?type_case_a@?$output_processor@DV?$string_output_adapter@D@__crt_stdio_output@@V?$standard_base@DV?$string_output_adapter@D@__crt_stdio_output@@@2@@__crt_stdio_output@@AAE_NXZ 40031716 f i libucrt:output.obj
 0001:00030867       ?type_case_c_tchar@?$output_processor@DV?$string_output_adapter@D@__crt_stdio_output@@V?$standard_base@DV?$string_output_adapter@D@__crt_stdio_output@@@2@@__crt_stdio_output@@AAE_ND@Z 40031867 f i libucrt:output.obj
 0001:000308fa       ?type_case_integer@?$output_processor@DV?$string_output_adapter@D@__crt_stdio_output@@V?$standard_base@DV?$string_output_adapter@D@__crt_stdio_output@@@2@@__crt_stdio_output@@AAE_NI_N@Z 400318fa f i libucrt:output.obj
 0001:00030a4b       ?type_case_n@?$output_processor@DV?$string_output_adapter@D@__crt_stdio_output@@V?$standard_base@DV?$string_output_adapter@D@__crt_stdio_output@@@2@@__crt_stdio_output@@AAE_NXZ 40031a4b f i libucrt:output.obj
 0001:00030abf       ?type_case_o@?$output_processor@DV?$string_output_adapter@D@__crt_stdio_output@@V?$standard_base@DV?$string_output_adapter@D@__crt_stdio_output@@@2@@__crt_stdio_output@@AAE_NXZ 40031abf f i libucrt:output.obj
 0001:00030ade       ?type_case_p@?$output_processor@DV?$string_output_adapter@D@__crt_stdio_output@@V?$standard_base@DV?$string_output_adapter@D@__crt_stdio_output@@@2@@__crt_stdio_output@@AAE_NXZ 40031ade f i libucrt:output.obj
 0001:00030af6       ?type_case_s@?$output_processor@DV?$string_output_adapter@D@__crt_stdio_output@@V?$standard_base@DV?$string_output_adapter@D@__crt_stdio_output@@@2@@__crt_stdio_output@@AAE_NXZ 40031af6 f i libucrt:output.obj
 0001:00030b67       ?write_character@?$string_output_adapter@D@__crt_stdio_output@@QBE_NDQAH@Z 40031b67 f i libucrt:output.obj
 0001:00030ba9       ?write_stored_string_tchar@?$output_processor@DV?$string_output_adapter@D@__crt_stdio_output@@V?$standard_base@DV?$string_output_adapter@D@__crt_stdio_output@@@2@@__crt_stdio_output@@AAE_ND@Z 40031ba9 f i libucrt:output.obj
 0001:00030c4e       ?write_string@?$string_output_adapter@D@__crt_stdio_output@@QBEXQBDHQAHAAV__crt_deferred_errno_cache@@@Z 40031c4e f i libucrt:output.obj
 0001:00030cb5       ___stdio_common_vsprintf   40031cb5 f   libucrt:output.obj
 0001:00030ce0       _strncpy                   40031ce0 f   libucrt:strncpy.obj
 0001:00030e04       __tolower_l                40031e04 f   libucrt:tolower_toupper.obj
 0001:00030f08       __toupper_l                40031f08 f   libucrt:tolower_toupper.obj
 0001:0003100d       _tolower                   4003200d f   libucrt:tolower_toupper.obj
 0001:0003103d       _toupper                   4003203d f   libucrt:tolower_toupper.obj
 0001:00031121       ??$make_input_adapter_character_source@V?$string_input_adapter@D@__crt_stdio_input@@@__crt_strtox@@YA?AV?$input_adapter_character_source@V?$string_input_adapter@D@__crt_stdio_input@@@0@QAV?$string_input_adapter@D@__crt_stdio_input@@_KQA_N@Z 40032121 f i libucrt:input.obj
 0001:0003113f       ??$parse_floating_point@V?$input_adapter_character_source@V?$string_input_adapter@D@__crt_stdio_input@@@__crt_strtox@@M@__crt_strtox@@YA?AW4SLD_STATUS@@QAU__crt_locale_pointers@@V?$input_adapter_character_source@V?$string_input_adapter@D@__crt_stdio_input@@@0@QAM@Z 4003213f f i libucrt:input.obj
 0001:000311b8       ??$parse_floating_point@V?$input_adapter_character_source@V?$string_input_adapter@D@__crt_stdio_input@@@__crt_strtox@@N@__crt_strtox@@YA?AW4SLD_STATUS@@QAU__crt_locale_pointers@@V?$input_adapter_character_source@V?$string_input_adapter@D@__crt_stdio_input@@@0@QAN@Z 400321b8 f i libucrt:input.obj
 0001:00031231       ??$parse_floating_point_from_source@V?$input_adapter_character_source@V?$string_input_adapter@D@__crt_stdio_input@@@__crt_strtox@@@__crt_strtox@@YA?AW4floating_point_parse_result@0@QAU__crt_locale_pointers@@AAV?$input_adapter_character_source@V?$string_input_adapter@D@__crt_stdio_input@@@0@AAUfloating_point_string@0@@Z 40032231 f i libucrt:input.obj
 0001:0003168e       ??$parse_floating_point_possible_infinity@DV?$input_adapter_character_source@V?$string_input_adapter@D@__crt_stdio_input@@@__crt_strtox@@_K@__crt_strtox@@YA?AW4floating_point_parse_result@0@AADAAV?$input_adapter_character_source@V?$string_input_adapter@D@__crt_stdio_input@@@0@_K@Z 4003268e f i libucrt:input.obj
 0001:0003174d       ??$parse_floating_point_possible_nan@DV?$input_adapter_character_source@V?$string_input_adapter@D@__crt_stdio_input@@@__crt_strtox@@_K@__crt_strtox@@YA?AW4floating_point_parse_result@0@AADAAV?$input_adapter_character_source@V?$string_input_adapter@D@__crt_stdio_input@@@0@_K@Z 4003274d f i libucrt:input.obj
 0001:00031868       ??$parse_floating_point_possible_nan_is_ind@DV?$input_adapter_character_source@V?$string_input_adapter@D@__crt_stdio_input@@@__crt_strtox@@@__crt_strtox@@YA_NAADAAV?$input_adapter_character_source@V?$string_input_adapter@D@__crt_stdio_input@@@0@@Z 40032868 f i libucrt:input.obj
 0001:000318a2       ??$parse_floating_point_possible_nan_is_snan@DV?$input_adapter_character_source@V?$string_input_adapter@D@__crt_stdio_input@@@__crt_strtox@@@__crt_strtox@@YA_NAADAAV?$input_adapter_character_source@V?$string_input_adapter@D@__crt_stdio_input@@@0@@Z 400328a2 f i libucrt:input.obj
 0001:000318dc       ??$parse_integer@_KV?$input_adapter_character_source@V?$string_input_adapter@D@__crt_stdio_input@@@__crt_strtox@@@__crt_strtox@@YA_KQAU__crt_locale_pointers@@V?$input_adapter_character_source@V?$string_input_adapter@D@__crt_stdio_input@@@0@H_N@Z 400328dc f i libucrt:input.obj
 0001:00031b9a       ??$process_floating_point_specifier_t@M@?$input_processor@DV?$string_input_adapter@D@__crt_stdio_input@@@__crt_stdio_input@@AAE_NXZ 40032b9a f i libucrt:input.obj
 0001:00031c00       ??$process_floating_point_specifier_t@N@?$input_processor@DV?$string_input_adapter@D@__crt_stdio_input@@@__crt_stdio_input@@AAE_NXZ 40032c00 f i libucrt:input.obj
 0001:00031c66       ??$process_string_specifier_tchar@D@?$input_processor@DV?$string_input_adapter@D@__crt_stdio_input@@@__crt_stdio_input@@AAE_NW4conversion_mode@1@D@Z 40032c66 f i libucrt:input.obj
 0001:00031dc3       ??$process_string_specifier_tchar@_W@?$input_processor@DV?$string_input_adapter@D@__crt_stdio_input@@@__crt_stdio_input@@AAE_NW4conversion_mode@1@_W@Z 40032dc3 f i libucrt:input.obj
 0001:00031f2a       ??$skip_whitespace@Vstring_input_adapter@__crt_stdio_input@@D@__crt_stdio_input@@YAHAAV?$string_input_adapter@D@0@QAU__crt_locale_pointers@@@Z 40032f2a f i libucrt:input.obj
 0001:00031f59       ??$write_floating_point@M@?$input_processor@DV?$string_input_adapter@D@__crt_stdio_input@@@__crt_stdio_input@@AAE_NABM@Z 40032f59 f i libucrt:input.obj
 0001:00031f8d       ??$write_floating_point@N@?$input_processor@DV?$string_input_adapter@D@__crt_stdio_input@@@__crt_stdio_input@@AAE_NABN@Z 40032f8d f i libucrt:input.obj
 0001:00031fc7       ??0?$format_string_parser@D@__crt_stdio_input@@QAE@_KQBE@Z 40032fc7 f i libucrt:input.obj
 0001:00032011       ??0?$input_adapter_character_source@V?$string_input_adapter@D@__crt_stdio_input@@@__crt_strtox@@QAE@QAV?$string_input_adapter@D@__crt_stdio_input@@_KQA_N@Z 40033011 f i libucrt:input.obj
 0001:00032042       ??0?$input_processor@DV?$string_input_adapter@D@__crt_stdio_input@@@__crt_stdio_input@@QAE@ABV?$string_input_adapter@D@1@_KQBDQAU__crt_locale_pointers@@QAD@Z 40033042 f i libucrt:input.obj
 0001:000320b0       ?advance@?$format_string_parser@D@__crt_stdio_input@@QAE_NXZ 400330b0 f i libucrt:input.obj
 0001:000321c8       ?get@?$input_adapter_character_source@V?$string_input_adapter@D@__crt_stdio_input@@@__crt_strtox@@QAEDXZ 400331c8 f i libucrt:input.obj
 0001:000321ff       ?get@?$string_input_adapter@D@__crt_stdio_input@@QAEHXZ 400331ff f i libucrt:input.obj
 0001:00032215       ?invert@?$scanset_buffer@E@__crt_stdio_input@@QAEXXZ 40033215 f i libucrt:input.obj
 0001:00032233       ?is_character_allowed_in_string@?$input_processor@DV?$string_input_adapter@D@__crt_stdio_input@@@__crt_stdio_input@@ABE_NW4conversion_mode@2@H@Z 40033233 f i libucrt:input.obj
 0001:00032283       ?length@?$format_string_parser@D@__crt_stdio_input@@QBEIXZ 40033283 f i libucrt:input.obj
 0001:000322c4       ?process@?$input_processor@DV?$string_input_adapter@D@__crt_stdio_input@@@__crt_stdio_input@@QAEHXZ 400332c4 f i libucrt:input.obj
 0001:00032348       ?process_character_count_specifier@?$input_processor@DV?$string_input_adapter@D@__crt_stdio_input@@@__crt_stdio_input@@AAE_NXZ 40033348 f i libucrt:input.obj
 0001:00032360       ?process_conversion_specifier@?$input_processor@DV?$string_input_adapter@D@__crt_stdio_input@@@__crt_stdio_input@@AAE_NXZ 40033360 f i libucrt:input.obj
 0001:000323d4       ?process_floating_point_specifier@?$input_processor@DV?$string_input_adapter@D@__crt_stdio_input@@@__crt_stdio_input@@AAE_NXZ 400333d4 f i libucrt:input.obj
 0001:00032404       ?process_integer_specifier@?$input_processor@DV?$string_input_adapter@D@__crt_stdio_input@@@__crt_stdio_input@@AAE_NI_N@Z 40033404 f i libucrt:input.obj
 0001:00032466       ?process_literal_character@?$input_processor@DV?$string_input_adapter@D@__crt_stdio_input@@@__crt_stdio_input@@AAE_NXZ 40033466 f i libucrt:input.obj
 0001:0003249c       ?process_literal_character_tchar@?$input_processor@DV?$string_input_adapter@D@__crt_stdio_input@@@__crt_stdio_input@@AAE_ND@Z 4003349c f i libucrt:input.obj
 0001:000324ea       ?process_state@?$input_processor@DV?$string_input_adapter@D@__crt_stdio_input@@@__crt_stdio_input@@AAE_NXZ 400334ea f i libucrt:input.obj
 0001:0003252c       ?process_string_specifier@?$input_processor@DV?$string_input_adapter@D@__crt_stdio_input@@@__crt_stdio_input@@AAE_NW4conversion_mode@2@@Z 4003352c f i libucrt:input.obj
 0001:00032574       ?process_whitespace@?$input_processor@DV?$string_input_adapter@D@__crt_stdio_input@@@__crt_stdio_input@@AAE_NXZ 40033574 f i libucrt:input.obj
 0001:00032591       ?restore_state@?$input_adapter_character_source@V?$string_input_adapter@D@__crt_stdio_input@@@__crt_strtox@@QAE_N_K@Z 40033591 f i libucrt:input.obj
 0001:000325b6       ?scan_conversion_specifier@?$format_string_parser@D@__crt_stdio_input@@AAE_NXZ 400335b6 f i libucrt:input.obj
 0001:00032721       ?scan_optional_field_width@?$format_string_parser@D@__crt_stdio_input@@AAE_NXZ 40033721 f i libucrt:input.obj
 0001:000327be       ?scan_optional_length_modifier@?$format_string_parser@D@__crt_stdio_input@@AAEXXZ 400337be f i libucrt:input.obj
 0001:000328cd       ?scan_optional_literal_character_trail_bytes_tchar@?$format_string_parser@D@__crt_stdio_input@@AAE_ND@Z 400338cd f i libucrt:input.obj
 0001:0003291f       ?scan_optional_wide_modifier@?$format_string_parser@D@__crt_stdio_input@@AAEXXZ 4003391f f i libucrt:input.obj
 0001:0003293d       ?scan_scanset_range@?$format_string_parser@D@__crt_stdio_input@@AAE_NXZ 4003393d f i libucrt:input.obj
 0001:00032a75       ?set_wide_for_c_s_or_scanset@?$format_string_parser@D@__crt_stdio_input@@AAEXXZ 40033a75 f i libucrt:input.obj
 0001:00032a95       ?to_floating_point_length@__crt_stdio_input@@YAIW4length_modifier@1@@Z 40033a95 f i libucrt:input.obj
 0001:00032ab8       ?to_integer_length@__crt_stdio_input@@YAIW4length_modifier@1@@Z 40033ab8 f i libucrt:input.obj
 0001:00032b0b       ?unget@?$input_adapter_character_source@V?$string_input_adapter@D@__crt_stdio_input@@@__crt_strtox@@QAEXD@Z 40033b0b f i libucrt:input.obj
 0001:00032b52       ?unget@?$string_input_adapter@D@__crt_stdio_input@@QAEXH@Z 40033b52 f i libucrt:input.obj
 0001:00032b71       ?validate@?$format_string_parser@D@__crt_stdio_input@@QBE_NXZ 40033b71 f i libucrt:input.obj
 0001:00032b8d       ?validate@?$input_adapter_character_source@V?$string_input_adapter@D@__crt_stdio_input@@@__crt_strtox@@QBE_NXZ 40033b8d f i libucrt:input.obj
 0001:00032bae       ?validate@?$string_input_adapter@D@__crt_stdio_input@@QAE_NXZ 40033bae f i libucrt:input.obj
 0001:00032bd0       ?write_character@?$input_processor@DV?$string_input_adapter@D@__crt_stdio_input@@@__crt_stdio_input@@AAE_NQA_WIAAPA_WAAID@Z 40033bd0 f i libucrt:input.obj
 0001:00032c3d       ?write_integer@?$input_processor@DV?$string_input_adapter@D@__crt_stdio_input@@@__crt_stdio_input@@AAE_N_K@Z 40033c3d f i libucrt:input.obj
 0001:00032cab       ___stdio_common_vsscanf    40033cab f   libucrt:input.obj
 0001:00032ccf       _free                      40033ccf f   libucrt:free.obj
 0001:00032cea       _malloc                    40033cea f   libucrt:malloc.obj
 0001:00032cf5       _realloc                   40033cf5 f   libucrt:realloc.obj
 0001:00032d00       _qsort                     40033d00 f   libucrt:qsort.obj
 0001:000331f0       _ceil                      400341f0 f   libucrt:ceil_pentium4.obj
 0001:00033230       __ceil_pentium4            40034230 f   libucrt:ceil_pentium4.obj
 0001:00033310       _floor                     40034310 f   libucrt:floor_pentium4.obj
 0001:00033350       __floor_pentium4           40034350 f   libucrt:floor_pentium4.obj
 0001:0003340d       _rand                      4003440d f   libucrt:rand.obj
 0001:000334b7       ??$make_c_string_character_source@DPAPAD@__crt_strtox@@YA?AV?$c_string_character_source@D@0@QBDQAPAD@Z 400344b7 f i libucrt:strtod.obj
 0001:000334d2       _strtod                    400344d2 f   libucrt:strtod.obj
 0001:000334f0       __libm_sse2_tan_precise    400344f0 f   libucrt:tan_sse2_precise.obj
 0001:00033760       __initterm                 40034760 f   libucrt:initterm.obj
 0001:000337a5       __initterm_e               400347a5 f   libucrt:initterm.obj
 0001:000337d3       __seh_filter_dll           400347d3 f   libucrt:exception_filter.obj
 0001:000337f3       __seh_filter_exe           400347f3 f   libucrt:exception_filter.obj
 0001:00033bc1       ___acrt_initialize_thread_local_exit_callback 40034bc1 f   libucrt:exit.obj
 0001:00033bd0       __cexit                    40034bd0 f   libucrt:exit.obj
 0001:00033bdf       __exit                     40034bdf f   libucrt:exit.obj
 0001:00033bf5       __is_c_termination_complete 40034bf5 f   libucrt:exit.obj
 0001:00033ea6       ___acrt_allocate_buffer_for_argv 40034ea6 f   libucrt:argv_parsing.obj
 0001:00033ef5       __configure_narrow_argv    40034ef5 f   libucrt:argv_parsing.obj
 0001:00034052       ??$uninitialize@A6AXAAPAPAD@Z@?$dual_state_global@PAPAD@__crt_state_management@@QAEXA6AXAAPAPAD@Z@Z 40035052 f i libucrt:environment_initialization.obj
 0001:00034052       ??$uninitialize@A6AXAAPAPA_W@Z@?$dual_state_global@PAPA_W@__crt_state_management@@QAEXA6AXAAPAPA_W@Z@Z 40035052 f i libucrt:environment_initialization.obj
 0001:000340b1       ___dcrt_uninitialize_environments_nolock 400350b1 f   libucrt:environment_initialization.obj
 0001:000340e8       __initialize_narrow_environment 400350e8 f   libucrt:environment_initialization.obj
 0001:00034222       __execute_onexit_table     40035222 f   libucrt:onexit.obj
 0001:0003424f       __initialize_onexit_table  4003524f f   libucrt:onexit.obj
 0001:0003429f       ___acrt_uninitialize_command_line 4003529f f   libucrt:argv_data.obj
 0001:00034348       ??$__crt_fast_encode_pointer@PAX@@YAPAXQAX@Z 40035348 f i libucrt:initialization.obj
 0001:00034395       ___acrt_initialize         40035395 f   libucrt:initialization.obj
 0001:000343a7       ___acrt_thread_attach      400353a7 f   libucrt:initialization.obj
 0001:000343b2       ___acrt_thread_detach      400353b2 f   libucrt:initialization.obj
 0001:000343ba       ___acrt_uninitialize       400353ba f   libucrt:initialization.obj
 0001:000343ea       ___acrt_uninitialize_critical 400353ea f   libucrt:initialization.obj
 0001:000343fc       _terminate                 400353fc f   libucrt:terminate.obj
 0001:00034438       _strcpy_s                  40035438 f   libucrt:strcpy_s.obj
 0001:00034492       _abort                     40035492 f   libucrt:abort.obj
 0001:000344e0       _strncmp                   400354e0 f   libucrt:strncmp.obj
 0001:00034558       _calloc                    40035558 f   libucrt:calloc.obj
 0001:00034563       _wcsncmp                   40035563 f   libucrt:wcsncmp.obj
 0001:0003459d       ___acrt_call_reportfault   4003559d f   libucrt:invalid_parameter.obj
 0001:000346d6       ___acrt_initialize_invalid_parameter_handler 400356d6 f   libucrt:invalid_parameter.obj
 0001:000346e5       __invalid_parameter        400356e5 f   libucrt:invalid_parameter.obj
 0001:00034749       __invalid_parameter_noinfo 40035749 f   libucrt:invalid_parameter.obj
 0001:00034759       __invoke_watson            40035759 f   libucrt:invalid_parameter.obj
 0001:0003478d       ___pctype_func             4003578d f   libucrt:ctype.obj
 0001:000347b1       __isctype_l                400357b1 f   libucrt:isctype.obj
 0001:0003487c       ___acrt_errno_from_os_error 4003587c f   libucrt:errno.obj
 0001:000348bf       ___acrt_errno_map_os_error 400358bf f   libucrt:errno.obj
 0001:000348e2       ___doserrno                400358e2 f   libucrt:errno.obj
 0001:000348f5       __errno                    400358f5 f   libucrt:errno.obj
 0001:00034c46       ___acrt_freeptd            40035c46 f   libucrt:per_thread_data.obj
 0001:00034c72       ___acrt_getptd             40035c72 f   libucrt:per_thread_data.obj
 0001:00034d2f       ___acrt_getptd_head        40035d2f f   libucrt:per_thread_data.obj
 0001:00034dc9       ___acrt_getptd_noexit      40035dc9 f   libucrt:per_thread_data.obj
 0001:00034e7e       ___acrt_initialize_ptd     40035e7e f   libucrt:per_thread_data.obj
 0001:00034eaa       ___acrt_uninitialize_ptd   40035eaa f   libucrt:per_thread_data.obj
 0001:00034ec4       ___acrt_update_locale_info 40035ec4 f   libucrt:locale_update.obj
 0001:00034ef1       ___acrt_update_multibyte_info 40035ef1 f   libucrt:locale_update.obj
 0001:00034f8c       ___acrt_set_locale_changed 40035f8c f   libucrt:wsetlocale.obj
 0001:00034f97       ___acrt_uninitialize_locale 40035f97 f   libucrt:wsetlocale.obj
 0001:00034fe0       __fFATN2                   40035fe0 f   libucrt:87triga.obj
 0001:00035030       __rtpiby2                  40036030     libucrt:87triga.obj
 0001:00035040       __rtforatn20               40036040 f   libucrt:87triga.obj
 0001:00035070       __rtforatnby0              40036070 f   libucrt:87triga.obj
 0001:00035080       __cintrindisp2             40036080 f   libucrt:87cdisp.obj
 0001:000350d0       __cintrindisp1             400360d0 f   libucrt:87cdisp.obj
 0001:00035119       __ctrandisp2               40036119 f   libucrt:87cdisp.obj
 0001:000352a8       __ctrandisp1               400362a8 f   libucrt:87cdisp.obj
 0001:000352db       __fload                    400362db f   libucrt:87cdisp.obj
 0001:00035320       __CIcos                    40036320 f   libucrt:cos_impl.obj
 0001:0003535b       __CIcos_default            4003635b f   libucrt:cos_impl.obj
 0001:0003536f       __cos_default              4003636f     libucrt:cos_impl.obj
 0001:00035410       __CIsin                    40036410 f   libucrt:sin_impl.obj
 0001:0003544b       __CIsin_default            4003644b f   libucrt:sin_impl.obj
 0001:0003545f       __sin_default              4003645f     libucrt:sin_impl.obj
 0001:000354f2       _fegetround                400364f2 f   libucrt:fegetround.obj
 0001:00035500       __trandisp1                40036500 f   libucrt:87disp.obj
 0001:00035575       __trandisp2                40036575 f   libucrt:87disp.obj
 0001:0003560f       __rttospopde               4003660f     libucrt:87disp.obj
 0001:00035614       __rttospop                 40036614     libucrt:87disp.obj
 0001:00035620       __rtnospop                 40036620 f   libucrt:87disp.obj
 0001:00035630       __rttosnpop                40036630 f   libucrt:87disp.obj
 0001:00035631       __rtnospopde               40036631     libucrt:87disp.obj
 0001:00035638       __rtzeropop                40036638     libucrt:87disp.obj
 0001:0003563a       __rtzeronpop               4003663a     libucrt:87disp.obj
 0001:00035640       __rtzerospop               40036640 f   libucrt:87disp.obj
 0001:0003564d       __rtonepop                 4003664d     libucrt:87disp.obj
 0001:00035650       __rtonenpop                40036650 f   libucrt:87disp.obj
 0001:00035660       __tosnan1                  40036660 f   libucrt:87disp.obj
 0001:00035690       __nosnan2                  40036690 f   libucrt:87disp.obj
 0001:000356a0       __tosnan2                  400366a0 f   libucrt:87disp.obj
 0001:000356d0       __nan2                     400366d0 f   libucrt:87disp.obj
 0001:00035710       __rtindfpop                40036710 f   libucrt:87disp.obj
 0001:00035712       __rtindfnpop               40036712     libucrt:87disp.obj
 0001:00035723       __rttosnpopde              40036723     libucrt:87disp.obj
 0001:00035730       __rtatan2inf               40036730 f   libucrt:87disp.obj
 0001:0003574d       __rtchsifneg               4003674d     libucrt:87disp.obj
 0001:00035754       ___libm_error_support      40036754 f   libucrt:libm_error.obj
 0001:00035950       __CIacos                   40036950 f   libucrt:acos_impl.obj
 0001:0003598b       __CIacos_default           4003698b f   libucrt:acos_impl.obj
 0001:0003599f       __acos_default             4003699f     libucrt:acos_impl.obj
 0001:00035a60       _sqrt                      40036a60 f   libucrt:sqrt.obj
[...]
 0002:00018920       coeff                      40059920     libucrt:log10_pentium4.obj
 0002:0001897e       _log2max                   4005997e     libucrt:87tran.obj
 0002:00018988       _smallarg                  40059988     libucrt:87tran.obj
 0002:00018992       _half                      40059992     libucrt:87tran.obj
 0002:00019630       __sehtable$?dllmain_crt_process_attach@@YAHQAUHINSTANCE__@@QAX@Z 4005a630     LIBCMT:dll_dllmain.obj
 0002:00019650       __sehtable$?dllmain_crt_process_detach@@YAH_N@Z 4005a650     LIBCMT:dll_dllmain.obj
 0002:00019678       __sehtable$?dllmain_dispatch@@YAHQAUHINSTANCE__@@KQAX@Z 4005a678     LIBCMT:dll_dllmain.obj
 0002:00019698       __sehtable$___scrt_is_nonwritable_in_current_image 4005a698     LIBCMT:utility.obj
 0002:000196b8       __sehtable$___DestructExceptionObject 4005a6b8     libvcruntime:ehhelpers.obj
 0002:000196d8       __sehtable$??R<lambda_6e4b09c48022b2350581041d5f6b0c4c>@@QBE@XZ 4005a6d8     libucrt:exit.obj
 0002:000196f8       __sehtable$??$?RV<lambda_03b1d95aef87969028cfba75ccab2455>@@AAV<lambda_6e4b09c48022b2350581041d5f6b0c4c>@@V<lambda_22bdf7517842c4b3e53723af5aa32b9e>@@@?$__crt_seh_guarded_call@X@@QAEX$$QAV<lambda_03b1d95aef87969028cfba75ccab2455>@@AAV<lambda_6e4b09c48022b2350581041d5f6b0c4c>@@$$QAV<lambda_22bdf7517842c4b3e53723af5aa32b9e>@@@Z 4005a6f8     libucrt:exit.obj
 0002:00019718       __sehtable$??$?RV<lambda_69a2805e680e0e292e8ba93315fe43a8>@@AAV<lambda_f03950bc5685219e0bcd2087efbe011e>@@V<lambda_03fcd07e894ec930e3f35da366ca99d6>@@@?$__crt_seh_guarded_call@H@@QAEH$$QAV<lambda_69a2805e680e0e292e8ba93315fe43a8>@@AAV<lambda_f03950bc5685219e0bcd2087efbe011e>@@$$QAV<lambda_03fcd07e894ec930e3f35da366ca99d6>@@@Z 4005a718     libucrt:onexit.obj
 0002:00019738       __sehtable$_terminate      4005a738     libucrt:terminate.obj
 0002:00019758       __sehtable$??$?RV<lambda_15ade71b0218206bbe3333a0c9b79046>@@AAV<lambda_da44e0f8b0f19ba52fefafb335991732>@@V<lambda_207f2d024fc103971653565357d6cd41>@@@?$__crt_seh_guarded_call@X@@QAEX$$QAV<lambda_15ade71b0218206bbe3333a0c9b79046>@@AAV<lambda_da44e0f8b0f19ba52fefafb335991732>@@$$QAV<lambda_207f2d024fc103971653565357d6cd41>@@@Z 4005a758     libucrt:per_thread_data.obj
 0002:00019778       __sehtable$??$?RV<lambda_a7e850c220f1c8d1e6efeecdedd162c6>@@AAV<lambda_46720907175c18b6c9d2717bc0d2d362>@@V<lambda_9048902d66e8d99359bc9897bbb930a8>@@@?$__crt_seh_guarded_call@X@@QAEX$$QAV<lambda_a7e850c220f1c8d1e6efeecdedd162c6>@@AAV<lambda_46720907175c18b6c9d2717bc0d2d362>@@$$QAV<lambda_9048902d66e8d99359bc9897bbb930a8>@@@Z 4005a778     libucrt:per_thread_data.obj
 0002:00019798       __sehtable$??$?RV<lambda_38edbb1296d33220d7e4dd0ed76b244a>@@AAV<lambda_5ce1d447e08cb34b2473517608e21441>@@V<lambda_fb385d3da700c9147fc39e65dd577a8c>@@@?$__crt_seh_guarded_call@X@@QAEX$$QAV<lambda_38edbb1296d33220d7e4dd0ed76b244a>@@AAV<lambda_5ce1d447e08cb34b2473517608e21441>@@$$QAV<lambda_fb385d3da700c9147fc39e65dd577a8c>@@@Z 4005a798     libucrt:per_thread_data.obj
 0002:000197b8       __sehtable$??$?RV<lambda_6affb1475c98b40b75cdec977db92e3c>@@AAV<lambda_b8d4b9c228a6ecc3f80208dbb4b4a104>@@V<lambda_608742c3c92a14382c1684fc64f96c88>@@@?$__crt_seh_guarded_call@X@@QAEX$$QAV<lambda_6affb1475c98b40b75cdec977db92e3c>@@AAV<lambda_b8d4b9c228a6ecc3f80208dbb4b4a104>@@$$QAV<lambda_608742c3c92a14382c1684fc64f96c88>@@@Z 4005a7b8     libucrt:per_thread_data.obj
 0002:000197d8       __sehtable$??$?RV<lambda_e5124f882df8998aaf41531e079ba474>@@AAV<lambda_3e16ef9562a7dcce91392c22ab16ea36>@@V<lambda_e25ca0880e6ef98be67edffd8c599615>@@@?$__crt_seh_guarded_call@X@@QAEX$$QAV<lambda_e5124f882df8998aaf41531e079ba474>@@AAV<lambda_3e16ef9562a7dcce91392c22ab16ea36>@@$$QAV<lambda_e25ca0880e6ef98be67edffd8c599615>@@@Z 4005a7d8     libucrt:wsetlocale.obj
 0002:000197f8       __sehtable$___acrt_initialize_lowio 4005a7f8     libucrt:ioinit.obj
 0002:00019818       __sehtable$?update_thread_multibyte_data_internal@@YAPAU__crt_multibyte_data@@QAU__acrt_ptd@@QAPAU1@@Z 4005a818     libucrt:mbctype.obj
 0002:00019838       __sehtable$??$?RV<lambda_ceb1ee4838e85a9d631eb091e2fbe199>@@AAV<lambda_ae742caa10f662c28703da3d2ea5e57e>@@V<lambda_cd08b5d6af4937fe54fc07d0c9bf6b37>@@@?$__crt_seh_guarded_call@X@@QAEX$$QAV<lambda_ceb1ee4838e85a9d631eb091e2fbe199>@@AAV<lambda_ae742caa10f662c28703da3d2ea5e57e>@@$$QAV<lambda_cd08b5d6af4937fe54fc07d0c9bf6b37>@@@Z 4005a838     libucrt:mbctype.obj
 0002:00019858       __sehtable$__query_new_handler 4005a858     libucrt:new_handler.obj
 0002:00019878       __sehtable$_raise          4005a878     libucrt:signal.obj
 0002:00019898       __sehtable$??$?RV<lambda_cbab9ec6f41b0180b23cc171c22676b0>@@AAV<lambda_44731a7d0e6d81c3e6aa82d741081786>@@V<lambda_4b292cb8dd18144e164572427af410ab>@@@?$__crt_seh_guarded_call@P6AXH@Z@@QAEP6AXH@Z$$QAV<lambda_cbab9ec6f41b0180b23cc171c22676b0>@@AAV<lambda_44731a7d0e6d81c3e6aa82d741081786>@@$$QAV<lambda_4b292cb8dd18144e164572427af410ab>@@@Z 4005a898     libucrt:signal.obj
 0002:000198b8       __sehtable$??$?RV<lambda_2866be3712abc81a800a822484c830d8>@@AAV<lambda_39ca0ed439415581b5b15c265174cece>@@V<lambda_2b24c74d71094a6cd0cb82e44167d71b>@@@?$__crt_seh_guarded_call@X@@QAEX$$QAV<lambda_2866be3712abc81a800a822484c830d8>@@AAV<lambda_39ca0ed439415581b5b15c265174cece>@@$$QAV<lambda_2b24c74d71094a6cd0cb82e44167d71b>@@@Z 4005a8b8     libucrt:fflush.obj
 0002:000198d8       __sehtable$??$?RV<lambda_2cc53f568c5a2bb6f192f930a45d44ea>@@AAV<lambda_ab61a845afdef5b7c387490eaf3616ee>@@V<lambda_c2ffc0b7726aa6be21d5f0026187e748>@@@?$__crt_seh_guarded_call@X@@QAEX$$QAV<lambda_2cc53f568c5a2bb6f192f930a45d44ea>@@AAV<lambda_ab61a845afdef5b7c387490eaf3616ee>@@$$QAV<lambda_c2ffc0b7726aa6be21d5f0026187e748>@@@Z 4005a8d8     libucrt:fflush.obj
 0002:000198f8       __sehtable$___acrt_update_thread_locale_data 4005a8f8     libucrt:locale_refcounting.obj
 0002:00019918       __sehtable$__fcloseall     4005a918     libucrt:closeall.obj
 0002:00019938       __sehtable$___acrt_lowio_ensure_fh_exists 4005a938     libucrt:osfinfo.obj
 0002:00019958       __sehtable$___set_fpsr_sse2 4005a958     libucrt:fpctrl.obj
 0002:00019978       __sehtable$??$?RV<lambda_9e9de3de5fa147e2223d7db92bc10aa6>@@AAV<lambda_38ce7e780aa69e748d6df282ebc68efe>@@V<lambda_8ca6da459f0f6780f1cff60fdc3d00e5>@@@?$__crt_seh_guarded_call@H@@QAEH$$QAV<lambda_9e9de3de5fa147e2223d7db92bc10aa6>@@AAV<lambda_38ce7e780aa69e748d6df282ebc68efe>@@$$QAV<lambda_8ca6da459f0f6780f1cff60fdc3d00e5>@@@Z 4005a978     libucrt:commit.obj
 0002:00019998       __sehtable$__write         4005a998     libucrt:write.obj
 0002:000199b8       __sehtable$_fclose         4005a9b8     libucrt:fclose.obj
 0002:000199d8       __sehtable$??$?RV<lambda_218ce3db14220d0be481dae8ef3383b6>@@AAV<lambda_628dfdc04ba53c8bfc02c9951375f3f5>@@V<lambda_57dc472bd5c9d5f3b2cbca59b8a843ae>@@@?$__crt_seh_guarded_call@H@@QAEH$$QAV<lambda_218ce3db14220d0be481dae8ef3383b6>@@AAV<lambda_628dfdc04ba53c8bfc02c9951375f3f5>@@$$QAV<lambda_57dc472bd5c9d5f3b2cbca59b8a843ae>@@@Z 4005a9d8     libucrt:close.obj
 0002:000199f8       __sehtable$__IsNonwritableInCurrentImage 4005a9f8     LIBCMT:pesect.obj
 0002:00019a20       .edata                     4005aa20     uix86.exp
 0002:00019a48       rgpv                       4005aa48     uix86.exp
 0002:00019a50       rgszName                   4005aa50     uix86.exp
 0002:00019a58       rgwOrd                     4005aa58     uix86.exp
 0002:00019a5c       szName                     4005aa5c     uix86.exp
 0002:00019a66       $N00001                    4005aa66     uix86.exp
 0002:00019a6f       $N00002                    4005aa6f     uix86.exp
 0002:0001a04a       .idata$6                   4005b04a     kernel32:KERNEL32.dll
 0003:00001df8       _bg_poolTail               4005ddf8     bg_misc.obj
 0003:00003204       _holdrand                  4005f204     q_math.obj
 0003:00006fb0       _datapadMoveData           40062fb0     ui_main.obj
 0003:000075b0       _skillLevels               400635b0     ui_main.obj
 0003:000075c4       _teamArenaGameTypes        400635c4     ui_main.obj
 0003:000075f0       _netnames                  400635f0     ui_main.obj
 0003:00007600       _handicapValues            40063600     ui_main.obj
 0003:00007654       ?lastColumn@?1??UI_FeederItemText@@9@9 40063654     ui_main.obj
 0003:00007658       _cvarTable                 40063658     ui_main.obj
 0003:00007cf8       _cvarTableSize             40063cf8     ui_main.obj
 0003:00008434       ?staticNULL@?1??String_Alloc@@9@9 40064434     ui_shared.obj
 0003:00008438       ?squiggy@?1??PC_String_Parse@@9@9 40064438     ui_shared.obj
 0003:00008440       _g_bindings                40064440     ui_shared.obj
 0003:00008d88       _syscall                   40064d88     ui_syscalls.obj
 0003:00008db0       ?__vcrt_flsindex@@3KA      40064db0     libvcruntime:per_thread_data.obj
 0003:00008de0       ?errno_no_memory@@3HA      40064de0     libucrt:errno.obj
 0003:00008de4       ?doserrno_no_memory@@3KA   40064de4     libucrt:errno.obj
 0003:00008de8       ?__acrt_flsindex@@3KA      40064de8     libucrt:per_thread_data.obj
 0003:00009190       __mbctypes                 40065190     libucrt:mbctype.obj
 0003:00009298       __mbcasemaps               40065298     libucrt:mbctype.obj
 0003:00009398       ?__rgctypeflag@@3PADA      40065398     libucrt:mbctype.obj
 0003:000093a0       ?__rgcode_page_info@@3PAUcode_page_info@@A 400653a0     libucrt:mbctype.obj
 0003:000094f0       ?__DAZ_ENABLED@?1??__set_fpsr_sse2@@9@9 400654f0     libucrt:fpctrl.obj
 0003:00009600       ?__dcrt_lowio_console_output_handle@@3PAXA 40065600     libucrt:initcon.obj
 0003:00009620       _bg_pool                   40065620     bg_misc.obj
 0003:00086620       _bg_poolSize               400e2620     bg_misc.obj
 0003:00086654       ?bops_initialized@?1??BoxOnPlaneSide@@9@9 400e2654     q_math.obj
 0003:00086658       ?Ljmptab@?1??BoxOnPlaneSide@@9@9 400e2658     q_math.obj
 0003:00086678       ?sr@?1??AngleVectors@@9@9  400e2678     q_math.obj
 0003:0008667c       ?sp@?1??AngleVectors@@9@9  400e267c     q_math.obj
 0003:00086680       ?sy@?1??AngleVectors@@9@9  400e2680     q_math.obj
 0003:00086684       ?cr@?1??AngleVectors@@9@9  400e2684     q_math.obj
 0003:00086688       ?cp@?1??AngleVectors@@9@9  400e2688     q_math.obj
 0003:0008668c       ?cy@?1??AngleVectors@@9@9  400e268c     q_math.obj
 0003:00086690       _com_token                 400e2690     q_shared.obj
 0003:00086a90       _com_parsename             400e2a90     q_shared.obj
 0003:00086e90       _com_lines                 400e2e90     q_shared.obj
 0003:00086e94       ?index@?1??va@@9@9         400e2e94     q_shared.obj
 0003:00086e98       ?string@?1??COM_ParseError@@9@9 400e2e98     q_shared.obj
 0003:00087e98       ?string@?1??COM_ParseWarning@@9@9 400e3e98     q_shared.obj
 0003:00088e98       ?final@?1??Q_StrReplace@@9@9 400e4e98     q_shared.obj
 0003:00089298       ?temp_buffer@?1??va@@9@9   400e5298     q_shared.obj
 0003:00090f98       ?string@?1??va@@9@9        400ecf98     q_shared.obj
 0003:00098c98       ?value@?1??Info_ValueForKey@@9@9 400f4c98     q_shared.obj
 0003:0009cc98       ?valueindex@?1??Info_ValueForKey@@9@9 400f8c98     q_shared.obj
 0003:0009cca8       ?buffer@?1??UI_Argv@@9@9   400f8ca8     ui_atoms.obj
 0003:0009d0a8       ?buffer@?1??UI_Cvar_VariableString@@9@9 400f90a8     ui_atoms.obj
 0003:0009d4c0       _ui_botInfos               400f94c0     ui_gameinfo.obj
 0003:0009f4c0       _ui_numArenas              400fb4c0     ui_gameinfo.obj
 0003:0009f4c8       _ui_arenaInfos             400fb4c8     ui_gameinfo.obj
 0003:000a1cec       ?cur@?1??siege_Str@@9@9    400fdcec     ui_main.obj
 0003:000a1cf0       ?strings@?1??siege_Str@@9@9 400fdcf0     ui_main.obj
 0003:000e1cf0       _UIPAFtext                 4013dcf0     ui_main.obj
 0003:000f0750       ?sTemp@?1??GetCRDelineatedString@@9@9 4014c750     ui_main.obj
 0003:000f0850       ?text@?1??UI_GetStringEdString@@9@9 4014c850     ui_main.obj
 0003:000f0c50       ?index@?1??_UI_Refresh@@9@9 4014cc50     ui_main.obj
 0003:000f0c54       ?previousTimes@?1??_UI_Refresh@@9@9 4014cc54     ui_main.obj
 0003:000f0c64       ?numinvisible@?1??UI_BuildServerDisplayList@@9@9 4014cc64     ui_main.obj
 0003:000f0c68       ?buf@?1??GetMenuBuffer@@9@9 4014cc68     ui_main.obj
 0003:00100c68       ?info@?1??UI_CheckPassword@@9@9 4015cc68     ui_main.obj
 0003:00101068       ?numFound@?1??UI_BuildFindPlayerList@@9@9 4015d068     ui_main.obj
 0003:0010106c       ?numTimeOuts@?1??UI_BuildFindPlayerList@@9@9 4015d06c     ui_main.obj
 0003:00101070       ?info@?1??UI_FeederCount@@9@9 4015d070     ui_main.obj
 0003:00101470       ?info@?1??UI_FeederItemText@@9@9 4015d470     ui_main.obj
 0003:00101870       ?hostname@?1??UI_FeederItemText@@9@9 4015d870     ui_main.obj
 0003:00101c70       ?clientBuff@?1??UI_FeederItemText@@9@9 4015dc70     ui_main.obj
 0003:00101c90       ?needPass@?1??UI_FeederItemText@@9@9 4015dc90     ui_main.obj
 0003:00101cb0       ?lastTime@?1??UI_FeederItemText@@9@9 4015dcb0     ui_main.obj
 0003:00101cb4       _lastConnState             4015dcb4     ui_main.obj
 0003:00101cb8       ?info@?1??UI_FeederItemImage@@9@9 4015dcb8     ui_main.obj
 0003:001020b8       ?info2@?CO@??UI_FeederItemImage@@9@9 4015e0b8     ui_main.obj
 0003:001024b8       ?info@?1??UI_FeederSelection@@9@9 4015e4b8     ui_main.obj
 0003:001028b8       _lastLoadingText           4015e8b8     ui_main.obj
 0003:00102e20       _redSaberGlowShader        4015ee20     ui_saber.obj
 0003:00102e24       _redSaberCoreShader        4015ee24     ui_saber.obj
 0003:00102e28       _orangeSaberGlowShader     4015ee28     ui_saber.obj
 0003:00102e2c       _orangeSaberCoreShader     4015ee2c     ui_saber.obj
 0003:00102e30       _yellowSaberGlowShader     4015ee30     ui_saber.obj
 0003:00102e34       _yellowSaberCoreShader     4015ee34     ui_saber.obj
 0003:00102e38       _greenSaberGlowShader      4015ee38     ui_saber.obj
 0003:00102e3c       _greenSaberCoreShader      4015ee3c     ui_saber.obj
 0003:00102e40       _blueSaberGlowShader       4015ee40     ui_saber.obj
 0003:00102e44       _blueSaberCoreShader       4015ee44     ui_saber.obj
 0003:00102e48       _purpleSaberGlowShader     4015ee48     ui_saber.obj
 0003:00102e4c       _purpleSaberCoreShader     4015ee4c     ui_saber.obj
 0003:00102e50       _rgbSaberCoreShader        4015ee50     ui_saber.obj
 0003:00102e54       _rgbSaberGlowShader        4015ee54     ui_saber.obj
 0003:00102e58       _rgbSaberCore2Shader       4015ee58     ui_saber.obj
 0003:00102e5c       _blackSaberGlowShader      4015ee5c     ui_saber.obj
 0003:00102e74       _scrollInfo                4015ee74     ui_shared.obj
 0003:00102e94       _captureFunc               4015ee94     ui_shared.obj
 0003:00102e98       _captureData               4015ee98     ui_shared.obj
 0003:00102e9c       _itemCapture               4015ee9c     ui_shared.obj
 0003:00102ea0       _g_waitingForKey           4015eea0     ui_shared.obj
 0003:00102ea4       _g_editingField            4015eea4     ui_shared.obj
 0003:00102ea8       _g_bindItem                4015eea8     ui_shared.obj
 0003:00102eac       _g_editItem                4015eeac     ui_shared.obj
 0003:00102eb0       _debugMode                 4015eeb0     ui_shared.obj
 0003:00102eb4       _lastListBoxClickTime      4015eeb4     ui_shared.obj
 0003:00102eb8       _memoryPool                4015eeb8     ui_shared.obj
 0003:00302eb8       _allocPoint                4035eeb8     ui_shared.obj
 0003:00302ebc       _outOfMemory               4035eebc     ui_shared.obj
 0003:00302ec0       _strPoolIndex              4035eec0     ui_shared.obj
 0003:00302ec4       _strHandleCount            4035eec4     ui_shared.obj
 0003:00302ec8       _strPool                   4035eec8     ui_shared.obj
 0003:00362ec8       _strHandle                 403beec8     ui_shared.obj
 0003:00364ec8       ?string@?1??PC_SourceWarning@@9@9 403c0ec8     ui_shared.obj
 0003:00365ec8       ?string@?1??PC_SourceError@@9@9 403c1ec8     ui_shared.obj
 0003:00366ec8       ?inHandleKey@?9??Menu_HandleKey@@9@9 403c2ec8     ui_shared.obj
 0003:00366ecc       ?__proc_attached@@3HA      403c2ecc     LIBCMT:dll_dllmain.obj
 0003:00366ee8       ?is_initialized_as_dll@@3_NA 403c2ee8     LIBCMT:utility.obj
 0003:00366ee9       ?module_local_atexit_table_initialized@@3_NA 403c2ee9     LIBCMT:utility.obj
 0003:00366eec       ?module_local_atexit_table@@3U_onexit_table_t@@A 403c2eec     LIBCMT:utility.obj
 0003:00366ef8       ?module_local_at_quick_exit_table@@3U_onexit_table_t@@A 403c2ef8     LIBCMT:utility.obj
 0003:00366f08       _GS_ExceptionRecord        403c2f08     LIBCMT:gs_report.obj
 0003:00366f58       _GS_ContextRecord          403c2f58     LIBCMT:gs_report.obj
 0003:00367250       ?heap@@3V_HeapManager@@A   403c3250     libvcruntime:undname.obj
 0003:00367264       ?__vcrt_startup_thread_ptd@@3U__vcrt_ptd@@A 403c3264     libvcruntime:per_thread_data.obj
 0003:0036728c       ___vcrt_lock_table         403c328c     libvcruntime:locks.obj
 0003:003672a4       ___vcrt_locks_initialized  403c32a4     libvcruntime:locks.obj
 0003:003672a8       ?module_handles@@3PAPAUHINSTANCE__@@A 403c32a8     libvcruntime:winapi_downlevel.obj
 0003:003672b4       ?function_pointers@@3PAPAXA 403c32b4     libvcruntime:winapi_downlevel.obj
 0003:003672cc       ?c_termination_complete@@3JA 403c32cc     libucrt:exit.obj
 0003:003672d0       ?thread_local_exit_callback_func@@3P6GXPAXK0@ZA 403c32d0     libucrt:exit.obj
 0003:003672d8       ?program_name@?1???$common_configure_argv@D@@YAHW4_crt_argv_mode@@@Z@4PADA 403c32d8     libucrt:argv_parsing.obj
 0003:00367408       ?__acrt_invalid_parameter_handler@@3V?$dual_state_global@P6AXPB_W00II@Z@__crt_state_management@@A 403c3408     libucrt:invalid_parameter.obj
 0003:00367414       __pmatherr_set             403c3414     libucrt:libm_error.obj
 0003:00367418       ?internal_state@?1??_mbtowc_l@@9@4U_Mbstatet@@A 403c3418     libucrt:mbtowc.obj
 0003:00367428       ?enable_percent_n@@3IA     403c3428     libucrt:printf_count_output.obj
 0003:00367640       ?__acrt_lock_table@@3PAU_RTL_CRITICAL_SECTION@@A 403c3640     libucrt:locks.obj
 0003:00367790       ?__acrt_locks_initialized@@3IA 403c3790     libucrt:locks.obj
 0003:003677a0       ?fSystemSet@@3HA           403c37a0     libucrt:mbctype.obj
 0003:003677a4       ?initialized@?1??__acrt_initialize_multibyte@@9@4_NA 403c37a4     libucrt:mbctype.obj
 0003:003677c0       ?module_handles@@3PAPAUHINSTANCE__@@A 403c37c0     libucrt:winapi_thunks.obj
 0003:00367810       ?encoded_function_pointers@@3PAPAXA 403c3810     libucrt:winapi_thunks.obj
 0003:0036789c       ?__acrt_new_handler@@3V?$dual_state_global@P6AHI@Z@__crt_state_management@@A 403c389c     libucrt:new_handler.obj
 0003:003678a0       ?ctrlc_action@@3V?$dual_state_global@P6AXH@Z@__crt_state_management@@A 403c38a0     libucrt:signal.obj
 0003:003678a4       ?ctrlbreak_action@@3V?$dual_state_global@P6AXH@Z@__crt_state_management@@A 403c38a4     libucrt:signal.obj
 0003:003678a8       ?abort_action@@3V?$dual_state_global@P6AXH@Z@__crt_state_management@@A 403c38a8     libucrt:signal.obj
 0003:003678ac       ?term_action@@3V?$dual_state_global@P6AXH@Z@__crt_state_management@@A 403c38ac     libucrt:signal.obj
 0003:003678b0       ?user_matherr@@3V?$dual_state_global@P6AHPAU_exception@@@Z@__crt_state_management@@A 403c38b0     libucrt:matherr.obj
 0003:003678c0       ?__acrt_global_new_mode@@3V?$dual_state_global@J@__crt_state_management@@A 403c38c0     libucrt:new_mode.obj
 0003:003678c4       ?internal_pst@?1??__mbrtoc32_utf8@__crt_mbstring@@YAIPA_UPBDIPAU_Mbstatet@@@Z@4U3@A 403c38c4     libucrt:mbrtoc32.obj
 0003:003678cc       ?__acrt_app_type@@3W4_crt_app_type@@A 403c38cc     libucrt:report_runtime_error.obj
 0004:00000060       $R000000                   405bc060     * linker generated manifest res *
